# gameId 895323024  WIN  scores [334.0, 250.0]
# mybuild 0:1.1.1.1,2:2.2.0.3  oppbuild 1:1.1.1.1,3:2.2.2.0,4:3.4.1.2,5:2.4.0.3  my_train t57  opp_train t121
# t  me  opp  mywood  oppwood  trees
1	18	18	0	0	22
2	18	17	0	0	22
3	18	17	0	0	22
4	18	17	0	0	23
5	18	16	0	0	23
6	18	17	0	0	23
7	18	17	0	0	23
8	18	17	0	0	23
9	18	17	0	0	23
10	18	17	0	0	23
11	18	17	0	0	23
12	18	17	0	0	23
13	18	17	0	0	23
14	18	17	0	0	23
15	18	17	0	0	23
16	18	17	0	0	23
17	18	17	0	0	23
18	18	17	0	0	23
19	18	17	0	0	24
20	19	17	0	0	24
21	19	17	0	0	24
22	19	17	0	0	24
23	19	17	0	0	24
24	19	17	0	0	24
25	19	17	0	0	24
26	19	17	0	0	24
27	19	17	0	0	24
28	19	17	0	0	24
29	19	17	0	0	24
30	19	17	0	0	24
31	19	17	0	0	24
32	19	18	0	0	24
33	19	18	0	0	24
34	19	18	0	0	24
35	19	18	0	0	24
36	19	18	0	0	24
37	19	18	0	0	24
38	20	18	0	0	24
39	20	18	0	0	24
40	20	19	0	0	24
41	20	19	0	0	24
42	20	19	0	0	24
43	20	19	0	0	24
44	20	19	0	0	24
45	20	19	0	0	24
46	20	19	0	0	24
47	20	19	0	0	24
48	20	19	0	0	24
49	20	19	0	0	24
50	20	19	0	0	24
51	20	19	0	0	24
52	20	19	0	0	24
53	20	19	0	0	24
54	20	19	0	0	24
55	20	19	0	0	24
56	21	19	0	0	24
57	9	19	0	0	24
58	9	20	0	0	25
59	8	20	0	0	25
60	8	20	0	0	25
61	8	20	0	0	26
62	8	20	0	0	25
63	15	20	2	0	25
64	15	20	2	0	25
65	15	20	2	0	26
66	15	20	2	0	26
67	14	20	2	0	26
68	14	20	2	0	26
69	14	20	2	0	28
70	14	20	2	0	28
71	14	20	2	0	27
72	14	20	2	0	27
73	14	20	2	0	27
74	14	20	2	0	28
75	22	20	4	0	28
76	22	20	4	0	28
77	22	20	4	0	28
78	22	20	4	0	27
79	22	20	4	0	27
80	30	20	6	0	27
81	30	20	6	0	28
82	30	20	6	0	28
83	30	20	6	0	27
84	30	20	6	0	27
85	38	20	8	0	27
86	38	20	8	0	27
87	38	20	8	0	28
88	38	20	8	0	28
89	38	20	8	0	28
90	38	20	8	0	29
91	38	20	8	0	30
92	38	20	8	0	30
93	38	20	8	0	29
94	38	20	8	0	29
95	38	20	8	0	29
96	38	20	8	0	29
97	38	20	8	0	30
98	46	20	10	0	30
99	46	20	10	0	30
100	46	20	10	0	30
101	46	20	10	0	30
102	46	20	10	0	30
103	54	20	12	0	30
104	54	20	12	0	31
105	54	20	12	0	31
106	54	20	12	0	30
107	54	20	12	0	30
108	62	20	14	0	30
109	62	20	14	0	30
110	62	20	14	0	30
111	62	20	14	0	30
112	62	20	14	0	31
113	62	20	14	0	31
114	70	20	16	0	31
115	70	20	16	0	31
116	70	20	16	0	31
117	78	20	18	0	31
118	78	20	18	0	31
119	78	20	18	0	31
120	78	21	18	0	30
121	78	6	18	0	30
122	86	7	20	0	30
123	86	7	20	0	31
124	86	8	20	0	31
125	86	8	20	0	30
126	86	9	20	0	30
127	94	11	22	0	30
128	94	12	22	0	30
129	94	14	22	0	31
130	94	14	22	0	31
131	94	16	22	0	31
132	94	16	22	0	31
133	94	16	22	0	31
134	94	17	22	0	31
135	94	17	22	0	32
136	94	18	22	0	31
137	94	20	22	0	31
138	94	20	22	0	31
139	102	21	24	0	31
140	102	22	24	0	32
141	102	22	24	0	32
142	102	23	24	0	31
143	102	23	24	0	31
144	110	23	26	0	31
145	110	25	26	0	31
146	110	25	26	0	31
147	110	26	26	0	30
148	110	26	26	0	31
149	118	26	28	0	31
150	118	27	28	0	31
151	118	27	28	0	31
152	118	27	28	0	30
153	126	29	30	0	30
154	126	30	30	0	31
155	126	31	30	0	31
156	126	32	30	0	30
157	134	32	32	0	30
158	134	32	32	0	30
159	134	34	32	0	30
160	134	34	32	0	29
161	134	34	32	0	29
162	142	34	34	0	29
163	142	34	34	0	30
164	142	36	34	0	31
165	142	36	34	0	30
166	142	36	34	0	30
167	150	36	36	0	30
168	150	37	36	0	30
169	150	5	36	0	31
170	150	5	36	0	31
171	150	7	36	0	31
172	150	7	36	0	31
173	150	8	36	0	32
174	150	8	36	0	32
175	150	8	36	0	32
176	150	8	36	0	31
177	150	9	36	0	31
178	150	9	36	0	32
179	158	10	38	0	32
180	158	10	38	0	32
181	158	10	38	0	31
182	166	10	40	0	31
183	166	10	40	0	31
184	166	10	40	0	31
185	166	10	40	0	30
186	174	12	42	0	30
187	174	12	42	0	31
188	174	12	42	0	31
189	174	12	42	0	30
190	174	12	42	0	30
191	182	12	44	0	30
192	182	12	44	0	30
193	182	14	44	0	31
194	182	14	44	0	31
195	182	16	44	0	30
196	182	16	44	0	30
197	190	18	46	0	30
198	190	18	46	0	31
199	190	19	46	0	30
200	198	21	48	0	30
201	198	21	48	0	30
202	198	21	48	0	31
203	198	22	48	0	31
204	198	23	48	0	30
205	198	24	48	0	30
206	206	24	50	0	30
207	206	24	50	0	31
208	206	24	50	0	30
209	214	24	52	0	30
210	214	24	52	0	30
211	214	24	52	0	30
212	214	25	52	0	31
213	222	27	54	0	31
214	222	27	54	0	31
215	222	28	54	0	31
216	222	29	54	0	31
217	222	29	54	0	31
218	230	29	56	0	31
219	230	29	56	0	31
220	230	30	56	0	31
221	230	31	56	0	31
222	238	31	58	0	31
223	238	31	58	0	31
224	238	31	58	0	31
225	238	31	58	0	30
226	246	31	60	0	31
227	246	31	60	0	31
228	246	31	60	0	31
229	246	31	60	0	31
230	246	31	60	0	31
231	246	33	60	0	31
232	254	33	62	0	31
233	254	33	62	0	31
234	254	33	62	0	30
235	262	34	64	0	30
236	262	4	64	0	30
237	262	18	64	3	30
238	262	16	64	3	29
239	270	16	66	3	30
240	270	15	66	3	32
241	270	17	66	3	31
242	270	33	66	7	31
243	270	34	66	7	30
244	270	36	66	7	31
245	278	36	68	7	31
246	278	36	68	7	30
247	278	36	68	7	29
248	278	38	68	7	28
249	286	38	70	7	27
250	286	38	70	7	28
251	286	70	70	15	28
252	286	70	70	15	28
253	286	70	70	15	27
254	286	72	70	15	27
255	286	72	70	15	27
256	286	72	70	15	26
257	286	73	70	15	25
258	286	105	70	23	24
259	286	105	70	23	25
260	294	105	72	23	25
261	294	107	72	23	24
262	294	123	72	27	24
263	294	123	72	27	23
264	294	123	72	27	23
265	294	124	72	27	22
266	294	124	72	27	22
267	294	142	72	31	22
268	294	142	72	31	22
269	294	142	72	31	22
270	294	158	72	35	21
271	294	158	72	35	21
272	294	158	72	35	21
273	294	160	72	35	21
274	302	160	74	35	21
275	302	160	74	35	21
276	302	176	74	39	20
277	302	176	74	39	19
278	302	176	74	39	19
279	302	177	74	39	20
280	302	193	74	43	19
281	302	195	74	43	19
282	310	195	76	43	19
283	310	195	76	43	19
284	310	195	76	43	17
285	318	195	78	43	17
286	318	195	78	43	17
287	318	213	78	47	17
288	318	213	78	47	16
289	318	214	78	47	15
290	326	214	80	47	15
291	326	214	80	47	15
292	326	230	80	51	15
293	326	230	80	51	15
294	326	232	80	51	14
295	326	232	80	51	14
296	326	232	80	51	13
297	326	232	80	51	14
298	326	249	80	55	14
299	326	249	80	55	14
300	326	249	80	55	14
