# gameId 895226656  LOSS  scores [144.0, 234.0]
# mybuild 0:1.1.1.1,2:2.2.0.2  oppbuild 1:1.1.1.1,3:2.2.0.2  my_train t33  opp_train t33
# t  me  opp  mywood  oppwood  trees
1	25	25	0	0	10
2	25	25	0	0	10
3	25	25	0	0	10
4	25	25	0	0	10
5	25	25	0	0	10
6	25	25	0	0	10
7	25	25	0	0	10
8	25	25	0	0	10
9	25	25	0	0	10
10	25	25	0	0	10
11	25	25	0	0	10
12	26	26	0	0	10
13	26	26	0	0	10
14	26	26	0	0	10
15	26	26	0	0	10
16	26	26	0	0	10
17	26	26	0	0	10
18	26	26	0	0	10
19	26	26	0	0	10
20	26	26	0	0	10
21	26	26	0	0	10
22	27	27	0	0	10
23	27	27	0	0	10
24	27	27	0	0	10
25	27	27	0	0	10
26	27	27	0	0	10
27	27	27	0	0	10
28	27	27	0	0	10
29	27	27	0	0	10
30	27	27	0	0	10
31	27	27	0	0	10
32	28	28	0	0	10
33	16	17	0	0	10
34	16	16	0	0	10
35	16	16	0	0	11
36	16	15	0	0	12
37	16	15	0	0	12
38	16	15	0	0	13
39	15	15	0	0	13
40	15	14	0	0	13
41	15	14	0	0	13
42	15	14	0	0	13
43	14	14	0	0	14
44	14	13	0	0	15
45	13	13	0	0	15
46	13	13	0	0	16
47	21	13	2	0	16
48	21	12	2	0	16
49	21	12	2	0	16
50	21	12	2	0	16
51	21	12	2	0	17
52	21	12	2	0	17
53	21	12	2	0	16
54	21	11	2	0	16
55	21	11	2	0	16
56	21	11	2	0	15
57	21	11	2	0	14
58	21	11	2	0	15
59	29	11	4	0	15
60	29	11	4	0	15
61	29	11	4	0	14
62	30	10	4	0	14
63	30	10	4	0	14
64	30	10	4	0	14
65	30	10	4	0	14
66	30	9	4	0	14
67	30	9	4	0	14
68	30	9	4	0	15
69	30	9	4	0	15
70	30	9	4	0	14
71	30	9	4	0	14
72	30	9	4	0	14
73	30	18	4	2	14
74	30	18	4	2	14
75	38	18	6	2	14
76	38	18	6	2	14
77	39	19	6	2	14
78	39	19	6	2	14
79	39	20	6	2	14
80	39	20	6	2	14
81	39	21	6	2	14
82	39	21	6	2	14
83	39	22	6	2	13
84	39	22	6	2	13
85	39	22	6	2	13
86	39	22	6	2	13
87	47	22	8	2	13
88	47	30	8	4	13
89	47	30	8	4	13
90	47	30	8	4	13
91	47	31	8	4	13
92	47	31	8	4	13
93	47	32	8	4	13
94	48	32	8	4	13
95	48	33	8	4	13
96	48	33	8	4	13
97	48	34	8	4	12
98	48	33	8	4	12
99	48	33	8	4	13
100	48	33	8	4	13
101	48	33	8	4	12
102	48	33	8	4	12
103	48	34	8	4	12
104	48	34	8	4	12
105	56	42	10	6	12
106	56	42	10	6	12
107	56	42	10	6	11
108	56	50	10	8	11
109	56	50	10	8	11
110	56	50	10	8	11
111	56	49	10	8	11
112	56	49	10	8	12
113	56	49	10	8	12
114	56	49	10	8	12
115	56	49	10	8	11
116	56	49	10	8	11
117	56	49	10	8	11
118	56	49	10	8	11
119	56	49	10	8	11
120	56	58	10	10	11
121	56	58	10	10	11
122	56	59	10	10	11
123	64	67	12	12	11
124	64	67	12	12	11
125	64	67	12	12	11
126	64	67	12	12	11
127	64	67	12	12	11
128	64	67	12	12	11
129	64	67	12	12	11
130	64	68	12	12	11
131	64	68	12	12	11
132	64	69	12	12	11
133	64	69	12	12	11
134	64	70	12	12	10
135	64	69	12	12	10
136	64	69	12	12	9
137	64	69	12	12	9
138	64	69	12	12	10
139	64	77	12	14	10
140	64	77	12	14	10
141	64	77	12	14	10
142	72	76	14	14	10
143	72	76	14	14	11
144	72	76	14	14	10
145	72	76	14	14	10
146	72	84	14	16	10
147	72	84	14	16	10
148	72	84	14	16	10
149	72	83	14	16	9
150	72	83	14	16	9
151	72	91	14	18	10
152	72	91	14	18	10
153	72	95	14	19	10
154	72	95	14	19	10
155	72	95	14	19	9
156	72	94	14	19	9
157	72	94	14	19	10
158	72	93	14	19	10
159	72	93	14	19	10
160	72	93	14	19	11
161	72	93	14	19	11
162	80	92	16	19	10
163	80	92	16	19	10
164	80	92	16	19	11
165	80	92	16	19	11
166	80	92	16	19	11
167	80	92	16	19	11
168	80	92	16	19	11
169	80	101	16	21	11
170	80	101	16	21	10
171	80	101	16	21	10
172	80	101	16	21	9
173	80	109	16	23	10
174	80	109	16	23	10
175	80	109	16	23	10
176	80	109	16	23	10
177	80	109	16	23	9
178	80	109	16	23	9
179	80	117	16	25	9
180	88	117	18	25	9
181	88	117	18	25	9
182	88	116	18	25	8
183	88	116	18	25	8
184	88	124	18	27	9
185	88	124	18	27	10
186	88	124	18	27	10
187	88	123	18	27	10
188	88	123	18	27	10
189	88	122	18	27	10
190	88	122	18	27	10
191	88	122	18	27	10
192	88	122	18	27	10
193	88	121	18	27	10
194	88	121	18	27	11
195	88	120	18	27	10
196	88	120	18	27	10
197	88	120	18	27	11
198	88	120	18	27	11
199	96	120	20	27	11
200	96	120	20	27	11
201	96	120	20	27	11
202	96	129	20	29	11
203	96	129	20	29	11
204	96	130	20	29	10
205	96	138	20	31	10
206	96	138	20	31	10
207	96	138	20	31	9
208	96	138	20	31	10
209	96	138	20	31	10
210	96	138	20	31	9
211	96	138	20	31	9
212	96	146	20	33	9
213	96	146	20	33	10
214	96	146	20	33	10
215	96	145	20	33	10
216	96	145	20	33	11
217	96	144	20	33	11
218	104	144	22	33	11
219	104	144	22	33	12
220	104	144	22	33	12
221	104	144	22	33	11
222	104	145	22	33	11
223	112	145	24	33	11
224	112	146	24	33	11
225	112	146	24	33	11
226	112	147	24	33	11
227	112	147	24	33	10
228	112	147	24	33	10
229	112	155	24	35	10
230	112	155	24	35	11
231	112	155	24	35	11
232	112	155	24	35	11
233	112	155	24	35	10
234	112	155	24	35	10
235	112	163	24	37	10
236	112	163	24	37	9
237	112	171	24	39	9
238	112	171	24	39	9
239	112	171	24	39	9
240	112	170	24	39	8
241	120	170	26	39	9
242	120	178	26	41	10
243	120	178	26	41	10
244	120	178	26	41	9
245	120	177	26	41	9
246	120	177	26	41	9
247	120	184	26	43	9
248	120	184	26	43	9
249	120	184	26	43	10
250	120	184	26	43	10
251	120	183	26	43	8
252	120	183	26	43	8
253	120	191	26	45	8
254	120	191	26	45	8
255	120	191	26	45	8
256	120	191	26	45	8
257	120	198	26	47	8
258	128	198	28	47	8
259	128	198	28	47	9
260	128	198	28	47	8
261	128	197	28	47	8
262	128	205	28	49	8
263	128	205	28	49	9
264	128	205	28	49	9
265	128	204	28	49	8
266	128	212	28	51	9
267	128	211	28	51	8
268	128	211	28	51	8
269	128	211	28	51	8
270	128	211	28	51	8
271	128	210	28	51	8
272	128	210	28	51	8
273	128	210	28	51	8
274	128	210	28	51	9
275	128	209	28	51	9
276	128	217	28	53	9
277	128	217	28	53	9
278	136	217	30	53	9
279	136	216	30	53	9
280	140	216	31	53	9
281	140	216	31	53	9
282	140	216	31	53	8
283	140	224	31	55	8
284	140	224	31	55	9
285	140	224	31	55	9
286	140	224	31	55	9
287	140	224	31	55	9
288	140	224	31	55	9
289	140	224	31	55	9
290	140	224	31	55	9
291	140	224	31	55	8
292	140	224	31	55	9
293	140	223	31	55	9
294	140	223	31	55	9
295	140	223	31	55	10
296	140	223	31	55	9
297	140	222	31	55	9
298	140	230	31	57	9
299	140	230	31	57	8
300	144	234	32	58	8
