# gameId 895459345  WIN  scores [208.0, 115.0]
# mybuild 0:1.1.1.1,3:2.2.0.2  oppbuild 1:1.1.1.1,2:1.2.1.2  my_train t11  opp_train t2
# t  me  opp  mywood  oppwood  trees
1	19	19	0	0	12
2	19	10	0	0	12
3	19	9	0	0	12
4	19	9	0	0	12
5	19	9	0	0	12
6	20	9	0	0	13
7	20	9	0	0	13
8	20	9	0	0	13
9	20	9	0	0	13
10	21	9	0	0	13
11	9	9	0	0	12
12	9	17	0	2	13
13	8	17	0	2	13
14	8	17	0	2	13
15	8	17	0	2	14
16	8	17	0	2	14
17	7	17	0	2	14
18	7	17	0	2	14
19	6	17	0	2	14
20	14	17	2	2	14
21	14	17	2	2	14
22	14	17	2	2	14
23	14	17	2	2	13
24	14	17	2	2	13
25	14	25	2	4	12
26	14	25	2	4	12
27	14	25	2	4	12
28	22	25	4	4	12
29	22	25	4	4	12
30	22	25	4	4	12
31	22	25	4	4	12
32	22	25	4	4	11
33	22	25	4	4	11
34	30	29	6	5	11
35	30	29	6	5	11
36	30	29	6	5	11
37	30	29	6	5	11
38	31	29	6	5	10
39	31	29	6	5	10
40	31	38	6	7	10
41	31	38	6	7	10
42	31	38	6	7	9
43	31	38	6	7	9
44	39	38	8	7	9
45	39	38	8	7	9
46	39	39	8	7	9
47	39	39	8	7	9
48	39	39	8	7	9
49	39	39	8	7	9
50	39	39	8	7	9
51	39	47	8	9	9
52	39	48	8	9	9
53	39	48	8	9	9
54	47	48	10	9	9
55	47	48	10	9	9
56	47	48	10	9	9
57	47	48	10	9	8
58	47	49	10	9	9
59	47	49	10	9	9
60	47	49	10	9	8
61	47	57	10	11	8
62	55	57	12	11	8
63	55	57	12	11	8
64	55	58	12	11	9
65	55	58	12	11	8
66	63	58	14	11	8
67	63	58	14	11	8
68	63	58	14	11	8
69	63	58	14	11	8
70	63	59	14	11	8
71	71	59	16	11	8
72	71	59	16	11	8
73	71	58	16	11	8
74	71	58	16	11	9
75	71	58	16	11	8
76	71	58	16	11	8
77	79	58	18	11	7
78	79	58	18	11	7
79	79	58	18	11	7
80	79	58	18	11	7
81	79	58	18	11	8
82	79	58	18	11	8
83	79	58	18	11	9
84	79	58	18	11	9
85	79	58	18	11	9
86	79	58	18	11	10
87	79	58	18	11	9
88	79	66	18	13	9
89	79	65	18	13	9
90	87	65	20	13	9
91	87	65	20	13	10
92	87	65	20	13	10
93	87	65	20	13	10
94	87	65	20	13	10
95	87	65	20	13	9
96	95	65	22	13	10
97	95	65	22	13	10
98	95	65	22	13	10
99	95	65	22	13	11
100	95	65	22	13	9
101	95	65	22	13	9
102	103	65	24	13	9
103	103	72	24	15	9
104	103	72	24	15	10
105	103	72	24	15	10
106	103	72	24	15	9
107	103	72	24	15	9
108	111	72	26	15	9
109	111	72	26	15	9
110	111	72	26	15	11
111	111	72	26	15	10
112	119	72	28	15	10
113	119	71	28	15	10
114	119	71	28	15	10
115	119	71	28	15	9
116	119	71	28	15	9
117	119	71	28	15	9
118	119	71	28	15	10
119	119	71	28	15	10
120	119	71	28	15	10
121	119	71	28	15	9
122	119	71	28	15	9
123	127	71	30	15	9
124	127	71	30	15	9
125	127	71	30	15	10
126	127	71	30	15	11
127	127	75	30	16	10
128	127	75	30	16	10
129	135	75	32	16	10
130	135	75	32	16	10
131	135	75	32	16	10
132	135	75	32	16	11
133	135	75	32	16	10
134	143	75	34	16	10
135	143	75	34	16	10
136	143	75	34	16	10
137	143	75	34	16	9
138	143	75	34	16	9
139	151	75	36	16	8
140	151	75	36	16	8
141	151	75	36	16	9
142	151	83	36	18	8
143	151	83	36	18	8
144	159	83	38	18	8
145	159	83	38	18	7
146	159	83	38	18	7
147	159	83	38	18	7
148	159	83	38	18	7
149	159	83	38	18	7
150	159	83	38	18	6
151	159	83	38	18	6
152	167	83	40	18	6
153	167	87	40	19	7
154	167	87	40	19	7
155	167	87	40	19	6
156	175	87	42	19	6
157	175	87	42	19	6
158	175	87	42	19	6
159	175	87	42	19	6
160	175	87	42	19	6
161	175	87	42	19	6
162	183	87	44	19	6
163	183	87	44	19	6
164	183	87	44	19	5
165	183	87	44	19	5
166	183	87	44	19	5
167	183	87	44	19	5
168	183	95	44	21	4
169	183	95	44	21	4
170	191	95	46	21	4
171	191	95	46	21	4
172	191	95	46	21	4
173	191	95	46	21	4
174	191	95	46	21	4
175	191	95	46	21	4
176	191	95	46	21	4
177	191	95	46	21	4
178	191	95	46	21	4
179	191	95	46	21	4
180	191	95	46	21	4
181	191	95	46	21	4
182	191	95	46	21	4
183	191	95	46	21	3
184	191	95	46	21	3
185	191	95	46	21	3
186	191	95	46	21	3
187	191	95	46	21	3
188	199	95	48	21	3
189	199	95	48	21	2
190	199	95	48	21	2
191	199	95	48	21	2
192	199	95	48	21	2
193	199	95	48	21	2
194	199	95	48	21	2
195	199	103	48	23	2
196	199	103	48	23	2
197	199	103	48	23	2
198	199	103	48	23	2
199	199	103	48	23	2
200	200	103	48	23	2
201	200	103	48	23	2
202	200	103	48	23	2
203	200	107	48	24	2
204	200	107	48	24	2
205	200	107	48	24	2
206	200	107	48	24	2
207	200	107	48	24	2
208	200	107	48	24	2
209	200	107	48	24	2
210	200	107	48	24	1
211	200	107	48	24	1
212	200	107	48	24	0
213	200	107	48	24	0
214	200	107	48	24	0
215	200	107	48	24	0
216	200	107	48	24	0
217	200	115	48	26	0
218	200	114	48	26	0
219	200	115	48	26	0
220	200	114	48	26	0
221	200	115	48	26	0
222	200	115	48	26	0
223	208	115	50	26	0
224	208	115	50	26	0
225	208	115	50	26	0
226	208	115	50	26	0
