# gameId 895340389  LOSS  scores [156.0, 159.0]
# mybuild 0:1.1.1.1,2:2.2.0.2  oppbuild 1:1.1.1.1,3:2.2.0.2  my_train t91  opp_train t91
# t  me  opp  mywood  oppwood  trees
1	17	17	0	0	18
2	17	17	0	0	18
3	17	17	0	0	18
4	17	17	0	0	18
5	17	17	0	0	18
6	17	17	0	0	18
7	17	17	0	0	18
8	17	17	0	0	18
9	17	17	0	0	18
10	17	17	0	0	18
11	17	17	0	0	18
12	17	17	0	0	18
13	17	17	0	0	18
14	17	17	0	0	18
15	17	17	0	0	18
16	17	17	0	0	18
17	17	17	0	0	18
18	18	17	0	0	18
19	18	17	0	0	18
20	18	17	0	0	18
21	18	17	0	0	18
22	18	17	0	0	18
23	18	17	0	0	18
24	18	17	0	0	18
25	18	17	0	0	18
26	18	17	0	0	18
27	18	17	0	0	18
28	18	17	0	0	18
29	18	17	0	0	18
30	18	17	0	0	18
31	18	17	0	0	18
32	18	17	0	0	18
33	18	17	0	0	18
34	18	17	0	0	18
35	18	17	0	0	18
36	18	17	0	0	18
37	18	17	0	0	18
38	18	17	0	0	18
39	18	17	0	0	18
40	19	17	0	0	18
41	19	17	0	0	18
42	19	17	0	0	18
43	19	17	0	0	18
44	19	17	0	0	18
45	19	17	0	0	18
46	19	17	0	0	18
47	19	17	0	0	18
48	19	17	0	0	18
49	19	17	0	0	18
50	19	17	0	0	18
51	19	17	0	0	18
52	19	18	0	0	18
53	19	18	0	0	18
54	19	18	0	0	18
55	19	18	0	0	18
56	19	18	0	0	18
57	19	18	0	0	18
58	19	18	0	0	18
59	19	18	0	0	18
60	19	18	0	0	18
61	19	18	0	0	18
62	20	18	0	0	18
63	20	18	0	0	18
64	20	18	0	0	18
65	20	18	0	0	18
66	20	18	0	0	18
67	20	18	0	0	18
68	20	18	0	0	18
69	20	18	0	0	18
70	20	18	0	0	18
71	20	18	0	0	18
72	20	18	0	0	18
73	20	18	0	0	18
74	20	19	0	0	18
75	20	19	0	0	18
76	20	19	0	0	18
77	20	19	0	0	18
78	20	19	0	0	18
79	20	19	0	0	18
80	20	19	0	0	18
81	20	19	0	0	18
82	20	19	0	0	18
83	20	19	0	0	18
84	20	19	0	0	18
85	20	19	0	0	18
86	20	19	0	0	18
87	20	19	0	0	18
88	20	19	0	0	18
89	20	19	0	0	18
90	20	20	0	0	18
91	8	9	0	0	18
92	8	8	0	0	19
93	7	8	0	0	20
94	7	7	0	0	20
95	7	7	0	0	21
96	7	7	0	0	21
97	6	7	0	0	21
98	6	7	0	0	21
99	14	7	2	0	22
100	14	7	2	0	22
101	14	7	2	0	22
102	22	7	4	0	22
103	22	7	4	0	22
104	22	7	4	0	23
105	21	7	4	0	21
106	21	7	4	0	21
107	29	7	6	0	22
108	29	7	6	0	23
109	28	7	6	0	23
110	28	7	6	0	22
111	28	7	6	0	22
112	36	7	8	0	22
113	36	7	8	0	22
114	36	7	8	0	23
115	36	7	8	0	23
116	36	7	8	0	22
117	36	7	8	0	22
118	36	7	8	0	23
119	36	7	8	0	22
120	36	7	8	0	23
121	36	7	8	0	23
122	36	7	8	0	22
123	36	7	8	0	21
124	36	7	8	0	21
125	36	7	8	0	21
126	36	7	8	0	20
127	36	8	8	0	20
128	36	8	8	0	20
129	36	9	8	0	20
130	36	17	8	2	20
131	36	18	8	2	19
132	36	18	8	2	19
133	36	18	8	2	19
134	36	18	8	2	19
135	36	19	8	2	19
136	44	19	10	2	19
137	44	20	10	2	19
138	44	20	10	2	20
139	44	20	10	2	20
140	44	20	10	2	20
141	44	21	10	2	19
142	44	21	10	2	19
143	44	29	10	4	19
144	44	29	10	4	19
145	44	29	10	4	19
146	44	29	10	4	19
147	44	29	10	4	19
148	44	29	10	4	19
149	44	29	10	4	19
150	52	29	12	4	19
151	52	29	12	4	19
152	52	37	12	6	19
153	52	37	12	6	19
154	52	37	12	6	19
155	52	38	12	6	19
156	52	38	12	6	19
157	52	39	12	6	18
158	52	38	12	6	18
159	52	38	12	6	18
160	52	38	12	6	20
161	52	38	12	6	20
162	52	38	12	6	20
163	60	39	14	6	20
164	60	39	14	6	20
165	60	39	14	6	20
166	60	39	14	6	20
167	60	40	14	6	20
168	60	40	14	6	19
169	60	41	14	6	18
170	60	41	14	6	18
171	60	41	14	6	18
172	60	41	14	6	18
173	60	41	14	6	18
174	68	41	16	6	19
175	68	41	16	6	18
176	68	41	16	6	18
177	68	42	16	6	18
178	68	50	16	8	18
179	68	51	16	8	18
180	68	51	16	8	17
181	68	51	16	8	17
182	68	51	16	8	18
183	68	51	16	8	18
184	68	51	16	8	18
185	68	51	16	8	18
186	68	51	16	8	18
187	68	51	16	8	18
188	68	51	16	8	19
189	68	51	16	8	19
190	76	51	18	8	19
191	76	52	18	8	19
192	76	52	18	8	19
193	76	53	18	8	19
194	76	53	18	8	19
195	76	54	18	8	18
196	76	54	18	8	17
197	76	54	18	8	17
198	76	54	18	8	17
199	76	54	18	8	17
200	76	54	18	8	18
201	76	54	18	8	19
202	76	54	18	8	19
203	84	55	20	8	18
204	84	55	20	8	18
205	84	56	20	8	18
206	84	64	20	10	18
207	84	64	20	10	18
208	84	64	20	10	18
209	84	65	20	10	17
210	84	65	20	10	17
211	84	65	20	10	16
212	84	65	20	10	17
213	84	65	20	10	17
214	92	65	22	10	17
215	92	73	22	12	17
216	92	73	22	12	17
217	92	73	22	12	17
218	92	73	22	12	17
219	92	74	22	12	17
220	92	74	22	12	17
221	92	75	22	12	15
222	92	75	22	12	15
223	92	75	22	12	16
224	92	83	22	14	17
225	92	83	22	14	17
226	100	83	24	14	17
227	100	83	24	14	16
228	100	91	24	16	16
229	100	91	24	16	16
230	100	91	24	16	16
231	100	90	24	16	16
232	100	90	24	16	16
233	100	89	24	16	16
234	100	89	24	16	16
235	100	89	24	16	17
236	100	89	24	16	17
237	108	88	26	16	16
238	108	88	26	16	16
239	108	88	26	16	16
240	108	96	26	18	17
241	108	96	26	18	17
242	108	96	26	18	17
243	108	96	26	18	16
244	108	96	26	18	16
245	108	100	26	19	17
246	108	100	26	19	16
247	108	108	26	21	17
248	108	108	26	21	17
249	108	108	26	21	17
250	108	107	26	21	17
251	108	107	26	21	17
252	116	107	28	21	17
253	116	115	28	23	17
254	116	115	28	23	17
255	116	115	28	23	17
256	116	114	28	23	17
257	116	114	28	23	17
258	116	114	28	23	17
259	116	114	28	23	16
260	116	114	28	23	16
261	116	114	28	23	16
262	116	121	28	25	16
263	116	121	28	25	16
264	124	121	30	25	17
265	124	121	30	25	17
266	124	121	30	25	17
267	124	121	30	25	16
268	124	129	30	27	17
269	124	129	30	27	17
270	124	129	30	27	17
271	124	128	30	27	17
272	124	128	30	27	17
273	124	128	30	27	16
274	124	128	30	27	16
275	124	136	30	29	16
276	124	136	30	29	16
277	124	136	30	29	16
278	124	135	30	29	16
279	132	135	32	29	17
280	132	134	32	29	17
281	132	134	32	29	16
282	132	134	32	29	16
283	140	134	34	29	17
284	140	142	34	31	17
285	140	142	34	31	17
286	140	142	34	31	17
287	140	143	34	31	17
288	140	143	34	31	17
289	140	143	34	31	17
290	140	143	34	31	17
291	140	151	34	33	17
292	140	151	34	33	18
293	140	151	34	33	18
294	148	151	36	33	17
295	148	159	36	35	17
296	148	159	36	35	17
297	148	159	36	35	16
298	148	159	36	35	17
299	156	159	38	35	17
300	156	159	38	35	17
