# gameId 895334718  LOSS  scores [191.0, 288.0]
# mybuild 0:1.1.1.1,3:2.2.0.2  oppbuild 1:1.1.1.1,2:2.2.0.2  my_train t3  opp_train t2
# t  me  opp  mywood  oppwood  trees
1	31	31	0	0	16
2	31	20	0	0	16
3	19	19	0	0	16
4	19	19	0	0	18
5	18	18	0	0	18
6	18	18	0	0	18
7	18	18	0	0	20
8	18	18	0	0	20
9	17	17	0	0	19
10	17	17	0	0	19
11	25	17	2	0	21
12	25	17	2	0	21
13	24	16	2	0	21
14	24	16	2	0	21
15	24	16	2	0	21
16	24	16	2	0	22
17	23	16	2	0	22
18	31	16	4	0	22
19	31	15	4	0	21
20	31	15	4	0	22
21	31	15	4	0	22
22	31	15	4	0	22
23	31	15	4	0	22
24	39	15	6	0	22
25	39	14	6	0	22
26	39	14	6	0	22
27	39	14	6	0	20
28	39	14	6	0	20
29	47	14	8	0	21
30	47	14	8	0	21
31	47	14	8	0	21
32	47	14	8	0	19
33	55	14	10	0	20
34	55	15	10	0	20
35	55	15	10	0	20
36	55	16	10	0	19
37	55	16	10	0	20
38	55	16	10	0	20
39	55	16	10	0	20
40	55	17	10	0	20
41	55	17	10	0	20
42	55	18	10	0	20
43	55	18	10	0	19
44	55	18	10	0	19
45	55	18	10	0	19
46	55	19	10	0	17
47	55	19	10	0	17
48	55	20	10	0	17
49	63	20	12	0	17
50	63	20	12	0	17
51	63	20	12	0	18
52	63	21	12	0	18
53	63	21	12	0	18
54	63	30	12	2	17
55	63	30	12	2	17
56	63	30	12	2	17
57	63	30	12	2	17
58	63	31	12	2	17
59	63	31	12	2	17
60	63	32	12	2	17
61	63	32	12	2	16
62	63	32	12	2	16
63	63	32	12	2	17
64	63	33	12	2	17
65	71	33	14	2	17
66	71	42	14	4	17
67	71	42	14	4	17
68	71	42	14	4	16
69	71	42	14	4	16
70	71	43	14	4	16
71	71	43	14	4	16
72	71	44	14	4	15
73	71	44	14	4	15
74	71	44	14	4	15
75	71	44	14	4	16
76	79	45	16	4	16
77	79	53	16	6	16
78	79	54	16	6	16
79	79	54	16	6	15
80	79	54	16	6	15
81	79	54	16	6	15
82	79	55	16	6	15
83	79	55	16	6	15
84	79	56	16	6	14
85	79	56	16	6	14
86	79	56	16	6	14
87	79	56	16	6	14
88	79	65	16	8	14
89	87	65	18	8	15
90	87	66	18	8	15
91	87	66	18	8	15
92	87	66	18	8	14
93	87	66	18	8	14
94	87	67	18	8	14
95	87	67	18	8	14
96	87	68	18	8	14
97	87	68	18	8	14
98	87	68	18	8	14
99	87	68	18	8	14
100	87	69	18	8	14
101	87	69	18	8	14
102	87	70	18	8	13
103	87	70	18	8	13
104	87	70	18	8	12
105	87	70	18	8	12
106	87	71	18	8	12
107	95	71	20	8	12
108	95	72	20	8	12
109	95	72	20	8	12
110	95	72	20	8	12
111	95	80	20	10	12
112	95	81	20	10	12
113	95	81	20	10	12
114	95	82	20	10	12
115	95	82	20	10	12
116	95	82	20	10	12
117	95	82	20	10	12
118	95	82	20	10	12
119	95	82	20	10	13
120	95	82	20	10	13
121	95	82	20	10	13
122	95	83	20	10	13
123	95	83	20	10	13
124	95	83	20	10	12
125	103	83	22	10	12
126	103	84	22	10	12
127	103	84	22	10	12
128	103	85	22	10	11
129	103	85	22	10	11
130	111	85	24	10	11
131	111	85	24	10	11
132	111	86	24	10	11
133	111	86	24	10	11
134	111	95	24	12	11
135	111	95	24	12	11
136	111	95	24	12	11
137	111	95	24	12	11
138	111	96	24	12	10
139	111	96	24	12	10
140	111	104	24	14	10
141	111	104	24	14	11
142	111	104	24	14	11
143	111	104	24	14	11
144	111	104	24	14	10
145	111	112	24	16	10
146	119	111	26	16	10
147	119	111	26	16	11
148	119	111	26	16	11
149	119	111	26	16	11
150	119	111	26	16	11
151	119	119	26	18	11
152	119	119	26	18	11
153	119	119	26	18	11
154	119	119	26	18	11
155	119	119	26	18	11
156	119	119	26	18	11
157	119	119	26	18	11
158	119	120	26	18	10
159	119	127	26	20	10
160	119	127	26	20	10
161	119	127	26	20	11
162	119	127	26	20	11
163	119	127	26	20	9
164	119	127	26	20	9
165	119	135	26	22	9
166	119	135	26	22	10
167	119	135	26	22	10
168	119	135	26	22	10
169	119	134	26	22	10
170	119	134	26	22	10
171	119	133	26	22	10
172	127	141	28	24	10
173	127	141	28	24	11
174	127	141	28	24	11
175	127	141	28	24	11
176	127	141	28	24	10
177	127	141	28	24	10
178	127	149	28	26	10
179	127	149	28	26	11
180	127	149	28	26	10
181	127	157	28	28	9
182	127	157	28	28	10
183	127	157	28	28	10
184	127	157	28	28	11
185	127	157	28	28	11
186	127	157	28	28	11
187	127	156	28	28	11
188	127	156	28	28	12
189	135	156	30	28	12
190	135	156	30	28	12
191	135	156	30	28	11
192	135	156	30	28	11
193	135	156	30	28	11
194	135	157	30	28	11
195	135	157	30	28	11
196	135	157	30	28	11
197	135	157	30	28	11
198	135	162	30	29	11
199	135	162	30	29	10
200	135	166	30	30	10
201	135	165	30	30	10
202	135	165	30	30	11
203	135	165	30	30	11
204	135	165	30	30	10
205	135	165	30	30	10
206	135	173	30	32	11
207	143	173	32	32	11
208	143	173	32	32	11
209	143	173	32	32	11
210	143	173	32	32	11
211	143	173	32	32	10
212	143	181	32	34	11
213	143	181	32	34	11
214	143	181	32	34	12
215	143	181	32	34	12
216	143	181	32	34	11
217	143	181	32	34	12
218	143	189	32	36	12
219	143	189	32	36	12
220	143	189	32	36	12
221	143	189	32	36	12
222	143	190	32	36	12
223	143	190	32	36	11
224	143	198	32	38	11
225	151	197	34	38	11
226	151	197	34	38	11
227	151	197	34	38	11
228	151	197	34	38	11
229	151	196	34	38	10
230	151	204	34	40	10
231	159	204	36	40	11
232	159	204	36	40	11
233	159	204	36	40	11
234	159	204	36	40	10
235	159	204	36	40	10
236	159	212	36	42	10
237	159	212	36	42	10
238	159	212	36	42	10
239	159	211	36	42	9
240	159	219	36	44	10
241	159	218	36	44	9
242	159	218	36	44	9
243	159	218	36	44	10
244	159	218	36	44	10
245	159	217	36	44	9
246	159	217	36	44	9
247	159	225	36	46	10
248	159	225	36	46	11
249	159	225	36	46	10
250	167	233	38	48	10
251	167	233	38	48	9
252	167	233	38	48	9
253	171	232	39	48	8
254	171	232	39	48	8
255	171	240	39	50	8
256	171	240	39	50	9
257	171	240	39	50	9
258	171	240	39	50	8
259	171	240	39	50	8
260	171	248	39	52	8
261	171	248	39	52	8
262	171	248	39	52	8
263	171	247	39	52	8
264	171	247	39	52	8
265	171	246	39	52	8
266	171	246	39	52	8
267	171	254	39	54	9
268	171	254	39	54	9
269	171	254	39	54	9
270	171	253	39	54	9
271	171	253	39	54	8
272	171	253	39	54	9
273	171	261	39	56	9
274	179	261	41	56	8
275	179	265	41	57	8
276	179	265	41	57	8
277	179	265	41	57	8
278	179	264	41	57	7
279	179	264	41	57	7
280	179	272	41	59	8
281	179	272	41	59	8
282	179	272	41	59	8
283	179	271	41	59	7
284	179	271	41	59	8
285	179	270	41	59	8
286	179	270	41	59	7
287	179	274	41	60	8
288	179	274	41	60	8
289	179	273	41	60	8
290	183	273	42	60	8
291	183	273	42	60	9
292	183	273	42	60	9
293	183	272	42	60	8
294	183	280	42	62	8
295	191	280	44	62	8
296	191	280	44	62	9
297	191	280	44	62	9
298	191	280	44	62	9
299	191	280	44	62	8
300	191	288	44	64	8
