# gameId 895243806  WIN  scores [211.0, 164.0]
# mybuild 0:1.1.1.1,3:2.2.0.2  oppbuild 1:1.1.1.1,2:2.2.0.2  my_train t63  opp_train t59
# t  me  opp  mywood  oppwood  trees
1	19	19	0	0	16
2	19	19	0	0	16
3	19	19	0	0	16
4	19	19	0	0	16
5	19	19	0	0	16
6	19	19	0	0	16
7	19	19	0	0	16
8	19	19	0	0	16
9	19	19	0	0	16
10	20	19	0	0	16
11	20	19	0	0	16
12	20	19	0	0	16
13	20	19	0	0	16
14	20	19	0	0	16
15	20	19	0	0	16
16	20	19	0	0	16
17	20	19	0	0	16
18	21	19	0	0	16
19	21	19	0	0	16
20	21	19	0	0	16
21	21	19	0	0	16
22	21	19	0	0	16
23	21	19	0	0	16
24	21	20	0	0	16
25	21	20	0	0	16
26	21	20	0	0	16
27	21	20	0	0	16
28	21	20	0	0	16
29	21	20	0	0	16
30	21	20	0	0	16
31	21	20	0	0	16
32	21	20	0	0	16
33	21	20	0	0	16
34	21	21	0	0	16
35	21	21	0	0	16
36	21	21	0	0	16
37	21	21	0	0	16
38	21	21	0	0	16
39	21	21	0	0	16
40	21	21	0	0	16
41	21	21	0	0	16
42	22	22	0	0	16
43	22	22	0	0	16
44	22	22	0	0	16
45	22	22	0	0	16
46	22	22	0	0	16
47	22	22	0	0	16
48	22	22	0	0	16
49	22	22	0	0	16
50	22	23	0	0	16
51	22	23	0	0	16
52	22	23	0	0	16
53	22	23	0	0	16
54	23	23	0	0	16
55	23	23	0	0	16
56	23	23	0	0	16
57	23	23	0	0	16
58	23	24	0	0	16
59	23	13	0	0	16
60	23	13	0	0	16
61	23	13	0	0	16
62	24	13	0	0	17
63	12	13	0	0	17
64	12	13	0	0	17
65	12	13	0	0	18
66	12	13	0	0	19
67	12	13	0	0	19
68	12	13	0	0	19
69	12	13	0	0	19
70	11	13	0	0	19
71	11	13	0	0	20
72	18	13	2	0	20
73	18	13	2	0	20
74	18	21	2	2	21
75	18	21	2	2	20
76	17	21	2	2	20
77	25	21	4	2	21
78	25	21	4	2	22
79	25	21	4	2	22
80	25	21	4	2	21
81	33	22	6	2	20
82	33	22	6	2	20
83	32	23	6	2	20
84	32	23	6	2	20
85	31	23	6	2	20
86	31	23	6	2	20
87	31	23	6	2	21
88	39	23	8	2	21
89	39	23	8	2	21
90	39	23	8	2	20
91	39	24	8	2	19
92	46	24	10	2	19
93	46	25	10	2	20
94	45	25	10	2	20
95	45	25	10	2	19
96	45	25	10	2	20
97	53	25	12	2	19
98	53	25	12	2	19
99	53	25	12	2	18
100	53	25	12	2	18
101	53	33	12	4	19
102	53	33	12	4	18
103	53	33	12	4	18
104	61	33	14	4	18
105	61	33	14	4	17
106	61	33	14	4	17
107	61	41	14	6	17
108	61	41	14	6	18
109	61	41	14	6	18
110	61	41	14	6	19
111	61	41	14	6	19
112	61	41	14	6	19
113	61	41	14	6	18
114	61	41	14	6	18
115	61	49	14	8	19
116	69	49	16	8	19
117	69	49	16	8	19
118	69	49	16	8	19
119	69	49	16	8	18
120	69	49	16	8	18
121	77	49	18	8	18
122	77	49	18	8	18
123	77	49	18	8	18
124	77	49	18	8	19
125	77	49	18	8	19
126	77	49	18	8	18
127	77	49	18	8	18
128	77	49	18	8	18
129	77	53	18	9	18
130	77	53	18	9	18
131	85	53	20	9	18
132	85	52	20	9	18
133	85	52	20	9	19
134	85	52	20	9	18
135	85	52	20	9	18
136	85	52	20	9	18
137	85	53	20	9	18
138	85	53	20	9	18
139	85	52	20	9	18
140	85	52	20	9	19
141	93	52	22	9	19
142	93	52	22	9	19
143	93	52	22	9	19
144	93	52	22	9	18
145	93	52	22	9	18
146	93	52	22	9	18
147	93	52	22	9	17
148	93	52	22	9	16
149	93	60	22	11	16
150	93	60	22	11	16
151	101	60	24	11	16
152	101	59	24	11	17
153	101	59	24	11	18
154	101	58	24	11	18
155	101	58	24	11	17
156	101	58	24	11	18
157	101	58	24	11	18
158	101	58	24	11	18
159	101	58	24	11	17
160	101	58	24	11	16
161	101	58	24	11	17
162	109	66	26	13	17
163	109	66	26	13	17
164	109	66	26	13	17
165	109	65	26	13	16
166	109	65	26	13	18
167	109	64	26	13	18
168	109	64	26	13	18
169	109	64	26	13	19
170	109	64	26	13	19
171	109	64	26	13	19
172	109	64	26	13	18
173	109	64	26	13	18
174	109	63	26	13	18
175	109	63	26	13	18
176	117	63	28	13	18
177	117	63	28	13	18
178	117	71	28	15	18
179	117	71	28	15	18
180	117	71	28	15	18
181	117	70	28	15	18
182	125	70	30	15	18
183	125	70	30	15	17
184	125	70	30	15	18
185	125	70	30	15	18
186	125	70	30	15	18
187	125	70	30	15	18
188	125	74	30	16	17
189	125	74	30	16	17
190	125	74	30	16	17
191	133	74	32	16	17
192	133	82	32	18	17
193	133	82	32	18	17
194	133	82	32	18	18
195	133	82	32	18	17
196	133	82	32	18	17
197	133	90	32	20	17
198	141	90	34	20	17
199	141	90	34	20	17
200	141	89	34	20	17
201	141	89	34	20	16
202	141	89	34	20	16
203	149	97	36	22	16
204	149	97	36	22	16
205	149	97	36	22	16
206	149	96	36	22	16
207	149	96	36	22	16
208	149	96	36	22	16
209	149	96	36	22	16
210	149	95	36	22	16
211	149	95	36	22	17
212	149	95	36	22	17
213	149	103	36	24	17
214	149	103	36	24	17
215	149	103	36	24	17
216	149	102	36	24	17
217	149	102	36	24	16
218	149	102	36	24	17
219	149	110	36	26	17
220	157	110	38	26	17
221	157	110	38	26	17
222	157	109	38	26	16
223	157	109	38	26	16
224	157	109	38	26	17
225	157	109	38	26	18
226	157	109	38	26	18
227	157	109	38	26	18
228	157	108	38	26	17
229	157	108	38	26	17
230	165	108	40	26	17
231	165	108	40	26	17
232	165	108	40	26	17
233	165	116	40	28	17
234	165	116	40	28	17
235	165	116	40	28	17
236	165	116	40	28	18
237	165	116	40	28	18
238	165	116	40	28	18
239	165	117	40	28	18
240	165	117	40	28	18
241	165	118	40	28	17
242	165	118	40	28	17
243	173	118	42	28	17
244	173	126	42	30	17
245	173	126	42	30	18
246	173	126	42	30	17
247	173	126	42	30	17
248	181	126	44	30	17
249	181	127	44	30	17
250	181	127	44	30	17
251	181	127	44	30	17
252	181	127	44	30	17
253	181	128	44	30	17
254	181	128	44	30	17
255	181	128	44	30	17
256	181	128	44	30	16
257	181	128	44	30	16
258	181	136	44	32	16
259	189	136	46	32	16
260	189	136	46	32	16
261	189	136	46	32	16
262	189	136	46	32	17
263	189	136	46	32	17
264	189	137	46	32	16
265	189	136	46	32	16
266	189	136	46	32	16
267	189	144	46	34	17
268	197	144	48	34	17
269	197	144	48	34	17
270	197	145	48	34	17
271	197	145	48	34	16
272	197	149	48	35	16
273	197	149	48	35	16
274	197	149	48	35	17
275	197	149	48	35	17
276	197	149	48	35	17
277	198	149	48	35	17
278	198	150	48	35	17
279	198	150	48	35	16
280	198	151	48	35	16
281	198	151	48	35	15
282	198	151	48	35	15
283	198	151	48	35	15
284	198	159	48	37	15
285	206	159	50	37	16
286	206	159	50	37	16
287	206	159	50	37	16
288	206	159	50	37	16
289	206	159	50	37	16
290	206	159	50	37	16
291	206	159	50	37	16
292	206	160	50	37	16
293	207	160	50	37	15
294	207	160	50	37	15
295	207	160	50	37	15
296	207	160	50	37	15
297	207	164	50	38	16
298	207	164	50	38	16
299	207	164	50	38	16
300	211	164	51	38	16
