# gameId 895272998  LOSS  scores [220.0, 245.0]
# mybuild 0:1.1.1.1,2:2.2.0.2  oppbuild 1:1.1.1.1,3:2.2.0.2  my_train t27  opp_train t27
# t  me  opp  mywood  oppwood  trees
1	28	28	0	0	18
2	28	28	0	0	18
3	28	28	0	0	18
4	28	28	0	0	18
5	28	28	0	0	18
6	28	28	0	0	18
7	28	28	0	0	18
8	28	28	0	0	18
9	28	28	0	0	18
10	28	28	0	0	18
11	28	28	0	0	18
12	28	28	0	0	18
13	28	28	0	0	18
14	28	28	0	0	18
15	28	28	0	0	18
16	28	28	0	0	18
17	28	28	0	0	18
18	28	28	0	0	18
19	28	28	0	0	18
20	28	28	0	0	18
21	28	28	0	0	18
22	28	28	0	0	18
23	28	28	0	0	18
24	28	28	0	0	18
25	28	28	0	0	18
26	29	29	0	0	18
27	17	18	0	0	18
28	17	17	0	0	19
29	16	17	0	0	20
30	16	16	0	0	20
31	16	16	0	0	21
32	16	16	0	0	22
33	15	16	0	0	22
34	15	15	0	0	22
35	15	15	0	0	24
36	15	14	0	0	23
37	14	14	0	0	23
38	14	14	0	0	25
39	21	14	2	0	25
40	21	13	2	0	25
41	21	13	2	0	25
42	21	13	2	0	25
43	28	13	4	0	26
44	28	13	4	0	26
45	28	13	4	0	26
46	28	21	4	2	26
47	28	21	4	2	26
48	28	21	4	2	26
49	35	21	6	2	26
50	35	21	6	2	27
51	35	21	6	2	28
52	35	21	6	2	27
53	43	21	8	2	27
54	43	21	8	2	27
55	43	30	8	4	27
56	43	30	8	4	27
57	42	30	8	4	26
58	42	30	8	4	27
59	42	38	8	6	27
60	42	38	8	6	27
61	50	39	10	6	27
62	50	39	10	6	27
63	50	40	10	6	26
64	50	39	10	6	27
65	50	39	10	6	26
66	50	47	10	8	26
67	58	47	12	8	27
68	58	47	12	8	27
69	58	47	12	8	26
70	66	47	14	8	27
71	66	47	14	8	26
72	66	47	14	8	27
73	66	47	14	8	27
74	66	47	14	8	27
75	66	47	14	8	26
76	66	47	14	8	26
77	66	48	14	8	27
78	66	48	14	8	27
79	66	49	14	8	25
80	66	49	14	8	25
81	66	50	14	8	25
82	74	50	16	8	25
83	74	59	16	10	25
84	74	59	16	10	25
85	74	60	16	10	25
86	74	60	16	10	25
87	74	60	16	10	25
88	74	60	16	10	24
89	74	60	16	10	24
90	74	60	16	10	24
91	74	68	16	12	25
92	74	68	16	12	25
93	74	68	16	12	25
94	74	68	16	12	24
95	74	69	16	12	24
96	74	69	16	12	23
97	82	70	18	12	23
98	82	70	18	12	23
99	82	79	18	14	23
100	82	79	18	14	22
101	82	79	18	14	22
102	90	79	20	14	22
103	90	79	20	14	22
104	90	79	20	14	23
105	90	79	20	14	24
106	90	79	20	14	24
107	90	79	20	14	24
108	90	79	20	14	23
109	90	79	20	14	22
110	90	79	20	14	23
111	90	79	20	14	23
112	98	87	22	16	23
113	98	87	22	16	23
114	98	87	22	16	23
115	98	88	22	16	23
116	98	88	22	16	22
117	98	89	22	16	22
118	98	89	22	16	22
119	98	90	22	16	23
120	98	90	22	16	23
121	98	90	22	16	23
122	98	94	22	17	22
123	98	94	22	17	22
124	98	94	22	17	22
125	98	94	22	17	21
126	98	102	22	19	21
127	106	102	24	19	22
128	106	102	24	19	22
129	106	102	24	19	22
130	106	102	24	19	21
131	106	102	24	19	22
132	106	102	24	19	22
133	106	106	24	20	22
134	106	106	24	20	23
135	106	107	24	20	22
136	106	106	24	20	22
137	106	106	24	20	22
138	106	106	24	20	22
139	114	106	26	20	22
140	114	105	26	20	22
141	114	113	26	22	22
142	114	113	26	22	23
143	114	113	26	22	22
144	114	113	26	22	22
145	122	113	28	22	22
146	122	113	28	22	22
147	122	113	28	22	22
148	122	113	28	22	23
149	122	113	28	22	22
150	122	121	28	24	21
151	122	121	28	24	21
152	122	121	28	24	22
153	122	120	28	24	22
154	130	120	30	24	21
155	130	120	30	24	22
156	130	128	30	26	22
157	130	128	30	26	22
158	130	128	30	26	21
159	130	127	30	26	21
160	138	127	32	26	21
161	138	127	32	26	22
162	138	127	32	26	21
163	138	127	32	26	22
164	138	135	32	28	22
165	138	135	32	28	22
166	138	135	32	28	22
167	138	135	32	28	21
168	138	143	32	30	21
169	138	143	32	30	21
170	138	143	32	30	21
171	138	142	32	30	20
172	138	142	32	30	20
173	138	150	32	32	20
174	138	150	32	32	21
175	138	150	32	32	21
176	146	150	34	32	21
177	146	149	34	32	22
178	146	149	34	32	23
179	146	149	34	32	23
180	146	149	34	32	21
181	146	149	34	32	21
182	146	149	34	32	22
183	146	157	34	34	22
184	146	157	34	34	22
185	146	157	34	34	21
186	146	157	34	34	21
187	146	157	34	34	22
188	146	157	34	34	22
189	154	157	36	34	21
190	154	157	36	34	21
191	154	165	36	36	22
192	154	165	36	36	23
193	154	165	36	36	22
194	154	165	36	36	22
195	154	165	36	36	22
196	154	165	36	36	21
197	154	165	36	36	22
198	154	173	36	38	22
199	154	173	36	38	22
200	154	173	36	38	22
201	162	172	38	38	22
202	162	172	38	38	23
203	162	172	38	38	23
204	162	172	38	38	22
205	162	172	38	38	23
206	170	172	40	38	23
207	170	180	40	40	23
208	170	181	40	40	23
209	170	181	40	40	22
210	170	181	40	40	22
211	170	181	40	40	21
212	170	189	40	42	21
213	170	189	40	42	21
214	170	189	40	42	22
215	170	189	40	42	22
216	170	189	40	42	21
217	170	189	40	42	20
218	170	189	40	42	20
219	170	189	40	42	22
220	170	197	40	44	22
221	178	197	42	44	22
222	178	197	42	44	22
223	178	196	42	44	22
224	178	196	42	44	23
225	178	196	42	44	21
226	178	196	42	44	21
227	178	196	42	44	21
228	178	204	42	46	21
229	178	204	42	46	21
230	178	204	42	46	21
231	178	204	42	46	20
232	178	204	42	46	21
233	178	204	42	46	21
234	178	204	42	46	21
235	186	204	44	46	21
236	186	204	44	46	22
237	186	204	44	46	22
238	186	204	44	46	22
239	186	204	44	46	21
240	186	204	44	46	21
241	186	205	44	46	21
242	186	213	44	48	21
243	186	213	44	48	21
244	186	213	44	48	21
245	186	214	44	48	21
246	186	214	44	48	20
247	186	214	44	48	20
248	186	214	44	48	20
249	186	215	44	48	20
250	186	215	44	48	20
251	186	215	44	48	21
252	186	215	44	48	21
253	186	216	44	48	20
254	186	216	44	48	20
255	194	224	46	50	20
256	194	224	46	50	20
257	194	224	46	50	21
258	194	224	46	50	21
259	194	224	46	50	20
260	194	224	46	50	20
261	202	225	48	50	20
262	202	225	48	50	20
263	202	225	48	50	20
264	202	225	48	50	20
265	202	225	48	50	20
266	202	225	48	50	19
267	202	225	48	50	19
268	203	233	48	52	19
269	203	233	48	52	19
270	203	233	48	52	19
271	203	233	48	52	19
272	203	233	48	52	19
273	203	233	48	52	19
274	203	234	48	52	19
275	203	234	48	52	19
276	203	234	48	52	19
277	211	234	50	52	19
278	211	235	50	52	19
279	211	235	50	52	18
280	211	235	50	52	18
281	211	243	50	54	18
282	211	243	50	54	18
283	211	243	50	54	18
284	211	243	50	54	18
285	211	243	50	54	18
286	212	247	50	55	18
287	212	247	50	55	18
288	212	246	50	55	18
289	212	246	50	55	19
290	212	246	50	55	18
291	212	246	50	55	18
292	212	245	50	55	18
293	212	245	50	55	18
294	220	245	52	55	19
295	220	245	52	55	19
296	220	245	52	55	19
297	220	245	52	55	19
298	220	245	52	55	19
299	220	246	52	55	18
300	220	245	52	55	18
