# gameId 895322558  LOSS  scores [244.0, 251.0]
# mybuild 0:1.1.1.1,3:2.2.0.2  oppbuild 1:1.1.1.1,2:2.2.0.2  my_train t3  opp_train t2
# t  me  opp  mywood  oppwood  trees
1	27	27	0	0	18
2	27	16	0	0	18
3	15	15	0	0	18
4	15	15	0	0	20
5	14	14	0	0	20
6	14	14	0	0	20
7	14	14	0	0	22
8	14	14	0	0	22
9	13	13	0	0	22
10	13	13	0	0	22
11	13	13	0	0	24
12	13	13	0	0	24
13	12	12	0	0	24
14	12	12	0	0	24
15	12	12	0	0	23
16	12	12	0	0	23
17	12	12	0	0	24
18	20	12	2	0	24
19	20	11	2	0	24
20	20	11	2	0	24
21	20	19	2	2	24
22	20	19	2	2	24
23	20	19	2	2	24
24	28	19	4	2	24
25	28	18	4	2	24
26	28	18	4	2	23
27	28	18	4	2	23
28	28	18	4	2	23
29	28	26	4	4	24
30	28	26	4	4	24
31	28	26	4	4	24
32	28	26	4	4	24
33	28	26	4	4	24
34	28	26	4	4	23
35	28	34	4	6	24
36	28	34	4	6	24
37	36	34	6	6	24
38	36	34	6	6	25
39	36	34	6	6	25
40	36	35	6	6	25
41	36	35	6	6	23
42	36	36	6	6	23
43	44	36	8	6	24
44	44	44	8	8	24
45	44	44	8	8	24
46	44	44	8	8	23
47	52	44	10	8	23
48	52	44	10	8	23
49	52	44	10	8	24
50	52	44	10	8	23
51	52	44	10	8	23
52	52	45	10	8	23
53	52	45	10	8	24
54	52	46	10	8	23
55	52	46	10	8	23
56	52	46	10	8	23
57	60	46	12	8	23
58	60	47	12	8	23
59	60	47	12	8	23
60	60	48	12	8	22
61	60	47	12	8	21
62	68	47	14	8	21
63	68	47	14	8	22
64	68	47	14	8	22
65	68	47	14	8	23
66	68	48	14	8	22
67	68	47	14	8	22
68	68	55	14	10	22
69	68	55	14	10	23
70	68	55	14	10	22
71	68	54	14	10	22
72	68	54	14	10	23
73	68	54	14	10	22
74	76	54	16	10	22
75	76	54	16	10	22
76	76	62	16	12	22
77	76	62	16	12	22
78	76	62	16	12	21
79	76	62	16	12	21
80	76	66	16	13	23
81	76	66	16	13	22
82	76	70	16	14	22
83	76	70	16	14	22
84	76	70	16	14	22
85	84	69	18	14	22
86	84	69	18	14	22
87	84	69	18	14	22
88	84	77	18	16	22
89	84	77	18	16	22
90	84	77	18	16	21
91	84	76	18	16	21
92	92	76	20	16	22
93	92	76	20	16	22
94	92	77	20	16	22
95	92	77	20	16	21
96	92	77	20	16	20
97	92	85	20	18	20
98	92	85	20	18	20
99	92	85	20	18	20
100	92	93	20	20	20
101	92	93	20	20	20
102	92	93	20	20	20
103	100	92	22	20	20
104	100	92	22	20	20
105	100	92	22	20	20
106	100	100	22	22	20
107	100	100	22	22	21
108	100	100	22	22	20
109	100	99	22	22	20
110	100	99	22	22	20
111	100	99	22	22	20
112	100	99	22	22	20
113	100	98	22	22	20
114	100	98	22	22	21
115	108	97	24	22	21
116	108	97	24	22	21
117	108	97	24	22	22
118	108	97	24	22	22
119	108	96	24	22	21
120	108	96	24	22	20
121	108	104	24	24	21
122	116	104	26	24	22
123	116	104	26	24	22
124	116	104	26	24	22
125	116	104	26	24	22
126	116	104	26	24	21
127	116	104	26	24	20
128	116	112	26	26	20
129	116	112	26	26	20
130	116	112	26	26	20
131	116	111	26	26	20
132	116	111	26	26	20
133	116	111	26	26	20
134	116	119	26	28	21
135	116	119	26	28	21
136	116	118	26	28	21
137	124	118	28	28	21
138	124	118	28	28	21
139	124	118	28	28	22
140	124	118	28	28	22
141	124	118	28	28	21
142	124	118	28	28	21
143	132	118	30	28	22
144	132	118	30	28	22
145	132	118	30	28	22
146	132	126	30	30	22
147	132	126	30	30	22
148	132	126	30	30	22
149	132	126	30	30	22
150	132	126	30	30	22
151	132	126	30	30	22
152	132	126	30	30	22
153	132	126	30	30	22
154	132	126	30	30	23
155	132	126	30	30	21
156	132	134	30	32	21
157	132	134	30	32	21
158	132	134	30	32	21
159	140	134	32	32	21
160	140	134	32	32	21
161	140	142	32	34	21
162	140	142	32	34	20
163	140	142	32	34	20
164	148	141	34	34	20
165	148	141	34	34	20
166	148	141	34	34	21
167	148	141	34	34	21
168	148	141	34	34	21
169	148	141	34	34	21
170	148	141	34	34	21
171	148	142	34	34	21
172	148	142	34	34	20
173	148	142	34	34	19
174	148	142	34	34	19
175	148	142	34	34	19
176	148	150	34	36	21
177	156	150	36	36	21
178	156	150	36	36	21
179	156	150	36	36	21
180	156	150	36	36	21
181	156	150	36	36	19
182	156	158	36	38	19
183	164	158	38	38	19
184	164	158	38	38	19
185	164	157	38	38	19
186	164	157	38	38	20
187	164	156	38	38	20
188	164	156	38	38	19
189	164	156	38	38	19
190	164	156	38	38	19
191	164	156	38	38	19
192	164	156	38	38	18
193	164	156	38	38	18
194	164	164	38	40	18
195	172	164	40	40	19
196	172	164	40	40	19
197	172	163	40	40	19
198	172	163	40	40	21
199	172	162	40	40	20
200	172	162	40	40	19
201	172	170	40	42	20
202	172	170	40	42	20
203	172	170	40	42	20
204	172	169	40	42	20
205	172	169	40	42	20
206	172	169	40	42	21
207	172	169	40	42	20
208	172	168	40	42	20
209	172	168	40	42	20
210	172	176	40	44	20
211	172	176	40	44	20
212	180	176	42	44	20
213	180	176	42	44	20
214	180	176	42	44	21
215	180	176	42	44	21
216	180	176	42	44	21
217	180	176	42	44	21
218	180	184	42	46	20
219	180	184	42	46	20
220	180	184	42	46	20
221	180	184	42	46	20
222	180	184	42	46	20
223	180	184	42	46	20
224	180	184	42	46	20
225	180	184	42	46	20
226	180	184	42	46	21
227	180	184	42	46	20
228	180	192	42	48	20
229	180	192	42	48	20
230	180	192	42	48	21
231	188	192	44	48	21
232	188	192	44	48	21
233	188	192	44	48	21
234	188	192	44	48	21
235	188	200	44	50	21
236	188	200	44	50	21
237	188	200	44	50	20
238	188	201	44	50	20
239	196	201	46	50	20
240	196	201	46	50	20
241	196	201	46	50	20
242	196	202	46	50	20
243	196	202	46	50	19
244	196	202	46	50	19
245	196	202	46	50	19
246	196	210	46	52	19
247	196	210	46	52	18
248	196	210	46	52	19
249	196	210	46	52	20
250	196	210	46	52	20
251	196	210	46	52	20
252	204	210	48	52	20
253	204	211	48	52	19
254	204	211	48	52	19
255	204	219	48	54	19
256	204	219	48	54	18
257	204	219	48	54	18
258	212	219	50	54	18
259	212	219	50	54	18
260	212	219	50	54	18
261	212	219	50	54	18
262	212	219	50	54	19
263	212	219	50	54	19
264	212	219	50	54	19
265	212	219	50	54	19
266	212	220	50	54	19
267	212	220	50	54	18
268	212	220	50	54	18
269	212	228	50	56	18
270	220	228	52	56	18
271	220	228	52	56	18
272	220	228	52	56	18
273	220	228	52	56	18
274	220	228	52	56	19
275	220	228	52	56	18
276	220	228	52	56	18
277	220	228	52	56	18
278	220	236	52	58	20
279	220	236	52	58	20
280	228	236	54	58	20
281	228	236	54	58	20
282	228	236	54	58	20
283	228	236	54	58	20
284	228	236	54	58	19
285	228	236	54	58	19
286	236	236	56	58	19
287	236	236	56	58	19
288	236	236	56	58	18
289	236	244	56	60	18
290	236	244	56	60	18
291	236	244	56	60	19
292	236	244	56	60	19
293	236	244	56	60	19
294	236	244	56	60	19
295	236	244	56	60	18
296	236	244	56	60	18
297	236	252	56	62	18
298	236	252	56	62	18
299	244	252	58	62	18
300	244	251	58	62	18
