# gameId 895236384  WIN  scores [198.0, 176.0]
# mybuild 0:1.1.1.1,2:1.1.1.0,3:1.1.1.0  oppbuild 1:1.1.1.1,4:2.2.0.2  my_train t3  opp_train t77
# t  me  opp  mywood  oppwood  trees
1	23	23	0	0	16
2	23	23	0	0	16
3	17	23	0	0	16
4	17	23	0	0	16
5	17	23	0	0	16
6	17	23	0	0	16
7	17	23	0	0	16
8	18	23	0	0	16
9	18	23	0	0	16
10	18	23	0	0	16
11	18	23	0	0	16
12	19	23	0	0	16
13	19	23	0	0	16
14	19	23	0	0	16
15	19	23	0	0	16
16	20	23	0	0	16
17	11	23	0	0	16
18	11	23	0	0	16
19	11	23	0	0	16
20	12	23	0	0	16
21	11	23	0	0	16
22	12	23	0	0	15
23	12	23	0	0	16
24	12	23	0	0	16
25	12	23	0	0	16
26	13	23	0	0	16
27	13	23	0	0	16
28	13	23	0	0	16
29	13	23	0	0	16
30	13	23	0	0	16
31	14	23	0	0	16
32	14	23	0	0	16
33	18	23	1	0	17
34	18	23	1	0	17
35	19	23	1	0	17
36	18	23	1	0	17
37	18	23	1	0	17
38	19	23	1	0	17
39	19	23	1	0	17
40	19	24	1	0	17
41	20	24	1	0	18
42	19	24	1	0	18
43	19	24	1	0	19
44	20	24	1	0	19
45	20	24	1	0	19
46	20	24	1	0	19
47	21	24	1	0	19
48	21	24	1	0	19
49	22	24	1	0	19
50	22	24	1	0	19
51	23	24	1	0	19
52	22	24	1	0	19
53	22	24	1	0	19
54	23	24	1	0	20
55	22	24	1	0	20
56	22	24	1	0	20
57	22	24	1	0	21
58	22	25	1	0	21
59	22	25	1	0	21
60	23	25	1	0	20
61	23	25	1	0	20
62	28	25	2	0	20
63	28	25	2	0	20
64	29	25	2	0	20
65	28	25	2	0	20
66	29	25	2	0	20
67	29	25	2	0	20
68	29	25	2	0	20
69	29	25	2	0	20
70	30	25	2	0	20
71	34	25	3	0	21
72	34	25	3	0	21
73	34	25	3	0	21
74	35	25	3	0	21
75	34	25	3	0	21
76	35	26	3	0	21
77	35	15	3	0	21
78	35	14	3	0	21
79	39	14	4	0	23
80	40	13	4	0	23
81	41	13	4	0	23
82	41	13	4	0	24
83	41	13	4	0	24
84	43	12	4	0	24
85	42	12	4	0	24
86	42	11	4	0	24
87	46	11	5	0	24
88	47	11	5	0	25
89	47	11	5	0	25
90	47	10	5	0	25
91	48	10	5	0	25
92	48	10	5	0	25
93	52	10	6	0	25
94	52	9	6	0	25
95	52	9	6	0	25
96	52	9	6	0	25
97	52	9	6	0	27
98	55	9	7	0	27
99	55	9	7	0	27
100	55	8	7	0	28
101	55	8	7	0	28
102	55	8	7	0	28
103	55	8	7	0	27
104	59	8	8	0	28
105	59	8	8	0	29
106	60	8	8	0	29
107	60	8	8	0	29
108	60	8	8	0	28
109	60	8	8	0	28
110	60	8	8	0	30
111	60	8	8	0	30
112	64	8	9	0	30
113	64	9	9	0	30
114	64	9	9	0	31
115	65	10	9	0	30
116	69	10	10	0	30
117	69	11	10	0	30
118	69	11	10	0	30
119	69	11	10	0	30
120	69	11	10	0	30
121	69	12	10	0	30
122	70	12	10	0	29
123	70	13	10	0	29
124	70	13	10	0	29
125	70	13	10	0	29
126	75	13	11	0	29
127	75	14	11	0	29
128	75	14	11	0	29
129	75	15	11	0	28
130	79	15	12	0	29
131	79	15	12	0	29
132	80	15	12	0	29
133	80	16	12	0	29
134	80	16	12	0	29
135	80	17	12	0	27
136	84	17	13	0	29
137	84	17	13	0	29
138	84	17	13	0	29
139	84	18	13	0	28
140	84	18	13	0	29
141	84	19	13	0	28
142	88	19	14	0	28
143	88	19	14	0	28
144	89	19	14	0	29
145	89	20	14	0	29
146	89	20	14	0	28
147	89	21	14	0	28
148	90	21	14	0	28
149	90	21	14	0	29
150	94	21	15	0	29
151	94	22	15	0	29
152	95	22	15	0	28
153	95	23	15	0	28
154	95	23	15	0	28
155	96	23	15	0	27
156	96	23	15	0	26
157	96	24	15	0	26
158	100	24	16	0	26
159	100	25	16	0	26
160	101	25	16	0	27
161	100	25	16	0	26
162	100	25	16	0	27
163	100	26	16	0	27
164	100	26	16	0	27
165	100	27	16	0	27
166	101	27	16	0	27
167	101	27	16	0	28
168	101	27	16	0	28
169	101	28	16	0	28
170	101	28	16	0	28
171	101	29	16	0	27
172	105	29	17	0	28
173	105	29	17	0	27
174	106	29	17	0	27
175	105	30	17	0	27
176	105	30	17	0	27
177	105	31	17	0	27
178	105	31	17	0	27
179	105	31	17	0	27
180	109	31	18	0	27
181	109	32	18	0	27
182	109	32	18	0	27
183	110	33	18	0	27
184	111	33	18	0	26
185	111	33	18	0	26
186	115	33	19	0	26
187	116	34	19	0	26
188	117	34	19	0	26
189	117	35	19	0	25
190	117	35	19	0	25
191	118	35	19	0	25
192	118	35	19	0	25
193	118	36	19	0	26
194	118	36	19	0	25
195	119	37	19	0	25
196	119	37	19	0	25
197	123	37	20	0	25
198	123	37	20	0	26
199	124	38	20	0	26
200	124	38	20	0	25
201	124	39	20	0	25
202	128	39	21	0	25
203	128	39	21	0	25
204	128	39	21	0	26
205	129	40	21	0	26
206	128	40	21	0	26
207	128	41	21	0	26
208	128	41	21	0	26
209	128	41	21	0	26
210	128	41	21	0	26
211	132	42	22	0	25
212	132	42	22	0	26
213	133	43	22	0	26
214	133	43	22	0	26
215	133	43	22	0	26
216	133	43	22	0	26
217	133	52	22	2	27
218	133	52	22	2	27
219	134	53	22	2	27
220	134	53	22	2	27
221	135	53	22	2	26
222	135	53	22	2	25
223	136	53	22	2	25
224	136	53	22	2	25
225	137	61	22	4	26
226	137	61	22	4	26
227	142	61	23	4	26
228	142	61	23	4	26
229	143	61	23	4	25
230	143	61	23	4	25
231	144	69	23	6	25
232	144	69	23	6	25
233	145	69	23	6	25
234	145	69	23	6	25
235	146	69	23	6	24
236	146	69	23	6	24
237	147	77	23	8	24
238	147	77	23	8	25
239	152	77	24	8	25
240	152	77	24	8	25
241	153	78	24	8	24
242	153	78	24	8	24
243	154	86	24	10	24
244	154	86	24	10	24
245	155	86	24	10	24
246	155	86	24	10	23
247	156	86	24	10	23
248	156	94	24	12	22
249	157	94	24	12	23
250	157	94	24	12	23
251	158	94	24	12	22
252	162	102	25	14	22
253	162	102	25	14	22
254	163	102	25	14	22
255	164	101	25	14	22
256	165	101	25	14	22
257	165	101	25	14	22
258	166	109	25	16	22
259	167	109	25	16	22
260	168	109	25	16	22
261	168	108	25	16	21
262	169	108	25	16	21
263	170	116	25	18	22
264	171	116	25	18	22
265	171	116	25	18	21
266	172	124	25	20	21
267	173	124	25	20	21
268	174	124	25	20	21
269	174	123	25	20	21
270	175	123	25	20	22
271	176	122	25	20	21
272	177	122	25	20	21
273	177	130	25	22	22
274	178	130	25	22	22
275	179	129	25	22	22
276	180	129	25	22	21
277	180	137	25	24	22
278	181	137	25	24	22
279	182	137	25	24	22
280	183	137	25	24	21
281	183	145	25	26	21
282	184	145	25	26	21
283	185	145	25	26	21
284	186	144	25	26	20
285	186	144	25	26	20
286	187	152	25	28	20
287	188	152	25	28	20
288	189	152	25	28	20
289	189	152	25	28	20
290	190	152	25	28	20
291	191	160	25	30	20
292	192	160	25	30	20
293	192	160	25	30	20
294	193	160	25	30	21
295	194	160	25	30	20
296	195	160	25	30	20
297	195	168	25	32	20
298	196	168	25	32	20
299	197	168	25	32	19
300	198	176	25	34	19
