# gameId 895413073  LOSS  scores [207.0, 250.0]
# mybuild 0:1.1.1.1,3:2.2.0.2  oppbuild 1:1.1.1.1,2:2.2.0.2  my_train t3  opp_train t2
# t  me  opp  mywood  oppwood  trees
1	25	25	0	0	16
2	25	14	0	0	16
3	13	13	0	0	16
4	13	13	0	0	18
5	12	12	0	0	18
6	12	12	0	0	18
7	12	12	0	0	19
8	12	12	0	0	19
9	11	11	0	0	19
10	11	11	0	0	19
11	19	11	2	0	20
12	19	11	2	0	21
13	18	10	2	0	21
14	18	10	2	0	22
15	18	9	2	0	22
16	18	9	2	0	22
17	17	9	2	0	22
18	25	9	4	0	23
19	25	9	4	0	24
20	25	9	4	0	23
21	24	8	4	0	23
22	24	8	4	0	24
23	23	8	4	0	24
24	24	8	4	0	23
25	31	7	6	0	23
26	31	7	6	0	23
27	31	7	6	0	23
28	31	7	6	0	24
29	30	7	6	0	23
30	30	7	6	0	23
31	38	7	8	0	23
32	38	7	8	0	23
33	46	7	10	0	23
34	46	7	10	0	23
35	46	7	10	0	23
36	46	7	10	0	23
37	54	7	12	0	23
38	54	7	12	0	23
39	54	7	12	0	22
40	62	8	14	0	22
41	62	8	14	0	22
42	62	9	14	0	22
43	62	9	14	0	22
44	62	10	14	0	22
45	62	10	14	0	23
46	62	18	14	2	22
47	62	18	14	2	22
48	62	18	14	2	22
49	62	19	14	2	22
50	70	19	16	2	22
51	70	20	16	2	22
52	70	20	16	2	21
53	70	21	16	2	21
54	70	21	16	2	21
55	70	22	16	2	21
56	70	22	16	2	21
57	70	23	16	2	21
58	70	23	16	2	21
59	70	23	16	2	20
60	70	23	16	2	20
61	70	24	16	2	19
62	70	24	16	2	19
63	70	25	16	2	19
64	70	25	16	2	19
65	78	26	18	2	19
66	78	26	18	2	20
67	78	26	18	2	20
68	78	26	18	2	20
69	78	34	18	4	20
70	78	34	18	4	20
71	78	34	18	4	20
72	78	35	18	4	19
73	78	35	18	4	19
74	78	36	18	4	19
75	78	36	18	4	19
76	78	37	18	4	19
77	86	37	20	4	18
78	86	38	20	4	18
79	86	38	20	4	18
80	86	39	20	4	18
81	86	39	20	4	18
82	86	39	20	4	18
83	86	47	20	6	18
84	86	47	20	6	18
85	86	47	20	6	18
86	87	48	20	6	17
87	87	48	20	6	17
88	87	48	20	6	17
89	87	56	20	8	17
90	87	56	20	8	17
91	87	56	20	8	18
92	95	56	22	8	18
93	95	56	22	8	18
94	95	56	22	8	18
95	95	56	22	8	18
96	95	56	22	8	18
97	95	56	22	8	18
98	95	56	22	8	18
99	95	56	22	8	17
100	95	56	22	8	17
101	95	56	22	8	16
102	95	56	22	8	16
103	95	64	22	10	17
104	95	64	22	10	17
105	103	64	24	10	17
106	103	64	24	10	17
107	103	64	24	10	16
108	103	64	24	10	16
109	103	72	24	12	17
110	103	72	24	12	18
111	103	72	24	12	18
112	103	72	24	12	17
113	103	72	24	12	17
114	103	72	24	12	17
115	103	72	24	12	18
116	103	72	24	12	17
117	103	72	24	12	17
118	111	72	26	12	17
119	111	72	26	12	17
120	111	72	26	12	17
121	111	72	26	12	17
122	111	80	26	14	18
123	111	80	26	14	18
124	111	80	26	14	18
125	111	80	26	14	17
126	111	80	26	14	17
127	111	80	26	14	17
128	111	80	26	14	16
129	111	80	26	14	15
130	111	80	26	14	15
131	111	88	26	16	16
132	111	88	26	16	16
133	111	88	26	16	16
134	119	88	28	16	15
135	119	96	28	18	15
136	119	96	28	18	15
137	119	95	28	18	15
138	119	95	28	18	15
139	119	95	28	18	16
140	119	103	28	20	16
141	119	103	28	20	16
142	119	103	28	20	15
143	119	102	28	20	15
144	119	102	28	20	16
145	119	101	28	20	16
146	119	101	28	20	15
147	119	101	28	20	15
148	119	101	28	20	15
149	119	100	28	20	15
150	119	100	28	20	15
151	119	100	28	20	15
152	119	100	28	20	16
153	127	108	30	22	16
154	127	108	30	22	16
155	127	107	30	22	16
156	127	107	30	22	16
157	127	107	30	22	15
158	127	107	30	22	15
159	127	115	30	24	16
160	127	115	30	24	16
161	127	115	30	24	16
162	127	115	30	24	14
163	127	123	30	26	14
164	127	123	30	26	14
165	127	123	30	26	14
166	127	122	30	26	13
167	127	122	30	26	13
168	127	130	30	28	14
169	127	130	30	28	14
170	127	130	30	28	14
171	127	129	30	28	14
172	127	129	30	28	14
173	135	129	32	28	14
174	135	137	32	30	14
175	135	137	32	30	14
176	135	136	32	30	14
177	135	136	32	30	15
178	135	136	32	30	15
179	135	136	32	30	15
180	135	144	32	32	15
181	135	144	32	32	14
182	135	144	32	32	14
183	135	143	32	32	14
184	135	143	32	32	14
185	135	143	32	32	14
186	135	143	32	32	14
187	135	142	32	32	14
188	135	142	32	32	13
189	135	142	32	32	14
190	135	142	32	32	14
191	135	142	32	32	14
192	143	142	34	32	14
193	143	142	34	32	14
194	143	150	34	34	15
195	143	150	34	34	15
196	143	150	34	34	15
197	143	150	34	34	14
198	143	150	34	34	14
199	143	158	34	36	14
200	143	158	34	36	13
201	143	158	34	36	13
202	143	158	34	36	12
203	143	166	34	38	12
204	143	166	34	38	12
205	143	166	34	38	12
206	143	165	34	38	12
207	143	165	34	38	12
208	143	165	34	38	12
209	151	173	36	40	12
210	151	173	36	40	12
211	151	173	36	40	12
212	151	172	36	40	12
213	151	172	36	40	11
214	151	172	36	40	12
215	151	180	36	42	12
216	151	180	36	42	12
217	151	180	36	42	11
218	151	188	36	44	11
219	151	188	36	44	11
220	151	188	36	44	11
221	151	187	36	44	12
222	151	187	36	44	12
223	151	194	36	46	12
224	159	194	38	46	12
225	159	194	38	46	12
226	159	194	38	46	13
227	159	194	38	46	12
228	159	194	38	46	12
229	167	193	40	46	12
230	167	193	40	46	12
231	167	193	40	46	12
232	167	193	40	46	13
233	167	192	40	46	13
234	167	192	40	46	13
235	167	192	40	46	13
236	167	192	40	46	14
237	167	192	40	46	14
238	167	192	40	46	13
239	167	191	40	46	12
240	167	191	40	46	13
241	167	190	40	46	13
242	167	190	40	46	13
243	167	190	40	46	14
244	167	190	40	46	14
245	175	189	42	46	14
246	175	189	42	46	14
247	175	189	42	46	14
248	175	189	42	46	14
249	175	197	42	48	14
250	175	197	42	48	14
251	175	197	42	48	15
252	175	197	42	48	14
253	175	205	42	50	14
254	175	205	42	50	13
255	175	205	42	50	13
256	175	204	42	50	13
257	175	204	42	50	14
258	175	204	42	50	14
259	175	212	42	52	14
260	175	212	42	52	14
261	183	212	44	52	15
262	183	212	44	52	15
263	183	212	44	52	14
264	183	212	44	52	13
265	183	220	44	54	13
266	191	220	46	54	14
267	191	220	46	54	14
268	191	219	46	54	14
269	191	219	46	54	13
270	191	227	46	56	13
271	191	227	46	56	14
272	191	227	46	56	14
273	191	227	46	56	14
274	191	227	46	56	14
275	191	227	46	56	14
276	191	227	46	56	13
277	191	227	46	56	13
278	191	227	46	56	14
279	191	226	46	56	13
280	191	226	46	56	13
281	191	234	46	58	12
282	191	234	46	58	13
283	191	234	46	58	14
284	191	234	46	58	14
285	191	234	46	58	14
286	191	234	46	58	14
287	191	234	46	58	14
288	191	234	46	58	14
289	199	234	48	58	14
290	199	234	48	58	14
291	199	234	48	58	14
292	199	242	48	60	14
293	199	242	48	60	13
294	199	242	48	60	13
295	207	242	50	60	14
296	207	242	50	60	14
297	207	242	50	60	14
298	207	242	50	60	13
299	207	250	50	62	13
300	207	250	50	62	13
