# gameId 895417148  LOSS  scores [177.0, 285.0]
# mybuild 0:1.1.1.1,3:2.2.0.2,4:1.1.1.0  oppbuild 1:1.1.1.1,2:2.2.0.2  my_train t3  opp_train t2
# t  me  opp  mywood  oppwood  trees
1	28	28	0	0	14
2	28	17	0	0	14
3	16	16	0	0	14
4	16	16	0	0	15
5	16	15	0	0	16
6	16	15	0	0	16
7	15	15	0	0	17
8	15	15	0	0	18
9	14	14	0	0	17
10	14	14	0	0	17
11	14	14	0	0	18
12	22	14	2	0	17
13	22	13	2	0	18
14	22	13	2	0	18
15	21	13	2	0	18
16	21	13	2	0	20
17	20	13	2	0	20
18	20	13	2	0	19
19	20	12	2	0	19
20	20	12	2	0	18
21	20	12	2	0	20
22	20	12	2	0	20
23	27	11	4	0	19
24	27	11	4	0	21
25	26	10	4	0	20
26	34	10	6	0	20
27	34	10	6	0	20
28	34	10	6	0	21
29	34	10	6	0	20
30	34	10	6	0	20
31	33	9	6	0	20
32	33	9	6	0	21
33	32	9	6	0	21
34	32	9	6	0	21
35	40	8	8	0	21
36	40	8	8	0	21
37	40	16	8	2	22
38	40	16	8	2	22
39	40	16	8	2	22
40	39	15	8	2	22
41	39	15	8	2	21
42	39	15	8	2	22
43	47	15	10	2	23
44	47	15	10	2	23
45	47	15	10	2	23
46	47	15	10	2	22
47	47	16	10	2	22
48	47	16	10	2	22
49	47	17	10	2	22
50	47	17	10	2	22
51	47	18	10	2	22
52	47	18	10	2	22
53	47	19	10	2	22
54	47	19	10	2	21
55	48	20	10	2	20
56	48	19	10	2	20
57	48	19	10	2	20
58	48	19	10	2	20
59	48	19	10	2	21
60	48	19	10	2	21
61	48	19	10	2	21
62	56	27	12	4	21
63	56	28	12	4	21
64	56	28	12	4	21
65	56	29	12	4	21
66	56	29	12	4	20
67	56	29	12	4	20
68	56	37	12	6	20
69	57	37	12	6	20
70	48	37	12	6	20
71	48	37	12	6	20
72	48	44	12	8	20
73	48	44	12	8	20
74	48	44	12	8	20
75	48	44	12	8	21
76	56	44	14	8	21
77	56	44	14	8	21
78	56	44	14	8	21
79	56	44	14	8	21
80	56	44	14	8	21
81	56	45	14	8	21
82	56	45	14	8	21
83	56	46	14	8	21
84	56	46	14	8	20
85	56	47	14	8	19
86	56	47	14	8	19
87	56	47	14	8	19
88	56	47	14	8	20
89	56	47	14	8	20
90	56	47	14	8	20
91	56	56	14	10	20
92	64	56	16	10	21
93	64	56	16	10	21
94	64	56	16	10	20
95	64	64	16	12	19
96	64	64	16	12	19
97	64	64	16	12	19
98	64	64	16	12	18
99	64	64	16	12	18
100	64	72	16	14	19
101	64	72	16	14	19
102	64	72	16	14	19
103	64	72	16	14	19
104	64	72	16	14	20
105	64	72	16	14	20
106	64	72	16	14	20
107	64	72	16	14	19
108	64	72	16	14	19
109	64	72	16	14	20
110	64	72	16	14	20
111	64	72	16	14	20
112	64	72	16	14	20
113	64	73	16	14	20
114	64	73	16	14	21
115	72	74	18	14	21
116	72	74	18	14	21
117	72	75	18	14	21
118	72	75	18	14	20
119	72	76	18	14	20
120	72	76	18	14	20
121	72	77	18	14	19
122	72	77	18	14	19
123	72	78	18	14	19
124	72	78	18	14	19
125	72	78	18	14	19
126	72	78	18	14	20
127	72	79	18	14	20
128	72	79	18	14	20
129	72	88	18	16	20
130	72	88	18	16	20
131	72	89	18	16	19
132	72	89	18	16	19
133	72	90	18	16	19
134	72	90	18	16	19
135	72	91	18	16	19
136	72	91	18	16	19
137	80	91	20	16	18
138	80	91	20	16	18
139	80	92	20	16	18
140	80	92	20	16	19
141	80	93	20	16	19
142	80	93	20	16	19
143	80	101	20	18	19
144	80	101	20	18	19
145	80	102	20	18	19
146	80	102	20	18	19
147	80	103	20	18	18
148	80	102	20	18	18
149	80	102	20	18	18
150	80	102	20	18	19
151	80	102	20	18	18
152	80	102	20	18	18
153	80	102	20	18	18
154	80	102	20	18	19
155	88	103	22	18	19
156	88	103	22	18	19
157	88	112	22	20	19
158	88	112	22	20	18
159	88	113	22	20	18
160	88	113	22	20	18
161	88	113	22	20	18
162	88	113	22	20	18
163	88	114	22	20	17
164	88	114	22	20	17
165	88	115	22	20	17
166	88	123	22	22	18
167	88	123	22	22	18
168	88	123	22	22	17
169	88	123	22	22	17
170	88	123	22	22	18
171	88	123	22	22	18
172	88	123	22	22	18
173	88	124	22	22	17
174	88	124	22	22	17
175	88	124	22	22	17
176	96	124	24	22	17
177	96	125	24	22	17
178	96	125	24	22	17
179	96	134	24	24	17
180	96	134	24	24	17
181	96	134	24	24	17
182	96	134	24	24	18
183	96	134	24	24	17
184	96	142	24	26	17
185	96	142	24	26	17
186	96	142	24	26	16
187	96	142	24	26	16
188	96	150	24	28	16
189	96	150	24	28	16
190	96	150	24	28	16
191	96	150	24	28	17
192	96	149	24	28	17
193	96	149	24	28	17
194	96	149	24	28	18
195	104	149	26	28	18
196	104	149	26	28	19
197	104	149	26	28	18
198	104	149	26	28	18
199	112	150	28	28	18
200	112	150	28	28	18
201	112	150	28	28	18
202	112	150	28	28	17
203	112	159	28	30	17
204	112	159	28	30	17
205	112	159	28	30	17
206	112	159	28	30	17
207	112	159	28	30	16
208	112	167	28	32	17
209	112	167	28	32	17
210	112	167	28	32	17
211	112	167	28	32	18
212	112	167	28	32	17
213	112	167	28	32	17
214	112	167	28	32	17
215	112	167	28	32	17
216	112	167	28	32	17
217	112	167	28	32	17
218	112	167	28	32	17
219	112	167	28	32	17
220	112	167	28	32	17
221	120	168	30	32	17
222	120	176	30	34	18
223	120	176	30	34	18
224	120	176	30	34	18
225	120	176	30	34	18
226	120	176	30	34	17
227	120	184	30	36	17
228	120	184	30	36	17
229	120	184	30	36	18
230	120	184	30	36	18
231	120	184	30	36	17
232	120	184	30	36	16
233	120	192	30	38	16
234	120	192	30	38	18
235	120	192	30	38	18
236	120	191	30	38	18
237	120	191	30	38	17
238	120	191	30	38	18
239	128	199	32	40	18
240	128	198	32	40	18
241	128	198	32	40	18
242	128	205	32	42	17
243	128	205	32	42	17
244	136	205	34	42	17
245	136	205	34	42	17
246	136	205	34	42	17
247	136	213	34	44	17
248	136	212	34	44	17
249	136	212	34	44	17
250	144	212	36	44	18
251	144	212	36	44	17
252	144	219	36	46	17
253	144	219	36	46	17
254	144	219	36	46	17
255	144	219	36	46	17
256	144	219	36	46	16
257	144	219	36	46	16
258	144	227	36	48	17
259	144	227	36	48	17
260	144	227	36	48	17
261	144	227	36	48	17
262	144	231	36	49	18
263	144	231	36	49	18
264	144	231	36	49	17
265	144	239	36	51	17
266	152	239	38	51	17
267	152	239	38	51	18
268	152	239	38	51	17
269	152	239	38	51	17
270	152	247	38	53	16
271	152	247	38	53	16
272	160	247	40	53	17
273	160	247	40	53	17
274	160	247	40	53	17
275	160	247	40	53	17
276	160	247	40	53	18
277	160	255	40	55	18
278	160	255	40	55	17
279	160	255	40	55	17
280	160	255	40	55	17
281	160	256	40	55	16
282	160	255	40	55	16
283	160	263	40	57	17
284	160	263	40	57	17
285	160	263	40	57	16
286	160	271	40	59	16
287	160	271	40	59	16
288	160	271	40	59	17
289	160	271	40	59	18
290	160	271	40	59	17
291	160	271	40	59	17
292	160	279	40	61	17
293	168	279	42	61	17
294	168	279	42	61	17
295	168	278	42	61	17
296	168	278	42	61	17
297	168	278	42	61	17
298	168	286	42	63	16
299	168	285	42	63	16
300	168	285	42	63	16
