# gameId 895354791  WIN  scores [207.0, 196.0]
# mybuild 0:1.1.1.1,2:2.2.0.2  oppbuild 1:1.1.1.1,3:2.2.0.2  my_train t33  opp_train t33
# t  me  opp  mywood  oppwood  trees
1	23	23	0	0	16
2	23	23	0	0	16
3	23	23	0	0	16
4	23	23	0	0	16
5	23	23	0	0	16
6	23	23	0	0	16
7	23	23	0	0	16
8	23	23	0	0	16
9	23	23	0	0	16
10	23	23	0	0	16
11	23	23	0	0	16
12	23	23	0	0	16
13	23	23	0	0	16
14	23	23	0	0	16
15	23	23	0	0	16
16	23	23	0	0	16
17	23	23	0	0	16
18	23	23	0	0	16
19	23	23	0	0	16
20	23	23	0	0	16
21	23	23	0	0	16
22	23	23	0	0	16
23	23	23	0	0	16
24	23	23	0	0	16
25	23	23	0	0	16
26	23	23	0	0	16
27	23	23	0	0	16
28	23	23	0	0	16
29	23	23	0	0	16
30	23	23	0	0	16
31	23	23	0	0	16
32	23	23	0	0	16
33	11	12	0	0	16
34	11	11	0	0	17
35	10	11	0	0	18
36	10	10	0	0	18
37	10	10	0	0	19
38	10	10	0	0	19
39	10	10	0	0	19
40	18	9	2	0	19
41	18	9	2	0	19
42	18	9	2	0	20
43	18	9	2	0	20
44	18	16	2	2	20
45	18	16	2	2	21
46	18	15	2	2	20
47	18	15	2	2	21
48	18	15	2	2	22
49	26	15	4	2	22
50	26	14	4	2	21
51	26	14	4	2	21
52	26	14	4	2	21
53	26	14	4	2	22
54	26	14	4	2	20
55	26	14	4	2	20
56	34	13	6	2	20
57	34	13	6	2	20
58	34	13	6	2	19
59	34	13	6	2	19
60	42	13	8	2	20
61	42	13	8	2	20
62	42	13	8	2	19
63	42	13	8	2	19
64	42	13	8	2	19
65	42	14	8	2	20
66	42	22	8	4	20
67	42	22	8	4	20
68	42	22	8	4	20
69	42	23	8	4	19
70	42	23	8	4	19
71	42	23	8	4	19
72	50	23	10	4	19
73	50	24	10	4	19
74	50	24	10	4	19
75	50	24	10	4	19
76	50	32	10	6	18
77	50	32	10	6	18
78	58	32	12	6	18
79	58	32	12	6	18
80	58	32	12	6	17
81	58	32	12	6	17
82	58	40	12	8	17
83	58	40	12	8	17
84	58	40	12	8	17
85	58	40	12	8	18
86	58	40	12	8	17
87	58	40	12	8	17
88	58	39	12	8	16
89	58	47	12	10	17
90	66	46	14	10	18
91	66	46	14	10	18
92	66	46	14	10	19
93	66	46	14	10	19
94	66	46	14	10	18
95	66	46	14	10	18
96	66	46	14	10	17
97	66	46	14	10	17
98	66	54	14	12	16
99	66	54	14	12	17
100	66	54	14	12	17
101	74	53	16	12	17
102	74	53	16	12	19
103	74	53	16	12	19
104	74	53	16	12	19
105	74	53	16	12	18
106	74	53	16	12	17
107	74	61	16	14	17
108	74	61	16	14	17
109	74	61	16	14	17
110	82	60	18	14	17
111	82	60	18	14	17
112	82	60	18	14	17
113	82	60	18	14	17
114	82	67	18	16	18
115	82	67	18	16	18
116	82	67	18	16	19
117	82	67	18	16	19
118	82	67	18	16	18
119	82	67	18	16	18
120	82	75	18	18	19
121	82	75	18	18	19
122	90	75	20	18	19
123	90	75	20	18	19
124	90	75	20	18	19
125	90	76	20	18	18
126	90	75	20	18	19
127	90	76	20	18	19
128	90	76	20	18	19
129	90	76	20	18	19
130	90	76	20	18	19
131	90	77	20	18	18
132	90	77	20	18	18
133	90	77	20	18	18
134	90	77	20	18	18
135	98	78	22	18	17
136	98	78	22	18	17
137	99	79	22	18	17
138	99	79	22	18	17
139	99	79	22	18	17
140	99	79	22	18	16
141	99	87	22	20	16
142	107	87	24	20	17
143	107	87	24	20	17
144	107	87	24	20	17
145	107	88	24	20	17
146	107	88	24	20	17
147	107	88	24	20	17
148	107	88	24	20	16
149	107	88	24	20	16
150	107	96	24	22	16
151	107	96	24	22	17
152	116	96	26	22	17
153	116	96	26	22	17
154	116	96	26	22	17
155	116	96	26	22	17
156	116	96	26	22	16
157	116	104	26	24	17
158	116	104	26	24	16
159	116	104	26	24	16
160	116	103	26	24	16
161	116	103	26	24	16
162	124	103	28	24	17
163	124	103	28	24	17
164	125	103	28	24	17
165	125	103	28	24	17
166	125	103	28	24	17
167	125	103	28	24	16
168	125	103	28	24	15
169	125	111	28	26	16
170	125	111	28	26	16
171	125	111	28	26	16
172	125	110	28	26	16
173	125	110	28	26	15
174	125	110	28	26	16
175	125	110	28	26	16
176	126	117	28	28	16
177	126	117	28	28	16
178	134	117	30	28	16
179	134	117	30	28	16
180	134	117	30	28	17
181	134	117	30	28	17
182	134	117	30	28	17
183	134	117	30	28	17
184	134	117	30	28	17
185	134	117	30	28	15
186	134	117	30	28	15
187	134	125	30	30	15
188	135	125	30	30	15
189	143	125	32	30	15
190	143	125	32	30	15
191	143	125	32	30	16
192	143	125	32	30	16
193	143	125	32	30	16
194	143	125	32	30	16
195	143	125	32	30	17
196	143	125	32	30	17
197	143	125	32	30	17
198	143	125	32	30	17
199	143	126	32	30	16
200	144	126	32	30	16
201	144	134	32	32	16
202	144	134	32	32	16
203	152	134	34	32	17
204	152	134	34	32	17
205	152	134	34	32	16
206	152	134	34	32	16
207	152	134	34	32	16
208	152	142	34	34	17
209	152	142	34	34	17
210	152	142	34	34	17
211	152	142	34	34	17
212	153	142	34	34	16
213	153	150	34	36	17
214	153	150	34	36	17
215	161	150	36	36	17
216	161	150	36	36	17
217	161	150	36	36	17
218	161	151	36	36	17
219	161	151	36	36	17
220	161	151	36	36	17
221	161	151	36	36	17
222	161	152	36	36	17
223	161	152	36	36	16
224	162	152	36	36	16
225	162	152	36	36	16
226	162	152	36	36	16
227	162	152	36	36	16
228	162	152	36	36	16
229	162	152	36	36	16
230	162	160	36	38	16
231	162	160	36	38	16
232	162	160	36	38	16
233	162	160	36	38	16
234	162	160	36	38	16
235	170	160	38	38	16
236	171	160	38	38	17
237	171	160	38	38	17
238	171	160	38	38	17
239	171	160	38	38	17
240	171	160	38	38	17
241	171	161	38	38	16
242	171	165	38	39	16
243	171	165	38	39	16
244	171	165	38	39	16
245	171	165	38	39	16
246	171	165	38	39	16
247	171	164	38	39	16
248	180	164	40	39	17
249	180	164	40	39	17
250	180	164	40	39	17
251	180	164	40	39	17
252	180	164	40	39	17
253	180	164	40	39	17
254	180	164	40	39	17
255	180	164	40	39	17
256	180	164	40	39	16
257	180	164	40	39	16
258	180	164	40	39	16
259	180	168	40	40	16
260	180	168	40	40	16
261	180	167	40	40	16
262	180	167	40	40	16
263	180	167	40	40	17
264	188	167	42	40	17
265	188	167	42	40	17
266	189	167	42	40	16
267	189	175	42	42	16
268	189	175	42	42	17
269	189	175	42	42	17
270	189	175	42	42	17
271	189	175	42	42	16
272	189	179	42	43	16
273	189	179	42	43	17
274	189	179	42	43	17
275	189	179	42	43	17
276	189	179	42	43	16
277	189	179	42	43	16
278	190	179	42	43	16
279	190	179	42	43	17
280	198	179	44	43	17
281	198	179	44	43	17
282	198	179	44	43	17
283	198	179	44	43	17
284	198	180	44	43	17
285	198	180	44	43	16
286	198	180	44	43	16
287	198	188	44	45	16
288	206	188	46	45	16
289	206	188	46	45	16
290	206	187	46	45	16
291	206	187	46	45	17
292	206	187	46	45	17
293	207	187	46	45	17
294	207	187	46	45	17
295	207	187	46	45	17
296	207	187	46	45	17
297	207	188	46	45	17
298	207	188	46	45	15
299	207	188	46	45	15
300	207	188	46	45	15
