# gameId 895241719  WIN  scores [167.0, 163.0]
# mybuild 0:1.1.1.1,3:2.2.2.0  oppbuild 1:1.1.1.1,2:2.2.0.2  my_train t3  opp_train t2
# t  me  opp  mywood  oppwood  trees
1	28	28	0	0	12
2	28	17	0	0	12
3	13	16	0	0	12
4	13	16	0	0	12
5	13	16	0	0	13
6	13	16	0	0	13
7	13	15	0	0	13
8	13	15	0	0	13
9	13	15	0	0	13
10	15	15	0	0	14
11	15	15	0	0	14
12	15	15	0	0	13
13	15	14	0	0	13
14	15	14	0	0	13
15	15	14	0	0	13
16	17	14	0	0	14
17	17	14	0	0	14
18	17	14	0	0	14
19	17	13	0	0	14
20	17	13	0	0	15
21	17	12	0	0	14
22	17	12	0	0	14
23	17	12	0	0	15
24	17	12	0	0	16
25	17	11	0	0	16
26	17	11	0	0	16
27	17	11	0	0	16
28	17	11	0	0	16
29	17	10	0	0	16
30	17	10	0	0	16
31	17	10	0	0	16
32	17	10	0	0	17
33	19	10	0	0	17
34	18	10	0	0	17
35	18	10	0	0	16
36	18	11	0	0	17
37	18	11	0	0	17
38	18	11	0	0	17
39	22	11	1	0	17
40	22	11	1	0	17
41	22	11	1	0	17
42	22	12	1	0	17
43	22	12	1	0	17
44	22	12	1	0	17
45	22	12	1	0	17
46	22	13	1	0	16
47	26	13	2	0	16
48	26	13	2	0	16
49	26	13	2	0	16
50	26	14	2	0	16
51	26	14	2	0	16
52	26	14	2	0	16
53	26	14	2	0	16
54	27	15	2	0	17
55	27	15	2	0	17
56	27	15	2	0	17
57	27	15	2	0	16
58	27	16	2	0	16
59	27	16	2	0	17
60	27	16	2	0	17
61	27	16	2	0	17
62	27	17	2	0	18
63	27	17	2	0	18
64	27	17	2	0	18
65	27	17	2	0	18
66	28	18	2	0	18
67	28	18	2	0	17
68	30	19	2	0	17
69	29	19	2	0	17
70	30	19	2	0	17
71	30	19	2	0	18
72	31	20	2	0	18
73	31	20	2	0	18
74	32	21	2	0	18
75	32	21	2	0	18
76	35	21	2	0	18
77	35	21	2	0	17
78	39	22	3	0	17
79	39	22	3	0	17
80	39	22	3	0	17
81	39	22	3	0	18
82	38	23	3	0	18
83	38	23	3	0	18
84	38	24	3	0	19
85	38	24	3	0	18
86	38	24	3	0	18
87	42	24	4	0	18
88	42	25	4	0	19
89	42	25	4	0	18
90	42	26	4	0	19
91	42	26	4	0	19
92	42	26	4	0	19
93	42	26	4	0	19
94	42	27	4	0	18
95	46	27	5	0	18
96	46	27	5	0	18
97	48	27	5	0	18
98	47	28	5	0	18
99	48	28	5	0	19
100	48	29	5	0	19
101	48	29	5	0	18
102	48	29	5	0	19
103	48	29	5	0	19
104	48	30	5	0	18
105	52	30	6	0	18
106	54	31	6	0	18
107	54	31	6	0	18
108	54	31	6	0	18
109	54	31	6	0	18
110	56	32	6	0	18
111	56	32	6	0	18
112	56	32	6	0	17
113	56	32	6	0	18
114	56	33	6	0	18
115	57	33	6	0	18
116	57	34	6	0	18
117	58	34	6	0	19
118	58	34	6	0	19
119	59	34	6	0	19
120	59	35	6	0	19
121	62	35	6	0	19
122	62	36	6	0	19
123	62	36	6	0	18
124	66	36	7	0	18
125	68	36	7	0	18
126	67	37	7	0	18
127	67	37	7	0	18
128	67	37	7	0	19
129	67	37	7	0	19
130	67	38	7	0	19
131	67	38	7	0	19
132	69	39	7	0	19
133	69	39	7	0	18
134	73	39	8	0	17
135	73	39	8	0	18
136	73	40	8	0	18
137	73	40	8	0	18
138	74	41	8	0	18
139	74	41	8	0	18
140	76	41	8	0	18
141	75	41	8	0	18
142	75	42	8	0	19
143	75	42	8	0	19
144	76	42	8	0	19
145	76	42	8	0	18
146	76	43	8	0	18
147	76	43	8	0	17
148	80	44	9	0	18
149	80	44	9	0	18
150	80	44	9	0	18
151	80	44	9	0	18
152	83	45	9	0	18
153	83	45	9	0	18
154	83	46	9	0	18
155	83	46	9	0	18
156	86	46	9	0	17
157	85	46	9	0	17
158	85	47	9	0	17
159	85	47	9	0	18
160	86	47	9	0	18
161	86	47	9	0	18
162	86	48	9	0	18
163	88	48	9	0	18
164	89	49	9	0	18
165	89	49	9	0	18
166	90	49	9	0	18
167	92	49	9	0	17
168	96	50	10	0	17
169	96	50	10	0	17
170	96	51	10	0	17
171	96	51	10	0	17
172	97	51	10	0	17
173	97	51	10	0	17
174	97	52	10	0	18
175	97	52	10	0	18
176	98	52	10	0	18
177	98	52	10	0	18
178	100	53	10	0	17
179	100	53	10	0	17
180	103	54	11	0	17
181	103	54	11	0	17
182	103	54	11	0	18
183	103	54	11	0	18
184	104	55	11	0	18
185	104	55	11	0	18
186	107	56	11	0	18
187	107	56	11	0	18
188	107	56	11	0	17
189	111	56	12	0	17
190	113	57	12	0	17
191	113	57	12	0	17
192	113	57	12	0	17
193	114	57	12	0	17
194	116	58	12	0	17
195	115	58	12	0	17
196	115	59	12	0	17
197	115	59	12	0	18
198	115	59	12	0	18
199	116	59	12	0	17
200	116	60	12	0	18
201	116	60	12	0	18
202	116	61	12	0	18
203	116	61	12	0	18
204	118	61	12	0	18
205	118	61	12	0	18
206	118	62	12	0	18
207	118	62	12	0	18
208	121	62	12	0	18
209	121	62	12	0	18
210	122	63	12	0	17
211	122	63	12	0	18
212	123	64	12	0	18
213	123	64	12	0	18
214	124	64	12	0	18
215	124	64	12	0	18
216	125	64	12	0	18
217	125	72	12	2	18
218	126	72	12	2	18
219	126	72	12	2	18
220	127	73	12	2	18
221	127	73	12	2	18
222	128	74	12	2	17
223	128	73	12	2	17
224	129	73	12	2	17
225	129	81	12	4	18
226	130	81	12	4	18
227	130	81	12	4	18
228	131	81	12	4	18
229	131	81	12	4	17
230	132	81	12	4	17
231	132	89	12	6	17
232	133	89	12	6	17
233	133	89	12	6	17
234	134	89	12	6	18
235	134	89	12	6	17
236	135	89	12	6	17
237	135	97	12	8	17
238	136	97	12	8	17
239	136	97	12	8	17
240	137	97	12	8	17
241	137	97	12	8	16
242	138	97	12	8	16
243	138	105	12	10	16
244	139	105	12	10	17
245	139	105	12	10	17
246	140	105	12	10	17
247	140	105	12	10	16
248	141	113	12	12	16
249	141	113	12	12	17
250	142	113	12	12	17
251	142	113	12	12	17
252	143	113	12	12	17
253	143	113	12	12	17
254	144	113	12	12	16
255	144	113	12	12	17
256	145	121	12	14	17
257	145	121	12	14	17
258	146	121	12	14	17
259	146	121	12	14	17
260	147	121	12	14	18
261	147	121	12	14	17
262	148	121	12	14	17
263	148	129	12	16	17
264	149	129	12	16	17
265	149	129	12	16	17
266	150	129	12	16	17
267	150	129	12	16	17
268	151	129	12	16	17
269	151	137	12	18	17
270	152	137	12	18	17
271	152	137	12	18	17
272	153	137	12	18	17
273	153	137	12	18	17
274	154	137	12	18	17
275	154	137	12	18	18
276	155	137	12	18	18
277	155	137	12	18	17
278	156	137	12	18	17
279	156	145	12	20	17
280	157	145	12	20	17
281	157	145	12	20	18
282	158	145	12	20	18
283	158	145	12	20	18
284	159	145	12	20	18
285	159	145	12	20	17
286	160	153	12	22	17
287	160	153	12	22	17
288	161	153	12	22	18
289	161	153	12	22	18
290	162	153	12	22	18
291	162	153	12	22	18
292	163	154	12	22	18
293	163	154	12	22	18
294	164	154	12	22	18
295	164	154	12	22	17
296	165	155	12	22	17
297	165	155	12	22	17
298	166	163	12	24	17
299	166	163	12	24	17
300	167	163	12	24	17
