# gameId 895373212  LOSS  scores [25.0, 187.0]
# mybuild 0:1.1.1.1,2:1.1.1.0,4:1.1.1.0  oppbuild 1:1.1.1.1,3:2.2.0.2  my_train t11  opp_train t30
# t  me  opp  mywood  oppwood  trees
1	26	26	0	0	14
2	26	26	0	0	14
3	26	26	0	0	14
4	26	26	0	0	14
5	26	26	0	0	14
6	26	26	0	0	14
7	26	26	0	0	14
8	26	26	0	0	14
9	26	26	0	0	14
10	26	26	0	0	14
11	20	26	0	0	14
12	20	26	0	0	14
13	20	26	0	0	14
14	21	26	0	0	14
15	21	26	0	0	14
16	21	26	0	0	14
17	21	26	0	0	14
18	21	27	0	0	14
19	21	27	0	0	14
20	21	27	0	0	14
21	21	27	0	0	14
22	21	27	0	0	14
23	21	27	0	0	14
24	22	27	0	0	14
25	22	27	0	0	14
26	22	27	0	0	14
27	22	27	0	0	14
28	23	27	0	0	14
29	23	28	0	0	14
30	23	17	0	0	14
31	23	16	0	0	14
32	23	16	0	0	15
33	23	15	0	0	15
34	24	15	0	0	15
35	24	15	0	0	17
36	24	15	0	0	17
37	24	14	0	0	17
38	24	14	0	0	18
39	24	13	0	0	18
40	25	13	0	0	18
41	16	13	0	0	19
42	16	13	0	0	19
43	16	12	0	0	18
44	16	12	0	0	18
45	16	12	0	0	19
46	17	12	0	0	19
47	17	11	0	0	19
48	17	11	0	0	19
49	17	11	0	0	19
50	17	11	0	0	20
51	17	11	0	0	20
52	17	11	0	0	20
53	17	10	0	0	20
54	17	10	0	0	20
55	17	18	0	2	21
56	17	18	0	2	22
57	17	18	0	2	22
58	18	18	0	2	22
59	18	17	0	2	22
60	18	17	0	2	22
61	18	17	0	2	22
62	19	17	0	2	23
63	19	17	0	2	23
64	19	17	0	2	23
65	19	17	0	2	23
66	19	17	0	2	22
67	19	17	0	2	23
68	19	17	0	2	23
69	19	17	0	2	24
70	20	17	0	2	23
71	20	17	0	2	23
72	20	18	0	2	23
73	20	18	0	2	24
74	20	19	0	2	24
75	20	19	0	2	24
76	20	20	0	2	24
77	20	20	0	2	24
78	20	21	0	2	24
79	20	21	0	2	24
80	20	21	0	2	24
81	20	21	0	2	23
82	21	22	0	2	23
83	21	22	0	2	24
84	21	23	0	2	24
85	21	23	0	2	23
86	21	23	0	2	23
87	21	23	0	2	23
88	22	24	0	2	23
89	22	24	0	2	23
90	22	25	0	2	22
91	22	25	0	2	22
92	22	25	0	2	22
93	22	25	0	2	23
94	23	26	0	2	23
95	23	26	0	2	23
96	23	27	0	2	23
97	23	27	0	2	23
98	23	35	0	4	23
99	23	35	0	4	23
100	23	36	0	4	24
101	23	36	0	4	24
102	23	37	0	4	24
103	23	37	0	4	24
104	23	37	0	4	24
105	23	37	0	4	24
106	23	38	0	4	25
107	23	38	0	4	25
108	23	39	0	4	25
109	24	39	0	4	24
110	24	39	0	4	24
111	24	39	0	4	24
112	24	40	0	4	24
113	24	40	0	4	23
114	24	41	0	4	24
115	24	41	0	4	24
116	24	41	0	4	23
117	24	41	0	4	24
118	24	42	0	4	24
119	24	42	0	4	24
120	24	43	0	4	24
121	24	43	0	4	24
122	24	43	0	4	24
123	24	43	0	4	24
124	25	44	0	4	24
125	25	44	0	4	23
126	25	45	0	4	23
127	25	45	0	4	23
128	25	45	0	4	23
129	25	45	0	4	22
130	25	46	0	4	22
131	25	46	0	4	22
132	26	47	0	4	22
133	26	47	0	4	22
134	26	47	0	4	22
135	26	47	0	4	22
136	26	48	0	4	22
137	26	48	0	4	22
138	26	57	0	6	22
139	26	57	0	6	22
140	27	57	0	6	22
141	26	57	0	6	22
142	26	58	0	6	22
143	26	58	0	6	23
144	26	59	0	6	23
145	25	59	0	6	23
146	25	59	0	6	24
147	24	59	0	6	23
148	24	60	0	6	23
149	25	60	0	6	23
150	24	61	0	6	22
151	24	61	0	6	24
152	24	61	0	6	24
153	23	61	0	6	24
154	23	62	0	6	25
155	23	62	0	6	25
156	22	63	0	6	25
157	22	63	0	6	26
158	22	63	0	6	27
159	21	63	0	6	27
160	21	64	0	6	27
161	21	64	0	6	28
162	20	65	0	6	28
163	20	65	0	6	28
164	19	65	0	6	29
165	19	65	0	6	28
166	19	66	0	6	28
167	19	66	0	6	28
168	19	67	0	6	29
169	19	67	0	6	29
170	19	67	0	6	28
171	20	67	0	6	28
172	20	68	0	6	28
173	20	68	0	6	28
174	20	69	0	6	27
175	20	69	0	6	27
176	20	69	0	6	27
177	20	69	0	6	27
178	20	70	0	6	28
179	20	70	0	6	27
180	20	71	0	6	27
181	20	71	0	6	27
182	20	71	0	6	27
183	20	71	0	6	26
184	20	72	0	6	26
185	20	72	0	6	27
186	20	73	0	6	27
187	20	73	0	6	26
188	20	73	0	6	26
189	20	73	0	6	26
190	20	74	0	6	27
191	20	74	0	6	27
192	20	75	0	6	27
193	20	75	0	6	27
194	21	75	0	6	27
195	21	75	0	6	27
196	21	76	0	6	27
197	21	76	0	6	26
198	21	77	0	6	26
199	21	77	0	6	27
200	21	77	0	6	27
201	21	77	0	6	26
202	21	78	0	6	27
203	21	78	0	6	27
204	21	79	0	6	28
205	21	79	0	6	27
206	21	79	0	6	27
207	21	79	0	6	27
208	21	80	0	6	27
209	21	80	0	6	26
210	21	81	0	6	26
211	21	81	0	6	26
212	21	81	0	6	27
213	21	81	0	6	26
214	21	82	0	6	26
215	21	82	0	6	26
216	21	83	0	6	26
217	21	83	0	6	26
218	21	83	0	6	25
219	22	83	0	6	25
220	22	84	0	6	26
221	22	84	0	6	26
222	22	85	0	6	25
223	22	85	0	6	25
224	22	85	0	6	25
225	22	85	0	6	25
226	22	86	0	6	25
227	22	86	0	6	25
228	22	87	0	6	25
229	22	87	0	6	25
230	22	87	0	6	26
231	22	87	0	6	26
232	22	88	0	6	26
233	22	88	0	6	26
234	22	89	0	6	26
235	22	97	0	8	27
236	22	97	0	8	27
237	23	97	0	8	27
238	23	98	0	8	26
239	23	106	0	10	26
240	23	106	0	10	26
241	23	106	0	10	26
242	23	106	0	10	26
243	23	106	0	10	26
244	23	106	0	10	27
245	23	114	0	12	27
246	23	114	0	12	27
247	23	114	0	12	27
248	23	114	0	12	26
249	23	122	0	14	26
250	23	122	0	14	26
251	23	122	0	14	26
252	23	122	0	14	27
253	23	121	0	14	26
254	23	121	0	14	26
255	23	129	0	16	26
256	23	129	0	16	26
257	23	129	0	16	26
258	23	129	0	16	27
259	23	129	0	16	27
260	23	128	0	16	26
261	23	128	0	16	26
262	23	136	0	18	26
263	23	136	0	18	27
264	23	136	0	18	26
265	23	144	0	20	26
266	23	144	0	20	26
267	23	144	0	20	27
268	23	143	0	20	27
269	23	143	0	20	26
270	23	143	0	20	27
271	23	151	0	22	27
272	23	151	0	22	27
273	23	151	0	22	27
274	23	150	0	22	27
275	23	150	0	22	26
276	23	150	0	22	27
277	23	158	0	24	27
278	23	158	0	24	27
279	23	158	0	24	27
280	23	157	0	24	26
281	23	157	0	24	26
282	23	165	0	26	26
283	23	165	0	26	26
284	23	165	0	26	26
285	23	165	0	26	25
286	23	173	0	28	25
287	23	173	0	28	25
288	23	173	0	28	26
289	23	172	0	28	26
290	23	172	0	28	26
291	23	172	0	28	26
292	23	172	0	28	26
293	23	180	0	30	26
294	23	180	0	30	26
295	23	180	0	30	26
296	23	180	0	30	26
297	23	180	0	30	25
298	23	188	0	32	25
299	23	188	0	32	25
300	25	188	0	32	25
