# gameId 895227365  LOSS  scores [219.0, 284.0]
# mybuild 0:1.1.1.1,3:2.2.0.2  oppbuild 1:1.1.1.1,2:2.2.0.2  my_train t3  opp_train t2
# t  me  opp  mywood  oppwood  trees
1	33	33	0	0	14
2	33	22	0	0	14
3	21	21	0	0	14
4	21	21	0	0	15
5	20	21	0	0	16
6	20	21	0	0	16
7	20	20	0	0	17
8	20	20	0	0	17
9	19	20	0	0	16
10	19	20	0	0	17
11	27	20	2	0	17
12	27	20	2	0	18
13	27	20	2	0	18
14	27	20	2	0	18
15	26	20	2	0	18
16	26	20	2	0	18
17	26	19	2	0	18
18	26	19	2	0	18
19	26	19	2	0	19
20	26	19	2	0	18
21	25	19	2	0	18
22	33	19	4	0	18
23	33	19	4	0	18
24	33	19	4	0	18
25	33	19	4	0	19
26	33	19	4	0	18
27	33	19	4	0	18
28	41	19	6	0	18
29	41	19	6	0	18
30	41	19	6	0	18
31	40	19	6	0	17
32	40	19	6	0	17
33	40	19	6	0	18
34	40	19	6	0	19
35	39	18	6	0	18
36	39	18	6	0	18
37	39	18	6	0	19
38	39	18	6	0	20
39	39	26	6	2	20
40	39	26	6	2	20
41	39	26	6	2	20
42	39	26	6	2	19
43	39	26	6	2	19
44	39	27	6	2	19
45	39	27	6	2	18
46	39	27	6	2	18
47	47	27	8	2	18
48	47	27	8	2	18
49	47	27	8	2	17
50	47	28	8	2	17
51	47	28	8	2	18
52	47	28	8	2	18
53	47	28	8	2	18
54	47	36	8	4	18
55	47	36	8	4	17
56	47	37	8	4	17
57	47	37	8	4	17
58	47	37	8	4	17
59	47	37	8	4	16
60	47	37	8	4	16
61	55	37	10	4	16
62	55	38	10	4	16
63	55	46	10	6	17
64	55	46	10	6	17
65	55	46	10	6	17
66	55	47	10	6	17
67	55	47	10	6	17
68	55	47	10	6	16
69	55	47	10	6	16
70	55	47	10	6	16
71	55	47	10	6	15
72	55	56	10	8	15
73	55	56	10	8	15
74	55	56	10	8	15
75	63	56	12	8	16
76	63	56	12	8	15
77	63	56	12	8	15
78	63	64	12	10	15
79	63	64	12	10	15
80	63	64	12	10	15
81	63	63	12	10	15
82	63	63	12	10	16
83	63	63	12	10	16
84	63	63	12	10	16
85	63	63	12	10	15
86	63	63	12	10	15
87	63	63	12	10	16
88	63	64	12	10	16
89	63	72	12	12	15
90	63	72	12	12	15
91	63	72	12	12	15
92	63	72	12	12	15
93	63	72	12	12	15
94	71	73	14	12	14
95	71	73	14	12	14
96	71	73	14	12	14
97	71	73	14	12	14
98	71	81	14	14	14
99	71	81	14	14	15
100	71	82	14	14	15
101	71	82	14	14	15
102	71	82	14	14	15
103	71	82	14	14	15
104	71	82	14	14	14
105	71	82	14	14	14
106	71	83	14	14	14
107	71	83	14	14	14
108	71	92	14	16	14
109	71	92	14	16	14
110	71	92	14	16	13
111	71	92	14	16	14
112	71	92	14	16	14
113	71	92	14	16	13
114	71	92	14	16	13
115	71	92	14	16	14
116	71	100	14	18	14
117	79	100	16	18	14
118	79	100	16	18	14
119	79	100	16	18	14
120	79	101	16	18	13
121	79	101	16	18	13
122	87	102	18	18	13
123	87	102	18	18	13
124	87	111	18	20	13
125	87	111	18	20	13
126	87	112	18	20	14
127	87	112	18	20	13
128	87	120	18	22	13
129	87	119	18	22	12
130	87	119	18	22	12
131	87	119	18	22	12
132	87	119	18	22	13
133	87	118	18	22	12
134	95	118	20	22	12
135	95	118	20	22	12
136	95	118	20	22	12
137	95	126	20	24	13
138	95	126	20	24	13
139	95	126	20	24	13
140	95	126	20	24	13
141	95	126	20	24	12
142	95	134	20	26	11
143	95	134	20	26	11
144	95	134	20	26	12
145	95	134	20	26	12
146	95	134	20	26	12
147	103	142	22	28	12
148	103	142	22	28	12
149	103	142	22	28	12
150	103	142	22	28	12
151	103	142	22	28	12
152	103	142	22	28	12
153	111	142	24	28	12
154	111	142	24	28	12
155	111	142	24	28	12
156	111	143	24	28	12
157	111	143	24	28	12
158	111	143	24	28	12
159	111	143	24	28	12
160	111	144	24	28	11
161	111	144	24	28	11
162	111	144	24	28	12
163	111	144	24	28	11
164	111	152	24	30	11
165	111	152	24	30	12
166	111	152	24	30	12
167	119	152	26	30	12
168	119	152	26	30	12
169	119	152	26	30	11
170	119	153	26	30	11
171	119	153	26	30	11
172	119	153	26	30	11
173	119	161	26	32	11
174	119	162	26	32	11
175	119	162	26	32	11
176	119	162	26	32	10
177	119	162	26	32	10
178	119	162	26	32	10
179	119	162	26	32	11
180	119	162	26	32	12
181	119	162	26	32	11
182	127	162	28	32	11
183	127	170	28	34	11
184	127	170	28	34	11
185	127	170	28	34	10
186	127	170	28	34	10
187	135	170	30	34	11
188	135	170	30	34	11
189	135	170	30	34	11
190	135	170	30	34	11
191	135	170	30	34	11
192	135	171	30	34	10
193	135	171	30	34	10
194	135	175	30	35	10
195	135	175	30	35	10
196	135	175	30	35	10
197	135	175	30	35	9
198	135	175	30	35	11
199	135	175	30	35	11
200	135	175	30	35	11
201	135	175	30	35	10
202	135	175	30	35	10
203	143	183	32	37	11
204	143	183	32	37	11
205	143	183	32	37	11
206	143	182	32	37	10
207	143	182	32	37	11
208	151	182	34	37	11
209	151	182	34	37	11
210	151	182	34	37	11
211	151	182	34	37	11
212	151	182	34	37	11
213	151	183	34	37	10
214	151	182	34	37	10
215	151	186	34	38	10
216	151	186	34	38	12
217	151	186	34	38	11
218	151	186	34	38	11
219	151	186	34	38	11
220	151	186	34	38	11
221	151	186	34	38	11
222	151	193	34	40	11
223	159	193	36	40	11
224	159	193	36	40	12
225	159	193	36	40	12
226	159	193	36	40	12
227	159	193	36	40	11
228	159	193	36	40	11
229	167	193	38	40	10
230	167	193	38	40	10
231	167	201	38	42	10
232	167	201	38	42	10
233	167	200	38	42	10
234	167	200	38	42	10
235	167	200	38	42	10
236	167	204	38	43	11
237	167	204	38	43	11
238	167	204	38	43	10
239	167	204	38	43	10
240	167	212	38	45	10
241	167	212	38	45	10
242	167	212	38	45	10
243	167	212	38	45	9
244	175	220	40	47	9
245	175	220	40	47	9
246	175	219	40	47	9
247	175	219	40	47	9
248	175	219	40	47	8
249	175	227	40	49	8
250	183	227	42	49	8
251	183	227	42	49	8
252	183	226	42	49	8
253	183	226	42	49	8
254	183	226	42	49	9
255	183	226	42	49	9
256	183	226	42	49	9
257	183	234	42	51	8
258	183	234	42	51	8
259	183	234	42	51	8
260	183	233	42	51	8
261	183	233	42	51	8
262	183	233	42	51	8
263	191	241	44	53	8
264	191	241	44	53	8
265	191	241	44	53	8
266	191	240	44	53	8
267	191	240	44	53	6
268	191	240	44	53	7
269	199	248	46	55	7
270	199	248	46	55	7
271	199	248	46	55	7
272	199	247	46	55	7
273	199	247	46	55	7
274	199	247	46	55	7
275	199	247	46	55	7
276	199	255	46	57	8
277	199	255	46	57	8
278	199	254	46	57	8
279	199	254	46	57	6
280	199	254	46	57	7
281	203	262	47	59	7
282	203	261	47	59	7
283	203	261	47	59	7
284	211	261	49	59	7
285	211	261	49	59	8
286	211	261	49	59	8
287	211	261	49	59	8
288	211	260	49	59	7
289	211	260	49	59	7
290	211	268	49	61	7
291	211	268	49	61	7
292	211	268	49	61	8
293	211	268	49	61	8
294	211	268	49	61	7
295	211	276	49	63	7
296	211	276	49	63	7
297	211	276	49	63	6
298	211	276	49	63	6
299	219	284	51	65	7
300	219	284	51	65	7
