# gameId 895337204  LOSS  scores [141.0, 152.0]
# mybuild 0:1.1.1.1,3:2.2.0.2  oppbuild 1:1.1.1.1,2:2.2.0.2  my_train t73  opp_train t69
# t  me  opp  mywood  oppwood  trees
1	20	20	0	0	16
2	20	20	0	0	16
3	20	20	0	0	16
4	20	20	0	0	16
5	20	20	0	0	16
6	20	20	0	0	16
7	20	20	0	0	16
8	20	20	0	0	16
9	20	20	0	0	16
10	20	20	0	0	16
11	20	20	0	0	16
12	20	20	0	0	16
13	20	20	0	0	16
14	20	20	0	0	16
15	20	20	0	0	16
16	20	21	0	0	16
17	20	21	0	0	16
18	20	21	0	0	16
19	20	21	0	0	16
20	21	21	0	0	16
21	21	21	0	0	16
22	21	21	0	0	16
23	21	21	0	0	16
24	21	21	0	0	16
25	21	21	0	0	16
26	21	21	0	0	16
27	21	21	0	0	16
28	21	21	0	0	16
29	21	21	0	0	16
30	21	22	0	0	16
31	21	22	0	0	16
32	22	22	0	0	16
33	22	22	0	0	16
34	22	22	0	0	16
35	22	22	0	0	16
36	22	22	0	0	16
37	22	22	0	0	16
38	22	22	0	0	16
39	22	22	0	0	16
40	22	22	0	0	16
41	22	22	0	0	16
42	22	22	0	0	16
43	22	22	0	0	16
44	23	23	0	0	16
45	23	23	0	0	16
46	23	23	0	0	16
47	23	23	0	0	16
48	23	23	0	0	16
49	23	23	0	0	16
50	23	23	0	0	16
51	23	23	0	0	16
52	23	23	0	0	16
53	23	23	0	0	16
54	23	23	0	0	16
55	23	23	0	0	16
56	23	24	0	0	16
57	23	24	0	0	16
58	24	24	0	0	16
59	24	24	0	0	16
60	24	24	0	0	16
61	24	24	0	0	16
62	24	24	0	0	16
63	24	24	0	0	16
64	24	24	0	0	16
65	24	24	0	0	16
66	24	24	0	0	16
67	24	24	0	0	16
68	24	25	0	0	16
69	24	14	0	0	16
70	24	13	0	0	16
71	24	13	0	0	17
72	25	12	0	0	17
73	13	12	0	0	17
74	13	12	0	0	18
75	13	12	0	0	19
76	13	11	0	0	19
77	12	11	0	0	19
78	12	11	0	0	19
79	12	11	0	0	20
80	12	11	0	0	20
81	11	11	0	0	20
82	11	10	0	0	21
83	10	10	0	0	20
84	11	10	0	0	20
85	10	10	0	0	20
86	11	10	0	0	21
87	10	10	0	0	21
88	11	10	0	0	21
89	10	10	0	0	20
90	10	9	0	0	20
91	18	9	2	0	21
92	18	9	2	0	22
93	17	9	2	0	21
94	17	8	2	0	21
95	17	8	2	0	22
96	17	8	2	0	22
97	16	8	2	0	22
98	16	8	2	0	23
99	15	8	2	0	21
100	15	8	2	0	21
101	15	8	2	0	22
102	15	8	2	0	22
103	14	8	2	0	22
104	14	8	2	0	22
105	22	8	4	0	23
106	22	16	4	2	23
107	22	16	4	2	23
108	22	16	4	2	22
109	22	16	4	2	22
110	22	16	4	2	22
111	22	16	4	2	22
112	22	16	4	2	23
113	22	16	4	2	23
114	22	16	4	2	21
115	22	16	4	2	21
116	22	16	4	2	22
117	22	16	4	2	22
118	30	16	6	2	21
119	30	16	6	2	21
120	30	16	6	2	21
121	30	16	6	2	22
122	30	16	6	2	23
123	30	24	6	4	23
124	30	24	6	4	22
125	30	24	6	4	22
126	30	24	6	4	22
127	30	24	6	4	22
128	38	24	8	4	21
129	38	24	8	4	22
130	38	24	8	4	22
131	38	24	8	4	22
132	38	32	8	6	22
133	38	32	8	6	22
134	38	32	8	6	21
135	38	32	8	6	22
136	38	40	8	8	22
137	38	40	8	8	22
138	46	40	10	8	22
139	46	40	10	8	22
140	46	40	10	8	23
141	46	40	10	8	22
142	46	40	10	8	22
143	46	40	10	8	22
144	46	40	10	8	21
145	46	48	10	10	21
146	46	48	10	10	22
147	46	48	10	10	22
148	54	48	12	10	21
149	54	48	12	10	21
150	54	56	12	12	21
151	54	56	12	12	21
152	54	56	12	12	21
153	54	56	12	12	19
154	54	64	12	14	19
155	54	64	12	14	19
156	54	64	12	14	19
157	62	63	14	14	19
158	62	63	14	14	19
159	62	63	14	14	19
160	62	71	14	16	20
161	62	71	14	16	20
162	62	71	14	16	20
163	62	70	14	16	19
164	62	70	14	16	20
165	62	69	14	16	19
166	62	69	14	16	19
167	62	69	14	16	19
168	62	69	14	16	19
169	62	77	14	18	19
170	62	77	14	18	19
171	62	77	14	18	19
172	62	77	14	18	19
173	70	77	16	18	18
174	70	85	16	20	19
175	70	85	16	20	19
176	70	85	16	20	19
177	70	85	16	20	19
178	70	85	16	20	20
179	70	85	16	20	19
180	70	85	16	20	18
181	70	85	16	20	18
182	70	85	16	20	18
183	70	93	16	22	18
184	70	93	16	22	18
185	78	93	18	22	19
186	78	92	18	22	19
187	78	92	18	22	19
188	78	92	18	22	21
189	78	92	18	22	21
190	78	91	18	22	21
191	78	91	18	22	21
192	78	91	18	22	20
193	78	91	18	22	21
194	78	91	18	22	20
195	78	91	18	22	20
196	78	99	18	24	20
197	86	99	20	24	20
198	86	99	20	24	20
199	86	99	20	24	21
200	86	99	20	24	21
201	86	99	20	24	21
202	86	99	20	24	20
203	86	99	20	24	20
204	86	99	20	24	20
205	86	99	20	24	20
206	86	107	20	26	20
207	87	107	20	26	20
208	87	107	20	26	20
209	95	106	22	26	20
210	95	106	22	26	20
211	95	106	22	26	19
212	95	106	22	26	19
213	95	106	22	26	20
214	95	114	22	28	20
215	95	114	22	28	20
216	95	114	22	28	20
217	95	114	22	28	21
218	95	114	22	28	21
219	95	114	22	28	21
220	95	114	22	28	20
221	95	114	22	28	20
222	96	114	22	28	20
223	96	114	22	28	20
224	104	114	24	28	20
225	104	114	24	28	20
226	104	114	24	28	19
227	104	114	24	28	19
228	104	122	24	30	19
229	104	122	24	30	19
230	104	122	24	30	19
231	104	122	24	30	19
232	104	122	24	30	18
233	104	122	24	30	18
234	104	122	24	30	18
235	104	122	24	30	19
236	104	122	24	30	19
237	105	122	24	30	19
238	105	122	24	30	19
239	105	122	24	30	19
240	105	122	24	30	18
241	105	122	24	30	18
242	105	122	24	30	18
243	105	122	24	30	18
244	105	122	24	30	17
245	105	122	24	30	17
246	113	130	26	32	17
247	113	130	26	32	17
248	113	130	26	32	17
249	113	130	26	32	17
250	113	130	26	32	17
251	114	130	26	32	17
252	114	130	26	32	17
253	114	130	26	32	17
254	114	130	26	32	17
255	114	130	26	32	16
256	114	130	26	32	15
257	114	138	26	34	15
258	114	138	26	34	15
259	114	138	26	34	16
260	114	137	26	34	16
261	114	137	26	34	16
262	122	137	28	34	17
263	122	137	28	34	17
264	122	136	28	34	17
265	122	136	28	34	17
266	122	136	28	34	17
267	123	136	28	34	18
268	123	136	28	34	17
269	123	136	28	34	17
270	123	144	28	36	17
271	123	144	28	36	16
272	123	144	28	36	17
273	123	144	28	36	17
274	123	144	28	36	17
275	131	144	30	36	17
276	131	144	30	36	17
277	131	144	30	36	17
278	131	144	30	36	17
279	131	144	30	36	17
280	131	144	30	36	17
281	131	144	30	36	17
282	131	144	30	36	17
283	132	144	30	36	16
284	132	144	30	36	17
285	132	144	30	36	17
286	132	144	30	36	16
287	132	144	30	36	16
288	132	144	30	36	16
289	132	144	30	36	16
290	140	144	32	36	17
291	140	144	32	36	17
292	140	144	32	36	17
293	140	144	32	36	16
294	140	144	32	36	16
295	140	144	32	36	16
296	140	152	32	38	17
297	140	152	32	38	17
298	140	152	32	38	17
299	141	152	32	38	17
300	141	152	32	38	17
