# gameId 895394576  LOSS  scores [181.0, 229.0]
# mybuild 0:1.1.1.1,2:2.2.0.2  oppbuild 1:1.1.1.1,3:2.2.0.2  my_train t15  opp_train t15
# t  me  opp  mywood  oppwood  trees
1	29	29	0	0	16
2	29	29	0	0	16
3	29	29	0	0	16
4	29	29	0	0	16
5	29	29	0	0	16
6	29	29	0	0	16
7	29	29	0	0	16
8	30	30	0	0	16
9	30	30	0	0	16
10	30	30	0	0	16
11	30	30	0	0	16
12	30	30	0	0	16
13	30	30	0	0	16
14	31	31	0	0	16
15	19	20	0	0	16
16	19	19	0	0	17
17	18	19	0	0	18
18	18	18	0	0	18
19	18	18	0	0	19
20	18	18	0	0	19
21	17	18	0	0	19
22	17	17	0	0	19
23	25	17	2	0	19
24	25	17	2	0	20
25	24	17	2	0	21
26	24	17	2	0	21
27	24	17	2	0	22
28	24	16	2	0	22
29	23	16	2	0	21
30	23	16	2	0	22
31	22	16	2	0	21
32	22	16	2	0	22
33	22	16	2	0	22
34	30	16	4	0	22
35	30	16	4	0	22
36	30	15	4	0	22
37	30	15	4	0	20
38	29	15	4	0	20
39	29	15	4	0	21
40	37	15	6	0	22
41	37	15	6	0	22
42	36	15	6	0	21
43	36	16	6	0	21
44	36	16	6	0	21
45	36	17	6	0	22
46	36	17	6	0	22
47	36	17	6	0	22
48	36	17	6	0	22
49	36	18	6	0	22
50	36	18	6	0	22
51	36	19	6	0	22
52	36	19	6	0	22
53	36	19	6	0	20
54	36	19	6	0	20
55	44	20	8	0	20
56	44	20	8	0	20
57	44	21	8	0	20
58	44	21	8	0	19
59	44	21	8	0	18
60	52	21	10	0	18
61	53	22	10	0	17
62	53	22	10	0	17
63	53	23	10	0	16
64	53	23	10	0	16
65	60	23	12	0	16
66	60	23	12	0	17
67	60	24	12	0	17
68	60	24	12	0	17
69	60	33	12	2	17
70	60	33	12	2	17
71	60	33	12	2	17
72	60	33	12	2	16
73	60	34	12	2	16
74	60	34	12	2	16
75	60	35	12	2	16
76	60	35	12	2	15
77	68	35	14	2	15
78	68	35	14	2	15
79	68	36	14	2	15
80	68	36	14	2	15
81	68	37	14	2	15
82	69	45	14	4	15
83	68	45	14	4	15
84	68	45	14	4	16
85	68	46	14	4	16
86	68	46	14	4	15
87	68	46	14	4	15
88	68	46	14	4	15
89	68	46	14	4	16
90	68	46	14	4	15
91	68	46	14	4	15
92	68	46	14	4	15
93	76	47	16	4	15
94	76	47	16	4	15
95	76	48	16	4	15
96	76	48	16	4	15
97	76	49	16	4	15
98	76	49	16	4	15
99	76	49	16	4	15
100	76	49	16	4	14
101	76	50	16	4	13
102	76	50	16	4	13
103	76	50	16	4	13
104	76	50	16	4	13
105	76	50	16	4	14
106	76	50	16	4	14
107	76	58	16	6	14
108	85	58	18	6	14
109	85	59	18	6	14
110	85	59	18	6	14
111	85	60	18	6	14
112	85	60	18	6	14
113	85	60	18	6	14
114	85	60	18	6	14
115	85	61	18	6	13
116	85	61	18	6	12
117	85	61	18	6	12
118	85	69	18	8	12
119	85	69	18	8	13
120	85	69	18	8	13
121	85	69	18	8	13
122	85	69	18	8	13
123	93	69	20	8	13
124	93	69	20	8	13
125	93	69	20	8	13
126	93	69	20	8	13
127	93	69	20	8	13
128	93	69	20	8	13
129	93	69	20	8	13
130	93	69	20	8	12
131	93	69	20	8	11
132	94	77	20	10	11
133	94	77	20	10	11
134	94	77	20	10	11
135	94	77	20	10	10
136	94	85	20	12	10
137	94	85	20	12	10
138	102	85	22	12	10
139	102	84	22	12	10
140	102	84	22	12	10
141	102	84	22	12	10
142	102	92	22	14	10
143	102	92	22	14	10
144	102	92	22	14	10
145	102	91	22	14	10
146	102	91	22	14	10
147	102	91	22	14	10
148	102	91	22	14	10
149	102	90	22	14	9
150	102	90	22	14	9
151	102	98	22	16	9
152	102	98	22	16	10
153	102	98	22	16	10
154	110	98	24	16	9
155	110	106	24	18	9
156	111	106	24	18	9
157	111	105	24	18	9
158	111	105	24	18	9
159	111	105	24	18	9
160	111	113	24	20	9
161	111	113	24	20	9
162	111	113	24	20	8
163	111	112	24	20	8
164	111	112	24	20	8
165	111	112	24	20	8
166	111	120	24	22	7
167	111	120	24	22	7
168	111	120	24	22	7
169	111	119	24	22	7
170	111	119	24	22	7
171	111	119	24	22	8
172	111	119	24	22	8
173	111	118	24	22	8
174	119	118	26	22	8
175	119	118	26	22	8
176	119	118	26	22	9
177	119	118	26	22	9
178	119	118	26	22	8
179	119	117	26	22	8
180	120	125	26	24	8
181	120	125	26	24	8
182	120	125	26	24	9
183	120	125	26	24	8
184	120	125	26	24	8
185	120	124	26	24	7
186	120	124	26	24	8
187	120	123	26	24	8
188	120	131	26	26	8
189	120	131	26	26	9
190	128	131	28	26	9
191	128	130	28	26	9
192	128	130	28	26	9
193	128	130	28	26	9
194	128	130	28	26	10
195	128	130	28	26	10
196	128	130	28	26	10
197	128	129	28	26	10
198	128	129	28	26	8
199	128	129	28	26	8
200	128	129	28	26	8
201	128	129	28	26	9
202	128	129	28	26	9
203	128	137	28	28	9
204	129	137	28	28	9
205	129	137	28	28	9
206	137	137	30	28	9
207	137	137	30	28	10
208	137	137	30	28	9
209	137	137	30	28	9
210	137	145	30	30	9
211	137	145	30	30	9
212	137	145	30	30	9
213	137	145	30	30	8
214	137	153	30	32	7
215	137	153	30	32	7
216	137	153	30	32	8
217	137	152	30	32	8
218	137	152	30	32	7
219	137	152	30	32	8
220	137	160	30	34	8
221	145	160	32	34	8
222	145	160	32	34	8
223	145	159	32	34	8
224	145	159	32	34	8
225	145	159	32	34	8
226	145	159	32	34	8
227	145	159	32	34	8
228	146	167	32	36	8
229	146	167	32	36	7
230	146	167	32	36	7
231	146	167	32	36	7
232	146	167	32	36	7
233	146	167	32	36	6
234	146	175	32	38	6
235	146	175	32	38	6
236	154	174	34	38	6
237	154	174	34	38	6
238	154	174	34	38	6
239	154	182	34	40	6
240	154	182	34	40	6
241	154	182	34	40	6
242	154	181	34	40	6
243	154	181	34	40	5
244	154	181	34	40	5
245	154	189	34	42	5
246	154	189	34	42	5
247	154	189	34	42	5
248	154	188	34	42	5
249	154	188	34	42	5
250	154	188	34	42	5
251	162	196	36	44	5
252	163	196	36	44	5
253	163	195	36	44	5
254	163	195	36	44	4
255	163	195	36	44	4
256	163	203	36	46	5
257	163	203	36	46	5
258	163	203	36	46	5
259	163	202	36	46	5
260	163	202	36	46	5
261	163	202	36	46	4
262	163	206	36	47	5
263	163	206	36	47	5
264	163	206	36	47	5
265	163	205	36	47	5
266	163	205	36	47	5
267	163	204	36	47	5
268	163	204	36	47	4
269	163	204	36	47	4
270	163	204	36	47	4
271	163	212	36	49	5
272	163	212	36	49	5
273	163	212	36	49	5
274	171	211	38	49	5
275	171	211	38	49	5
276	172	211	38	49	4
277	172	211	38	49	5
278	172	219	38	51	5
279	172	219	38	51	5
280	172	219	38	51	5
281	172	219	38	51	4
282	172	223	38	52	4
283	172	223	38	52	4
284	172	222	38	52	4
285	172	222	38	52	5
286	172	221	38	52	4
287	172	221	38	52	4
288	172	221	38	52	4
289	172	221	38	52	4
290	172	221	38	52	4
291	172	221	38	52	4
292	172	221	38	52	4
293	172	221	38	52	4
294	180	221	40	52	4
295	180	221	40	52	4
296	180	221	40	52	3
297	180	221	40	52	3
298	180	229	40	54	4
299	180	229	40	54	4
300	181	229	40	54	4
