# gameId 895241249  LOSS  scores [127.0, 196.0]
# mybuild 0:1.1.1.1,3:2.2.0.2  oppbuild 1:1.1.1.1,2:2.2.0.2  my_train t81  opp_train t68
# t  me  opp  mywood  oppwood  trees
1	21	21	0	0	24
2	21	21	0	0	24
3	21	21	0	0	24
4	21	21	0	0	24
5	21	21	0	0	24
6	21	21	0	0	24
7	21	21	0	0	24
8	21	21	0	0	24
9	21	21	0	0	24
10	21	21	0	0	24
11	21	21	0	0	24
12	21	21	0	0	24
13	21	21	0	0	24
14	21	21	0	0	24
15	21	21	0	0	24
16	21	21	0	0	24
17	21	21	0	0	24
18	21	21	0	0	24
19	21	21	0	0	24
20	21	21	0	0	24
21	21	21	0	0	24
22	22	21	0	0	24
23	22	21	0	0	24
24	22	21	0	0	24
25	22	21	0	0	24
26	22	21	0	0	24
27	22	21	0	0	24
28	22	21	0	0	24
29	22	21	0	0	24
30	22	21	0	0	24
31	22	21	0	0	24
32	22	21	0	0	24
33	22	21	0	0	24
34	22	21	0	0	24
35	22	21	0	0	24
36	22	21	0	0	24
37	22	22	0	0	24
38	22	22	0	0	24
39	22	22	0	0	24
40	22	22	0	0	24
41	22	22	0	0	24
42	23	22	0	0	24
43	23	22	0	0	24
44	23	22	0	0	24
45	23	23	0	0	24
46	23	23	0	0	24
47	23	23	0	0	24
48	24	23	0	0	24
49	24	23	0	0	24
50	24	23	0	0	24
51	24	23	0	0	24
52	24	23	0	0	24
53	24	24	0	0	24
54	25	24	0	0	24
55	25	24	0	0	24
56	25	24	0	0	24
57	25	24	0	0	24
58	25	24	0	0	24
59	25	24	0	0	24
60	25	24	0	0	24
61	25	25	0	0	24
62	26	25	0	0	24
63	26	25	0	0	24
64	26	25	0	0	24
65	26	25	0	0	24
66	26	25	0	0	24
67	26	26	0	0	24
68	26	15	0	0	24
69	26	14	0	0	24
70	26	14	0	0	25
71	26	13	0	0	25
72	26	13	0	0	25
73	26	13	0	0	26
74	26	13	0	0	26
75	26	12	0	0	26
76	26	12	0	0	27
77	26	11	0	0	27
78	26	11	0	0	26
79	26	11	0	0	27
80	26	11	0	0	27
81	14	10	0	0	27
82	14	10	0	0	28
83	13	10	0	0	29
84	13	10	0	0	29
85	13	9	0	0	29
86	13	9	0	0	30
87	13	9	0	0	29
88	13	9	0	0	30
89	12	9	0	0	29
90	12	9	0	0	29
91	20	8	2	0	29
92	20	8	2	0	29
93	20	8	2	0	30
94	20	8	2	0	31
95	19	8	2	0	31
96	19	8	2	0	31
97	19	8	2	0	32
98	19	8	2	0	31
99	18	8	2	0	30
100	18	8	2	0	31
101	17	8	2	0	31
102	25	9	4	0	31
103	25	9	4	0	30
104	25	9	4	0	31
105	25	9	4	0	31
106	25	10	4	0	31
107	25	10	4	0	29
108	24	11	4	0	29
109	24	11	4	0	29
110	32	12	6	0	30
111	32	12	6	0	30
112	31	12	6	0	29
113	31	12	6	0	29
114	31	13	6	0	29
115	31	13	6	0	29
116	31	14	6	0	30
117	31	14	6	0	29
118	31	14	6	0	29
119	31	14	6	0	29
120	31	15	6	0	29
121	31	15	6	0	28
122	31	16	6	0	28
123	31	16	6	0	28
124	31	16	6	0	27
125	31	16	6	0	27
126	31	17	6	0	27
127	31	17	6	0	26
128	31	18	6	0	26
129	31	18	6	0	25
130	31	18	6	0	25
131	31	18	6	0	25
132	39	19	8	0	26
133	39	19	8	0	26
134	39	20	8	0	26
135	39	20	8	0	26
136	39	28	8	2	26
137	39	28	8	2	26
138	39	29	8	2	26
139	39	29	8	2	26
140	39	30	8	2	26
141	39	30	8	2	26
142	39	30	8	2	26
143	39	30	8	2	25
144	39	31	8	2	25
145	39	31	8	2	24
146	39	32	8	2	24
147	39	32	8	2	25
148	39	32	8	2	25
149	47	32	10	2	25
150	47	33	10	2	25
151	47	33	10	2	25
152	47	42	10	4	25
153	47	42	10	4	25
154	47	42	10	4	25
155	47	42	10	4	25
156	47	43	10	4	25
157	47	43	10	4	25
158	47	44	10	4	25
159	47	44	10	4	25
160	47	44	10	4	24
161	47	44	10	4	23
162	47	45	10	4	24
163	47	45	10	4	24
164	47	46	10	4	24
165	47	46	10	4	24
166	55	46	12	4	24
167	55	46	12	4	24
168	55	55	12	6	24
169	55	55	12	6	24
170	55	56	12	6	24
171	55	56	12	6	24
172	55	56	12	6	24
173	55	56	12	6	24
174	55	57	12	6	24
175	55	57	12	6	24
176	55	58	12	6	24
177	55	58	12	6	24
178	55	58	12	6	24
179	55	58	12	6	24
180	55	59	12	6	23
181	55	59	12	6	23
182	55	60	12	6	23
183	55	60	12	6	23
184	55	60	12	6	23
185	55	60	12	6	23
186	55	61	12	6	23
187	55	61	12	6	23
188	55	62	12	6	22
189	63	62	14	6	22
190	63	62	14	6	22
191	63	62	14	6	23
192	63	63	14	6	23
193	63	63	14	6	23
194	63	64	14	6	23
195	63	72	14	8	23
196	63	72	14	8	23
197	63	72	14	8	23
198	63	73	14	8	23
199	63	73	14	8	23
200	63	74	14	8	23
201	63	74	14	8	23
202	63	74	14	8	23
203	63	74	14	8	22
204	63	75	14	8	21
205	63	75	14	8	21
206	63	76	14	8	21
207	63	76	14	8	21
208	71	76	16	8	21
209	71	76	16	8	21
210	71	77	16	8	21
211	71	85	16	10	21
212	71	86	16	10	21
213	71	86	16	10	22
214	71	86	16	10	22
215	71	86	16	10	21
216	71	87	16	10	21
217	71	87	16	10	21
218	71	88	16	10	20
219	71	87	16	10	20
220	79	95	18	12	20
221	79	95	18	12	20
222	79	95	18	12	20
223	79	95	18	12	21
224	79	95	18	12	20
225	79	95	18	12	20
226	87	96	20	12	20
227	87	96	20	12	20
228	87	97	20	12	20
229	87	97	20	12	19
230	87	105	20	14	19
231	87	105	20	14	20
232	87	105	20	14	20
233	87	105	20	14	20
234	87	105	20	14	20
235	87	113	20	16	20
236	87	113	20	16	21
237	87	113	20	16	21
238	87	113	20	16	20
239	95	121	22	18	20
240	95	121	22	18	21
241	95	121	22	18	21
242	95	121	22	18	20
243	95	121	22	18	19
244	103	121	24	18	19
245	103	129	24	20	19
246	103	129	24	20	20
247	103	129	24	20	20
248	103	129	24	20	20
249	103	129	24	20	20
250	103	130	24	20	19
251	103	130	24	20	19
252	103	138	24	22	19
253	103	138	24	22	20
254	103	138	24	22	20
255	103	138	24	22	19
256	111	146	26	24	19
257	111	146	26	24	19
258	111	146	26	24	19
259	111	145	26	24	18
260	111	145	26	24	18
261	111	144	26	24	18
262	111	152	26	26	18
263	111	152	26	26	19
264	111	152	26	26	19
265	111	151	26	26	19
266	111	151	26	26	19
267	111	150	26	26	18
268	111	150	26	26	18
269	111	158	26	28	19
270	111	158	26	28	19
271	111	157	26	28	19
272	111	157	26	28	19
273	119	157	28	28	19
274	119	157	28	28	20
275	119	165	28	30	20
276	119	165	28	30	20
277	119	165	28	30	19
278	119	173	28	32	18
279	119	173	28	32	18
280	119	173	28	32	18
281	119	172	28	32	17
282	119	172	28	32	17
283	119	180	28	34	18
284	119	180	28	34	17
285	119	180	28	34	17
286	119	179	28	34	17
287	119	179	28	34	18
288	119	178	28	34	18
289	119	178	28	34	17
290	127	178	30	34	18
291	127	186	30	36	18
292	127	186	30	36	18
293	127	186	30	36	18
294	127	185	30	36	18
295	127	185	30	36	18
296	127	193	30	38	19
297	127	193	30	38	18
298	127	197	30	39	18
299	127	197	30	39	18
300	127	197	30	39	18
