# gameId 895230244  LOSS  scores [267.0, 304.0]
# mybuild 0:1.1.1.1,3:2.2.0.2  oppbuild 1:1.1.1.1,2:3.2.0.2  my_train t3  opp_train t2
# t  me  opp  mywood  oppwood  trees
1	26	26	0	0	14
2	26	10	0	0	14
3	14	9	0	0	14
4	14	9	0	0	16
5	13	8	0	0	16
6	13	8	0	0	16
7	13	8	0	0	18
8	13	8	0	0	17
9	12	7	0	0	17
10	12	7	0	0	16
11	20	7	2	0	18
12	20	15	2	2	18
13	19	14	2	2	18
14	19	14	2	2	18
15	19	14	2	2	19
16	19	14	2	2	19
17	19	14	2	2	19
18	27	14	4	2	19
19	27	14	4	2	19
20	27	14	4	2	18
21	27	14	4	2	18
22	27	14	4	2	18
23	27	14	4	2	16
24	27	15	4	2	16
25	35	15	6	2	16
26	35	15	6	2	16
27	35	15	6	2	16
28	35	16	6	2	16
29	35	16	6	2	16
30	35	16	6	2	16
31	35	16	6	2	16
32	43	17	8	2	16
33	43	17	8	2	16
34	43	17	8	2	15
35	43	17	8	2	15
36	43	18	8	2	15
37	43	26	8	4	15
38	43	27	8	4	16
39	43	27	8	4	16
40	43	28	8	4	16
41	43	28	8	4	15
42	43	29	8	4	15
43	43	37	8	6	15
44	43	37	8	6	15
45	43	37	8	6	15
46	43	38	8	6	15
47	51	38	10	6	14
48	51	47	10	8	14
49	51	47	10	8	14
50	51	47	10	8	14
51	51	47	10	8	15
52	51	48	10	8	14
53	51	48	10	8	14
54	59	49	12	8	14
55	59	49	12	8	13
56	59	49	12	8	13
57	59	57	12	10	13
58	59	58	12	10	12
59	59	58	12	10	12
60	67	58	14	10	12
61	67	58	14	10	12
62	67	66	14	12	12
63	67	66	14	12	13
64	67	66	14	12	12
65	67	66	14	12	12
66	67	66	14	12	11
67	67	74	14	14	12
68	67	74	14	14	13
69	67	74	14	14	13
70	67	74	14	14	12
71	67	74	14	14	12
72	67	82	14	16	12
73	67	82	14	16	13
74	75	82	16	16	13
75	75	82	16	16	13
76	75	82	16	16	12
77	75	82	16	16	11
78	75	90	16	18	11
79	83	90	18	18	11
80	83	90	18	18	12
81	83	89	18	18	12
82	83	89	18	18	12
83	83	89	18	18	12
84	83	97	18	20	12
85	83	97	18	20	11
86	83	97	18	20	11
87	83	96	18	20	11
88	83	96	18	20	11
89	91	96	20	20	12
90	91	96	20	20	12
91	91	95	20	20	12
92	91	95	20	20	13
93	91	95	20	20	13
94	91	96	20	20	11
95	91	95	20	20	11
96	99	103	22	22	11
97	99	103	22	22	12
98	99	103	22	22	12
99	99	103	22	22	11
100	99	103	22	22	11
101	107	103	24	22	11
102	107	103	24	22	12
103	107	103	24	22	11
104	107	111	24	24	11
105	107	111	24	24	11
106	107	111	24	24	10
107	107	110	24	24	10
108	107	110	24	24	10
109	107	110	24	24	10
110	115	118	26	26	10
111	115	118	26	26	10
112	115	118	26	26	9
113	115	117	26	26	9
114	115	117	26	26	9
115	115	117	26	26	8
116	115	117	26	26	10
117	115	117	26	26	10
118	123	116	28	26	10
119	123	116	28	26	11
120	123	115	28	26	11
121	123	115	28	26	11
122	123	115	28	26	11
123	123	115	28	26	11
124	123	114	28	26	10
125	123	114	28	26	10
126	123	122	28	28	10
127	123	122	28	28	10
128	123	122	28	28	10
129	123	130	28	30	10
130	123	130	28	30	10
131	131	130	30	30	10
132	131	129	30	30	9
133	131	129	30	30	9
134	131	137	30	32	10
135	131	137	30	32	10
136	131	137	30	32	10
137	131	136	30	32	9
138	131	136	30	32	9
139	131	143	30	34	9
140	131	143	30	34	9
141	139	143	32	34	11
142	139	143	32	34	11
143	139	142	32	34	11
144	139	142	32	34	10
145	139	142	32	34	10
146	139	142	32	34	11
147	139	142	32	34	11
148	139	142	32	34	11
149	139	141	32	34	10
150	139	141	32	34	10
151	139	141	32	34	10
152	139	141	32	34	10
153	147	140	34	34	11
154	147	148	34	36	11
155	147	148	34	36	11
156	147	148	34	36	12
157	147	148	34	36	11
158	147	148	34	36	11
159	147	148	34	36	11
160	147	148	34	36	10
161	147	156	34	38	10
162	147	156	34	38	10
163	155	155	36	38	11
164	155	155	36	38	12
165	155	155	36	38	12
166	155	155	36	38	12
167	155	155	36	38	11
168	155	155	36	38	10
169	155	155	36	38	11
170	155	163	36	40	11
171	155	162	36	40	11
172	155	162	36	40	11
173	155	161	36	40	12
174	155	170	36	42	12
175	155	170	36	42	12
176	163	170	38	42	12
177	163	170	38	42	12
178	163	170	38	42	12
179	163	170	38	42	12
180	163	171	38	42	11
181	163	170	38	42	10
182	171	178	40	44	10
183	171	178	40	44	10
184	171	178	40	44	11
185	171	177	40	44	12
186	171	178	40	44	12
187	171	178	40	44	12
188	171	178	40	44	11
189	171	178	40	44	11
190	171	186	40	46	12
191	171	186	40	46	12
192	179	186	42	46	12
193	179	186	42	46	12
194	179	186	42	46	12
195	179	186	42	46	11
196	179	186	42	46	11
197	187	186	44	46	12
198	187	194	44	48	12
199	187	194	44	48	12
200	187	194	44	48	11
201	187	194	44	48	11
202	187	194	44	48	12
203	187	194	44	48	12
204	187	194	44	48	11
205	187	194	44	48	10
206	187	202	44	50	11
207	187	202	44	50	11
208	195	202	46	50	11
209	195	201	46	50	12
210	195	202	46	50	11
211	195	202	46	50	11
212	195	210	46	52	11
213	195	210	46	52	10
214	195	210	46	52	10
215	195	210	46	52	11
216	195	210	46	52	10
217	195	210	46	52	10
218	195	218	46	54	10
219	195	218	46	54	10
220	195	218	46	54	10
221	195	218	46	54	11
222	195	218	46	54	11
223	195	226	46	56	11
224	195	226	46	56	10
225	203	226	48	56	11
226	203	226	48	56	11
227	207	225	49	56	11
228	207	225	49	56	12
229	207	225	49	56	12
230	207	225	49	56	12
231	207	225	49	56	12
232	207	225	49	56	11
233	207	225	49	56	11
234	207	233	49	58	10
235	207	233	49	58	11
236	215	233	51	58	11
237	215	233	51	58	11
238	215	232	51	58	11
239	215	232	51	58	12
240	215	232	51	58	11
241	219	232	52	58	11
242	219	240	52	60	11
243	219	240	52	60	11
244	227	240	54	60	11
245	227	240	54	60	11
246	227	240	54	60	12
247	227	240	54	60	12
248	227	240	54	60	11
249	227	240	54	60	11
250	227	248	54	62	11
251	227	248	54	62	12
252	227	248	54	62	12
253	227	248	54	62	12
254	227	248	54	62	11
255	227	256	54	64	11
256	227	256	54	64	11
257	235	256	56	64	11
258	235	256	56	64	11
259	235	264	56	66	11
260	235	264	56	66	11
261	235	264	56	66	11
262	235	264	56	66	12
263	235	264	56	66	12
264	235	264	56	66	12
265	235	264	56	66	11
266	235	272	56	68	11
267	235	272	56	68	11
268	243	272	58	68	11
269	243	272	58	68	12
270	243	272	58	68	12
271	243	272	58	68	12
272	243	272	58	68	12
273	247	272	59	68	11
274	247	276	59	69	11
275	247	276	59	69	11
276	247	276	59	69	11
277	247	276	59	69	12
278	247	276	59	69	11
279	247	276	59	69	11
280	247	284	59	71	11
281	247	284	59	71	10
282	255	288	61	72	10
283	255	288	61	72	11
284	255	288	61	72	11
285	255	288	61	72	10
286	259	288	62	72	10
287	259	296	62	74	10
288	259	296	62	74	10
289	259	296	62	74	10
290	259	296	62	74	10
291	259	296	62	74	10
292	259	296	62	74	10
293	259	296	62	74	10
294	259	296	62	74	10
295	259	296	62	74	11
296	259	296	62	74	8
297	259	296	62	74	8
298	259	304	62	76	8
299	259	304	62	76	8
300	267	304	64	76	9
