# gameId 895368299  LOSS  scores [17.0, 210.0]
# mybuild 0:1.1.1.1,3:1.1.1.0  oppbuild 1:1.1.1.1,2:2.2.0.2  my_train t11  opp_train t2
# t  me  opp  mywood  oppwood  trees
1	18	18	0	0	18
2	18	7	0	0	18
3	18	6	0	0	18
4	18	6	0	0	19
5	18	5	0	0	19
6	18	5	0	0	19
7	18	5	0	0	20
8	19	5	0	0	20
9	19	4	0	0	20
10	19	4	0	0	20
11	13	4	0	0	21
12	13	4	0	0	20
13	13	3	0	0	20
14	14	3	0	0	20
15	14	3	0	0	20
16	14	3	0	0	21
17	14	3	0	0	21
18	14	3	0	0	21
19	14	2	0	0	21
20	14	2	0	0	21
21	14	2	0	0	21
22	15	2	0	0	22
23	15	2	0	0	22
24	15	2	0	0	22
25	15	1	0	0	21
26	15	1	0	0	21
27	15	1	0	0	21
28	15	1	0	0	21
29	15	1	0	0	22
30	16	1	0	0	22
31	16	1	0	0	22
32	16	1	0	0	21
33	16	1	0	0	21
34	16	1	0	0	21
35	16	1	0	0	22
36	16	1	0	0	22
37	16	1	0	0	23
38	16	9	0	2	23
39	16	9	0	2	23
40	16	10	0	2	23
41	16	10	0	2	24
42	16	11	0	2	24
43	16	11	0	2	24
44	16	12	0	2	23
45	16	12	0	2	24
46	16	13	0	2	24
47	16	13	0	2	24
48	16	14	0	2	24
49	16	22	0	4	24
50	16	22	0	4	25
51	16	22	0	4	25
52	16	23	0	4	25
53	16	23	0	4	25
54	16	24	0	4	26
55	16	24	0	4	26
56	16	24	0	4	25
57	16	24	0	4	25
58	16	25	0	4	25
59	16	25	0	4	25
60	16	26	0	4	25
61	16	26	0	4	25
62	16	26	0	4	25
63	16	26	0	4	25
64	16	27	0	4	25
65	16	27	0	4	25
66	16	28	0	4	25
67	16	28	0	4	25
68	16	28	0	4	25
69	16	28	0	4	24
70	16	29	0	4	24
71	16	29	0	4	24
72	16	30	0	4	24
73	16	30	0	4	24
74	17	30	0	4	24
75	17	30	0	4	24
76	17	31	0	4	23
77	17	31	0	4	23
78	17	32	0	4	23
79	17	32	0	4	23
80	17	32	0	4	23
81	17	40	0	6	24
82	17	41	0	6	24
83	17	41	0	6	24
84	17	42	0	6	24
85	17	42	0	6	25
86	17	42	0	6	25
87	17	42	0	6	25
88	17	43	0	6	24
89	17	43	0	6	24
90	17	44	0	6	25
91	17	44	0	6	24
92	17	44	0	6	24
93	17	44	0	6	24
94	17	45	0	6	24
95	17	45	0	6	24
96	17	46	0	6	24
97	17	46	0	6	24
98	17	46	0	6	24
99	17	46	0	6	25
100	17	47	0	6	24
101	17	47	0	6	24
102	17	48	0	6	24
103	17	48	0	6	24
104	17	48	0	6	25
105	17	48	0	6	24
106	17	49	0	6	24
107	17	49	0	6	24
108	17	50	0	6	24
109	17	50	0	6	24
110	17	50	0	6	24
111	17	50	0	6	24
112	17	51	0	6	24
113	17	51	0	6	25
114	17	52	0	6	25
115	17	52	0	6	24
116	17	52	0	6	24
117	17	52	0	6	24
118	17	53	0	6	23
119	17	53	0	6	24
120	17	54	0	6	24
121	17	54	0	6	24
122	17	54	0	6	24
123	17	54	0	6	23
124	17	55	0	6	24
125	17	55	0	6	24
126	17	56	0	6	24
127	17	56	0	6	25
128	17	56	0	6	25
129	17	56	0	6	24
130	17	57	0	6	24
131	17	57	0	6	24
132	17	58	0	6	24
133	17	58	0	6	23
134	17	58	0	6	24
135	17	58	0	6	24
136	17	59	0	6	24
137	17	59	0	6	23
138	17	60	0	6	23
139	17	60	0	6	24
140	17	60	0	6	24
141	17	60	0	6	24
142	17	69	0	8	24
143	16	69	0	8	25
144	15	70	0	8	26
145	15	70	0	8	26
146	15	70	0	8	27
147	15	70	0	8	27
148	15	71	0	8	27
149	15	71	0	8	26
150	15	72	0	8	26
151	15	72	0	8	26
152	15	72	0	8	25
153	15	72	0	8	26
154	15	73	0	8	26
155	15	73	0	8	26
156	15	74	0	8	25
157	15	74	0	8	25
158	15	74	0	8	26
159	15	74	0	8	26
160	15	75	0	8	26
161	15	75	0	8	26
162	15	76	0	8	26
163	15	76	0	8	26
164	15	76	0	8	26
165	15	76	0	8	26
166	15	77	0	8	25
167	15	77	0	8	25
168	15	78	0	8	25
169	15	78	0	8	26
170	15	78	0	8	25
171	15	78	0	8	25
172	15	79	0	8	25
173	15	79	0	8	25
174	15	80	0	8	25
175	15	80	0	8	25
176	15	80	0	8	25
177	15	80	0	8	25
178	15	81	0	8	25
179	15	81	0	8	25
180	15	82	0	8	25
181	15	82	0	8	25
182	15	82	0	8	26
183	15	82	0	8	25
184	15	83	0	8	25
185	15	83	0	8	25
186	15	84	0	8	24
187	15	84	0	8	24
188	15	84	0	8	24
189	15	84	0	8	24
190	15	85	0	8	24
191	15	85	0	8	24
192	15	86	0	8	25
193	15	86	0	8	25
194	15	86	0	8	25
195	15	86	0	8	25
196	15	95	0	10	25
197	15	95	0	10	25
198	15	96	0	10	25
199	15	96	0	10	26
200	15	96	0	10	26
201	15	96	0	10	25
202	15	97	0	10	26
203	15	97	0	10	26
204	15	106	0	12	26
205	15	106	0	12	26
206	15	106	0	12	26
207	15	106	0	12	26
208	15	107	0	12	25
209	15	107	0	12	25
210	15	115	0	14	26
211	15	115	0	14	27
212	15	115	0	14	27
213	15	115	0	14	27
214	15	115	0	14	26
215	15	123	0	16	26
216	15	122	0	16	26
217	15	122	0	16	27
218	15	122	0	16	29
219	15	122	0	16	28
220	15	122	0	16	28
221	15	130	0	18	28
222	15	130	0	18	29
223	15	130	0	18	29
224	15	130	0	18	29
225	15	130	0	18	30
226	15	130	0	18	31
227	15	138	0	20	31
228	15	138	0	20	31
229	15	138	0	20	30
230	15	146	0	22	30
231	15	146	0	22	30
232	15	146	0	22	32
233	15	146	0	22	33
234	15	146	0	22	33
235	15	146	0	22	33
236	15	146	0	22	32
237	15	146	0	22	32
238	15	146	0	22	32
239	15	154	0	24	33
240	15	154	0	24	33
241	15	154	0	24	33
242	15	154	0	24	33
243	15	154	0	24	33
244	15	154	0	24	33
245	15	154	0	24	33
246	15	154	0	24	33
247	15	154	0	24	33
248	15	154	0	24	32
249	15	154	0	24	32
250	15	162	0	26	32
251	15	162	0	26	32
252	15	162	0	26	32
253	15	161	0	26	32
254	15	161	0	26	32
255	15	161	0	26	33
256	15	161	0	26	33
257	15	161	0	26	32
258	15	161	0	26	32
259	15	169	0	28	32
260	15	169	0	28	32
261	15	169	0	28	33
262	15	169	0	28	33
263	15	169	0	28	33
264	15	169	0	28	33
265	15	169	0	28	33
266	15	170	0	28	32
267	15	169	0	28	32
268	15	177	0	30	33
269	15	177	0	30	33
270	15	177	0	30	33
271	15	177	0	30	33
272	15	178	0	30	32
273	15	177	0	30	32
274	15	185	0	32	32
275	15	185	0	32	33
276	15	185	0	32	33
277	15	185	0	32	32
278	15	193	0	34	32
279	15	193	0	34	33
280	15	193	0	34	33
281	15	193	0	34	33
282	15	193	0	34	33
283	15	193	0	34	33
284	15	194	0	34	33
285	15	194	0	34	32
286	15	202	0	36	32
287	15	202	0	36	32
288	15	202	0	36	32
289	15	202	0	36	32
290	15	202	0	36	33
291	15	202	0	36	32
292	15	202	0	36	32
293	15	210	0	38	32
294	15	210	0	38	32
295	15	210	0	38	32
296	15	210	0	38	33
297	15	210	0	38	33
298	15	210	0	38	33
299	15	210	0	38	33
300	17	210	0	38	32
