# gameId 895279159  LOSS  scores [159.0, 232.0]
# mybuild 0:1.1.1.1,2:2.2.0.2  oppbuild 1:1.1.1.1,3:2.2.0.2  my_train t41  opp_train t41
# t  me  opp  mywood  oppwood  trees
1	20	20	0	0	16
2	20	20	0	0	16
3	20	20	0	0	16
4	20	20	0	0	16
5	20	20	0	0	16
6	20	20	0	0	16
7	20	20	0	0	16
8	20	20	0	0	16
9	20	20	0	0	16
10	20	20	0	0	16
11	20	20	0	0	16
12	20	20	0	0	16
13	20	20	0	0	16
14	21	20	0	0	16
15	21	20	0	0	16
16	21	20	0	0	16
17	21	20	0	0	16
18	21	20	0	0	16
19	21	20	0	0	16
20	21	20	0	0	16
21	21	20	0	0	16
22	21	20	0	0	16
23	21	20	0	0	16
24	21	20	0	0	16
25	21	20	0	0	16
26	21	21	0	0	16
27	21	21	0	0	16
28	22	21	0	0	16
29	22	21	0	0	16
30	22	21	0	0	16
31	22	21	0	0	16
32	22	21	0	0	16
33	22	21	0	0	16
34	22	21	0	0	16
35	22	21	0	0	16
36	22	21	0	0	16
37	22	21	0	0	16
38	22	21	0	0	16
39	22	21	0	0	16
40	22	22	0	0	16
41	10	11	0	0	16
42	10	10	0	0	16
43	10	10	0	0	17
44	10	9	0	0	18
45	10	9	0	0	18
46	9	9	0	0	19
47	9	9	0	0	20
48	8	8	0	0	19
49	8	8	0	0	19
50	8	8	0	0	19
51	8	8	0	0	19
52	7	7	0	0	19
53	7	7	0	0	20
54	14	7	2	0	21
55	14	7	2	0	21
56	14	6	2	0	22
57	14	14	2	2	23
58	13	13	2	2	23
59	13	13	2	2	23
60	13	13	2	2	24
61	13	13	2	2	24
62	12	12	2	2	24
63	12	12	2	2	26
64	20	11	4	2	26
65	20	11	4	2	26
66	20	11	4	2	26
67	20	11	4	2	26
68	20	10	4	2	25
69	20	10	4	2	25
70	28	10	6	2	25
71	28	10	6	2	25
72	28	9	6	2	25
73	28	9	6	2	25
74	28	9	6	2	25
75	28	9	6	2	25
76	28	9	6	2	25
77	28	9	6	2	25
78	28	9	6	2	25
79	28	9	6	2	23
80	28	8	6	2	23
81	28	8	6	2	25
82	28	8	6	2	25
83	28	8	6	2	25
84	28	8	6	2	25
85	36	9	8	2	25
86	36	17	8	4	25
87	36	17	8	4	25
88	36	17	8	4	25
89	36	18	8	4	25
90	36	18	8	4	25
91	36	18	8	4	25
92	36	18	8	4	25
93	36	19	8	4	25
94	36	19	8	4	25
95	36	19	8	4	25
96	36	19	8	4	24
97	36	19	8	4	24
98	36	27	8	6	25
99	36	27	8	6	26
100	36	27	8	6	26
101	44	27	10	6	26
102	44	27	10	6	27
103	44	28	10	6	27
104	44	28	10	6	27
105	44	28	10	6	26
106	44	28	10	6	26
107	44	29	10	6	26
108	44	29	10	6	26
109	44	29	10	6	26
110	44	29	10	6	26
111	44	30	10	6	24
112	44	30	10	6	24
113	44	30	10	6	24
114	44	30	10	6	24
115	44	31	10	6	24
116	52	31	12	6	24
117	52	31	12	6	23
118	52	31	12	6	23
119	52	32	12	6	23
120	52	32	12	6	23
121	52	33	12	6	23
122	52	33	12	6	23
123	52	34	12	6	23
124	52	42	12	8	22
125	52	42	12	8	22
126	52	42	12	8	23
127	52	42	12	8	23
128	52	42	12	8	23
129	52	43	12	8	23
130	60	43	14	8	23
131	60	44	14	8	23
132	60	44	14	8	23
133	60	45	14	8	23
134	60	45	14	8	23
135	60	45	14	8	23
136	60	45	14	8	23
137	60	53	14	10	23
138	60	53	14	10	23
139	60	53	14	10	22
140	60	53	14	10	23
141	60	61	14	12	23
142	60	61	14	12	23
143	60	61	14	12	23
144	60	61	14	12	24
145	68	61	16	12	24
146	68	61	16	12	24
147	68	61	16	12	24
148	68	61	16	12	24
149	68	62	16	12	24
150	68	62	16	12	23
151	68	63	16	12	23
152	68	63	16	12	23
153	68	64	16	12	22
154	68	64	16	12	22
155	68	64	16	12	22
156	68	64	16	12	23
157	68	72	16	14	23
158	68	72	16	14	24
159	76	72	18	14	24
160	76	72	18	14	24
161	76	73	18	14	24
162	76	73	18	14	24
163	76	74	18	14	23
164	76	74	18	14	23
165	76	74	18	14	23
166	76	74	18	14	23
167	76	75	18	14	22
168	76	82	18	16	22
169	76	82	18	16	22
170	76	82	18	16	23
171	76	82	18	16	23
172	76	82	18	16	23
173	84	83	20	16	23
174	84	83	20	16	23
175	84	84	20	16	23
176	85	84	20	16	22
177	85	84	20	16	22
178	85	92	20	18	22
179	85	92	20	18	22
180	85	92	20	18	22
181	85	92	20	18	22
182	85	91	20	18	22
183	85	91	20	18	23
184	85	91	20	18	23
185	85	91	20	18	23
186	93	91	22	18	23
187	93	92	22	18	23
188	93	92	22	18	23
189	93	93	22	18	22
190	93	93	22	18	22
191	93	101	22	20	22
192	93	101	22	20	22
193	93	101	22	20	23
194	93	101	22	20	22
195	93	101	22	20	22
196	93	109	22	22	22
197	94	109	22	22	22
198	94	109	22	22	21
199	94	117	22	24	21
200	102	117	24	24	21
201	102	117	24	24	21
202	102	116	24	24	20
203	102	116	24	24	20
204	102	124	24	26	21
205	102	124	24	26	21
206	102	124	24	26	21
207	102	123	24	26	20
208	102	123	24	26	21
209	102	122	24	26	21
210	102	122	24	26	21
211	102	122	24	26	22
212	102	122	24	26	21
213	102	121	24	26	21
214	102	121	24	26	21
215	102	121	24	26	20
216	102	129	24	28	20
217	102	129	24	28	21
218	102	129	24	28	21
219	110	129	26	28	20
220	110	137	26	30	20
221	110	137	26	30	20
222	111	137	26	30	21
223	111	136	26	30	20
224	111	136	26	30	20
225	111	144	26	32	21
226	111	144	26	32	20
227	111	148	26	33	20
228	111	148	26	33	20
229	111	148	26	33	19
230	111	147	26	33	19
231	111	147	26	33	19
232	111	154	26	35	19
233	111	154	26	35	19
234	119	154	28	35	20
235	119	154	28	35	20
236	119	153	28	35	20
237	119	153	28	35	19
238	119	161	28	37	19
239	119	161	28	37	20
240	119	160	28	37	20
241	119	160	28	37	19
242	119	160	28	37	19
243	119	160	28	37	20
244	119	159	28	37	19
245	119	159	28	37	20
246	119	167	28	39	21
247	119	167	28	39	21
248	127	166	30	39	21
249	127	166	30	39	21
250	127	173	30	41	21
251	127	173	30	41	21
252	127	173	30	41	22
253	127	173	30	41	22
254	127	172	30	41	21
255	127	172	30	41	21
256	127	171	30	41	21
257	127	179	30	43	21
258	127	179	30	43	21
259	127	183	30	44	21
260	127	182	30	44	21
261	127	182	30	44	21
262	127	182	30	44	21
263	127	182	30	44	21
264	135	181	32	44	21
265	135	189	32	46	21
266	135	189	32	46	21
267	135	189	32	46	22
268	135	189	32	46	22
269	135	189	32	46	21
270	135	197	32	48	21
271	135	197	32	48	21
272	135	197	32	48	20
273	135	197	32	48	20
274	135	205	32	50	20
275	135	205	32	50	20
276	135	205	32	50	20
277	135	204	32	50	20
278	143	204	34	50	20
279	143	212	34	52	21
280	143	212	34	52	21
281	143	212	34	52	20
282	143	211	34	52	20
283	143	211	34	52	20
284	143	218	34	54	20
285	143	218	34	54	20
286	143	218	34	54	21
287	151	218	36	54	21
288	151	217	36	54	21
289	151	217	36	54	21
290	151	217	36	54	20
291	151	217	36	54	20
292	159	224	38	56	20
293	159	224	38	56	20
294	159	224	38	56	20
295	159	224	38	56	20
296	159	224	38	56	20
297	159	224	38	56	21
298	159	224	38	56	20
299	159	232	38	58	20
300	159	232	38	58	20
