# gameId 895375939  LOSS  scores [129.0, 229.0]
# mybuild 0:1.1.1.1,2:1.1.1.0,4:1.1.1.0,5:2.2.0.2  oppbuild 1:1.1.1.1,3:2.2.0.2  my_train t11  opp_train t19
# t  me  opp  mywood  oppwood  trees
1	27	27	0	0	18
2	27	27	0	0	18
3	27	27	0	0	18
4	27	27	0	0	18
5	27	27	0	0	18
6	27	27	0	0	18
7	27	27	0	0	18
8	27	27	0	0	18
9	27	27	0	0	18
10	27	27	0	0	18
11	21	27	0	0	18
12	21	27	0	0	18
13	21	27	0	0	18
14	21	27	0	0	18
15	21	27	0	0	18
16	22	27	0	0	18
17	22	27	0	0	18
18	22	27	0	0	18
19	22	16	0	0	18
20	23	15	0	0	18
21	23	15	0	0	19
22	23	14	0	0	19
23	23	14	0	0	19
24	25	14	0	0	19
25	25	14	0	0	20
26	25	14	0	0	20
27	25	14	0	0	20
28	26	14	0	0	20
29	26	14	0	0	21
30	27	13	0	0	21
31	27	13	0	0	20
32	28	13	0	0	21
33	28	13	0	0	21
34	28	12	0	0	21
35	28	12	0	0	21
36	28	12	0	0	22
37	28	12	0	0	22
38	28	11	0	0	22
39	28	11	0	0	23
40	28	11	0	0	23
41	19	11	0	0	24
42	19	10	0	0	23
43	19	10	0	0	23
44	19	10	0	0	24
45	19	10	0	0	23
46	20	9	0	0	23
47	20	9	0	0	23
48	20	9	0	0	23
49	20	9	0	0	24
50	20	9	0	0	24
51	20	17	0	2	25
52	20	17	0	2	25
53	20	17	0	2	25
54	20	17	0	2	25
55	20	18	0	2	26
56	21	18	0	2	26
57	21	19	0	2	26
58	21	19	0	2	25
59	21	20	0	2	26
60	21	20	0	2	26
61	21	21	0	2	26
62	21	21	0	2	26
63	21	21	0	2	26
64	21	21	0	2	27
65	21	22	0	2	27
66	21	22	0	2	26
67	21	23	0	2	26
68	21	23	0	2	26
69	21	23	0	2	27
70	22	23	0	2	26
71	22	24	0	2	26
72	22	24	0	2	26
73	22	25	0	2	26
74	22	25	0	2	26
75	22	25	0	2	26
76	22	25	0	2	26
77	22	26	0	2	26
78	22	26	0	2	27
79	22	27	0	2	26
80	22	27	0	2	26
81	22	27	0	2	27
82	22	27	0	2	27
83	22	28	0	2	26
84	23	28	0	2	26
85	23	29	0	2	26
86	23	29	0	2	26
87	23	29	0	2	27
88	23	29	0	2	26
89	23	30	0	2	26
90	23	30	0	2	26
91	23	31	0	2	25
92	23	31	0	2	25
93	23	31	0	2	26
94	24	31	0	2	25
95	24	32	0	2	25
96	24	32	0	2	25
97	24	33	0	2	25
98	24	33	0	2	25
99	24	33	0	2	25
100	24	41	0	4	25
101	24	41	0	4	26
102	24	41	0	4	26
103	24	42	0	4	26
104	24	42	0	4	26
105	24	43	0	4	26
106	24	43	0	4	26
107	24	44	0	4	27
108	24	44	0	4	26
109	25	44	0	4	26
110	25	44	0	4	27
111	25	45	0	4	27
112	25	45	0	4	26
113	25	46	0	4	26
114	25	46	0	4	26
115	25	46	0	4	26
116	25	46	0	4	26
117	25	47	0	4	25
118	25	47	0	4	25
119	25	48	0	4	25
120	25	48	0	4	24
121	25	48	0	4	24
122	25	48	0	4	24
123	25	49	0	4	24
124	25	49	0	4	24
125	25	49	0	4	24
126	25	57	0	6	24
127	25	57	0	6	24
128	25	57	0	6	24
129	25	58	0	6	24
130	25	58	0	6	24
131	26	59	0	6	24
132	26	59	0	6	24
133	27	59	0	6	23
134	27	59	0	6	23
135	27	60	0	6	23
136	27	60	0	6	23
137	27	60	0	6	23
138	27	68	0	8	23
139	27	68	0	8	23
140	27	68	0	8	23
141	27	69	0	8	23
142	27	69	0	8	23
143	27	70	0	8	22
144	27	70	0	8	22
145	27	70	0	8	22
146	27	78	0	10	22
147	28	78	0	10	22
148	28	79	0	10	22
149	28	79	0	10	22
150	28	80	0	10	22
151	28	80	0	10	22
152	28	80	0	10	22
153	28	80	0	10	21
154	28	80	0	10	21
155	28	88	0	12	21
156	28	88	0	12	21
157	28	88	0	12	21
158	28	88	0	12	21
159	29	88	0	12	21
160	29	88	0	12	22
161	29	88	0	12	22
162	29	88	0	12	22
163	29	88	0	12	22
164	29	88	0	12	22
165	29	89	0	12	22
166	29	89	0	12	22
167	29	90	0	12	21
168	29	90	0	12	21
169	29	91	0	12	21
170	29	91	0	12	21
171	30	92	0	12	21
172	30	92	0	12	21
173	30	93	0	12	21
174	30	101	0	14	21
175	30	101	0	14	21
176	30	101	0	14	21
177	30	101	0	14	20
178	30	109	0	16	20
179	30	109	0	16	21
180	30	109	0	16	21
181	30	109	0	16	21
182	30	109	0	16	21
183	31	109	0	16	21
184	31	109	0	16	21
185	31	109	0	16	21
186	31	109	0	16	21
187	31	109	0	16	21
188	31	109	0	16	21
189	31	109	0	16	20
190	31	109	0	16	20
191	31	117	0	18	20
192	31	117	0	18	20
193	32	117	0	18	20
194	15	116	0	18	20
195	16	116	0	18	21
196	15	116	0	18	21
197	15	116	0	18	22
198	14	116	0	18	22
199	14	116	0	18	22
200	14	116	0	18	22
201	14	117	0	18	22
202	13	117	0	18	22
203	13	125	0	20	22
204	12	125	0	20	23
205	12	125	0	20	22
206	15	124	1	20	23
207	15	124	1	20	23
208	14	124	1	20	25
209	14	124	1	20	26
210	13	124	1	20	26
211	12	124	1	20	26
212	20	124	3	20	28
213	19	125	3	20	28
214	19	125	3	20	27
215	19	125	3	20	28
216	19	125	3	20	28
217	19	125	3	20	27
218	27	125	5	20	27
219	27	126	5	20	27
220	27	126	5	20	27
221	27	127	5	20	26
222	35	127	7	20	26
223	35	127	7	20	26
224	35	135	7	22	26
225	35	135	7	22	25
226	35	135	7	22	25
227	43	135	9	22	24
228	43	143	9	24	24
229	43	143	9	24	25
230	43	143	9	24	25
231	43	143	9	24	24
232	43	143	9	24	23
233	51	143	11	24	23
234	51	151	11	26	24
235	51	151	11	26	24
236	51	151	11	26	24
237	51	151	11	26	23
238	51	151	11	26	22
239	59	151	13	26	22
240	59	159	13	28	22
241	59	159	13	28	23
242	59	159	13	28	22
243	59	158	13	28	22
244	67	158	15	28	22
245	67	158	15	28	22
246	67	166	15	30	21
247	67	166	15	30	21
248	67	166	15	30	21
249	67	165	15	30	22
250	67	165	15	30	22
251	67	165	15	30	22
252	67	165	15	30	22
253	67	165	15	30	22
254	67	173	15	32	23
255	67	173	15	32	23
256	67	173	15	32	23
257	67	172	15	32	23
258	67	172	15	32	24
259	67	171	15	32	23
260	67	171	15	32	23
261	75	179	17	34	24
262	75	179	17	34	25
263	75	179	17	34	25
264	75	179	17	34	25
265	75	179	17	34	23
266	75	179	17	34	23
267	83	187	19	36	23
268	83	187	19	36	23
269	83	187	19	36	23
270	83	195	19	38	22
271	91	195	21	38	22
272	91	195	21	38	22
273	91	194	21	38	21
274	91	194	21	38	22
275	91	202	21	40	22
276	91	202	21	40	22
277	91	202	21	40	22
278	99	201	23	40	22
279	99	201	23	40	23
280	99	200	23	40	23
281	99	200	23	40	22
282	99	208	23	42	23
283	107	208	25	42	24
284	107	208	25	42	24
285	107	208	25	42	23
286	107	208	25	42	23
287	107	216	25	44	23
288	107	216	25	44	24
289	107	216	25	44	22
290	107	224	25	46	22
291	107	224	25	46	22
292	115	224	27	46	22
293	115	223	27	46	21
294	115	223	27	46	22
295	115	231	27	48	23
296	115	231	27	48	23
297	123	231	29	48	23
298	123	230	29	48	24
299	123	230	29	48	24
300	127	229	30	48	23
