# gameId 895234805  WIN  scores [228.0, 200.0]
# mybuild 0:1.1.1.1,3:2.2.0.2  oppbuild 1:1.1.1.1,2:2.2.0.2  my_train t3  opp_train t2
# t  me  opp  mywood  oppwood  trees
1	27	27	0	0	18
2	27	16	0	0	18
3	16	16	0	0	18
4	16	16	0	0	18
5	16	16	0	0	19
6	16	16	0	0	19
7	16	15	0	0	19
8	17	15	0	0	20
9	17	14	0	0	20
10	17	14	0	0	20
11	17	14	0	0	21
12	17	14	0	0	21
13	17	13	0	0	21
14	18	13	0	0	21
15	18	13	0	0	20
16	18	13	0	0	21
17	18	21	0	2	21
18	18	21	0	2	21
19	18	20	0	2	21
20	19	20	0	2	21
21	18	20	0	2	21
22	18	20	0	2	22
23	18	20	0	2	23
24	26	20	2	2	23
25	26	20	2	2	23
26	26	20	2	2	22
27	26	20	2	2	22
28	34	20	4	2	22
29	34	20	4	2	23
30	34	20	4	2	23
31	42	20	6	2	23
32	42	20	6	2	23
33	42	20	6	2	23
34	42	20	6	2	23
35	42	20	6	2	23
36	42	20	6	2	23
37	42	20	6	2	24
38	41	20	6	2	22
39	41	20	6	2	23
40	41	20	6	2	23
41	49	20	8	2	23
42	49	20	8	2	23
43	49	20	8	2	24
44	49	20	8	2	23
45	49	20	8	2	23
46	57	21	10	2	23
47	57	21	10	2	23
48	57	21	10	2	23
49	57	21	10	2	23
50	57	21	10	2	23
51	57	21	10	2	23
52	57	22	10	2	23
53	57	22	10	2	22
54	57	22	10	2	22
55	57	22	10	2	22
56	57	22	10	2	22
57	65	22	12	2	22
58	65	23	12	2	22
59	65	23	12	2	22
60	72	23	14	2	22
61	72	23	14	2	22
62	72	23	14	2	22
63	73	23	14	2	22
64	73	24	14	2	22
65	73	24	14	2	21
66	73	24	14	2	21
67	73	24	14	2	21
68	81	24	16	2	21
69	81	24	16	2	21
70	81	25	16	2	20
71	81	25	16	2	20
72	89	25	18	2	20
73	89	25	18	2	20
74	89	25	18	2	20
75	89	25	18	2	20
76	89	26	18	2	20
77	89	26	18	2	19
78	89	26	18	2	19
79	97	26	20	2	19
80	97	26	20	2	19
81	97	26	20	2	20
82	97	27	20	2	20
83	97	27	20	2	20
84	97	27	20	2	20
85	97	27	20	2	20
86	97	27	20	2	20
87	97	27	20	2	20
88	97	28	20	2	20
89	97	28	20	2	19
90	97	28	20	2	19
91	97	28	20	2	19
92	97	28	20	2	19
93	105	28	22	2	18
94	105	29	22	2	18
95	105	29	22	2	18
96	105	29	22	2	18
97	105	29	22	2	17
98	105	29	22	2	17
99	113	29	24	2	17
100	113	29	24	2	17
101	113	29	24	2	17
102	113	30	24	2	17
103	113	30	24	2	17
104	113	38	24	4	17
105	113	38	24	4	17
106	113	38	24	4	17
107	113	38	24	4	17
108	113	38	24	4	17
109	113	38	24	4	16
110	113	38	24	4	16
111	113	38	24	4	16
112	113	38	24	4	16
113	113	38	24	4	16
114	113	38	24	4	16
115	113	38	24	4	15
116	113	38	24	4	15
117	121	46	26	6	15
118	121	46	26	6	15
119	121	46	26	6	16
120	121	45	26	6	16
121	121	45	26	6	17
122	121	45	26	6	17
123	121	45	26	6	17
124	121	45	26	6	17
125	121	45	26	6	17
126	121	45	26	6	17
127	121	45	26	6	16
128	121	45	26	6	17
129	121	45	26	6	16
130	121	45	26	6	16
131	121	45	26	6	16
132	125	45	27	6	16
133	124	45	27	6	16
134	124	45	27	6	17
135	124	53	27	8	17
136	132	53	29	8	17
137	132	54	29	8	17
138	132	54	29	8	16
139	132	55	29	8	16
140	132	55	29	8	16
141	132	56	29	8	16
142	132	56	29	8	16
143	132	57	29	8	16
144	132	57	29	8	16
145	132	58	29	8	16
146	132	58	29	8	16
147	132	59	29	8	15
148	132	58	29	8	15
149	132	58	29	8	15
150	132	58	29	8	15
151	132	58	29	8	15
152	132	58	29	8	15
153	132	58	29	8	14
154	140	58	31	8	15
155	140	58	31	8	15
156	140	58	31	8	15
157	140	58	31	8	15
158	140	58	31	8	15
159	140	58	31	8	15
160	140	58	31	8	15
161	140	59	31	8	15
162	140	67	31	10	16
163	140	68	31	10	15
164	140	76	31	12	15
165	140	76	31	12	15
166	140	76	31	12	15
167	140	76	31	12	15
168	140	76	31	12	15
169	140	76	31	12	15
170	148	76	33	12	15
171	148	76	33	12	16
172	148	76	33	12	16
173	148	76	33	12	15
174	148	76	33	12	15
175	156	76	35	12	15
176	156	76	35	12	15
177	156	76	35	12	15
178	156	76	35	12	15
179	156	85	35	14	15
180	156	85	35	14	15
181	156	86	35	14	15
182	156	86	35	14	14
183	156	86	35	14	14
184	156	86	35	14	14
185	156	86	35	14	13
186	156	86	35	14	13
187	156	86	35	14	13
188	156	94	35	16	14
189	156	94	35	16	14
190	156	94	35	16	14
191	156	94	35	16	14
192	156	93	35	16	14
193	164	93	37	16	15
194	164	93	37	16	15
195	164	93	37	16	15
196	164	93	37	16	15
197	164	93	37	16	16
198	164	93	37	16	16
199	164	93	37	16	16
200	164	93	37	16	16
201	164	93	37	16	16
202	164	93	37	16	16
203	164	94	37	16	15
204	164	94	37	16	15
205	164	94	37	16	15
206	164	94	37	16	15
207	164	94	37	16	14
208	164	94	37	16	14
209	164	94	37	16	14
210	164	94	37	16	15
211	172	94	39	16	15
212	172	94	39	16	15
213	172	94	39	16	16
214	172	94	39	16	16
215	172	94	39	16	15
216	172	94	39	16	15
217	180	103	41	18	15
218	180	103	41	18	15
219	180	104	41	18	15
220	180	104	41	18	14
221	180	112	41	20	14
222	180	112	41	20	14
223	180	112	41	20	14
224	180	112	41	20	14
225	180	112	41	20	13
226	180	112	41	20	12
227	180	112	41	20	12
228	188	112	43	20	12
229	188	120	43	22	13
230	188	120	43	22	13
231	188	120	43	22	13
232	188	120	43	22	13
233	188	120	43	22	13
234	188	120	43	22	13
235	188	119	43	22	12
236	188	119	43	22	13
237	188	119	43	22	13
238	188	127	43	24	12
239	188	127	43	24	12
240	188	127	43	24	12
241	188	126	43	24	13
242	188	126	43	24	13
243	188	126	43	24	13
244	188	126	43	24	13
245	188	133	43	26	13
246	196	133	45	26	13
247	196	133	45	26	14
248	196	133	45	26	14
249	196	133	45	26	13
250	196	133	45	26	13
251	196	141	45	28	13
252	196	141	45	28	13
253	196	140	45	28	12
254	196	140	45	28	12
255	204	140	47	28	12
256	204	140	47	28	12
257	204	139	47	28	12
258	204	139	47	28	12
259	204	147	47	30	12
260	204	147	47	30	13
261	204	147	47	30	13
262	204	147	47	30	13
263	204	147	47	30	12
264	204	147	47	30	12
265	204	147	47	30	12
266	204	147	47	30	12
267	204	146	47	30	12
268	204	154	47	32	12
269	204	154	47	32	12
270	212	154	49	32	12
271	212	154	49	32	14
272	212	154	49	32	14
273	212	154	49	32	13
274	212	154	49	32	13
275	212	162	49	34	13
276	212	162	49	34	14
277	212	162	49	34	14
278	212	162	49	34	13
279	212	162	49	34	13
280	212	170	49	36	13
281	212	170	49	36	13
282	212	170	49	36	13
283	212	170	49	36	12
284	212	170	49	36	13
285	220	178	51	38	13
286	220	178	51	38	13
287	220	178	51	38	14
288	220	178	51	38	13
289	220	186	51	40	12
290	220	186	51	40	12
291	228	186	53	40	12
292	228	185	53	40	12
293	228	185	53	40	12
294	228	185	53	40	12
295	228	193	53	42	12
296	228	193	53	42	12
297	228	193	53	42	12
298	228	192	53	42	12
299	228	192	53	42	11
300	228	192	53	42	12
