# gameId 895278790  LOSS  scores [178.0, 216.0]
# mybuild 0:1.1.1.1,3:2.2.0.2  oppbuild 1:1.1.1.1,2:2.2.0.2  my_train t47  opp_train t43
# t  me  opp  mywood  oppwood  trees
1	23	23	0	0	24
2	23	23	0	0	24
3	23	23	0	0	24
4	23	23	0	0	24
5	23	23	0	0	24
6	23	23	0	0	24
7	23	23	0	0	24
8	24	23	0	0	24
9	24	23	0	0	24
10	24	23	0	0	24
11	24	23	0	0	24
12	24	23	0	0	24
13	24	23	0	0	24
14	25	23	0	0	24
15	25	23	0	0	24
16	25	23	0	0	24
17	25	23	0	0	24
18	25	23	0	0	24
19	25	23	0	0	24
20	26	23	0	0	24
21	26	23	0	0	24
22	26	23	0	0	24
23	26	23	0	0	24
24	26	24	0	0	24
25	26	24	0	0	24
26	26	24	0	0	24
27	26	24	0	0	24
28	26	24	0	0	24
29	26	24	0	0	24
30	27	25	0	0	24
31	27	25	0	0	24
32	27	25	0	0	24
33	27	25	0	0	24
34	27	25	0	0	24
35	27	25	0	0	24
36	27	26	0	0	24
37	27	26	0	0	24
38	27	26	0	0	24
39	27	26	0	0	24
40	27	26	0	0	24
41	27	26	0	0	24
42	27	27	0	0	24
43	27	16	0	0	24
44	27	16	0	0	24
45	27	16	0	0	24
46	27	16	0	0	24
47	15	16	0	0	25
48	15	16	0	0	25
49	15	16	0	0	25
50	15	17	0	0	26
51	14	17	0	0	26
52	14	18	0	0	25
53	14	18	0	0	26
54	22	19	2	0	25
55	21	19	2	0	25
56	21	20	2	0	25
57	21	20	2	0	25
58	21	20	2	0	25
59	21	20	2	0	26
60	21	21	2	0	26
61	21	21	2	0	25
62	21	21	2	0	25
63	21	21	2	0	25
64	21	22	2	0	24
65	30	22	4	0	24
66	29	23	4	0	24
67	29	23	4	0	24
68	29	23	4	0	23
69	29	23	4	0	24
70	28	24	4	0	23
71	28	24	4	0	23
72	36	24	6	0	24
73	36	24	6	0	24
74	35	25	6	0	24
75	35	25	6	0	23
76	35	26	6	0	24
77	35	26	6	0	24
78	34	26	6	0	23
79	34	26	6	0	22
80	42	27	8	0	22
81	42	27	8	0	23
82	42	28	8	0	22
83	42	28	8	0	22
84	42	28	8	0	21
85	42	28	8	0	21
86	50	29	10	0	21
87	51	29	10	0	20
88	51	29	10	0	20
89	51	29	10	0	20
90	51	30	10	0	20
91	52	30	10	0	20
92	52	31	10	0	20
93	52	31	10	0	20
94	52	31	10	0	20
95	53	31	10	0	19
96	53	32	10	0	19
97	53	32	10	0	19
98	61	32	12	0	18
99	62	32	12	0	18
100	62	33	12	0	18
101	62	33	12	0	18
102	62	34	12	0	18
103	62	34	12	0	17
104	62	34	12	0	17
105	62	34	12	0	16
106	62	34	12	0	17
107	62	34	12	0	17
108	62	34	12	0	17
109	62	34	12	0	17
110	70	34	14	0	17
111	70	34	14	0	17
112	70	42	14	2	17
113	70	42	14	2	17
114	70	42	14	2	17
115	70	43	14	2	17
116	70	43	14	2	17
117	70	44	14	2	17
118	70	44	14	2	17
119	70	45	14	2	15
120	70	44	14	2	15
121	70	44	14	2	15
122	70	44	14	2	15
123	71	44	14	2	16
124	71	52	14	4	16
125	71	52	14	4	16
126	79	52	16	4	16
127	79	53	16	4	16
128	79	53	16	4	16
129	79	53	16	4	16
130	79	53	16	4	16
131	79	53	16	4	16
132	79	53	16	4	16
133	79	53	16	4	15
134	79	53	16	4	15
135	79	61	16	6	15
136	79	61	16	6	15
137	80	61	16	6	15
138	88	61	18	6	15
139	88	61	18	6	15
140	88	61	18	6	16
141	88	61	18	6	16
142	88	61	18	6	16
143	88	62	18	6	16
144	88	62	18	6	16
145	88	63	18	6	16
146	88	63	18	6	16
147	88	63	18	6	16
148	88	63	18	6	15
149	88	63	18	6	15
150	88	71	18	8	16
151	89	71	18	8	16
152	89	71	18	8	16
153	97	72	20	8	16
154	97	72	20	8	15
155	97	72	20	8	15
156	97	80	20	10	16
157	97	80	20	10	16
158	97	80	20	10	16
159	97	81	20	10	16
160	97	81	20	10	15
161	97	81	20	10	15
162	97	81	20	10	15
163	97	81	20	10	16
164	97	81	20	10	16
165	98	81	20	10	16
166	106	81	22	10	16
167	106	81	22	10	15
168	106	81	22	10	15
169	106	89	22	12	16
170	106	89	22	12	16
171	106	89	22	12	16
172	106	89	22	12	16
173	106	90	22	12	16
174	106	90	22	12	15
175	106	90	22	12	15
176	106	90	22	12	16
177	106	90	22	12	16
178	106	90	22	12	16
179	107	91	22	12	15
180	115	91	24	12	15
181	115	92	24	12	15
182	115	92	24	12	15
183	115	92	24	12	15
184	115	100	24	14	15
185	115	101	24	14	15
186	115	101	24	14	15
187	115	102	24	14	14
188	115	101	24	14	14
189	115	101	24	14	14
190	115	101	24	14	15
191	115	101	24	14	15
192	115	101	24	14	15
193	124	102	26	14	15
194	124	102	26	14	15
195	124	102	26	14	15
196	124	102	26	14	15
197	124	103	26	14	15
198	124	103	26	14	14
199	124	104	26	14	14
200	124	104	26	14	13
201	124	104	26	14	13
202	124	104	26	14	13
203	124	112	26	16	14
204	124	112	26	16	14
205	124	112	26	16	14
206	132	112	28	16	14
207	132	112	28	16	14
208	132	112	28	16	13
209	132	120	28	18	13
210	132	120	28	18	13
211	132	120	28	18	14
212	132	120	28	18	14
213	132	120	28	18	13
214	132	120	28	18	13
215	132	128	28	20	12
216	133	128	28	20	13
217	133	128	28	20	13
218	133	128	28	20	13
219	133	127	28	20	12
220	133	127	28	20	12
221	133	135	28	22	13
222	141	135	30	22	13
223	141	135	30	22	13
224	141	135	30	22	13
225	141	135	30	22	12
226	141	143	30	24	12
227	141	143	30	24	12
228	141	143	30	24	12
229	141	142	30	24	11
230	141	142	30	24	11
231	141	150	30	26	11
232	142	150	30	26	12
233	142	150	30	26	12
234	142	150	30	26	12
235	142	150	30	26	11
236	150	150	32	26	11
237	150	158	32	28	11
238	150	158	32	28	11
239	150	158	32	28	11
240	150	157	32	28	11
241	150	157	32	28	11
242	150	157	32	28	11
243	150	165	32	30	11
244	150	165	32	30	10
245	150	169	32	31	10
246	150	169	32	31	10
247	150	169	32	31	10
248	151	168	32	31	10
249	151	168	32	31	10
250	151	168	32	31	10
251	151	176	32	33	10
252	151	176	32	33	10
253	151	176	32	33	10
254	151	175	32	33	10
255	151	175	32	33	10
256	159	175	34	33	11
257	159	175	34	33	11
258	159	174	34	33	11
259	159	174	34	33	10
260	159	174	34	33	10
261	159	182	34	35	11
262	159	182	34	35	11
263	159	182	34	35	11
264	160	182	34	35	10
265	160	182	34	35	10
266	160	182	34	35	9
267	160	190	34	37	9
268	160	190	34	37	9
269	160	190	34	37	9
270	160	189	34	37	8
271	168	189	36	37	8
272	168	197	36	39	9
273	168	197	36	39	9
274	168	197	36	39	9
275	168	196	36	39	9
276	168	196	36	39	10
277	168	195	36	39	10
278	168	195	36	39	10
279	168	195	36	39	9
280	169	195	36	39	9
281	169	195	36	39	9
282	169	195	36	39	9
283	169	203	36	41	9
284	169	203	36	41	9
285	169	203	36	41	8
286	177	211	38	43	8
287	177	211	38	43	8
288	177	211	38	43	8
289	177	210	38	43	7
290	177	210	38	43	7
291	177	218	38	45	8
292	177	218	38	45	8
293	177	218	38	45	8
294	177	217	38	45	8
295	177	217	38	45	9
296	178	216	38	45	9
297	178	216	38	45	8
298	178	216	38	45	8
299	178	216	38	45	9
300	178	216	38	45	8
