# gameId 895241224  LOSS  scores [177.0, 244.0]
# mybuild 0:1.1.1.1,3:2.2.0.2  oppbuild 1:1.1.1.1,2:2.2.0.2  my_train t55  opp_train t41
# t  me  opp  mywood  oppwood  trees
1	26	26	0	0	10
2	26	26	0	0	10
3	25	26	0	0	10
4	25	26	0	0	11
5	24	26	0	0	11
6	24	26	0	0	11
7	24	26	0	0	12
8	24	26	0	0	12
9	23	26	0	0	12
10	23	26	0	0	12
11	23	26	0	0	13
12	23	26	0	0	13
13	22	26	0	0	13
14	22	26	0	0	13
15	22	26	0	0	13
16	22	26	0	0	14
17	22	26	0	0	14
18	22	26	0	0	14
19	21	26	0	0	14
20	21	26	0	0	14
21	21	26	0	0	14
22	21	26	0	0	15
23	21	26	0	0	15
24	21	26	0	0	15
25	20	26	0	0	15
26	20	26	0	0	15
27	20	26	0	0	15
28	20	26	0	0	16
29	20	26	0	0	16
30	20	26	0	0	16
31	19	26	0	0	16
32	19	26	0	0	16
33	19	26	0	0	16
34	19	26	0	0	17
35	19	26	0	0	17
36	19	26	0	0	17
37	19	26	0	0	17
38	19	26	0	0	17
39	19	26	0	0	17
40	19	27	0	0	17
41	19	16	0	0	17
42	19	15	0	0	17
43	19	15	0	0	18
44	19	14	0	0	18
45	19	14	0	0	18
46	20	14	0	0	19
47	20	14	0	0	19
48	20	13	0	0	18
49	20	13	0	0	18
50	20	13	0	0	19
51	20	13	0	0	19
52	20	12	0	0	19
53	20	12	0	0	18
54	20	12	0	0	18
55	9	12	0	0	19
56	9	12	0	0	19
57	9	12	0	0	18
58	9	11	0	0	18
59	9	11	0	0	18
60	9	11	0	0	18
61	9	11	0	0	18
62	9	11	0	0	18
63	9	11	0	0	18
64	9	10	0	0	18
65	9	10	0	0	18
66	17	10	2	0	17
67	17	10	2	0	19
68	17	10	2	0	19
69	17	10	2	0	19
70	17	18	2	2	19
71	17	18	2	2	19
72	17	18	2	2	18
73	17	18	2	2	19
74	17	18	2	2	20
75	17	18	2	2	19
76	25	18	4	2	20
77	25	18	4	2	20
78	25	26	4	4	20
79	25	26	4	4	21
80	25	26	4	4	21
81	25	26	4	4	21
82	25	25	4	4	21
83	25	25	4	4	22
84	25	25	4	4	21
85	25	25	4	4	21
86	25	25	4	4	21
87	25	26	4	4	20
88	25	26	4	4	20
89	33	27	6	4	20
90	33	27	6	4	20
91	33	27	6	4	19
92	33	27	6	4	19
93	33	28	6	4	19
94	33	36	6	6	19
95	33	37	6	6	19
96	33	37	6	6	19
97	33	37	6	6	19
98	33	37	6	6	18
99	33	37	6	6	17
100	33	37	6	6	18
101	33	45	6	8	18
102	33	45	6	8	18
103	41	46	8	8	18
104	41	46	8	8	17
105	41	54	8	10	17
106	41	54	8	10	17
107	41	54	8	10	17
108	41	54	8	10	18
109	41	54	8	10	18
110	41	54	8	10	18
111	41	54	8	10	17
112	41	54	8	10	17
113	41	55	8	10	17
114	41	63	8	12	17
115	41	63	8	12	17
116	49	63	10	12	17
117	49	64	10	12	17
118	49	64	10	12	16
119	49	64	10	12	16
120	49	72	10	14	17
121	49	72	10	14	17
122	49	72	10	14	17
123	49	72	10	14	17
124	49	72	10	14	17
125	49	73	10	14	17
126	49	73	10	14	17
127	49	82	10	16	17
128	49	82	10	16	16
129	49	83	10	16	16
130	49	83	10	16	15
131	49	83	10	16	15
132	49	91	10	18	15
133	49	91	10	18	16
134	57	91	12	18	16
135	57	91	12	18	16
136	57	91	12	18	15
137	57	91	12	18	15
138	57	91	12	18	16
139	57	91	12	18	16
140	57	91	12	18	16
141	57	92	12	18	16
142	57	92	12	18	16
143	57	93	12	18	16
144	65	93	14	18	16
145	65	93	14	18	16
146	65	93	14	18	15
147	65	94	14	18	15
148	65	94	14	18	15
149	65	95	14	18	15
150	65	95	14	18	14
151	65	95	14	18	14
152	73	103	16	20	14
153	73	103	16	20	14
154	73	103	16	20	16
155	73	103	16	20	16
156	73	103	16	20	16
157	73	103	16	20	16
158	73	103	16	20	16
159	73	103	16	20	15
160	73	103	16	20	15
161	73	111	16	22	15
162	73	111	16	22	15
163	73	111	16	22	15
164	81	112	18	22	15
165	81	112	18	22	15
166	81	113	18	22	15
167	81	113	18	22	15
168	81	114	18	22	15
169	81	114	18	22	14
170	81	114	18	22	14
171	89	114	20	22	14
172	89	114	20	22	13
173	89	114	20	22	14
174	89	122	20	24	14
175	89	122	20	24	14
176	89	122	20	24	13
177	89	122	20	24	13
178	89	122	20	24	15
179	89	122	20	24	14
180	89	122	20	24	14
181	97	122	22	24	14
182	97	130	22	26	15
183	97	130	22	26	15
184	97	130	22	26	14
185	97	130	22	26	14
186	97	130	22	26	14
187	97	130	22	26	13
188	97	130	22	26	13
189	97	138	22	28	13
190	97	138	22	28	12
191	97	138	22	28	13
192	97	138	22	28	14
193	97	137	22	28	14
194	97	137	22	28	14
195	105	136	24	28	14
196	105	136	24	28	14
197	105	144	24	30	14
198	105	144	24	30	14
199	105	144	24	30	14
200	105	144	24	30	13
201	105	144	24	30	13
202	105	152	24	32	13
203	105	152	24	32	12
204	105	156	24	33	12
205	105	156	24	33	12
206	105	156	24	33	12
207	113	155	26	33	11
208	113	155	26	33	11
209	113	163	26	35	12
210	113	163	26	35	13
211	113	163	26	35	13
212	113	162	26	35	12
213	113	162	26	35	13
214	113	161	26	35	12
215	113	161	26	35	12
216	113	169	26	37	12
217	113	169	26	37	12
218	121	168	28	37	12
219	121	168	28	37	12
220	121	168	28	37	11
221	121	168	28	37	12
222	121	176	28	39	12
223	121	176	28	39	11
224	121	175	28	39	11
225	121	175	28	39	11
226	121	175	28	39	11
227	129	183	30	41	11
228	129	183	30	41	11
229	129	183	30	41	11
230	129	182	30	41	11
231	129	182	30	41	11
232	129	190	30	43	12
233	129	190	30	43	11
234	129	194	30	44	11
235	129	194	30	44	11
236	129	194	30	44	10
237	129	193	30	44	10
238	129	193	30	44	10
239	129	193	30	44	11
240	137	193	32	44	11
241	137	192	32	44	11
242	137	192	32	44	11
243	137	191	32	44	11
244	137	191	32	44	11
245	137	191	32	44	11
246	137	191	32	44	10
247	137	191	32	44	10
248	137	191	32	44	10
249	137	191	32	44	11
250	145	191	34	44	12
251	145	190	34	44	11
252	145	190	34	44	11
253	145	198	34	46	11
254	145	198	34	46	12
255	145	198	34	46	11
256	145	206	34	48	11
257	145	206	34	48	11
258	145	205	34	48	11
259	153	205	36	48	11
260	153	205	36	48	11
261	153	213	36	50	11
262	153	213	36	50	11
263	153	213	36	50	11
264	153	212	36	50	10
265	153	212	36	50	11
266	153	211	36	50	12
267	153	211	36	50	12
268	153	211	36	50	11
269	153	211	36	50	11
270	153	210	36	50	11
271	153	218	36	52	11
272	153	218	36	52	11
273	161	218	38	52	12
274	161	218	38	52	12
275	161	218	38	52	11
276	161	217	38	52	11
277	161	217	38	52	11
278	161	225	38	54	11
279	161	225	38	54	12
280	161	225	38	54	11
281	161	225	38	54	11
282	161	225	38	54	11
283	161	224	38	54	11
284	169	224	40	54	11
285	169	232	40	56	12
286	169	232	40	56	12
287	169	231	40	56	12
288	169	231	40	56	12
289	169	231	40	56	11
290	169	231	40	56	11
291	177	238	42	58	11
292	177	238	42	58	11
293	177	238	42	58	11
294	177	238	42	58	12
295	177	238	42	58	11
296	177	246	42	60	11
297	177	246	42	60	11
298	177	245	42	60	11
299	177	245	42	60	11
300	177	244	42	60	11
