# gameId 895240746  LOSS  scores [64.0, 203.0]
# mybuild 0:1.1.1.1  oppbuild 1:1.1.1.1,2:2.2.0.2  my_train tNone  opp_train t47
# t  me  opp  mywood  oppwood  trees
1	19	19	0	0	18
2	19	19	0	0	18
3	19	19	0	0	18
4	19	19	0	0	18
5	19	19	0	0	18
6	19	19	0	0	18
7	19	19	0	0	18
8	19	19	0	0	18
9	19	19	0	0	18
10	19	19	0	0	18
11	19	19	0	0	18
12	19	19	0	0	18
13	19	19	0	0	18
14	19	19	0	0	18
15	19	19	0	0	18
16	19	20	0	0	18
17	19	20	0	0	18
18	19	20	0	0	18
19	19	20	0	0	18
20	19	20	0	0	18
21	19	20	0	0	18
22	19	20	0	0	18
23	19	20	0	0	18
24	19	20	0	0	18
25	19	20	0	0	18
26	19	20	0	0	18
27	19	20	0	0	18
28	19	21	0	0	18
29	19	21	0	0	18
30	19	21	0	0	17
31	19	21	0	0	17
32	19	21	0	0	17
33	19	21	0	0	17
34	19	21	0	0	17
35	19	21	0	0	17
36	19	21	0	0	17
37	19	21	0	0	17
38	19	21	0	0	17
39	19	21	0	0	17
40	19	22	0	0	17
41	19	22	0	0	17
42	19	22	0	0	17
43	23	22	1	0	17
44	23	22	1	0	17
45	23	22	1	0	17
46	23	23	1	0	17
47	23	12	1	0	17
48	23	11	1	0	17
49	23	11	1	0	18
50	23	10	1	0	18
51	23	10	1	0	18
52	23	10	1	0	18
53	23	10	1	0	18
54	23	9	1	0	18
55	23	9	1	0	19
56	27	8	2	0	19
57	27	8	2	0	19
58	27	8	2	0	19
59	27	8	2	0	20
60	27	8	2	0	20
61	27	8	2	0	19
62	27	7	2	0	19
63	31	7	3	0	19
64	31	7	3	0	19
65	31	7	3	0	19
66	31	7	3	0	19
67	31	7	3	0	19
68	31	7	3	0	19
69	31	7	3	0	19
70	31	7	3	0	19
71	31	7	3	0	20
72	31	7	3	0	20
73	31	7	3	0	20
74	31	6	3	0	20
75	31	6	3	0	20
76	31	6	3	0	21
77	31	6	3	0	19
78	31	6	3	0	19
79	31	6	3	0	19
80	31	6	3	0	19
81	31	6	3	0	19
82	31	6	3	0	19
83	31	7	3	0	19
84	35	7	4	0	19
85	35	16	4	2	19
86	35	16	4	2	19
87	35	17	4	2	19
88	35	17	4	2	19
89	35	17	4	2	19
90	35	17	4	2	19
91	35	18	4	2	19
92	35	18	4	2	19
93	35	19	4	2	18
94	35	19	4	2	18
95	35	19	4	2	18
96	35	19	4	2	18
97	35	20	4	2	18
98	35	28	4	4	18
99	39	29	5	4	18
100	39	29	5	4	18
101	39	29	5	4	18
102	39	29	5	4	18
103	39	30	5	4	18
104	39	30	5	4	18
105	39	31	5	4	18
106	39	31	5	4	18
107	39	31	5	4	17
108	39	31	5	4	17
109	39	32	5	4	17
110	39	32	5	4	17
111	39	41	5	6	17
112	39	41	5	6	17
113	39	41	5	6	17
114	39	41	5	6	16
115	39	41	5	6	16
116	39	41	5	6	16
117	39	49	5	8	16
118	39	49	5	8	16
119	39	49	5	8	17
120	39	49	5	8	17
121	39	49	5	8	17
122	39	49	5	8	17
123	39	50	5	8	17
124	43	50	6	8	17
125	43	51	6	8	17
126	43	51	6	8	17
127	43	52	6	8	17
128	43	52	6	8	16
129	43	53	6	8	16
130	43	53	6	8	16
131	43	54	6	8	16
132	43	54	6	8	16
133	43	55	6	8	16
134	43	63	6	10	16
135	43	64	6	10	16
136	43	64	6	10	16
137	43	64	6	10	16
138	43	64	6	10	16
139	43	65	6	10	16
140	43	65	6	10	16
141	43	66	6	10	16
142	43	66	6	10	16
143	43	67	6	10	16
144	43	67	6	10	14
145	43	67	6	10	14
146	43	67	6	10	14
147	43	67	6	10	14
148	43	67	6	10	15
149	43	75	6	12	15
150	43	75	6	12	15
151	43	76	6	12	15
152	43	76	6	12	15
153	43	77	6	12	15
154	43	77	6	12	15
155	43	77	6	12	15
156	43	77	6	12	15
157	47	78	7	12	15
158	47	78	7	12	15
159	47	79	7	12	15
160	47	79	7	12	15
161	47	80	7	12	15
162	47	80	7	12	15
163	47	81	7	12	15
164	47	81	7	12	15
165	47	82	7	12	14
166	47	82	7	12	14
167	47	83	7	12	14
168	47	83	7	12	14
169	47	84	7	12	14
170	47	84	7	12	14
171	47	84	7	12	14
172	47	92	7	14	14
173	51	93	8	14	14
174	51	93	8	14	14
175	51	94	8	14	14
176	51	94	8	14	14
177	51	95	8	14	14
178	51	95	8	14	14
179	51	95	8	14	14
180	51	95	8	14	14
181	51	96	8	14	14
182	51	96	8	14	14
183	51	97	8	14	14
184	51	97	8	14	14
185	51	98	8	14	14
186	51	98	8	14	14
187	51	98	8	14	14
188	51	98	8	14	14
189	51	99	8	14	14
190	51	99	8	14	14
191	51	100	8	14	13
192	51	100	8	14	13
193	51	101	8	14	13
194	51	101	8	14	12
195	51	101	8	14	12
196	51	101	8	14	12
197	51	101	8	14	12
198	51	101	8	14	12
199	51	101	8	14	13
200	51	101	8	14	13
201	51	109	8	16	13
202	51	109	8	16	13
203	51	109	8	16	13
204	51	109	8	16	13
205	51	109	8	16	12
206	51	117	8	18	12
207	51	117	8	18	13
208	55	117	9	18	13
209	55	117	9	18	13
210	55	117	9	18	12
211	55	125	9	20	13
212	55	125	9	20	13
213	55	125	9	20	13
214	55	125	9	20	13
215	55	125	9	20	13
216	55	125	9	20	12
217	55	124	9	20	12
218	55	132	9	22	12
219	55	132	9	22	13
220	55	132	9	22	13
221	55	132	9	22	13
222	55	132	9	22	13
223	55	132	9	22	12
224	55	136	9	23	12
225	55	135	9	23	12
226	55	135	9	23	13
227	55	135	9	23	12
228	55	135	9	23	12
229	55	142	9	25	12
230	55	142	9	25	13
231	55	142	9	25	13
232	55	142	9	25	13
233	55	142	9	25	12
234	55	150	9	27	12
235	55	150	9	27	13
236	55	150	9	27	13
237	55	150	9	27	13
238	59	150	10	27	13
239	59	150	10	27	13
240	59	150	10	27	13
241	59	150	10	27	12
242	59	158	10	29	12
243	59	158	10	29	12
244	59	158	10	29	13
245	59	158	10	29	13
246	59	158	10	29	13
247	59	158	10	29	13
248	59	158	10	29	13
249	59	158	10	29	13
250	59	159	10	29	13
251	59	159	10	29	13
252	59	159	10	29	12
253	59	159	10	29	12
254	59	167	10	31	12
255	59	167	10	31	12
256	59	167	10	31	13
257	59	167	10	31	13
258	59	167	10	31	13
259	59	167	10	31	13
260	59	167	10	31	13
261	59	167	10	31	13
262	59	167	10	31	12
263	59	167	10	31	12
264	59	167	10	31	13
265	59	167	10	31	12
266	59	167	10	31	12
267	59	175	10	33	12
268	59	175	10	33	12
269	59	175	10	33	13
270	59	175	10	33	13
271	59	175	10	33	13
272	59	175	10	33	13
273	59	176	10	33	13
274	59	176	10	33	12
275	59	176	10	33	12
276	63	184	11	35	12
277	63	184	11	35	13
278	63	184	11	35	13
279	63	184	11	35	13
280	63	184	11	35	12
281	63	192	11	37	12
282	63	192	11	37	12
283	63	192	11	37	12
284	63	192	11	37	12
285	63	192	11	37	12
286	63	192	11	37	13
287	63	192	11	37	13
288	63	192	11	37	13
289	63	192	11	37	13
290	63	193	11	37	13
291	63	193	11	37	13
292	63	194	11	37	13
293	63	194	11	37	13
294	63	195	11	37	13
295	63	195	11	37	12
296	63	195	11	37	12
297	63	203	11	39	12
298	63	203	11	39	12
299	63	203	11	39	13
300	64	203	11	39	13
