# gameId 895373319  LOSS  scores [49.0, 270.0]
# mybuild 0:1.1.1.1,2:1.1.1.0,4:1.1.1.0  oppbuild 1:1.1.1.1,3:2.2.0.2  my_train t11  opp_train t15
# t  me  opp  mywood  oppwood  trees
1	19	19	0	0	16
2	19	19	0	0	16
3	19	19	0	0	16
4	19	19	0	0	16
5	19	19	0	0	16
6	20	19	0	0	16
7	20	19	0	0	16
8	20	20	0	0	16
9	20	20	0	0	16
10	21	20	0	0	16
11	15	20	0	0	16
12	15	20	0	0	16
13	15	20	0	0	16
14	16	21	0	0	16
15	16	10	0	0	16
16	16	9	0	0	16
17	16	9	0	0	17
18	17	8	0	0	17
19	17	8	0	0	18
20	17	8	0	0	19
21	17	8	0	0	19
22	17	7	0	0	19
23	17	7	0	0	20
24	17	6	0	0	20
25	17	6	0	0	21
26	18	6	0	0	22
27	18	6	0	0	22
28	18	5	0	0	22
29	18	5	0	0	21
30	18	5	0	0	21
31	18	5	0	0	22
32	20	5	0	0	22
33	20	5	0	0	21
34	20	5	0	0	21
35	20	6	0	0	21
36	20	6	0	0	21
37	20	6	0	0	21
38	21	6	0	0	20
39	21	7	0	0	20
40	22	7	0	0	20
41	13	7	0	0	20
42	13	7	0	0	21
43	13	8	0	0	21
44	13	8	0	0	21
45	13	8	0	0	20
46	13	8	0	0	20
47	13	9	0	0	20
48	14	9	0	0	20
49	14	9	0	0	20
50	15	9	0	0	20
51	15	10	0	0	21
52	15	10	0	0	21
53	15	10	0	0	21
54	15	10	0	0	20
55	15	11	0	0	20
56	15	11	0	0	20
57	15	12	0	0	20
58	16	12	0	0	19
59	18	12	0	0	19
60	18	12	0	0	19
61	18	13	0	0	19
62	18	13	0	0	18
63	18	13	0	0	18
64	19	13	0	0	18
65	20	14	0	0	18
66	20	22	0	2	18
67	20	23	0	2	18
68	20	23	0	2	18
69	21	23	0	2	18
70	22	23	0	2	18
71	23	24	0	2	18
72	23	24	0	2	18
73	23	25	0	2	17
74	23	24	0	2	17
75	23	32	0	4	17
76	24	32	0	4	17
77	24	32	0	4	18
78	24	32	0	4	18
79	25	32	0	4	18
80	25	32	0	4	18
81	25	32	0	4	18
82	26	32	0	4	17
83	27	32	0	4	18
84	27	40	0	6	18
85	27	40	0	6	18
86	27	40	0	6	18
87	27	41	0	6	17
88	27	49	0	8	17
89	28	49	0	8	17
90	28	49	0	8	17
91	28	49	0	8	17
92	28	49	0	8	18
93	28	49	0	8	18
94	28	57	0	10	18
95	28	57	0	10	18
96	28	57	0	10	19
97	28	57	0	10	19
98	28	57	0	10	20
99	29	57	0	10	20
100	29	57	0	10	19
101	29	65	0	12	19
102	29	65	0	12	19
103	29	65	0	12	19
104	29	66	0	12	19
105	29	66	0	12	19
106	30	66	0	12	19
107	30	66	0	12	18
108	30	67	0	12	18
109	31	67	0	12	18
110	31	67	0	12	18
111	31	75	0	14	18
112	31	76	0	14	18
113	32	76	0	14	18
114	32	76	0	14	18
115	32	76	0	14	18
116	32	77	0	14	17
117	32	76	0	14	17
118	32	76	0	14	18
119	32	84	0	16	18
120	32	84	0	16	18
121	33	84	0	16	18
122	33	85	0	16	18
123	33	85	0	16	18
124	33	85	0	16	18
125	33	85	0	16	18
126	33	86	0	16	18
127	33	86	0	16	18
128	33	86	0	16	18
129	34	86	0	16	18
130	34	87	0	16	18
131	35	87	0	16	17
132	35	87	0	16	17
133	36	87	0	16	17
134	36	95	0	18	17
135	36	95	0	18	18
136	36	95	0	18	18
137	36	95	0	18	17
138	36	103	0	20	17
139	36	103	0	20	17
140	36	103	0	20	18
141	36	103	0	20	18
142	36	103	0	20	18
143	36	103	0	20	18
144	36	103	0	20	18
145	36	103	0	20	18
146	37	103	0	20	18
147	37	103	0	20	18
148	36	103	0	20	19
149	36	103	0	20	19
150	36	103	0	20	19
151	36	111	0	22	19
152	36	111	0	22	19
153	36	111	0	22	19
154	36	110	0	22	19
155	36	110	0	22	19
156	36	110	0	22	19
157	36	110	0	22	19
158	36	110	0	22	19
159	36	110	0	22	18
160	37	110	0	22	18
161	37	111	0	22	18
162	37	111	0	22	19
163	38	119	0	24	19
164	38	119	0	24	19
165	38	120	0	24	19
166	38	120	0	24	19
167	38	121	0	24	19
168	38	121	0	24	19
169	38	121	0	24	18
170	38	121	0	24	18
171	38	122	0	24	18
172	39	122	0	24	18
173	39	123	0	24	18
174	39	131	0	26	19
175	39	131	0	26	19
176	39	131	0	26	19
177	39	132	0	26	19
178	39	132	0	26	19
179	40	133	0	26	19
180	40	133	0	26	18
181	40	133	0	26	18
182	40	133	0	26	18
183	40	134	0	26	18
184	41	134	0	26	18
185	41	143	0	28	18
186	41	143	0	28	19
187	41	143	0	28	19
188	41	143	0	28	19
189	41	143	0	28	18
190	41	151	0	30	18
191	41	151	0	30	19
192	41	151	0	30	19
193	41	151	0	30	19
194	41	151	0	30	18
195	42	151	0	30	18
196	43	159	0	32	18
197	43	159	0	32	19
198	43	159	0	32	19
199	43	159	0	32	19
200	43	159	0	32	19
201	43	159	0	32	19
202	43	167	0	34	19
203	43	167	0	34	19
204	43	167	0	34	19
205	43	167	0	34	20
206	43	167	0	34	19
207	43	167	0	34	20
208	44	175	0	36	20
209	44	175	0	36	21
210	44	175	0	36	21
211	45	175	0	36	21
212	45	175	0	36	21
213	45	175	0	36	22
214	45	175	0	36	22
215	45	175	0	36	22
216	45	175	0	36	21
217	45	183	0	38	22
218	45	183	0	38	23
219	45	183	0	38	23
220	46	183	0	38	23
221	46	183	0	38	23
222	46	183	0	38	23
223	46	183	0	38	22
224	46	184	0	38	22
225	46	184	0	38	23
226	46	192	0	40	24
227	46	192	0	40	25
228	46	192	0	40	25
229	46	192	0	40	25
230	46	192	0	40	25
231	46	192	0	40	26
232	46	192	0	40	26
233	46	192	0	40	25
234	46	200	0	42	25
235	46	200	0	42	26
236	46	200	0	42	26
237	46	201	0	42	26
238	46	201	0	42	27
239	46	201	0	42	27
240	46	201	0	42	26
241	46	202	0	42	26
242	46	202	0	42	26
243	46	210	0	44	26
244	46	210	0	44	26
245	46	211	0	44	26
246	46	211	0	44	26
247	46	211	0	44	26
248	46	211	0	44	25
249	46	212	0	44	25
250	46	212	0	44	25
251	46	220	0	46	25
252	46	220	0	46	25
253	46	221	0	46	25
254	46	221	0	46	25
255	46	221	0	46	25
256	46	221	0	46	24
257	46	221	0	46	25
258	46	221	0	46	25
259	46	229	0	48	25
260	46	229	0	48	25
261	46	229	0	48	25
262	46	230	0	48	25
263	46	230	0	48	25
264	46	230	0	48	25
265	46	230	0	48	25
266	46	231	0	48	25
267	46	231	0	48	24
268	46	231	0	48	24
269	46	239	0	50	24
270	46	239	0	50	24
271	46	239	0	50	25
272	46	239	0	50	25
273	46	239	0	50	24
274	46	247	0	52	24
275	46	247	0	52	24
276	46	247	0	52	25
277	46	247	0	52	25
278	46	247	0	52	25
279	46	247	0	52	25
280	46	247	0	52	25
281	46	247	0	52	24
282	46	247	0	52	24
283	46	255	0	54	24
284	46	255	0	54	24
285	46	255	0	54	24
286	46	254	0	54	24
287	46	254	0	54	24
288	46	254	0	54	25
289	46	254	0	54	24
290	46	254	0	54	24
291	46	262	0	56	24
292	46	262	0	56	25
293	46	262	0	56	25
294	46	262	0	56	25
295	46	262	0	56	25
296	46	262	0	56	24
297	46	270	0	58	24
298	46	270	0	58	25
299	46	270	0	58	25
300	48	270	0	58	24
