# gameId 895394529  LOSS  scores [174.0, 246.0]
# mybuild 0:1.1.1.1,2:2.2.0.2  oppbuild 1:1.1.1.1,3:2.2.0.2  my_train t21  opp_train t21
# t  me  opp  mywood  oppwood  trees
1	23	23	0	0	18
2	23	23	0	0	18
3	23	23	0	0	18
4	23	23	0	0	18
5	23	23	0	0	18
6	23	23	0	0	18
7	23	23	0	0	18
8	24	24	0	0	18
9	24	24	0	0	18
10	24	24	0	0	18
11	24	24	0	0	18
12	24	24	0	0	18
13	24	24	0	0	18
14	25	25	0	0	18
15	25	25	0	0	18
16	25	25	0	0	18
17	25	25	0	0	18
18	25	25	0	0	18
19	25	25	0	0	18
20	26	26	0	0	18
21	14	15	0	0	18
22	14	15	0	0	18
23	14	15	0	0	19
24	14	15	0	0	20
25	14	15	0	0	20
26	14	15	0	0	19
27	14	15	0	0	20
28	14	15	0	0	20
29	13	15	0	0	20
30	13	15	0	0	22
31	12	15	0	0	22
32	20	15	2	0	21
33	20	15	2	0	22
34	20	15	2	0	22
35	19	15	2	0	22
36	19	15	2	0	23
37	19	15	2	0	23
38	19	15	2	0	24
39	18	15	2	0	23
40	18	15	2	0	23
41	26	15	4	0	24
42	26	14	4	0	24
43	26	14	4	0	24
44	26	14	4	0	24
45	26	14	4	0	23
46	34	13	6	0	24
47	34	13	6	0	24
48	34	13	6	0	23
49	34	13	6	0	25
50	34	13	6	0	25
51	34	13	6	0	25
52	34	13	6	0	23
53	34	13	6	0	23
54	42	13	8	0	23
55	42	14	8	0	23
56	42	14	8	0	22
57	42	14	8	0	22
58	42	14	8	0	21
59	42	15	8	0	21
60	50	15	10	0	21
61	50	16	10	0	20
62	58	16	12	0	20
63	58	17	12	0	20
64	58	17	12	0	20
65	58	18	12	0	20
66	58	18	12	0	20
67	59	19	12	0	20
68	59	19	12	0	20
69	59	20	12	0	20
70	59	20	12	0	20
71	59	28	12	2	20
72	59	28	12	2	19
73	59	29	12	2	19
74	59	29	12	2	19
75	59	30	12	2	19
76	59	30	12	2	19
77	67	31	14	2	19
78	67	31	14	2	19
79	67	31	14	2	19
80	67	31	14	2	19
81	67	32	14	2	19
82	67	32	14	2	18
83	68	33	14	2	18
84	68	33	14	2	18
85	68	34	14	2	18
86	76	34	16	2	18
87	76	34	16	2	18
88	76	42	16	4	18
89	76	43	16	4	18
90	76	43	16	4	18
91	76	44	16	4	18
92	76	44	16	4	18
93	76	45	16	4	18
94	76	45	16	4	18
95	76	45	16	4	18
96	76	45	16	4	17
97	76	46	16	4	17
98	76	46	16	4	17
99	76	47	16	4	17
100	84	47	18	4	17
101	84	48	18	4	17
102	85	56	18	6	17
103	85	56	18	6	17
104	85	56	18	6	17
105	85	57	18	6	17
106	85	57	18	6	17
107	85	58	18	6	17
108	85	58	18	6	17
109	85	59	18	6	16
110	85	58	18	6	16
111	85	58	18	6	16
112	85	58	18	6	16
113	85	58	18	6	16
114	85	58	18	6	16
115	85	58	18	6	16
116	86	58	18	6	17
117	86	58	18	6	17
118	94	58	20	6	16
119	94	58	20	6	16
120	94	58	20	6	16
121	94	59	20	6	16
122	94	59	20	6	16
123	94	60	20	6	16
124	94	60	20	6	16
125	94	68	20	8	16
126	94	68	20	8	15
127	94	68	20	8	15
128	94	68	20	8	15
129	94	68	20	8	15
130	94	68	20	8	15
131	94	68	20	8	15
132	102	68	22	8	16
133	102	68	22	8	16
134	102	68	22	8	16
135	102	68	22	8	16
136	102	68	22	8	16
137	102	69	22	8	16
138	102	69	22	8	16
139	102	70	22	8	15
140	103	70	22	8	14
141	103	70	22	8	14
142	103	70	22	8	14
143	103	78	22	10	14
144	103	78	22	10	13
145	103	78	22	10	14
146	103	78	22	10	14
147	103	78	22	10	13
148	103	78	22	10	13
149	103	86	22	12	13
150	103	86	22	12	13
151	111	86	24	12	13
152	111	86	24	12	13
153	111	86	24	12	13
154	111	86	24	12	14
155	111	86	24	12	14
156	111	86	24	12	14
157	111	86	24	12	14
158	111	86	24	12	14
159	111	86	24	12	14
160	111	86	24	12	14
161	111	86	24	12	14
162	111	94	24	14	14
163	111	94	24	14	14
164	112	94	24	14	14
165	112	94	24	14	13
166	120	94	26	14	13
167	120	102	26	16	13
168	120	102	26	16	13
169	120	102	26	16	13
170	120	102	26	16	13
171	120	102	26	16	13
172	120	102	26	16	13
173	120	102	26	16	13
174	120	102	26	16	13
175	120	110	26	18	12
176	120	110	26	18	12
177	120	110	26	18	12
178	120	110	26	18	11
179	120	110	26	18	12
180	120	118	26	20	12
181	120	118	26	20	12
182	120	118	26	20	12
183	120	118	26	20	11
184	120	126	26	22	11
185	120	126	26	22	11
186	128	126	28	22	11
187	128	125	28	22	11
188	129	125	28	22	12
189	129	124	28	22	12
190	129	124	28	22	12
191	129	124	28	22	11
192	129	124	28	22	12
193	129	132	28	24	12
194	129	132	28	24	12
195	129	132	28	24	11
196	129	131	28	24	11
197	129	131	28	24	11
198	129	131	28	24	10
199	129	131	28	24	10
200	129	139	28	26	10
201	129	139	28	26	10
202	129	139	28	26	10
203	129	139	28	26	11
204	129	138	28	26	11
205	129	138	28	26	11
206	129	138	28	26	12
207	137	138	30	26	12
208	137	137	30	26	12
209	137	137	30	26	12
210	137	137	30	26	12
211	137	137	30	26	13
212	137	137	30	26	13
213	138	137	30	26	12
214	138	136	30	26	12
215	138	136	30	26	12
216	138	136	30	26	11
217	138	144	30	28	12
218	138	144	30	28	12
219	138	144	30	28	12
220	138	143	30	28	11
221	138	143	30	28	11
222	138	151	30	30	11
223	138	151	30	30	11
224	146	151	32	30	11
225	146	151	32	30	10
226	146	159	32	32	10
227	146	159	32	32	10
228	146	159	32	32	10
229	146	159	32	32	10
230	146	159	32	32	10
231	146	167	32	34	10
232	146	167	32	34	10
233	146	167	32	34	9
234	146	167	32	34	9
235	146	167	32	34	8
236	146	167	32	34	8
237	146	175	32	36	9
238	146	175	32	36	9
239	146	175	32	36	9
240	146	175	32	36	8
241	146	183	32	38	8
242	146	183	32	38	9
243	154	183	34	38	9
244	154	182	34	38	9
245	154	182	34	38	10
246	154	181	34	38	9
247	154	181	34	38	9
248	154	181	34	38	9
249	154	181	34	38	8
250	154	181	34	38	8
251	154	189	34	40	9
252	154	189	34	40	9
253	154	189	34	40	8
254	154	197	34	42	8
255	154	197	34	42	7
256	154	197	34	42	7
257	154	196	34	42	7
258	154	196	34	42	7
259	154	196	34	42	7
260	154	204	34	44	7
261	154	204	34	44	7
262	154	204	34	44	7
263	162	203	36	44	7
264	162	203	36	44	7
265	162	203	36	44	7
266	162	203	36	44	7
267	162	203	36	44	7
268	162	211	36	46	7
269	162	211	36	46	7
270	162	211	36	46	7
271	162	211	36	46	6
272	162	219	36	48	6
273	162	219	36	48	6
274	162	219	36	48	5
275	162	219	36	48	5
276	162	227	36	50	5
277	162	227	36	50	5
278	162	227	36	50	5
279	162	226	36	50	5
280	162	226	36	50	6
281	162	225	36	50	6
282	162	225	36	50	6
283	170	225	38	50	6
284	170	225	38	50	7
285	170	233	38	52	7
286	170	233	38	52	7
287	170	233	38	52	5
288	170	241	38	54	5
289	170	241	38	54	5
290	170	240	38	54	5
291	170	240	38	54	5
292	170	240	38	54	5
293	170	248	38	56	5
294	170	248	38	56	5
295	170	248	38	56	5
296	170	247	38	56	5
297	170	247	38	56	5
298	170	247	38	56	6
299	170	247	38	56	6
300	170	246	38	56	6
