# gameId 895235152  LOSS  scores [166.0, 260.0]
# mybuild 0:1.1.1.1,3:2.2.0.2  oppbuild 1:1.1.1.1,2:2.2.0.2  my_train t3  opp_train t2
# t  me  opp  mywood  oppwood  trees
1	29	29	0	0	12
2	29	18	0	0	12
3	18	17	0	0	12
4	18	17	0	0	13
5	18	16	0	0	13
6	18	16	0	0	13
7	18	16	0	0	14
8	18	16	0	0	14
9	18	15	0	0	14
10	18	15	0	0	14
11	18	15	0	0	15
12	18	15	0	0	15
13	18	14	0	0	14
14	18	14	0	0	15
15	18	13	0	0	15
16	19	13	0	0	15
17	19	13	0	0	15
18	19	13	0	0	15
19	19	13	0	0	15
20	19	13	0	0	15
21	27	12	2	0	15
22	27	12	2	0	15
23	27	12	2	0	15
24	27	12	2	0	16
25	27	12	2	0	15
26	28	12	2	0	15
27	27	11	2	0	15
28	27	11	2	0	16
29	27	11	2	0	16
30	35	11	4	0	17
31	35	11	4	0	17
32	35	11	4	0	16
33	35	10	4	0	16
34	35	10	4	0	16
35	35	10	4	0	16
36	35	10	4	0	16
37	35	10	4	0	17
38	35	10	4	0	16
39	35	10	4	0	15
40	35	10	4	0	15
41	35	10	4	0	15
42	36	11	4	0	15
43	43	11	6	0	15
44	43	20	6	2	16
45	43	20	6	2	16
46	43	21	6	2	16
47	43	21	6	2	15
48	43	21	6	2	15
49	43	21	6	2	15
50	43	22	6	2	15
51	43	22	6	2	15
52	43	22	6	2	15
53	43	22	6	2	14
54	43	23	6	2	14
55	43	23	6	2	14
56	51	23	8	2	14
57	51	23	8	2	14
58	52	24	8	2	14
59	51	24	8	2	14
60	51	32	8	4	15
61	51	32	8	4	15
62	51	33	8	4	15
63	51	33	8	4	15
64	51	33	8	4	15
65	51	33	8	4	14
66	51	34	8	4	14
67	51	34	8	4	14
68	51	34	8	4	13
69	59	34	10	4	13
70	59	34	10	4	13
71	59	34	10	4	13
72	59	35	10	4	13
73	59	35	10	4	13
74	59	35	10	4	13
75	59	43	10	6	13
76	59	44	10	6	13
77	59	44	10	6	13
78	59	44	10	6	13
79	59	44	10	6	13
80	59	45	10	6	12
81	59	44	10	6	12
82	59	44	10	6	13
83	59	44	10	6	13
84	60	44	10	6	13
85	59	44	10	6	13
86	59	44	10	6	14
87	59	44	10	6	13
88	59	44	10	6	13
89	67	44	12	6	13
90	67	52	12	8	14
91	67	52	12	8	13
92	67	52	12	8	13
93	67	52	12	8	13
94	67	53	12	8	13
95	67	53	12	8	13
96	67	53	12	8	13
97	67	53	12	8	13
98	67	54	12	8	13
99	67	54	12	8	13
100	67	54	12	8	12
101	67	62	12	10	12
102	67	62	12	10	12
103	67	62	12	10	13
104	67	62	12	10	13
105	67	62	12	10	13
106	67	62	12	10	12
107	75	62	14	10	12
108	75	70	14	12	12
109	75	70	14	12	12
110	75	70	14	12	12
111	75	69	14	12	12
112	76	69	14	12	13
113	75	69	14	12	13
114	75	69	14	12	14
115	75	69	14	12	14
116	75	70	14	12	14
117	75	70	14	12	12
118	75	70	14	12	12
119	75	70	14	12	12
120	75	78	14	14	13
121	75	78	14	14	13
122	75	78	14	14	13
123	75	78	14	14	13
124	75	79	14	14	13
125	83	79	16	14	13
126	83	79	16	14	13
127	83	79	16	14	12
128	91	80	18	14	12
129	91	80	18	14	12
130	91	80	18	14	12
131	91	80	18	14	12
132	91	80	18	14	12
133	91	80	18	14	12
134	91	89	18	16	12
135	91	89	18	16	12
136	91	89	18	16	11
137	91	97	18	18	11
138	91	97	18	18	11
139	91	96	18	18	11
140	91	96	18	18	12
141	91	96	18	18	12
142	91	96	18	18	12
143	99	96	20	18	12
144	99	97	20	18	12
145	99	97	20	18	12
146	99	97	20	18	12
147	99	97	20	18	12
148	99	97	20	18	11
149	99	97	20	18	11
150	99	105	20	20	11
151	100	105	20	20	10
152	99	109	20	21	10
153	99	109	20	21	11
154	99	109	20	21	11
155	99	108	20	21	11
156	99	108	20	21	11
157	99	107	20	21	11
158	99	107	20	21	11
159	99	107	20	21	11
160	99	107	20	21	11
161	99	107	20	21	12
162	99	107	20	21	11
163	99	107	20	21	11
164	99	107	20	21	11
165	107	107	22	21	12
166	107	107	22	21	12
167	107	107	22	21	12
168	107	107	22	21	12
169	107	115	22	23	12
170	107	116	22	23	12
171	107	116	22	23	12
172	107	117	22	23	12
173	107	117	22	23	11
174	107	125	22	25	11
175	107	125	22	25	11
176	107	125	22	25	11
177	107	125	22	25	12
178	107	125	22	25	12
179	107	125	22	25	12
180	115	125	24	25	12
181	115	125	24	25	11
182	115	125	24	25	11
183	115	133	24	27	11
184	115	133	24	27	12
185	115	133	24	27	12
186	116	133	24	27	12
187	115	133	24	27	12
188	115	133	24	27	13
189	115	133	24	27	13
190	115	133	24	27	13
191	115	133	24	27	12
192	115	133	24	27	12
193	115	133	24	27	12
194	115	133	24	27	11
195	115	133	24	27	11
196	115	141	24	29	11
197	115	141	24	29	11
198	115	141	24	29	11
199	115	140	24	29	11
200	123	140	26	29	12
201	123	140	26	29	12
202	123	140	26	29	12
203	123	140	26	29	11
204	131	141	28	29	11
205	131	141	28	29	11
206	131	142	28	29	11
207	131	142	28	29	11
208	131	143	28	29	11
209	131	143	28	29	11
210	131	152	28	31	11
211	131	152	28	31	11
212	131	152	28	31	10
213	131	156	28	32	10
214	131	156	28	32	11
215	131	156	28	32	10
216	131	156	28	32	10
217	131	164	28	34	10
218	131	164	28	34	10
219	131	164	28	34	11
220	131	164	28	34	11
221	131	164	28	34	11
222	131	164	28	34	10
223	139	164	30	34	10
224	139	171	30	36	10
225	139	171	30	36	10
226	139	171	30	36	10
227	139	171	30	36	11
228	139	171	30	36	10
229	139	171	30	36	10
230	140	179	30	38	10
231	140	179	30	38	11
232	140	179	30	38	11
233	140	179	30	38	11
234	140	179	30	38	10
235	140	187	30	40	10
236	140	187	30	40	11
237	140	187	30	40	11
238	140	187	30	40	11
239	140	187	30	40	11
240	140	187	30	40	10
241	140	187	30	40	10
242	148	195	32	42	10
243	148	195	32	42	11
244	148	195	32	42	11
245	148	195	32	42	11
246	148	195	32	42	11
247	148	195	32	42	11
248	148	195	32	42	10
249	148	203	32	44	10
250	148	203	32	44	10
251	148	203	32	44	11
252	148	203	32	44	11
253	148	203	32	44	11
254	148	203	32	44	11
255	148	203	32	44	11
256	148	203	32	44	10
257	148	203	32	44	10
258	148	203	32	44	11
259	148	211	32	46	11
260	149	211	32	46	11
261	149	211	32	46	11
262	149	212	32	46	11
263	149	212	32	46	11
264	149	212	32	46	11
265	157	212	34	46	10
266	157	212	34	46	11
267	157	220	34	48	11
268	157	220	34	48	11
269	157	220	34	48	11
270	157	221	34	48	11
271	157	221	34	48	11
272	157	221	34	48	11
273	157	221	34	48	10
274	157	229	34	50	10
275	157	229	34	50	10
276	157	229	34	50	11
277	157	229	34	50	11
278	157	229	34	50	11
279	157	229	34	50	11
280	157	229	34	50	10
281	165	237	36	52	10
282	165	237	36	52	10
283	165	237	36	52	10
284	165	237	36	52	11
285	165	237	36	52	10
286	165	237	36	52	10
287	165	245	36	54	10
288	165	245	36	54	10
289	165	245	36	54	10
290	166	244	36	54	10
291	166	244	36	54	10
292	166	244	36	54	11
293	166	244	36	54	11
294	166	244	36	54	10
295	166	244	36	54	10
296	166	252	36	56	10
297	166	252	36	56	11
298	166	252	36	56	11
299	166	252	36	56	11
300	166	252	36	56	10
