# gameId 895276104  LOSS  scores [114.0, 196.0]
# mybuild 0:1.1.1.1,3:2.2.0.2  oppbuild 1:1.1.1.1,2:2.2.0.2  my_train t105  opp_train t103
# t  me  opp  mywood  oppwood  trees
1	17	17	0	0	18
2	17	17	0	0	18
3	17	17	0	0	18
4	17	17	0	0	18
5	17	17	0	0	18
6	17	17	0	0	18
7	17	17	0	0	18
8	17	17	0	0	18
9	17	17	0	0	18
10	17	17	0	0	18
11	17	17	0	0	18
12	18	17	0	0	18
13	18	17	0	0	18
14	18	17	0	0	18
15	18	17	0	0	18
16	18	17	0	0	18
17	18	17	0	0	18
18	18	17	0	0	18
19	18	17	0	0	18
20	18	17	0	0	18
21	18	17	0	0	18
22	19	17	0	0	18
23	19	17	0	0	18
24	19	17	0	0	18
25	19	17	0	0	18
26	19	17	0	0	18
27	19	17	0	0	18
28	19	17	0	0	18
29	19	17	0	0	18
30	19	17	0	0	18
31	19	17	0	0	18
32	20	17	0	0	18
33	20	17	0	0	18
34	20	17	0	0	18
35	20	17	0	0	18
36	20	17	0	0	18
37	20	17	0	0	18
38	20	17	0	0	18
39	20	17	0	0	18
40	20	17	0	0	18
41	20	17	0	0	18
42	20	17	0	0	18
43	20	17	0	0	18
44	21	17	0	0	18
45	21	17	0	0	18
46	21	18	0	0	18
47	21	18	0	0	18
48	21	18	0	0	18
49	21	18	0	0	18
50	21	18	0	0	18
51	21	18	0	0	18
52	21	18	0	0	18
53	21	18	0	0	18
54	21	18	0	0	18
55	21	18	0	0	18
56	22	19	0	0	18
57	22	19	0	0	18
58	22	19	0	0	18
59	22	19	0	0	18
60	22	19	0	0	18
61	22	19	0	0	18
62	22	19	0	0	18
63	22	19	0	0	18
64	22	19	0	0	18
65	22	19	0	0	18
66	22	20	0	0	18
67	22	20	0	0	18
68	23	20	0	0	18
69	23	20	0	0	18
70	23	20	0	0	18
71	23	20	0	0	18
72	23	20	0	0	18
73	23	20	0	0	18
74	23	20	0	0	18
75	23	20	0	0	18
76	23	20	0	0	18
77	23	20	0	0	18
78	23	21	0	0	18
79	23	21	0	0	18
80	23	21	0	0	18
81	23	21	0	0	18
82	23	21	0	0	18
83	23	21	0	0	18
84	23	21	0	0	18
85	23	21	0	0	18
86	23	21	0	0	18
87	23	21	0	0	18
88	23	21	0	0	18
89	23	21	0	0	18
90	23	22	0	0	18
91	23	22	0	0	18
92	23	22	0	0	18
93	23	22	0	0	18
94	23	22	0	0	18
95	23	22	0	0	18
96	23	22	0	0	18
97	23	22	0	0	18
98	23	22	0	0	18
99	23	22	0	0	18
100	23	22	0	0	18
101	23	22	0	0	18
102	23	23	0	0	18
103	23	12	0	0	18
104	23	11	0	0	18
105	11	11	0	0	19
106	11	10	0	0	20
107	10	10	0	0	20
108	10	10	0	0	21
109	10	10	0	0	22
110	10	9	0	0	22
111	9	9	0	0	23
112	9	8	0	0	22
113	9	8	0	0	22
114	9	8	0	0	23
115	8	8	0	0	23
116	16	7	2	0	24
117	15	7	2	0	24
118	15	7	2	0	25
119	15	7	2	0	25
120	15	6	2	0	25
121	14	6	2	0	25
122	14	6	2	0	25
123	13	6	2	0	26
124	13	6	2	0	26
125	13	6	2	0	26
126	13	5	2	0	26
127	12	5	2	0	25
128	12	5	2	0	24
129	12	5	2	0	25
130	20	5	4	0	26
131	19	5	4	0	25
132	19	4	4	0	25
133	19	4	4	0	26
134	19	4	4	0	25
135	18	4	4	0	26
136	18	4	4	0	27
137	18	4	4	0	27
138	18	4	4	0	27
139	18	4	4	0	27
140	18	4	4	0	27
141	18	4	4	0	26
142	18	4	4	0	27
143	18	4	4	0	26
144	18	4	4	0	26
145	18	4	4	0	25
146	26	4	6	0	25
147	26	4	6	0	25
148	26	4	6	0	25
149	26	4	6	0	25
150	34	4	8	0	25
151	34	4	8	0	25
152	34	4	8	0	25
153	34	5	8	0	26
154	34	5	8	0	26
155	34	6	8	0	26
156	34	14	8	2	26
157	34	15	8	2	26
158	34	15	8	2	25
159	34	16	8	2	25
160	34	16	8	2	25
161	34	17	8	2	25
162	34	17	8	2	25
163	34	17	8	2	25
164	34	17	8	2	25
165	34	18	8	2	25
166	34	18	8	2	23
167	34	19	8	2	23
168	34	19	8	2	23
169	34	19	8	2	24
170	34	19	8	2	24
171	42	28	10	4	24
172	42	28	10	4	24
173	42	29	10	4	24
174	42	29	10	4	24
175	42	29	10	4	23
176	42	29	10	4	23
177	42	30	10	4	23
178	42	30	10	4	23
179	42	31	10	4	23
180	42	31	10	4	22
181	42	31	10	4	22
182	42	31	10	4	22
183	42	32	10	4	22
184	50	32	12	4	22
185	50	41	12	6	23
186	50	41	12	6	23
187	50	41	12	6	23
188	50	41	12	6	22
189	50	42	12	6	22
190	50	42	12	6	22
191	50	43	12	6	22
192	50	43	12	6	22
193	50	43	12	6	22
194	50	43	12	6	22
195	50	44	12	6	21
196	50	44	12	6	21
197	50	45	12	6	20
198	50	45	12	6	20
199	50	53	12	8	20
200	50	53	12	8	20
201	50	54	12	8	21
202	50	54	12	8	21
203	58	55	14	8	20
204	58	62	14	10	20
205	58	62	14	10	20
206	58	62	14	10	20
207	58	62	14	10	20
208	58	62	14	10	19
209	58	62	14	10	19
210	58	70	14	12	19
211	58	70	14	12	19
212	58	70	14	12	20
213	58	70	14	12	19
214	58	77	14	14	19
215	58	77	14	14	19
216	58	77	14	14	18
217	58	77	14	14	20
218	58	77	14	14	19
219	58	85	14	16	19
220	58	84	14	16	19
221	58	84	14	16	20
222	66	84	16	16	19
223	66	84	16	16	19
224	66	92	16	18	19
225	66	92	16	18	19
226	66	92	16	18	18
227	66	91	16	18	17
228	74	91	18	18	17
229	74	99	18	20	18
230	74	99	18	20	18
231	74	99	18	20	17
232	74	107	18	22	17
233	74	107	18	22	18
234	74	107	18	22	18
235	74	106	18	22	17
236	74	106	18	22	18
237	74	105	18	22	17
238	74	105	18	22	17
239	74	113	18	24	17
240	82	113	20	24	18
241	82	113	20	24	18
242	82	113	20	24	18
243	82	112	20	24	16
244	82	112	20	24	16
245	90	120	22	26	16
246	90	120	22	26	16
247	90	120	22	26	16
248	90	120	22	26	16
249	90	120	22	26	16
250	90	120	22	26	17
251	90	119	22	26	16
252	90	127	22	28	16
253	90	127	22	28	17
254	90	127	22	28	16
255	90	126	22	28	16
256	90	134	22	30	17
257	90	133	22	30	17
258	90	133	22	30	17
259	90	133	22	30	18
260	90	133	22	30	17
261	90	133	22	30	17
262	98	141	24	32	17
263	98	141	24	32	17
264	98	141	24	32	18
265	98	141	24	32	18
266	98	141	24	32	17
267	98	149	24	34	17
268	98	149	24	34	17
269	98	149	24	34	17
270	98	149	24	34	17
271	98	149	24	34	18
272	98	149	24	34	19
273	98	149	24	34	18
274	98	149	24	34	18
275	98	157	24	36	18
276	98	157	24	36	17
277	98	165	24	38	17
278	98	165	24	38	17
279	98	164	24	38	17
280	98	164	24	38	18
281	98	163	24	38	17
282	106	171	26	40	17
283	106	171	26	40	18
284	106	171	26	40	18
285	106	170	26	40	18
286	106	170	26	40	17
287	106	170	26	40	17
288	106	178	26	42	17
289	114	178	28	42	17
290	114	178	28	42	16
291	114	186	28	44	16
292	114	186	28	44	16
293	114	186	28	44	16
294	114	185	28	44	16
295	114	185	28	44	17
296	114	184	28	44	16
297	114	184	28	44	16
298	114	192	28	46	17
299	114	192	28	46	16
300	114	196	28	47	16
