# gameId 895235082  LOSS  scores [168.0, 180.0]
# mybuild 0:1.1.1.1,2:1.1.1.0,4:1.1.1.0  oppbuild 1:1.1.1.1,3:2.2.0.2  my_train t3  opp_train t53
# t  me  opp  mywood  oppwood  trees
1	17	17	0	0	12
2	17	17	0	0	12
3	11	17	0	0	12
4	11	17	0	0	12
5	11	17	0	0	12
6	11	17	0	0	12
7	11	17	0	0	12
8	11	17	0	0	12
9	11	17	0	0	12
10	11	17	0	0	12
11	11	17	0	0	12
12	11	17	0	0	12
13	11	17	0	0	12
14	11	18	0	0	12
15	11	18	0	0	13
16	11	18	0	0	13
17	11	18	0	0	13
18	11	18	0	0	13
19	11	18	0	0	12
20	11	18	0	0	12
21	11	18	0	0	12
22	11	18	0	0	12
23	11	18	0	0	12
24	11	19	0	0	13
25	11	19	0	0	13
26	11	19	0	0	13
27	11	19	0	0	13
28	15	19	1	0	13
29	15	19	1	0	13
30	15	19	1	0	13
31	15	19	1	0	13
32	15	19	1	0	13
33	15	19	1	0	13
34	15	19	1	0	13
35	15	19	1	0	13
36	16	19	1	0	13
37	16	19	1	0	13
38	16	20	1	0	13
39	16	20	1	0	14
40	17	20	1	0	14
41	16	20	1	0	14
42	16	20	1	0	14
43	16	20	1	0	14
44	17	20	1	0	15
45	17	20	1	0	15
46	17	20	1	0	15
47	17	20	1	0	15
48	17	20	1	0	15
49	17	20	1	0	15
50	17	20	1	0	15
51	17	20	1	0	15
52	17	21	1	0	15
53	17	10	1	0	15
54	17	9	1	0	15
55	17	9	1	0	15
56	17	8	1	0	15
57	17	8	1	0	15
58	21	8	2	0	16
59	21	8	2	0	16
60	22	7	2	0	16
61	12	7	2	0	16
62	12	7	2	0	15
63	12	7	2	0	17
64	12	7	2	0	17
65	12	15	2	2	16
66	12	15	2	2	16
67	12	15	2	2	16
68	12	14	2	2	16
69	16	14	3	2	17
70	16	13	3	2	17
71	16	13	3	2	17
72	16	13	3	2	18
73	16	13	3	2	18
74	16	13	3	2	19
75	16	13	3	2	19
76	16	13	3	2	19
77	16	13	3	2	18
78	16	13	3	2	18
79	20	13	4	2	19
80	20	21	4	4	19
81	21	21	4	4	19
82	20	21	4	4	19
83	20	21	4	4	19
84	21	21	4	4	21
85	20	21	4	4	21
86	20	21	4	4	21
87	20	21	4	4	21
88	24	21	5	4	21
89	24	21	5	4	20
90	24	21	5	4	21
91	24	21	5	4	21
92	24	21	5	4	21
93	24	29	5	6	21
94	24	29	5	6	22
95	24	29	5	6	22
96	24	29	5	6	21
97	28	29	6	6	22
98	28	29	6	6	22
99	28	29	6	6	22
100	28	29	6	6	21
101	28	29	6	6	21
102	29	29	6	6	21
103	28	28	6	6	21
104	28	28	6	6	21
105	32	28	7	6	23
106	32	28	7	6	23
107	32	27	7	6	22
108	33	27	7	6	22
109	32	27	7	6	22
110	32	27	7	6	23
111	32	35	7	8	23
112	32	35	7	8	24
113	32	35	7	8	24
114	32	35	7	8	24
115	32	35	7	8	24
116	32	36	7	8	24
117	32	36	7	8	23
118	32	37	7	8	23
119	36	37	8	8	24
120	36	38	8	8	24
121	36	38	8	8	23
122	36	39	8	8	24
123	36	39	8	8	24
124	36	39	8	8	24
125	36	39	8	8	24
126	36	47	8	10	24
127	36	47	8	10	24
128	36	47	8	10	24
129	36	48	8	10	24
130	40	48	9	10	24
131	40	49	9	10	24
132	41	49	9	10	24
133	41	50	9	10	24
134	41	50	9	10	24
135	41	50	9	10	22
136	41	50	9	10	22
137	45	51	10	10	24
138	45	51	10	10	24
139	45	52	10	10	24
140	45	52	10	10	24
141	45	52	10	10	23
142	46	52	10	10	22
143	50	53	11	10	22
144	50	53	11	10	22
145	50	54	11	10	22
146	50	54	11	10	23
147	50	54	11	10	23
148	50	54	11	10	23
149	50	55	11	10	22
150	50	55	11	10	22
151	50	56	11	10	21
152	50	56	11	10	21
153	50	64	11	12	22
154	54	64	12	12	22
155	54	64	12	12	22
156	54	64	12	12	22
157	54	64	12	12	24
158	54	64	12	12	23
159	54	64	12	12	23
160	58	64	13	12	23
161	58	72	13	14	23
162	58	72	13	14	24
163	58	72	13	14	24
164	58	73	13	14	24
165	58	73	13	14	24
166	58	74	13	14	24
167	58	74	13	14	23
168	58	75	13	14	23
169	58	75	13	14	23
170	62	75	14	14	22
171	62	75	14	14	23
172	62	76	14	14	24
173	62	76	14	14	24
174	62	77	14	14	24
175	62	77	14	14	24
176	62	77	14	14	24
177	62	77	14	14	23
178	62	78	14	14	23
179	62	78	14	14	23
180	62	78	14	14	23
181	66	78	15	14	24
182	66	78	15	14	24
183	66	78	15	14	24
184	66	78	15	14	23
185	66	78	15	14	23
186	66	79	15	14	22
187	66	79	15	14	24
188	66	79	15	14	24
189	70	79	16	14	25
190	70	79	16	14	25
191	71	79	16	14	24
192	71	80	16	14	24
193	71	80	16	14	24
194	71	80	16	14	23
195	72	80	16	14	23
196	72	88	16	16	23
197	76	88	17	16	23
198	76	88	17	16	24
199	77	88	17	16	24
200	77	88	17	16	25
201	77	88	17	16	25
202	77	88	17	16	25
203	78	89	17	16	25
204	79	89	17	16	25
205	79	90	17	16	24
206	79	89	17	16	24
207	80	89	17	16	24
208	85	89	18	16	24
209	85	89	18	16	24
210	85	89	18	16	24
211	85	90	18	16	24
212	86	90	18	16	25
213	86	90	18	16	24
214	86	90	18	16	24
215	86	90	18	16	24
216	91	90	19	16	25
217	92	90	19	16	25
218	92	90	19	16	25
219	92	91	19	16	24
220	93	91	19	16	24
221	93	92	19	16	23
222	93	92	19	16	23
223	93	100	19	18	24
224	98	100	20	18	24
225	98	100	20	18	24
226	98	100	20	18	23
227	99	108	20	20	23
228	100	108	20	20	23
229	100	108	20	20	24
230	100	107	20	20	24
231	101	107	20	20	23
232	102	107	20	20	24
233	102	115	20	22	24
234	102	115	20	22	24
235	107	115	21	22	24
236	108	114	21	22	24
237	108	114	21	22	23
238	108	114	21	22	24
239	109	122	21	24	24
240	110	122	21	24	24
241	110	122	21	24	23
242	110	122	21	24	23
243	111	126	21	25	23
244	116	126	22	25	23
245	116	126	22	25	23
246	116	126	22	25	22
247	117	134	22	27	22
248	118	134	22	27	22
249	118	134	22	27	22
250	118	133	22	27	21
251	119	133	22	27	22
252	120	136	22	28	22
253	124	136	23	28	22
254	124	136	23	28	23
255	125	136	23	28	22
256	126	143	23	30	22
257	126	143	23	30	22
258	126	143	23	30	23
259	127	143	23	30	23
260	128	142	23	30	21
261	128	142	23	30	22
262	128	149	23	32	22
263	129	149	23	32	22
264	134	149	24	32	22
265	134	149	24	32	22
266	134	149	24	32	23
267	135	149	24	32	22
268	136	149	24	32	22
269	136	157	24	34	22
270	136	157	24	34	21
271	137	157	24	34	21
272	138	157	24	34	21
273	142	157	25	34	20
274	142	165	25	36	20
275	143	165	25	36	20
276	144	165	25	36	20
277	144	164	25	36	19
278	144	164	25	36	20
279	145	163	25	36	20
280	150	163	26	36	20
281	150	163	26	36	21
282	150	163	26	36	21
283	151	162	26	36	20
284	152	162	26	36	20
285	152	162	26	36	21
286	152	170	26	38	21
287	153	170	26	38	20
288	154	174	26	39	20
289	154	174	26	39	20
290	154	174	26	39	20
291	159	173	27	39	20
292	160	173	27	39	20
293	160	173	27	39	20
294	160	181	27	41	20
295	161	181	27	41	20
296	162	181	27	41	19
297	162	180	27	41	19
298	162	180	27	41	19
299	167	180	28	41	19
300	168	180	28	41	20
