# gameId 895358371  LOSS  scores [163.0, 228.0]
# mybuild 0:1.1.1.1,3:2.2.0.3  oppbuild 1:1.1.1.1,2:2.2.0.3  my_train t25  opp_train t12
# t  me  opp  mywood  oppwood  trees
1	29	29	0	0	16
2	29	29	0	0	16
3	29	29	0	0	16
4	29	29	0	0	16
5	29	29	0	0	16
6	29	29	0	0	16
7	29	29	0	0	16
8	29	29	0	0	16
9	29	29	0	0	16
10	29	29	0	0	16
11	29	30	0	0	16
12	29	19	0	0	16
13	29	18	0	0	16
14	29	18	0	0	17
15	29	17	0	0	17
16	29	17	0	0	17
17	29	17	0	0	18
18	29	17	0	0	18
19	29	16	0	0	18
20	29	16	0	0	18
21	29	16	0	0	18
22	29	16	0	0	19
23	29	15	0	0	19
24	30	15	0	0	18
25	18	15	0	0	19
26	18	15	0	0	20
27	17	14	0	0	20
28	17	14	0	0	20
29	17	14	0	0	21
30	17	14	0	0	22
31	16	14	0	0	21
32	16	14	0	0	21
33	16	13	0	0	22
34	24	13	2	0	22
35	24	13	2	0	21
36	32	13	4	0	21
37	32	13	4	0	22
38	31	13	4	0	20
39	31	13	4	0	21
40	30	13	4	0	21
41	30	12	4	0	21
42	30	12	4	0	22
43	30	12	4	0	21
44	29	12	4	0	21
45	29	12	4	0	22
46	29	12	4	0	23
47	29	20	4	2	23
48	28	20	4	2	23
49	28	20	4	2	23
50	36	19	6	2	23
51	36	19	6	2	24
52	36	19	6	2	24
53	36	19	6	2	24
54	36	19	6	2	25
55	36	19	6	2	25
56	35	19	6	2	23
57	35	19	6	2	24
58	43	19	8	2	24
59	43	20	8	2	23
60	43	20	8	2	23
61	43	20	8	2	23
62	43	20	8	2	23
63	43	20	8	2	23
64	43	20	8	2	22
65	43	20	8	2	22
66	51	20	10	2	21
67	51	21	10	2	21
68	51	21	10	2	21
69	51	21	10	2	21
70	51	21	10	2	21
71	51	21	10	2	21
72	51	21	10	2	21
73	51	21	10	2	21
74	51	29	10	4	21
75	51	29	10	4	20
76	51	37	10	6	21
77	51	37	10	6	21
78	51	37	10	6	21
79	51	37	10	6	21
80	51	37	10	6	21
81	51	37	10	6	21
82	51	37	10	6	21
83	59	37	12	6	21
84	59	37	12	6	21
85	59	37	12	6	20
86	59	37	12	6	21
87	59	37	12	6	21
88	59	45	12	8	21
89	59	45	12	8	21
90	59	45	12	8	21
91	59	44	12	8	21
92	59	44	12	8	21
93	59	43	12	8	21
94	59	43	12	8	21
95	59	43	12	8	22
96	59	43	12	8	22
97	59	43	12	8	21
98	59	43	12	8	21
99	59	43	12	8	21
100	67	43	14	8	21
101	67	43	14	8	21
102	67	44	14	8	21
103	67	44	14	8	21
104	67	44	14	8	21
105	67	52	14	10	21
106	67	52	14	10	21
107	67	52	14	10	21
108	67	52	14	10	21
109	67	52	14	10	21
110	67	53	14	10	21
111	67	53	14	10	20
112	67	53	14	10	20
113	67	53	14	10	19
114	67	53	14	10	19
115	67	61	14	12	19
116	67	61	14	12	21
117	75	61	16	12	21
118	75	61	16	12	21
119	75	61	16	12	20
120	75	69	16	14	20
121	75	69	16	14	20
122	75	69	16	14	20
123	75	69	16	14	20
124	75	69	16	14	20
125	75	69	16	14	20
126	75	69	16	14	20
127	75	69	16	14	20
128	75	70	16	14	20
129	75	70	16	14	20
130	75	70	16	14	19
131	75	70	16	14	19
132	75	71	16	14	19
133	75	71	16	14	19
134	75	71	16	14	19
135	83	71	18	14	18
136	83	71	18	14	18
137	83	71	18	14	18
138	83	71	18	14	18
139	83	71	18	14	18
140	83	72	18	14	18
141	83	72	18	14	18
142	83	72	18	14	18
143	83	72	18	14	17
144	83	80	18	16	17
145	83	80	18	16	17
146	83	81	18	16	18
147	83	81	18	16	18
148	83	81	18	16	18
149	83	81	18	16	17
150	91	81	20	16	17
151	91	89	20	18	17
152	91	89	20	18	17
153	91	89	20	18	17
154	91	88	20	18	17
155	91	88	20	18	17
156	91	88	20	18	17
157	99	88	22	18	17
158	99	88	22	18	17
159	99	88	22	18	17
160	99	88	22	18	17
161	99	89	22	18	17
162	99	89	22	18	17
163	99	89	22	18	17
164	99	89	22	18	16
165	99	89	22	18	16
166	99	89	22	18	15
167	99	89	22	18	16
168	99	89	22	18	16
169	99	89	22	18	16
170	99	89	22	18	16
171	99	89	22	18	16
172	99	89	22	18	16
173	99	89	22	18	16
174	107	97	24	20	16
175	107	97	24	20	16
176	107	97	24	20	15
177	107	105	24	22	17
178	107	105	24	22	17
179	107	105	24	22	17
180	107	105	24	22	17
181	107	105	24	22	17
182	107	105	24	22	17
183	107	105	24	22	17
184	107	105	24	22	17
185	107	106	24	22	16
186	107	105	24	22	15
187	107	105	24	22	16
188	107	105	24	22	16
189	107	105	24	22	16
190	107	105	24	22	16
191	107	105	24	22	16
192	107	105	24	22	16
193	115	105	26	22	16
194	115	113	26	24	16
195	115	113	26	24	16
196	115	114	26	24	16
197	115	114	26	24	15
198	115	114	26	24	15
199	115	122	26	26	15
200	115	122	26	26	15
201	115	122	26	26	14
202	115	130	26	28	14
203	115	130	26	28	14
204	115	130	26	28	14
205	115	129	26	28	13
206	115	129	26	28	13
207	115	137	26	30	15
208	115	137	26	30	15
209	123	137	28	30	15
210	123	136	28	30	15
211	123	136	28	30	15
212	123	135	28	30	15
213	123	135	28	30	15
214	123	135	28	30	16
215	123	135	28	30	16
216	123	135	28	30	16
217	123	135	28	30	15
218	123	135	28	30	15
219	123	143	28	32	15
220	123	143	28	32	15
221	123	143	28	32	14
222	123	151	28	34	14
223	123	151	28	34	14
224	123	151	28	34	14
225	123	150	28	34	14
226	123	150	28	34	14
227	123	149	28	34	14
228	131	149	30	34	14
229	131	157	30	36	15
230	131	157	30	36	15
231	131	157	30	36	15
232	131	156	30	36	14
233	131	156	30	36	14
234	131	164	30	38	14
235	131	164	30	38	15
236	131	164	30	38	14
237	131	168	30	39	14
238	131	168	30	39	15
239	131	167	30	39	14
240	131	167	30	39	15
241	131	166	30	39	15
242	131	166	30	39	15
243	131	166	30	39	15
244	131	166	30	39	15
245	131	166	30	39	15
246	131	174	30	41	15
247	139	174	32	41	15
248	139	174	32	41	15
249	139	173	32	41	15
250	139	173	32	41	14
251	139	173	32	41	14
252	147	173	34	41	15
253	147	173	34	41	14
254	147	173	34	41	14
255	147	180	34	43	14
256	147	180	34	43	14
257	147	180	34	43	14
258	147	180	34	43	13
259	147	188	34	45	14
260	147	188	34	45	14
261	147	188	34	45	14
262	147	188	34	45	13
263	147	187	34	45	13
264	147	195	34	47	13
265	147	195	34	47	13
266	147	195	34	47	13
267	147	195	34	47	13
268	147	195	34	47	14
269	147	203	34	49	14
270	147	203	34	49	14
271	147	202	34	49	14
272	155	202	36	49	14
273	155	202	36	49	13
274	155	202	36	49	12
275	155	202	36	49	12
276	155	210	36	51	13
277	155	210	36	51	13
278	155	210	36	51	13
279	155	209	36	51	13
280	155	209	36	51	14
281	155	208	36	51	14
282	155	208	36	51	14
283	155	208	36	51	15
284	155	208	36	51	14
285	155	215	36	53	14
286	155	215	36	53	14
287	155	215	36	53	13
288	155	215	36	53	13
289	155	223	36	55	14
290	155	223	36	55	14
291	155	223	36	55	14
292	163	223	38	55	14
293	163	222	38	55	14
294	163	222	38	55	14
295	163	222	38	55	15
296	163	222	38	55	15
297	163	221	38	55	14
298	163	221	38	55	15
299	163	228	38	57	15
300	163	228	38	57	15
