# gameId 895365482  LOSS  scores [33.0, 419.0]
# mybuild 0:1.1.1.1,3:1.1.1.0,4:1.1.1.0  oppbuild 1:1.1.1.1,2:3.2.0.2  my_train t11  opp_train t2
# t  me  opp  mywood  oppwood  trees
1	32	32	0	0	10
2	32	16	0	0	10
3	32	15	0	0	10
4	32	15	0	0	11
5	32	14	0	0	11
6	32	14	0	0	11
7	32	14	0	0	12
8	33	14	0	0	12
9	33	13	0	0	12
10	33	13	0	0	11
11	27	13	0	0	11
12	27	13	0	0	12
13	27	13	0	0	12
14	27	13	0	0	11
15	27	12	0	0	12
16	27	12	0	0	12
17	27	20	0	2	12
18	27	20	0	2	13
19	27	20	0	2	13
20	27	20	0	2	13
21	27	19	0	2	12
22	28	19	0	2	12
23	28	19	0	2	12
24	28	27	0	4	12
25	28	27	0	4	13
26	28	27	0	4	13
27	28	27	0	4	13
28	28	27	0	4	13
29	28	27	0	4	13
30	28	27	0	4	13
31	28	27	0	4	14
32	29	27	0	4	13
33	29	27	0	4	13
34	29	35	0	6	14
35	29	35	0	6	14
36	29	35	0	6	14
37	29	35	0	6	13
38	29	43	0	8	13
39	29	43	0	8	13
40	29	43	0	8	13
41	20	42	0	8	14
42	20	42	0	8	14
43	20	41	0	8	14
44	20	49	0	10	14
45	20	49	0	10	14
46	20	49	0	10	14
47	20	49	0	10	14
48	20	49	0	10	13
49	20	49	0	10	14
50	20	57	0	12	15
51	20	57	0	12	15
52	20	57	0	12	15
53	20	56	0	12	14
54	20	56	0	12	14
55	20	64	0	14	15
56	21	64	0	14	16
57	21	64	0	14	16
58	21	64	0	14	16
59	21	64	0	14	15
60	21	64	0	14	15
61	21	72	0	16	15
62	21	72	0	16	15
63	21	72	0	16	17
64	21	72	0	16	16
65	21	72	0	16	16
66	21	80	0	18	16
67	21	80	0	18	16
68	21	81	0	18	16
69	21	81	0	18	17
70	22	81	0	18	17
71	22	81	0	18	16
72	23	82	0	18	16
73	23	90	0	20	16
74	23	90	0	20	16
75	23	90	0	20	16
76	24	91	0	20	16
77	24	91	0	20	16
78	24	92	0	20	16
79	24	92	0	20	16
80	25	92	0	20	15
81	25	92	0	20	15
82	25	100	0	22	15
83	25	100	0	22	15
84	27	100	0	22	15
85	27	100	0	22	15
86	27	100	0	22	15
87	27	100	0	22	15
88	27	107	0	24	15
89	27	107	0	24	15
90	28	107	0	24	15
91	28	107	0	24	15
92	28	107	0	24	15
93	28	107	0	24	14
94	28	107	0	24	14
95	28	115	0	26	15
96	28	115	0	26	15
97	28	115	0	26	16
98	29	115	0	26	16
99	29	115	0	26	16
100	30	115	0	26	16
101	30	115	0	26	15
102	30	123	0	28	15
103	30	123	0	28	15
104	30	123	0	28	15
105	30	123	0	28	16
106	30	123	0	28	16
107	30	123	0	28	15
108	31	123	0	28	15
109	31	131	0	30	15
110	31	131	0	30	15
111	31	131	0	30	15
112	32	131	0	30	15
113	32	131	0	30	15
114	32	131	0	30	15
115	32	139	0	32	17
116	32	139	0	32	17
117	32	139	0	32	17
118	32	139	0	32	17
119	32	139	0	32	16
120	32	147	0	34	16
121	32	147	0	34	16
122	32	147	0	34	16
123	32	148	0	34	16
124	32	148	0	34	16
125	33	148	0	34	15
126	34	148	0	34	15
127	34	156	0	36	16
128	34	156	0	36	17
129	34	156	0	36	17
130	34	156	0	36	17
131	34	157	0	36	16
132	34	157	0	36	16
133	34	165	0	38	16
134	34	165	0	38	16
135	34	166	0	38	16
136	35	166	0	38	15
137	35	166	0	38	15
138	35	174	0	40	15
139	35	174	0	40	16
140	36	175	0	40	16
141	35	175	0	40	16
142	34	175	0	40	16
143	33	175	0	40	17
144	33	183	0	42	18
145	33	183	0	42	18
146	32	183	0	42	19
147	32	184	0	42	19
148	32	184	0	42	20
149	32	184	0	42	19
150	32	184	0	42	19
151	32	193	0	44	19
152	32	193	0	44	19
153	32	194	0	44	19
154	32	194	0	44	19
155	32	194	0	44	19
156	32	194	0	44	19
157	32	195	0	44	18
158	32	195	0	44	19
159	32	196	0	44	19
160	32	204	0	46	19
161	32	204	0	46	19
162	32	204	0	46	19
163	32	205	0	46	19
164	32	205	0	46	19
165	32	206	0	46	19
166	32	214	0	48	19
167	32	214	0	48	19
168	32	214	0	48	19
169	32	215	0	48	20
170	32	215	0	48	20
171	32	216	0	48	20
172	32	224	0	50	20
173	32	224	0	50	20
174	32	224	0	50	20
175	32	225	0	50	20
176	32	225	0	50	19
177	32	226	0	50	21
178	32	234	0	52	21
179	32	234	0	52	21
180	32	234	0	52	21
181	32	235	0	52	21
182	32	235	0	52	20
183	32	236	0	52	21
184	32	244	0	54	22
185	32	244	0	54	22
186	32	244	0	54	22
187	32	245	0	54	22
188	32	245	0	54	22
189	32	246	0	54	21
190	32	246	0	54	21
191	32	254	0	56	22
192	32	254	0	56	23
193	32	255	0	56	23
194	32	255	0	56	23
195	32	256	0	56	22
196	32	256	0	56	23
197	32	264	0	58	23
198	32	264	0	58	23
199	32	265	0	58	23
200	32	265	0	58	23
201	32	266	0	58	23
202	32	266	0	58	22
203	32	266	0	58	22
204	32	274	0	60	23
205	32	275	0	60	23
206	32	275	0	60	23
207	32	276	0	60	23
208	32	276	0	60	23
209	32	276	0	60	22
210	32	276	0	60	22
211	32	285	0	62	22
212	32	285	0	62	22
213	32	286	0	62	22
214	32	286	0	62	22
215	32	286	0	62	23
216	32	286	0	62	22
217	32	287	0	62	22
218	32	295	0	64	22
219	32	296	0	64	22
220	32	296	0	64	22
221	32	296	0	64	22
222	32	296	0	64	23
223	32	297	0	64	22
224	32	297	0	64	22
225	32	298	0	64	22
226	32	306	0	66	22
227	32	306	0	66	22
228	32	306	0	66	22
229	32	307	0	66	22
230	32	307	0	66	22
231	32	308	0	66	21
232	32	308	0	66	21
233	32	316	0	68	21
234	32	316	0	68	21
235	32	317	0	68	21
236	32	317	0	68	21
237	32	318	0	68	22
238	32	318	0	68	21
239	32	318	0	68	22
240	32	326	0	70	23
241	32	327	0	70	23
242	32	327	0	70	23
243	32	328	0	70	23
244	32	328	0	70	22
245	32	328	0	70	23
246	32	336	0	72	23
247	32	337	0	72	23
248	32	337	0	72	23
249	32	338	0	72	23
250	32	338	0	72	22
251	32	338	0	72	22
252	32	346	0	74	22
253	32	347	0	74	22
254	32	347	0	74	23
255	32	348	0	74	23
256	32	348	0	74	22
257	32	348	0	74	22
258	32	356	0	76	22
259	32	357	0	76	23
260	32	357	0	76	23
261	32	358	0	76	23
262	32	358	0	76	23
263	32	358	0	76	22
264	32	358	0	76	22
265	32	367	0	78	23
266	32	367	0	78	23
267	32	368	0	78	23
268	32	368	0	78	23
269	32	368	0	78	23
270	32	368	0	78	22
271	32	369	0	78	22
272	32	377	0	80	23
273	32	378	0	80	23
274	32	378	0	80	23
275	32	378	0	80	23
276	32	378	0	80	23
277	32	379	0	80	22
278	32	379	0	80	22
279	32	388	0	82	23
280	32	388	0	82	23
281	32	388	0	82	23
282	32	388	0	82	23
283	32	389	0	82	22
284	32	389	0	82	22
285	32	398	0	84	23
286	32	398	0	84	23
287	32	398	0	84	23
288	32	398	0	84	23
289	32	399	0	84	23
290	32	399	0	84	22
291	32	400	0	84	22
292	32	408	0	86	22
293	32	408	0	86	22
294	32	408	0	86	23
295	32	409	0	86	23
296	32	409	0	86	22
297	32	410	0	86	22
298	32	418	0	88	22
299	32	418	0	88	22
300	32	418	0	88	22
