# gameId 895227423  LOSS  scores [170.0, 241.0]
# mybuild 0:1.1.1.1,2:2.2.0.2  oppbuild 1:1.1.1.1,3:2.3.0.2  my_train t35  opp_train t36
# t  me  opp  mywood  oppwood  trees
1	28	28	0	0	18
2	28	28	0	0	18
3	28	28	0	0	18
4	28	28	0	0	18
5	28	28	0	0	18
6	28	28	0	0	18
7	28	28	0	0	18
8	28	28	0	0	18
9	28	28	0	0	18
10	28	28	0	0	18
11	28	28	0	0	18
12	28	28	0	0	18
13	28	28	0	0	18
14	28	28	0	0	18
15	28	28	0	0	18
16	28	28	0	0	18
17	28	28	0	0	18
18	29	28	0	0	18
19	29	29	0	0	18
20	29	29	0	0	18
21	29	29	0	0	18
22	29	29	0	0	18
23	29	29	0	0	18
24	29	29	0	0	18
25	29	29	0	0	18
26	29	29	0	0	18
27	29	29	0	0	18
28	29	29	0	0	18
29	29	29	0	0	18
30	29	29	0	0	18
31	29	29	0	0	18
32	29	29	0	0	18
33	29	29	0	0	18
34	30	29	0	0	18
35	18	30	0	0	18
36	18	14	0	0	19
37	17	13	0	0	19
38	17	13	0	0	20
39	17	12	0	0	21
40	17	12	0	0	21
41	16	12	0	0	21
42	16	12	0	0	21
43	16	11	0	0	21
44	16	11	0	0	22
45	23	11	2	0	22
46	23	11	2	0	23
47	23	11	2	0	24
48	23	11	2	0	23
49	22	10	2	0	23
50	30	10	4	0	23
51	30	10	4	0	23
52	30	10	4	0	24
53	30	10	4	0	24
54	30	10	4	0	23
55	38	9	6	0	22
56	38	9	6	0	22
57	38	9	6	0	22
58	38	9	6	0	24
59	38	8	6	0	24
60	38	8	6	0	24
61	38	8	6	0	25
62	38	8	6	0	24
63	38	7	6	0	24
64	46	7	8	0	24
65	46	7	8	0	25
66	46	7	8	0	26
67	46	7	8	0	25
68	46	7	8	0	25
69	46	7	8	0	24
70	46	7	8	0	25
71	46	7	8	0	25
72	46	8	8	0	24
73	46	8	8	0	24
74	54	8	10	0	24
75	54	8	10	0	25
76	54	9	10	0	24
77	54	9	10	0	24
78	54	9	10	0	24
79	54	9	10	0	24
80	54	10	10	0	23
81	54	10	10	0	23
82	54	10	10	0	23
83	54	10	10	0	23
84	54	11	10	0	21
85	54	11	10	0	21
86	54	12	10	0	22
87	54	12	10	0	22
88	54	12	10	0	22
89	62	12	12	0	21
90	62	13	12	0	21
91	62	13	12	0	21
92	62	14	12	0	21
93	62	14	12	0	21
94	62	26	12	3	21
95	62	26	12	3	21
96	62	26	12	3	22
97	62	26	12	3	22
98	62	27	12	3	22
99	62	27	12	3	22
100	62	28	12	3	21
101	62	28	12	3	20
102	62	29	12	3	20
103	62	29	12	3	20
104	62	29	12	3	20
105	70	29	14	3	20
106	70	30	14	3	20
107	70	30	14	3	20
108	70	31	14	3	20
109	70	31	14	3	19
110	70	31	14	3	19
111	70	31	14	3	19
112	70	43	14	6	19
113	70	43	14	6	19
114	70	44	14	6	19
115	70	44	14	6	19
116	70	45	14	6	19
117	70	44	14	6	19
118	70	44	14	6	19
119	70	44	14	6	19
120	70	44	14	6	20
121	70	44	14	6	20
122	78	44	16	6	20
123	78	44	16	6	19
124	78	44	16	6	19
125	78	56	16	9	20
126	78	56	16	9	20
127	78	56	16	9	20
128	86	56	18	9	20
129	86	57	18	9	20
130	86	57	18	9	20
131	86	58	18	9	19
132	86	58	18	9	19
133	86	59	18	9	19
134	86	59	18	9	19
135	86	59	18	9	18
136	86	59	18	9	19
137	86	60	18	9	19
138	86	60	18	9	19
139	94	72	20	12	19
140	94	72	20	12	19
141	94	72	20	12	19
142	94	72	20	12	18
143	94	73	20	12	18
144	94	73	20	12	18
145	94	74	20	12	18
146	94	74	20	12	18
147	94	74	20	12	18
148	94	74	20	12	18
149	94	75	20	12	17
150	94	75	20	12	17
151	94	75	20	12	16
152	94	75	20	12	16
153	94	75	20	12	16
154	94	75	20	12	17
155	102	75	22	12	17
156	102	87	22	15	18
157	102	88	22	15	18
158	102	88	22	15	18
159	102	89	22	15	17
160	102	89	22	15	17
161	102	90	22	15	17
162	102	90	22	15	17
163	102	91	22	15	17
164	102	91	22	15	17
165	102	91	22	15	17
166	102	91	22	15	16
167	102	91	22	15	16
168	102	91	22	15	16
169	102	91	22	15	16
170	102	91	22	15	17
171	102	91	22	15	17
172	110	91	24	15	16
173	110	91	24	15	17
174	110	103	24	18	17
175	110	103	24	18	18
176	110	103	24	18	18
177	110	103	24	18	18
178	110	103	24	18	17
179	110	104	24	18	17
180	110	104	24	18	17
181	110	105	24	18	17
182	110	105	24	18	17
183	110	105	24	18	17
184	110	105	24	18	17
185	110	106	24	18	16
186	110	105	24	18	15
187	110	105	24	18	16
188	110	105	24	18	16
189	110	105	24	18	17
190	110	105	24	18	17
191	118	106	26	18	17
192	118	106	26	18	17
193	118	118	26	21	17
194	118	118	26	21	17
195	118	119	26	21	16
196	118	119	26	21	16
197	118	119	26	21	16
198	118	119	26	21	16
199	118	120	26	21	16
200	118	120	26	21	15
201	118	120	26	21	15
202	118	132	26	24	14
203	118	132	26	24	15
204	118	132	26	24	15
205	118	132	26	24	16
206	118	131	26	24	16
207	118	131	26	24	16
208	126	130	28	24	16
209	126	142	28	27	16
210	126	142	28	27	17
211	126	142	28	27	17
212	126	142	28	27	16
213	126	142	28	27	16
214	134	142	30	27	15
215	134	142	30	27	16
216	134	154	30	30	16
217	134	154	30	30	16
218	134	154	30	30	16
219	134	154	30	30	15
220	134	154	30	30	16
221	134	158	30	31	16
222	134	158	30	31	15
223	134	166	30	33	15
224	134	166	30	33	15
225	134	166	30	33	16
226	134	166	30	33	16
227	134	166	30	33	17
228	142	166	32	33	16
229	142	166	32	33	16
230	142	178	32	36	17
231	142	178	32	36	16
232	142	178	32	36	16
233	142	178	32	36	16
234	142	178	32	36	15
235	142	178	32	36	15
236	142	190	32	39	16
237	142	190	32	39	16
238	142	190	32	39	16
239	142	190	32	39	16
240	142	190	32	39	16
241	142	190	32	39	16
242	142	190	32	39	15
243	142	190	32	39	16
244	142	190	32	39	16
245	142	190	32	39	16
246	142	190	32	39	16
247	150	190	34	39	16
248	150	190	34	39	16
249	150	190	34	39	16
250	150	190	34	39	17
251	150	190	34	39	17
252	150	190	34	39	17
253	150	190	34	39	16
254	150	190	34	39	15
255	150	202	34	42	15
256	150	202	34	42	15
257	150	202	34	42	15
258	150	202	34	42	15
259	150	202	34	42	16
260	150	202	34	42	16
261	150	202	34	42	16
262	150	202	34	42	16
263	150	202	34	42	16
264	150	202	34	42	16
265	150	203	34	42	16
266	150	203	34	42	14
267	150	203	34	42	14
268	150	215	34	45	14
269	150	215	34	45	14
270	150	215	34	45	15
271	150	215	34	45	15
272	150	215	34	45	16
273	158	215	36	45	16
274	158	215	36	45	16
275	158	215	36	45	16
276	158	215	36	45	15
277	158	216	36	45	15
278	158	216	36	45	15
279	158	216	36	45	15
280	158	216	36	45	14
281	158	216	36	45	14
282	158	228	36	48	15
283	158	228	36	48	15
284	158	228	36	48	15
285	158	229	36	48	15
286	158	229	36	48	15
287	158	229	36	48	14
288	158	229	36	48	14
289	158	229	36	48	14
290	158	229	36	48	14
291	158	229	36	48	14
292	166	229	38	48	14
293	166	229	38	48	14
294	166	229	38	48	15
295	166	229	38	48	15
296	166	229	38	48	15
297	166	229	38	48	14
298	166	229	38	48	13
299	166	229	38	48	13
300	170	241	39	51	13
