# gameId 895235179  LOSS  scores [153.0, 205.0]
# mybuild 0:1.1.1.1,2:1.1.1.0  oppbuild 1:1.1.1.1,3:2.2.0.2  my_train t3  opp_train t41
# t  me  opp  mywood  oppwood  trees
1	23	23	0	0	16
2	23	23	0	0	16
3	17	23	0	0	16
4	17	23	0	0	16
5	17	23	0	0	16
6	18	23	0	0	16
7	18	23	0	0	16
8	19	23	0	0	16
9	19	23	0	0	16
10	19	23	0	0	16
11	19	23	0	0	16
12	19	23	0	0	16
13	19	23	0	0	16
14	20	23	0	0	16
15	20	23	0	0	16
16	21	23	0	0	16
17	21	23	0	0	16
18	21	23	0	0	16
19	21	23	0	0	16
20	21	24	0	0	16
21	21	24	0	0	16
22	21	24	0	0	16
23	21	24	0	0	17
24	21	24	0	0	17
25	21	24	0	0	16
26	21	24	0	0	16
27	21	24	0	0	16
28	22	24	0	0	16
29	25	24	1	0	16
30	25	25	1	0	16
31	26	25	1	0	16
32	26	25	1	0	16
33	27	25	1	0	17
34	27	25	1	0	17
35	27	25	1	0	17
36	27	25	1	0	17
37	27	25	1	0	17
38	28	25	1	0	17
39	28	25	1	0	17
40	28	26	1	0	17
41	28	15	1	0	16
42	28	14	1	0	16
43	28	14	1	0	17
44	29	13	1	0	17
45	28	13	1	0	17
46	28	13	1	0	18
47	32	13	2	0	18
48	32	12	2	0	18
49	33	12	2	0	18
50	33	12	2	0	19
51	34	12	2	0	19
52	34	11	2	0	19
53	34	11	2	0	18
54	38	11	3	0	18
55	38	11	3	0	19
56	39	19	3	2	19
57	39	19	3	2	19
58	39	18	3	2	19
59	39	18	3	2	19
60	39	18	3	2	19
61	39	18	3	2	20
62	39	18	3	2	20
63	39	18	3	2	20
64	39	17	3	2	20
65	39	17	3	2	21
66	39	16	3	2	21
67	43	16	4	2	21
68	43	16	4	2	21
69	43	16	4	2	21
70	44	16	4	2	22
71	43	16	4	2	22
72	43	16	4	2	23
73	43	16	4	2	23
74	43	16	4	2	22
75	43	17	4	2	21
76	44	16	4	2	21
77	44	24	4	4	22
78	44	24	4	4	22
79	48	24	5	4	22
80	48	24	5	4	22
81	48	25	5	4	22
82	48	25	5	4	22
83	48	25	5	4	21
84	52	25	6	4	21
85	52	25	6	4	21
86	53	25	6	4	22
87	52	25	6	4	22
88	52	25	6	4	23
89	52	25	6	4	23
90	52	25	6	4	23
91	52	26	6	4	23
92	53	26	6	4	22
93	53	26	6	4	22
94	53	26	6	4	21
95	53	27	6	4	22
96	57	27	7	4	22
97	57	35	7	6	22
98	57	35	7	6	22
99	57	36	7	6	22
100	57	36	7	6	21
101	61	36	8	6	21
102	61	36	8	6	21
103	62	36	8	6	22
104	61	36	8	6	22
105	61	36	8	6	23
106	61	36	8	6	23
107	61	37	8	6	23
108	61	37	8	6	23
109	61	37	8	6	23
110	61	37	8	6	22
111	65	38	9	6	21
112	65	38	9	6	22
113	65	38	9	6	22
114	65	46	9	8	22
115	65	47	9	8	22
116	65	47	9	8	22
117	65	47	9	8	22
118	65	47	9	8	22
119	66	48	9	8	21
120	65	47	9	8	21
121	65	47	9	8	23
122	65	47	9	8	23
123	69	47	10	8	23
124	69	47	10	8	23
125	69	48	10	8	22
126	69	48	10	8	21
127	73	48	11	8	21
128	73	48	11	8	21
129	73	49	11	8	20
130	73	49	11	8	20
131	73	49	11	8	20
132	73	49	11	8	21
133	73	50	11	8	21
134	73	50	11	8	21
135	73	50	11	8	20
136	73	50	11	8	20
137	73	50	11	8	21
138	73	50	11	8	21
139	78	50	12	8	21
140	77	50	12	8	20
141	78	51	12	8	20
142	78	51	12	8	20
143	78	51	12	8	20
144	78	51	12	8	20
145	78	52	12	8	20
146	78	52	12	8	21
147	78	52	12	8	21
148	78	52	12	8	20
149	78	52	12	8	21
150	78	52	12	8	21
151	79	52	12	8	20
152	83	52	13	8	20
153	83	53	13	8	20
154	83	53	13	8	20
155	83	53	13	8	20
156	83	53	13	8	20
157	83	54	13	8	20
158	83	54	13	8	20
159	83	54	13	8	19
160	83	54	13	8	19
161	84	54	13	8	20
162	83	54	13	8	19
163	87	54	14	8	19
164	87	54	14	8	20
165	87	55	14	8	20
166	87	63	14	10	20
167	87	63	14	10	20
168	87	63	14	10	20
169	87	64	14	10	20
170	87	64	14	10	19
171	87	64	14	10	19
172	87	64	14	10	19
173	87	64	14	10	20
174	91	64	15	10	20
175	92	64	15	10	20
176	91	64	15	10	20
177	91	65	15	10	20
178	91	65	15	10	19
179	91	65	15	10	19
180	91	65	15	10	20
181	91	74	15	12	19
182	91	73	15	12	19
183	91	73	15	12	20
184	91	73	15	12	20
185	95	73	16	12	20
186	95	73	16	12	20
187	95	74	16	12	20
188	95	74	16	12	21
189	95	74	16	12	21
190	95	74	16	12	21
191	95	75	16	12	21
192	95	75	16	12	20
193	95	75	16	12	19
194	95	75	16	12	19
195	95	75	16	12	20
196	99	75	17	12	20
197	99	75	17	12	20
198	99	83	17	14	21
199	99	84	17	14	21
200	99	84	17	14	21
201	99	84	17	14	21
202	99	84	17	14	20
203	99	84	17	14	19
204	99	92	17	16	19
205	100	92	17	16	19
206	99	92	17	16	20
207	103	92	18	16	21
208	103	92	18	16	21
209	103	92	18	16	20
210	103	92	18	16	20
211	103	100	18	18	20
212	103	100	18	18	19
213	107	100	19	18	20
214	107	99	19	18	20
215	108	99	19	18	19
216	108	99	19	18	20
217	108	107	19	20	20
218	108	107	19	20	20
219	109	107	19	20	20
220	108	106	19	20	20
221	108	106	19	20	21
222	108	106	19	20	20
223	108	110	19	21	21
224	108	110	19	21	21
225	109	110	19	21	21
226	113	110	20	21	20
227	113	110	20	21	20
228	113	118	20	23	20
229	114	118	20	23	20
230	114	118	20	23	20
231	114	118	20	23	21
232	114	118	20	23	20
233	118	118	21	23	20
234	118	117	21	23	20
235	119	117	21	23	20
236	118	117	21	23	21
237	118	117	21	23	22
238	118	117	21	23	21
239	118	117	21	23	21
240	118	125	21	25	21
241	119	125	21	25	20
242	119	129	21	26	20
243	119	129	21	26	20
244	119	129	21	26	21
245	124	129	22	26	20
246	124	129	22	26	20
247	124	137	22	28	20
248	124	137	22	28	20
249	124	137	22	28	20
250	124	136	22	28	20
251	124	136	22	28	19
252	128	136	23	28	20
253	128	136	23	28	20
254	129	143	23	30	20
255	128	143	23	30	20
256	128	143	23	30	22
257	128	143	23	30	21
258	129	143	23	30	21
259	129	151	23	32	21
260	129	151	23	32	21
261	129	151	23	32	20
262	133	151	24	32	19
263	133	151	24	32	19
264	134	159	24	34	20
265	134	159	24	34	20
266	135	159	24	34	20
267	135	159	24	34	20
268	136	159	24	34	19
269	135	159	24	34	19
270	135	167	24	36	20
271	135	167	24	36	20
272	136	167	24	36	20
273	136	166	24	36	20
274	136	166	24	36	19
275	136	166	24	36	19
276	140	174	25	38	19
277	140	174	25	38	19
278	141	174	25	38	19
279	141	173	25	38	19
280	142	173	25	38	18
281	142	173	25	38	19
282	143	181	25	40	19
283	143	181	25	40	19
284	144	181	25	40	19
285	144	181	25	40	18
286	145	181	25	40	18
287	145	189	25	42	18
288	145	189	25	42	19
289	145	189	25	42	19
290	146	189	25	42	19
291	146	189	25	42	18
292	146	189	25	42	18
293	146	197	25	44	18
294	147	197	25	44	18
295	147	197	25	44	18
296	151	197	26	44	18
297	151	197	26	44	17
298	152	197	26	44	18
299	152	205	26	46	18
300	153	205	26	46	18
