# gameId 895242672  WIN  scores [152.0, 144.0]
# mybuild 0:1.1.1.1,3:2.2.0.2  oppbuild 1:1.1.1.1,2:2.2.0.2  my_train t119  opp_train t116
# t  me  opp  mywood  oppwood  trees
1	22	22	0	0	12
2	22	22	0	0	12
3	21	22	0	0	12
4	21	22	0	0	13
5	20	22	0	0	13
6	20	22	0	0	13
7	20	22	0	0	14
8	20	22	0	0	14
9	19	22	0	0	14
10	19	22	0	0	14
11	19	22	0	0	15
12	19	22	0	0	15
13	18	22	0	0	15
14	18	22	0	0	15
15	18	22	0	0	15
16	18	22	0	0	16
17	17	22	0	0	16
18	17	22	0	0	16
19	17	22	0	0	17
20	17	22	0	0	17
21	17	22	0	0	17
22	17	22	0	0	17
23	17	22	0	0	17
24	17	22	0	0	17
25	17	22	0	0	17
26	17	22	0	0	17
27	17	22	0	0	17
28	17	22	0	0	17
29	17	22	0	0	17
30	17	22	0	0	17
31	17	23	0	0	17
32	17	23	0	0	17
33	17	23	0	0	17
34	18	23	0	0	17
35	18	23	0	0	17
36	18	23	0	0	17
37	18	23	0	0	17
38	18	23	0	0	17
39	18	23	0	0	17
40	18	23	0	0	17
41	18	23	0	0	17
42	18	23	0	0	17
43	18	23	0	0	17
44	18	23	0	0	17
45	18	23	0	0	17
46	18	23	0	0	17
47	18	23	0	0	17
48	18	23	0	0	17
49	18	23	0	0	17
50	18	23	0	0	17
51	18	23	0	0	17
52	18	23	0	0	17
53	18	23	0	0	17
54	18	23	0	0	17
55	18	23	0	0	17
56	18	23	0	0	17
57	18	23	0	0	17
58	18	23	0	0	17
59	18	24	0	0	17
60	18	24	0	0	17
61	18	24	0	0	17
62	19	24	0	0	17
63	19	24	0	0	17
64	19	24	0	0	17
65	19	24	0	0	17
66	19	24	0	0	17
67	19	24	0	0	17
68	19	24	0	0	17
69	19	24	0	0	17
70	19	24	0	0	17
71	19	24	0	0	17
72	19	24	0	0	17
73	19	24	0	0	17
74	19	24	0	0	17
75	19	24	0	0	17
76	19	24	0	0	17
77	19	24	0	0	17
78	19	24	0	0	17
79	19	24	0	0	17
80	19	24	0	0	17
81	19	24	0	0	17
82	19	24	0	0	17
83	19	24	0	0	17
84	19	24	0	0	17
85	19	24	0	0	17
86	19	24	0	0	17
87	19	25	0	0	17
88	19	25	0	0	17
89	19	25	0	0	17
90	20	25	0	0	17
91	20	25	0	0	17
92	20	25	0	0	17
93	20	25	0	0	17
94	20	25	0	0	17
95	20	25	0	0	17
96	20	25	0	0	17
97	20	25	0	0	17
98	20	25	0	0	17
99	20	25	0	0	17
100	20	25	0	0	17
101	20	25	0	0	17
102	20	25	0	0	17
103	20	25	0	0	17
104	20	25	0	0	17
105	20	25	0	0	17
106	20	25	0	0	17
107	20	25	0	0	17
108	20	25	0	0	17
109	20	25	0	0	17
110	20	25	0	0	17
111	20	25	0	0	17
112	20	25	0	0	17
113	20	25	0	0	17
114	20	25	0	0	17
115	20	26	0	0	17
116	20	15	0	0	17
117	20	14	0	0	17
118	21	14	0	0	18
119	9	13	0	0	18
120	10	13	0	0	18
121	10	13	0	0	19
122	11	13	0	0	19
123	11	13	0	0	18
124	11	13	0	0	19
125	10	13	0	0	19
126	11	13	0	0	19
127	10	13	0	0	19
128	11	13	0	0	18
129	18	13	2	0	18
130	18	13	2	0	19
131	18	13	2	0	20
132	18	13	2	0	19
133	26	13	4	0	19
134	25	13	4	0	19
135	25	13	4	0	21
136	24	13	4	0	21
137	24	13	4	0	20
138	24	13	4	0	20
139	32	13	6	0	19
140	32	13	6	0	20
141	32	13	6	0	20
142	32	13	6	0	20
143	32	13	6	0	20
144	39	13	8	0	19
145	39	13	8	0	20
146	39	13	8	0	20
147	39	13	8	0	21
148	39	13	8	0	20
149	39	13	8	0	20
150	39	14	8	0	20
151	39	14	8	0	20
152	39	15	8	0	19
153	39	15	8	0	19
154	39	16	8	0	19
155	39	16	8	0	18
156	39	17	8	0	18
157	47	17	10	0	18
158	47	17	10	0	18
159	47	17	10	0	18
160	47	18	10	0	18
161	47	18	10	0	17
162	47	19	10	0	16
163	47	19	10	0	16
164	55	19	12	0	16
165	56	19	12	0	16
166	56	20	12	0	16
167	56	28	12	2	16
168	56	29	12	2	16
169	56	29	12	2	16
170	56	29	12	2	16
171	56	29	12	2	16
172	56	30	12	2	16
173	56	30	12	2	15
174	56	30	12	2	16
175	56	30	12	2	16
176	57	30	12	2	16
177	57	30	12	2	16
178	65	31	14	2	15
179	65	30	14	2	15
180	65	38	14	4	15
181	65	38	14	4	16
182	65	38	14	4	16
183	65	38	14	4	15
184	65	38	14	4	15
185	65	37	14	4	15
186	65	37	14	4	15
187	65	36	14	4	15
188	65	36	14	4	15
189	65	36	14	4	16
190	65	36	14	4	16
191	73	36	16	4	15
192	73	36	16	4	15
193	73	43	16	6	15
194	73	43	16	6	15
195	73	43	16	6	15
196	73	47	16	7	15
197	73	47	16	7	15
198	73	47	16	7	15
199	73	46	16	7	15
200	73	46	16	7	16
201	73	45	16	7	16
202	81	45	18	7	16
203	81	45	18	7	16
204	81	45	18	7	16
205	81	45	18	7	15
206	81	45	18	7	16
207	89	45	20	7	16
208	89	45	20	7	16
209	89	45	20	7	15
210	89	45	20	7	15
211	89	53	20	9	16
212	89	53	20	9	15
213	90	57	20	10	15
214	90	57	20	10	15
215	90	57	20	10	15
216	90	57	20	10	15
217	90	57	20	10	15
218	90	57	20	10	15
219	98	57	22	10	14
220	98	57	22	10	15
221	98	65	22	12	15
222	98	65	22	12	15
223	98	65	22	12	15
224	98	65	22	12	14
225	98	73	22	14	14
226	98	73	22	14	15
227	99	73	22	14	14
228	99	72	22	14	14
229	99	80	22	16	15
230	99	79	22	16	15
231	99	79	22	16	15
232	99	79	22	16	15
233	107	79	24	16	16
234	107	79	24	16	16
235	107	79	24	16	16
236	107	79	24	16	16
237	107	79	24	16	16
238	107	79	24	16	15
239	107	87	24	18	15
240	107	87	24	18	15
241	108	87	24	18	15
242	108	87	24	18	15
243	116	87	26	18	15
244	116	95	26	20	15
245	116	95	26	20	15
246	116	95	26	20	16
247	116	95	26	20	16
248	116	95	26	20	15
249	116	103	26	22	15
250	116	103	26	22	15
251	116	103	26	22	15
252	116	103	26	22	15
253	116	103	26	22	14
254	116	103	26	22	14
255	117	111	26	24	14
256	117	111	26	24	15
257	117	111	26	24	15
258	125	110	28	24	15
259	125	110	28	24	16
260	125	110	28	24	16
261	125	110	28	24	16
262	125	110	28	24	16
263	125	110	28	24	16
264	125	110	28	24	16
265	125	110	28	24	15
266	125	118	28	26	15
267	125	118	28	26	14
268	125	118	28	26	14
269	126	118	28	26	15
270	126	118	28	26	14
271	134	126	30	28	14
272	134	126	30	28	14
273	134	126	30	28	14
274	134	126	30	28	14
275	134	126	30	28	14
276	134	126	30	28	14
277	134	126	30	28	14
278	134	126	30	28	14
279	134	126	30	28	14
280	134	126	30	28	14
281	134	129	30	29	14
282	134	129	30	29	14
283	135	129	30	29	14
284	135	129	30	29	14
285	135	129	30	29	13
286	135	129	30	29	13
287	135	137	30	31	14
288	135	137	30	31	14
289	135	137	30	31	14
290	143	137	32	31	14
291	143	137	32	31	14
292	143	137	32	31	14
293	143	137	32	31	14
294	143	137	32	31	14
295	143	137	32	31	14
296	143	137	32	31	13
297	144	137	32	31	12
298	144	145	32	33	12
299	144	145	32	33	12
300	144	145	32	33	12
