# gameId 895358388  LOSS  scores [216.0, 257.0]
# mybuild 0:1.1.1.1,3:2.2.0.2  oppbuild 1:1.1.1.1,2:2.2.0.2  my_train t3  opp_train t2
# t  me  opp  mywood  oppwood  trees
1	27	27	0	0	14
2	27	16	0	0	14
3	15	15	0	0	14
4	15	15	0	0	16
5	14	14	0	0	16
6	14	14	0	0	16
7	14	14	0	0	16
8	14	14	0	0	17
9	13	14	0	0	17
10	13	14	0	0	17
11	21	14	2	0	18
12	21	14	2	0	18
13	20	13	2	0	18
14	20	13	2	0	18
15	20	13	2	0	20
16	20	13	2	0	20
17	19	13	2	0	20
18	19	13	2	0	20
19	19	13	2	0	20
20	19	14	2	0	20
21	19	14	2	0	20
22	27	14	4	0	19
23	27	14	4	0	19
24	27	15	4	0	19
25	27	15	4	0	18
26	26	15	4	0	18
27	34	15	6	0	19
28	33	16	6	0	18
29	33	16	6	0	18
30	33	16	6	0	19
31	33	16	6	0	18
32	32	17	6	0	18
33	40	17	8	0	18
34	40	17	8	0	18
35	40	17	8	0	18
36	40	18	8	0	18
37	40	18	8	0	18
38	40	18	8	0	17
39	40	18	8	0	17
40	48	19	10	0	17
41	48	19	10	0	17
42	48	19	10	0	16
43	48	19	10	0	15
44	56	20	12	0	15
45	56	20	12	0	15
46	56	21	12	0	15
47	56	21	12	0	14
48	56	21	12	0	14
49	56	21	12	0	14
50	56	22	12	0	14
51	56	22	12	0	13
52	56	22	12	0	14
53	56	22	12	0	14
54	56	23	12	0	13
55	56	23	12	0	13
56	56	24	12	0	13
57	64	24	14	0	13
58	64	24	14	0	13
59	64	32	14	2	13
60	64	32	14	2	13
61	64	32	14	2	12
62	64	33	14	2	12
63	72	33	16	2	12
64	72	34	16	2	12
65	72	34	16	2	12
66	72	34	16	2	12
67	72	34	16	2	12
68	72	35	16	2	13
69	72	35	16	2	13
70	72	36	16	2	12
71	72	36	16	2	12
72	72	44	16	4	12
73	72	44	16	4	12
74	72	44	16	4	13
75	80	44	18	4	13
76	80	44	18	4	13
77	80	44	18	4	12
78	80	45	18	4	12
79	80	45	18	4	12
80	80	46	18	4	12
81	80	46	18	4	11
82	80	46	18	4	11
83	80	46	18	4	11
84	80	46	18	4	12
85	80	46	18	4	12
86	88	46	20	4	13
87	88	46	20	4	13
88	88	47	20	4	13
89	88	47	20	4	12
90	88	48	20	4	11
91	88	48	20	4	11
92	88	48	20	4	11
93	88	48	20	4	11
94	88	49	20	4	11
95	88	49	20	4	11
96	88	50	20	4	11
97	88	50	20	4	11
98	88	50	20	4	11
99	88	58	20	6	11
100	88	58	20	6	11
101	88	58	20	6	11
102	88	59	20	6	10
103	88	59	20	6	10
104	88	59	20	6	11
105	88	67	20	8	12
106	88	67	20	8	12
107	96	67	22	8	12
108	96	67	22	8	12
109	96	67	22	8	12
110	96	68	22	8	11
111	96	68	22	8	11
112	96	69	22	8	11
113	96	69	22	8	11
114	96	69	22	8	11
115	96	73	22	9	11
116	96	74	22	9	11
117	96	74	22	9	11
118	96	75	22	9	11
119	96	75	22	9	10
120	96	75	22	9	10
121	96	75	22	9	10
122	96	75	22	9	11
123	96	75	22	9	11
124	104	75	24	9	11
125	104	75	24	9	11
126	104	75	24	9	10
127	104	75	24	9	10
128	104	83	24	11	9
129	104	83	24	11	10
130	104	83	24	11	10
131	104	83	24	11	10
132	104	83	24	11	10
133	104	83	24	11	10
134	104	83	24	11	10
135	104	91	24	13	10
136	104	91	24	13	9
137	104	91	24	13	9
138	104	90	24	13	9
139	104	90	24	13	10
140	104	89	24	13	11
141	112	89	26	13	11
142	112	89	26	13	11
143	112	89	26	13	11
144	112	97	26	15	11
145	112	97	26	15	10
146	112	97	26	15	10
147	112	96	26	15	10
148	112	96	26	15	10
149	112	96	26	15	11
150	112	96	26	15	11
151	112	96	26	15	11
152	112	97	26	15	10
153	112	97	26	15	10
154	112	97	26	15	9
155	112	105	26	17	9
156	112	105	26	17	9
157	120	105	28	17	10
158	120	105	28	17	11
159	120	105	28	17	11
160	120	104	28	17	11
161	120	104	28	17	11
162	120	104	28	17	11
163	120	104	28	17	11
164	120	104	28	17	11
165	120	104	28	17	10
166	120	104	28	17	10
167	120	104	28	17	11
168	120	112	28	19	11
169	120	112	28	19	11
170	128	112	30	19	11
171	128	112	30	19	11
172	128	111	30	19	11
173	128	111	30	19	12
174	128	111	30	19	11
175	128	111	30	19	11
176	136	111	32	19	12
177	136	112	32	19	12
178	136	112	32	19	12
179	136	121	32	21	12
180	136	121	32	21	11
181	136	122	32	21	11
182	136	122	32	21	11
183	136	123	32	21	10
184	136	123	32	21	10
185	136	131	32	23	10
186	136	131	32	23	10
187	136	131	32	23	9
188	136	131	32	23	10
189	136	139	32	25	10
190	136	139	32	25	10
191	136	139	32	25	10
192	136	139	32	25	10
193	144	147	34	27	10
194	144	147	34	27	10
195	144	147	34	27	10
196	144	146	34	27	10
197	144	146	34	27	10
198	144	145	34	27	10
199	144	145	34	27	10
200	144	145	34	27	11
201	144	145	34	27	11
202	144	145	34	27	10
203	144	145	34	27	10
204	144	145	34	27	11
205	144	153	34	29	11
206	144	153	34	29	11
207	152	153	36	29	10
208	152	161	36	31	11
209	152	161	36	31	11
210	152	161	36	31	11
211	152	161	36	31	12
212	152	161	36	31	12
213	152	162	36	31	12
214	152	162	36	31	11
215	152	162	36	31	11
216	152	162	36	31	11
217	152	162	36	31	11
218	152	170	36	33	11
219	152	170	36	33	11
220	160	170	38	33	11
221	160	170	38	33	12
222	160	170	38	33	12
223	160	170	38	33	12
224	160	170	38	33	12
225	160	170	38	33	11
226	160	170	38	33	11
227	168	171	40	33	11
228	168	171	40	33	11
229	168	172	40	33	12
230	168	172	40	33	12
231	168	173	40	33	11
232	168	173	40	33	11
233	168	181	40	35	11
234	168	181	40	35	11
235	168	181	40	35	10
236	168	181	40	35	9
237	168	189	40	37	9
238	168	189	40	37	9
239	168	189	40	37	9
240	168	188	40	37	9
241	176	188	42	37	10
242	176	187	42	37	10
243	176	187	42	37	9
244	176	187	42	37	9
245	176	195	42	39	8
246	176	195	42	39	9
247	184	195	44	39	10
248	184	195	44	39	10
249	184	195	44	39	9
250	184	195	44	39	9
251	184	203	44	41	8
252	184	203	44	41	9
253	184	203	44	41	9
254	184	202	44	41	9
255	184	202	44	41	9
256	184	209	44	43	9
257	184	209	44	43	9
258	184	209	44	43	9
259	184	209	44	43	9
260	184	208	44	43	8
261	184	208	44	43	9
262	184	215	44	45	9
263	192	215	46	45	9
264	192	215	46	45	10
265	192	215	46	45	11
266	192	214	46	45	10
267	192	214	46	45	10
268	192	222	46	47	10
269	192	222	46	47	10
270	192	226	46	48	10
271	192	226	46	48	10
272	192	226	46	48	9
273	192	225	46	48	8
274	192	225	46	48	8
275	192	233	46	50	8
276	192	233	46	50	9
277	200	233	48	50	9
278	200	233	48	50	9
279	200	233	48	50	8
280	200	233	48	50	8
281	200	241	48	52	8
282	200	241	48	52	7
283	200	241	48	52	7
284	208	240	50	52	7
285	208	240	50	52	8
286	208	240	50	52	8
287	208	248	50	54	8
288	208	248	50	54	8
289	208	248	50	54	7
290	208	247	50	54	7
291	208	247	50	54	6
292	208	255	50	56	7
293	208	255	50	56	7
294	208	255	50	56	7
295	208	255	50	56	6
296	208	259	50	57	6
297	208	259	50	57	6
298	208	259	50	57	6
299	208	258	50	57	6
300	216	258	52	57	7
