# gameId 895243791  WIN  scores [246.0, 225.0]
# mybuild 0:1.1.1.1,2:2.2.0.2  oppbuild 1:1.1.1.1,3:2.2.0.2  my_train t5  opp_train t5
# t  me  opp  mywood  oppwood  trees
1	23	23	0	0	18
2	23	23	0	0	18
3	23	23	0	0	18
4	23	23	0	0	18
5	11	12	0	0	18
6	11	11	0	0	18
7	11	11	0	0	20
8	11	10	0	0	20
9	10	10	0	0	20
10	10	10	0	0	22
11	9	10	0	0	21
12	9	9	0	0	21
13	17	9	2	0	22
14	17	9	2	0	23
15	16	9	2	0	22
16	16	8	2	0	22
17	16	8	2	0	23
18	16	7	2	0	23
19	16	7	2	0	24
20	16	7	2	0	24
21	15	7	2	0	24
22	23	6	4	0	25
23	22	6	4	0	25
24	22	6	4	0	25
25	22	6	4	0	27
26	22	5	4	0	27
27	22	5	4	0	25
28	22	5	4	0	26
29	30	5	6	0	26
30	30	5	6	0	26
31	30	5	6	0	25
32	38	5	8	0	24
33	38	6	8	0	24
34	38	6	8	0	25
35	38	6	8	0	24
36	38	6	8	0	23
37	46	7	10	0	24
38	46	7	10	0	24
39	46	15	10	2	23
40	46	15	10	2	23
41	46	16	10	2	23
42	46	16	10	2	22
43	46	16	10	2	21
44	54	16	12	2	21
45	54	24	12	4	23
46	54	24	12	4	23
47	54	24	12	4	23
48	54	24	12	4	21
49	54	32	12	6	21
50	54	32	12	6	21
51	54	32	12	6	22
52	54	32	12	6	22
53	54	32	12	6	21
54	54	32	12	6	21
55	54	40	12	8	21
56	54	40	12	8	21
57	62	40	14	8	22
58	62	40	14	8	22
59	62	40	14	8	22
60	62	40	14	8	21
61	62	40	14	8	22
62	62	40	14	8	22
63	62	40	14	8	23
64	62	40	14	8	22
65	62	40	14	8	21
66	70	40	16	8	21
67	70	48	16	10	21
68	70	48	16	10	22
69	70	48	16	10	23
70	70	48	16	10	23
71	70	48	16	10	23
72	70	48	16	10	23
73	70	49	16	10	23
74	70	49	16	10	22
75	70	49	16	10	22
76	70	57	16	12	22
77	70	57	16	12	22
78	70	57	16	12	23
79	78	57	18	12	23
80	78	57	18	12	23
81	78	57	18	12	23
82	78	57	18	12	22
83	78	57	18	12	23
84	86	57	20	12	23
85	86	66	20	14	23
86	86	66	20	14	23
87	86	67	20	14	23
88	86	67	20	14	22
89	86	68	20	14	22
90	94	68	22	14	22
91	94	69	22	14	22
92	94	69	22	14	22
93	94	70	22	14	22
94	94	70	22	14	22
95	94	70	22	14	22
96	94	70	22	14	22
97	94	71	22	14	22
98	94	70	22	14	21
99	94	70	22	14	22
100	94	69	22	14	22
101	94	77	22	16	22
102	102	77	24	16	23
103	102	77	24	16	23
104	102	77	24	16	22
105	102	77	24	16	22
106	102	77	24	16	22
107	102	78	24	16	22
108	102	78	24	16	22
109	102	78	24	16	21
110	102	78	24	16	21
111	102	78	24	16	21
112	102	78	24	16	22
113	102	78	24	16	22
114	110	78	26	16	22
115	110	78	26	16	21
116	110	78	26	16	21
117	110	79	26	16	22
118	110	79	26	16	22
119	110	79	26	16	22
120	110	79	26	16	22
121	110	80	26	16	21
122	110	88	26	18	21
123	110	88	26	18	21
124	110	88	26	18	21
125	110	89	26	18	21
126	110	89	26	18	21
127	110	89	26	18	21
128	110	89	26	18	20
129	110	88	26	18	20
130	110	88	26	18	20
131	110	88	26	18	20
132	110	96	26	20	20
133	110	96	26	20	20
134	118	96	28	20	20
135	118	95	28	20	20
136	118	95	28	20	19
137	118	95	28	20	20
138	118	103	28	22	21
139	118	103	28	22	20
140	118	107	28	23	20
141	118	107	28	23	20
142	118	107	28	23	19
143	118	106	28	23	19
144	118	106	28	23	20
145	118	105	28	23	20
146	118	105	28	23	20
147	126	105	30	23	20
148	126	105	30	23	20
149	126	113	30	25	20
150	126	113	30	25	20
151	126	113	30	25	19
152	126	112	30	25	19
153	134	112	32	25	19
154	134	112	32	25	19
155	134	112	32	25	19
156	134	120	32	27	19
157	134	120	32	27	20
158	134	119	32	27	19
159	134	119	32	27	20
160	134	118	32	27	20
161	134	118	32	27	20
162	134	118	32	27	19
163	134	118	32	27	19
164	134	126	32	29	19
165	134	126	32	29	19
166	134	126	32	29	19
167	134	125	32	29	19
168	142	125	34	29	19
169	142	125	34	29	20
170	142	125	34	29	19
171	142	124	34	29	19
172	150	124	36	29	19
173	150	132	36	31	19
174	150	132	36	31	20
175	150	132	36	31	20
176	150	132	36	31	20
177	150	132	36	31	21
178	150	132	36	31	21
179	150	132	36	31	21
180	150	132	36	31	20
181	150	132	36	31	20
182	150	136	36	32	19
183	150	136	36	32	19
184	150	136	36	32	19
185	150	135	36	32	19
186	150	135	36	32	20
187	158	134	38	32	20
188	158	134	38	32	19
189	158	134	38	32	20
190	158	134	38	32	20
191	158	141	38	34	20
192	158	141	38	34	20
193	158	141	38	34	19
194	158	145	38	35	19
195	158	145	38	35	20
196	158	145	38	35	20
197	158	145	38	35	20
198	158	145	38	35	20
199	158	145	38	35	20
200	158	145	38	35	21
201	158	144	38	35	21
202	166	144	40	35	21
203	166	144	40	35	22
204	166	144	40	35	22
205	166	144	40	35	20
206	166	144	40	35	20
207	174	152	42	37	20
208	174	152	42	37	21
209	174	152	42	37	21
210	174	152	42	37	21
211	174	152	42	37	21
212	174	153	42	37	20
213	174	153	42	37	20
214	174	161	42	39	20
215	174	160	42	39	19
216	174	160	42	39	19
217	174	160	42	39	21
218	174	160	42	39	21
219	174	159	42	39	21
220	182	159	44	39	20
221	182	167	44	41	20
222	182	167	44	41	21
223	182	167	44	41	20
224	182	167	44	41	20
225	190	167	46	41	20
226	190	167	46	41	20
227	190	167	46	41	20
228	190	167	46	41	20
229	190	167	46	41	20
230	190	167	46	41	19
231	190	175	46	43	19
232	190	175	46	43	19
233	190	175	46	43	19
234	190	174	46	43	19
235	198	174	48	43	20
236	198	173	48	43	20
237	198	173	48	43	20
238	198	173	48	43	19
239	198	173	48	43	19
240	198	181	48	45	20
241	198	181	48	45	19
242	198	185	48	46	19
243	198	185	48	46	20
244	198	185	48	46	20
245	198	184	48	46	19
246	198	184	48	46	20
247	198	184	48	46	20
248	198	184	48	46	20
249	198	184	48	46	20
250	206	184	50	46	20
251	206	184	50	46	21
252	206	184	50	46	21
253	206	184	50	46	20
254	206	184	50	46	20
255	214	184	52	46	20
256	214	192	52	48	21
257	214	192	52	48	21
258	214	192	52	48	21
259	214	192	52	48	21
260	214	192	52	48	21
261	214	192	52	48	21
262	214	193	52	48	20
263	214	192	52	48	20
264	214	192	52	48	20
265	214	192	52	48	21
266	214	192	52	48	21
267	214	192	52	48	21
268	214	192	52	48	20
269	214	192	52	48	20
270	214	200	52	50	21
271	214	200	52	50	21
272	214	200	52	50	21
273	222	200	54	50	21
274	222	200	54	50	21
275	222	200	54	50	21
276	222	200	54	50	21
277	222	200	54	50	21
278	230	200	56	50	21
279	230	208	56	52	21
280	230	208	56	52	21
281	230	208	56	52	21
282	230	209	56	52	21
283	230	209	56	52	21
284	230	210	56	52	21
285	230	210	56	52	20
286	230	210	56	52	20
287	230	209	56	52	20
288	230	209	56	52	19
289	230	209	56	52	20
290	230	217	56	54	20
291	230	217	56	54	21
292	230	217	56	54	21
293	238	217	58	54	21
294	238	217	58	54	21
295	238	217	58	54	22
296	238	217	58	54	21
297	238	217	58	54	20
298	246	217	60	54	20
299	246	225	60	56	20
300	246	225	60	56	20
