# gameId 895376109  LOSS  scores [204.0, 272.0]
# mybuild 0:1.1.1.1,2:1.1.1.0,4:1.1.1.0,5:2.2.0.2  oppbuild 1:1.1.1.1,3:2.2.0.2  my_train t11  opp_train t23
# t  me  opp  mywood  oppwood  trees
1	25	25	0	0	20
2	25	25	0	0	20
3	25	25	0	0	20
4	25	25	0	0	20
5	25	25	0	0	20
6	25	25	0	0	20
7	25	25	0	0	20
8	26	25	0	0	20
9	26	25	0	0	20
10	26	26	0	0	20
11	20	26	0	0	20
12	20	26	0	0	20
13	20	26	0	0	20
14	21	26	0	0	20
15	21	26	0	0	20
16	21	27	0	0	20
17	21	27	0	0	20
18	22	27	0	0	20
19	22	27	0	0	20
20	23	27	0	0	20
21	23	27	0	0	20
22	23	28	0	0	20
23	23	17	0	0	20
24	24	16	0	0	20
25	24	16	0	0	21
26	25	15	0	0	21
27	25	15	0	0	21
28	25	15	0	0	22
29	25	15	0	0	22
30	26	14	0	0	22
31	26	14	0	0	22
32	27	14	0	0	23
33	27	14	0	0	22
34	27	13	0	0	22
35	27	13	0	0	22
36	28	13	0	0	22
37	28	13	0	0	23
38	28	13	0	0	23
39	28	13	0	0	24
40	28	12	0	0	24
41	19	12	0	0	24
42	20	12	0	0	24
43	20	12	0	0	24
44	20	12	0	0	24
45	20	12	0	0	25
46	20	12	0	0	25
47	20	12	0	0	25
48	20	12	0	0	25
49	20	12	0	0	25
50	20	12	0	0	25
51	20	12	0	0	25
52	20	12	0	0	25
53	21	13	0	0	25
54	21	13	0	0	24
55	21	13	0	0	24
56	21	13	0	0	24
57	21	13	0	0	24
58	22	21	0	2	24
59	22	21	0	2	24
60	22	21	0	2	24
61	22	22	0	2	24
62	22	22	0	2	24
63	22	22	0	2	23
64	23	22	0	2	24
65	23	22	0	2	24
66	23	30	0	4	24
67	23	30	0	4	24
68	23	30	0	4	24
69	23	30	0	4	24
70	23	30	0	4	24
71	23	31	0	4	24
72	24	31	0	4	24
73	24	31	0	4	24
74	24	31	0	4	24
75	24	31	0	4	25
76	24	31	0	4	25
77	24	31	0	4	25
78	24	31	0	4	25
79	24	32	0	4	25
80	25	32	0	4	24
81	25	32	0	4	24
82	25	32	0	4	24
83	25	32	0	4	24
84	25	32	0	4	25
85	25	40	0	6	25
86	25	40	0	6	25
87	25	40	0	6	25
88	25	41	0	6	25
89	25	41	0	6	25
90	25	41	0	6	26
91	25	41	0	6	25
92	25	41	0	6	25
93	25	41	0	6	25
94	25	41	0	6	25
95	25	49	0	8	25
96	25	49	0	8	25
97	25	49	0	8	25
98	25	50	0	8	26
99	25	50	0	8	26
100	25	50	0	8	26
101	25	50	0	8	25
102	25	50	0	8	25
103	25	50	0	8	25
104	25	50	0	8	25
105	25	58	0	10	25
106	25	58	0	10	25
107	25	58	0	10	26
108	25	59	0	10	26
109	25	59	0	10	26
110	25	59	0	10	25
111	25	59	0	10	26
112	25	59	0	10	26
113	25	67	0	12	27
114	25	67	0	12	27
115	25	67	0	12	27
116	25	68	0	12	27
117	25	68	0	12	27
118	25	68	0	12	27
119	25	68	0	12	27
120	25	68	0	12	27
121	25	76	0	14	27
122	25	76	0	14	27
123	25	76	0	14	27
124	25	77	0	14	27
125	25	77	0	14	27
126	25	77	0	14	26
127	26	77	0	14	26
128	26	77	0	14	26
129	26	77	0	14	26
130	26	77	0	14	25
131	27	77	0	14	25
132	27	78	0	14	25
133	27	78	0	14	25
134	27	86	0	16	26
135	27	86	0	16	26
136	27	86	0	16	26
137	27	86	0	16	26
138	28	86	0	16	26
139	28	86	0	16	26
140	28	87	0	16	25
141	28	87	0	16	26
142	28	88	0	16	26
143	28	88	0	16	26
144	29	89	0	16	26
145	29	89	0	16	25
146	29	90	0	16	26
147	30	90	0	16	26
148	30	91	0	16	26
149	30	91	0	16	25
150	30	92	0	16	26
151	30	92	0	16	26
152	30	92	0	16	26
153	30	100	0	18	26
154	31	101	0	18	26
155	31	101	0	18	26
156	31	102	0	18	26
157	31	102	0	18	26
158	31	102	0	18	25
159	31	102	0	18	25
160	31	103	0	18	25
161	31	111	0	20	25
162	31	112	0	20	25
163	31	112	0	20	25
164	32	112	0	20	25
165	14	112	0	20	25
166	14	113	0	20	26
167	13	113	0	20	25
168	21	114	2	20	25
169	21	114	2	20	26
170	22	114	2	20	26
171	22	114	2	20	25
172	21	115	2	20	25
173	20	115	2	20	25
174	28	116	4	20	26
175	28	116	4	20	27
176	28	124	4	22	27
177	27	124	4	22	27
178	26	125	4	22	27
179	25	125	4	22	27
180	33	126	6	22	28
181	33	126	6	22	28
182	32	126	6	22	28
183	31	126	6	22	29
184	31	127	6	22	28
185	31	135	6	24	29
186	39	136	8	24	29
187	39	136	8	24	29
188	39	136	8	24	29
189	39	136	8	24	28
190	39	137	8	24	27
191	47	137	10	24	29
192	47	138	10	24	29
193	47	146	10	26	28
194	55	146	12	26	28
195	55	146	12	26	28
196	55	147	12	26	29
197	55	147	12	26	29
198	55	148	12	26	29
199	55	148	12	26	27
200	55	148	12	26	28
201	63	148	14	26	28
202	63	157	14	28	28
203	63	157	14	28	28
204	63	158	14	28	28
205	63	158	14	28	29
206	63	158	14	28	28
207	63	158	14	28	28
208	71	159	16	28	28
209	71	167	16	30	29
210	71	168	16	30	29
211	71	168	16	30	29
212	79	168	18	30	29
213	79	168	18	30	29
214	79	169	18	30	29
215	79	169	18	30	27
216	79	170	18	30	27
217	87	170	20	30	29
218	87	178	20	32	29
219	87	178	20	32	29
220	87	179	20	32	28
221	87	179	20	32	28
222	95	180	22	32	28
223	95	180	22	32	27
224	95	180	22	32	28
225	95	180	22	32	29
226	95	189	22	34	28
227	95	189	22	34	28
228	103	190	24	34	28
229	103	190	24	34	28
230	103	190	24	34	27
231	111	190	26	34	28
232	111	191	26	34	28
233	111	199	26	36	29
234	111	200	26	36	28
235	111	200	26	36	28
236	119	200	28	36	28
237	119	200	28	36	28
238	119	201	28	36	28
239	119	201	28	36	28
240	127	201	30	36	28
241	127	209	30	38	28
242	127	209	30	38	29
243	127	209	30	38	28
244	127	209	30	38	28
245	135	209	32	38	28
246	135	210	32	38	28
247	135	210	32	38	28
248	143	219	34	40	28
249	143	219	34	40	28
250	143	219	34	40	29
251	143	219	34	40	28
252	143	220	34	40	28
253	143	220	34	40	29
254	143	221	34	40	29
255	143	221	34	40	28
256	143	221	34	40	28
257	151	221	36	40	28
258	151	222	36	40	27
259	151	222	36	40	28
260	151	223	36	40	28
261	151	231	36	42	28
262	151	231	36	42	28
263	151	231	36	42	28
264	159	232	38	42	28
265	159	232	38	42	27
266	159	232	38	42	27
267	159	232	38	42	28
268	159	240	38	44	27
269	159	240	38	44	27
270	167	241	40	44	27
271	167	241	40	44	28
272	167	242	40	44	27
273	167	242	40	44	27
274	167	242	40	44	27
275	167	250	40	46	27
276	167	251	40	46	27
277	167	251	40	46	27
278	175	252	42	46	27
279	175	252	42	46	27
280	175	252	42	46	28
281	175	252	42	46	26
282	175	252	42	46	26
283	175	252	42	46	26
284	175	260	42	48	26
285	175	260	42	48	28
286	175	260	42	48	28
287	183	260	44	48	29
288	183	260	44	48	29
289	183	260	44	48	29
290	183	261	44	48	29
291	183	261	44	48	28
292	191	261	46	48	28
293	191	269	46	50	28
294	191	269	46	50	28
295	191	269	46	50	27
296	191	270	46	50	28
297	199	270	48	50	28
298	199	271	48	50	28
299	199	271	48	50	27
300	200	272	48	50	26
