# gameId 895354805  LOSS  scores [187.0, 230.0]
# mybuild 0:1.1.1.1,3:2.2.0.2  oppbuild 1:1.1.1.1,2:2.2.0.2  my_train t75  opp_train t59
# t  me  opp  mywood  oppwood  trees
1	17	17	0	0	18
2	17	17	0	0	18
3	17	17	0	0	18
4	17	17	0	0	18
5	17	17	0	0	18
6	17	17	0	0	18
7	17	17	0	0	18
8	17	17	0	0	18
9	17	17	0	0	18
10	17	17	0	0	18
11	17	17	0	0	18
12	17	17	0	0	18
13	17	17	0	0	18
14	18	17	0	0	18
15	18	17	0	0	18
16	18	17	0	0	18
17	18	17	0	0	18
18	18	17	0	0	18
19	18	17	0	0	18
20	18	17	0	0	18
21	18	17	0	0	18
22	18	17	0	0	18
23	18	17	0	0	18
24	18	17	0	0	18
25	18	17	0	0	18
26	19	17	0	0	18
27	19	17	0	0	18
28	19	17	0	0	18
29	19	17	0	0	18
30	19	17	0	0	18
31	19	17	0	0	18
32	19	17	0	0	18
33	19	17	0	0	18
34	19	17	0	0	18
35	19	17	0	0	18
36	19	17	0	0	18
37	19	17	0	0	18
38	20	17	0	0	18
39	20	17	0	0	18
40	20	17	0	0	18
41	20	17	0	0	18
42	20	17	0	0	18
43	20	17	0	0	18
44	20	17	0	0	18
45	20	17	0	0	18
46	20	18	0	0	18
47	20	18	0	0	18
48	20	18	0	0	18
49	20	18	0	0	18
50	20	18	0	0	18
51	20	18	0	0	18
52	20	19	0	0	18
53	20	19	0	0	18
54	20	19	0	0	18
55	20	19	0	0	18
56	20	19	0	0	18
57	20	19	0	0	18
58	20	20	0	0	18
59	20	9	0	0	18
60	20	8	0	0	18
61	20	8	0	0	19
62	20	7	0	0	19
63	20	7	0	0	19
64	20	7	0	0	20
65	20	7	0	0	20
66	20	6	0	0	19
67	20	6	0	0	19
68	20	6	0	0	20
69	20	6	0	0	20
70	20	5	0	0	20
71	20	5	0	0	20
72	20	5	0	0	20
73	20	5	0	0	20
74	20	5	0	0	20
75	8	5	0	0	20
76	8	5	0	0	21
77	7	5	0	0	21
78	7	13	0	2	21
79	7	14	0	2	22
80	7	14	0	2	21
81	7	14	0	2	21
82	15	14	2	2	21
83	15	14	2	2	22
84	15	14	2	2	22
85	15	14	2	2	22
86	15	14	2	2	22
87	15	15	2	2	21
88	15	15	2	2	21
89	23	15	4	2	21
90	23	23	4	4	22
91	23	23	4	4	23
92	23	23	4	4	23
93	23	23	4	4	23
94	23	23	4	4	23
95	23	24	4	4	23
96	23	24	4	4	22
97	23	24	4	4	23
98	23	24	4	4	23
99	23	25	4	4	23
100	23	25	4	4	22
101	23	26	4	4	22
102	23	26	4	4	21
103	23	26	4	4	21
104	23	26	4	4	20
105	31	27	6	4	20
106	31	27	6	4	21
107	31	28	6	4	20
108	31	28	6	4	20
109	31	28	6	4	20
110	31	28	6	4	19
111	31	37	6	6	19
112	31	37	6	6	19
113	31	38	6	6	19
114	31	38	6	6	20
115	31	38	6	6	19
116	31	38	6	6	19
117	31	46	6	8	19
118	39	46	8	8	20
119	39	46	8	8	20
120	39	46	8	8	20
121	39	46	8	8	19
122	39	46	8	8	19
123	47	47	10	8	19
124	47	47	10	8	19
125	47	48	10	8	19
126	47	48	10	8	19
127	47	49	10	8	19
128	47	49	10	8	19
129	47	57	10	10	18
130	47	57	10	10	18
131	47	57	10	10	19
132	47	57	10	10	19
133	47	57	10	10	19
134	55	57	12	10	18
135	55	57	12	10	18
136	55	65	12	12	19
137	55	65	12	12	18
138	55	65	12	12	18
139	63	65	14	12	19
140	63	65	14	12	19
141	63	65	14	12	19
142	63	65	14	12	19
143	63	65	14	12	19
144	63	65	14	12	18
145	63	65	14	12	18
146	63	73	14	14	18
147	63	73	14	14	17
148	63	81	14	16	18
149	63	81	14	16	18
150	63	81	14	16	18
151	63	81	14	16	18
152	71	81	16	16	17
153	71	81	16	16	18
154	71	89	16	18	18
155	71	89	16	18	18
156	71	89	16	18	19
157	71	88	16	18	19
158	71	88	16	18	19
159	71	88	16	18	19
160	71	88	16	18	19
161	71	87	16	18	18
162	71	87	16	18	18
163	71	95	16	20	19
164	79	95	18	20	19
165	79	95	18	20	19
166	79	94	18	20	19
167	79	94	18	20	18
168	79	94	18	20	19
169	87	94	20	20	19
170	87	102	20	22	19
171	87	102	20	22	20
172	87	102	20	22	20
173	87	102	20	22	20
174	87	102	20	22	19
175	87	102	20	22	19
176	87	102	20	22	20
177	87	102	20	22	20
178	87	102	20	22	19
179	87	102	20	22	18
180	87	101	20	22	18
181	87	101	20	22	18
182	87	101	20	22	19
183	95	109	22	24	19
184	95	109	22	24	19
185	95	109	22	24	19
186	95	109	22	24	18
187	95	110	22	24	19
188	103	110	24	24	19
189	103	119	24	26	19
190	103	119	24	26	19
191	103	120	24	26	19
192	103	120	24	26	18
193	103	120	24	26	18
194	103	120	24	26	18
195	103	121	24	26	18
196	103	121	24	26	17
197	103	121	24	26	17
198	103	129	24	28	16
199	103	129	24	28	16
200	103	129	24	28	16
201	103	129	24	28	17
202	103	128	24	28	16
203	111	128	26	28	16
204	111	136	26	30	17
205	111	136	26	30	17
206	111	136	26	30	17
207	111	136	26	30	18
208	111	136	26	30	17
209	111	136	26	30	16
210	111	144	26	32	16
211	111	144	26	32	16
212	111	144	26	32	16
213	111	143	26	32	16
214	119	143	28	32	17
215	119	142	28	32	16
216	119	142	28	32	16
217	119	142	28	32	17
218	119	150	28	34	17
219	119	149	28	34	17
220	119	149	28	34	17
221	119	149	28	34	18
222	119	149	28	34	18
223	119	148	28	34	17
224	119	148	28	34	17
225	119	147	28	34	17
226	119	155	28	36	17
227	119	155	28	36	18
228	127	155	30	36	18
229	127	154	30	36	18
230	127	154	30	36	18
231	127	154	30	36	17
232	127	154	30	36	18
233	127	154	30	36	18
234	127	154	30	36	18
235	127	158	30	37	18
236	127	158	30	37	18
237	127	158	30	37	17
238	127	158	30	37	18
239	127	166	30	39	18
240	127	166	30	39	18
241	127	166	30	39	19
242	135	166	32	39	18
243	135	174	32	41	18
244	135	174	32	41	18
245	135	174	32	41	17
246	135	174	32	41	18
247	143	174	34	41	18
248	143	174	34	41	18
249	143	174	34	41	17
250	143	174	34	41	17
251	143	182	34	43	17
252	143	182	34	43	17
253	143	182	34	43	16
254	143	182	34	43	17
255	143	182	34	43	17
256	143	182	34	43	18
257	143	181	34	43	17
258	151	181	36	43	17
259	151	189	36	45	17
260	151	189	36	45	17
261	151	189	36	45	16
262	151	189	36	45	17
263	159	189	38	45	17
264	159	189	38	45	17
265	159	189	38	45	16
266	159	197	38	47	16
267	159	197	38	47	16
268	159	197	38	47	16
269	159	196	38	47	15
270	159	196	38	47	16
271	159	196	38	47	16
272	159	204	38	49	16
273	159	204	38	49	16
274	167	204	40	49	16
275	167	203	40	49	16
276	167	203	40	49	16
277	167	203	40	49	15
278	167	203	40	49	15
279	175	210	42	51	15
280	175	210	42	51	15
281	175	210	42	51	16
282	175	210	42	51	15
283	175	217	42	53	15
284	175	217	42	53	15
285	175	217	42	53	14
286	175	217	42	53	15
287	175	216	42	53	14
288	175	224	42	55	15
289	175	224	42	55	16
290	183	224	44	55	16
291	183	223	44	55	16
292	183	223	44	55	15
293	183	223	44	55	14
294	183	231	44	57	14
295	183	231	44	57	14
296	183	231	44	57	14
297	183	231	44	57	14
298	183	231	44	57	15
299	183	231	44	57	14
300	183	231	44	57	14
