# gameId 895242393  LOSS  scores [194.0, 240.0]
# mybuild 0:1.1.1.1,3:2.2.0.2  oppbuild 1:1.1.1.1,2:2.2.0.2  my_train t41  opp_train t37
# t  me  opp  mywood  oppwood  trees
1	25	25	0	0	20
2	25	25	0	0	20
3	25	25	0	0	20
4	25	25	0	0	20
5	25	25	0	0	20
6	25	25	0	0	20
7	25	25	0	0	20
8	25	25	0	0	20
9	25	25	0	0	20
10	25	25	0	0	20
11	25	25	0	0	20
12	25	25	0	0	20
13	25	25	0	0	20
14	26	25	0	0	20
15	26	25	0	0	20
16	26	25	0	0	20
17	26	25	0	0	20
18	26	25	0	0	20
19	26	25	0	0	20
20	26	26	0	0	20
21	26	26	0	0	20
22	27	26	0	0	20
23	27	26	0	0	20
24	27	26	0	0	20
25	27	26	0	0	20
26	27	26	0	0	20
27	27	26	0	0	20
28	27	27	0	0	20
29	27	27	0	0	20
30	28	27	0	0	20
31	28	27	0	0	20
32	28	27	0	0	20
33	28	27	0	0	20
34	28	27	0	0	20
35	28	27	0	0	20
36	28	28	0	0	20
37	28	17	0	0	20
38	28	16	0	0	20
39	28	16	0	0	21
40	28	15	0	0	21
41	16	15	0	0	21
42	16	15	0	0	23
43	15	15	0	0	23
44	15	14	0	0	23
45	15	14	0	0	24
46	15	14	0	0	24
47	14	14	0	0	23
48	14	13	0	0	23
49	14	13	0	0	23
50	22	13	2	0	23
51	22	13	2	0	25
52	22	13	2	0	25
53	21	13	2	0	25
54	21	12	2	0	25
55	20	12	2	0	25
56	20	12	2	0	25
57	28	12	4	0	27
58	28	12	4	0	27
59	28	12	4	0	26
60	28	11	4	0	26
61	28	11	4	0	26
62	28	11	4	0	26
63	27	11	4	0	24
64	35	11	6	0	26
65	34	11	6	0	26
66	34	11	6	0	26
67	34	11	6	0	27
68	34	11	6	0	27
69	34	11	6	0	27
70	34	11	6	0	27
71	34	11	6	0	27
72	34	11	6	0	26
73	34	12	6	0	26
74	34	12	6	0	26
75	34	13	6	0	26
76	34	13	6	0	25
77	34	14	6	0	25
78	34	14	6	0	25
79	34	15	6	0	23
80	34	15	6	0	23
81	34	15	6	0	23
82	42	15	8	0	23
83	42	16	8	0	24
84	42	24	8	2	24
85	42	25	8	2	24
86	42	25	8	2	23
87	42	25	8	2	23
88	42	25	8	2	23
89	42	26	8	2	23
90	42	26	8	2	23
91	42	27	8	2	22
92	42	26	8	2	22
93	42	34	8	4	22
94	42	34	8	4	21
95	42	34	8	4	21
96	42	34	8	4	22
97	42	34	8	4	22
98	50	34	10	4	23
99	50	34	10	4	23
100	50	34	10	4	23
101	50	35	10	4	21
102	50	35	10	4	21
103	50	35	10	4	21
104	50	43	10	6	21
105	50	43	10	6	21
106	50	43	10	6	21
107	50	51	10	8	21
108	50	51	10	8	21
109	50	51	10	8	21
110	50	51	10	8	21
111	58	51	12	8	21
112	58	51	12	8	22
113	58	59	12	10	22
114	58	59	12	10	22
115	58	59	12	10	22
116	58	59	12	10	21
117	58	59	12	10	22
118	58	59	12	10	22
119	58	59	12	10	22
120	58	59	12	10	22
121	58	59	12	10	22
122	58	60	12	10	21
123	58	59	12	10	21
124	58	59	12	10	22
125	58	59	12	10	21
126	58	59	12	10	22
127	66	59	14	10	22
128	66	60	14	10	22
129	66	60	14	10	22
130	66	60	14	10	21
131	66	60	14	10	21
132	66	69	14	12	21
133	66	69	14	12	21
134	66	69	14	12	21
135	66	69	14	12	20
136	66	73	14	13	20
137	66	73	14	13	20
138	66	73	14	13	21
139	66	73	14	13	21
140	74	73	16	13	21
141	74	73	16	13	21
142	74	81	16	15	21
143	74	81	16	15	20
144	74	81	16	15	20
145	74	81	16	15	20
146	74	81	16	15	19
147	74	89	16	17	19
148	74	89	16	17	19
149	74	89	16	17	19
150	74	88	16	17	19
151	74	88	16	17	19
152	74	88	16	17	19
153	74	96	16	19	19
154	74	96	16	19	20
155	74	96	16	19	20
156	74	95	16	19	20
157	82	95	18	19	20
158	82	95	18	19	21
159	82	95	18	19	21
160	82	94	18	19	20
161	82	94	18	19	20
162	82	94	18	19	20
163	82	94	18	19	21
164	82	94	18	19	21
165	82	94	18	19	21
166	82	94	18	19	21
167	82	94	18	19	20
168	82	94	18	19	21
169	82	94	18	19	21
170	82	94	18	19	22
171	82	94	18	19	22
172	90	94	20	19	22
173	90	94	20	19	21
174	90	94	20	19	21
175	90	95	20	19	20
176	90	95	20	19	20
177	98	96	22	19	20
178	98	96	22	19	20
179	98	96	22	19	20
180	98	96	22	19	20
181	98	104	22	21	20
182	98	104	22	21	21
183	98	104	22	21	21
184	98	105	22	21	20
185	98	105	22	21	20
186	98	113	22	23	20
187	98	113	22	23	20
188	98	113	22	23	20
189	106	113	24	23	20
190	106	113	24	23	21
191	106	113	24	23	20
192	106	113	24	23	20
193	106	113	24	23	20
194	106	113	24	23	20
195	106	114	24	23	20
196	106	114	24	23	20
197	106	115	24	23	20
198	106	115	24	23	20
199	106	116	24	23	20
200	106	116	24	23	20
201	114	117	26	23	20
202	114	117	26	23	20
203	114	118	26	23	20
204	114	126	26	25	19
205	114	126	26	25	19
206	122	126	28	25	19
207	122	126	28	25	19
208	122	126	28	25	18
209	122	134	28	27	18
210	122	134	28	27	18
211	122	134	28	27	19
212	122	134	28	27	18
213	122	134	28	27	18
214	122	142	28	29	18
215	122	142	28	29	18
216	122	142	28	29	19
217	130	141	30	29	19
218	130	141	30	29	18
219	130	141	30	29	19
220	130	149	30	31	19
221	130	149	30	31	18
222	130	149	30	31	17
223	138	157	32	33	17
224	138	157	32	33	17
225	138	157	32	33	17
226	138	156	32	33	17
227	138	156	32	33	17
228	138	156	32	33	17
229	138	164	32	35	16
230	138	164	32	35	16
231	138	164	32	35	16
232	138	163	32	35	16
233	138	163	32	35	15
234	146	163	34	35	16
235	146	171	34	37	16
236	146	171	34	37	16
237	146	171	34	37	15
238	146	179	34	39	15
239	146	179	34	39	16
240	146	179	34	39	15
241	146	178	34	39	15
242	146	178	34	39	15
243	146	178	34	39	15
244	146	186	34	41	14
245	146	186	34	41	14
246	146	186	34	41	14
247	146	185	34	41	14
248	146	185	34	41	14
249	146	185	34	41	14
250	154	185	36	41	14
251	154	185	36	41	14
252	154	193	36	43	14
253	154	193	36	43	14
254	154	193	36	43	13
255	154	201	36	45	12
256	154	201	36	45	12
257	162	201	38	45	12
258	162	200	38	45	11
259	162	200	38	45	11
260	162	208	38	47	12
261	162	208	38	47	12
262	162	208	38	47	12
263	162	207	38	47	11
264	162	207	38	47	12
265	162	206	38	47	11
266	162	206	38	47	12
267	162	206	38	47	13
268	162	214	38	49	13
269	162	214	38	49	13
270	162	214	38	49	13
271	170	213	40	49	13
272	170	213	40	49	13
273	170	213	40	49	13
274	170	213	40	49	13
275	170	213	40	49	13
276	170	221	40	51	12
277	170	221	40	51	12
278	178	221	42	51	12
279	178	221	42	51	11
280	178	229	42	53	11
281	178	229	42	53	11
282	178	229	42	53	11
283	178	228	42	53	11
284	178	228	42	53	10
285	178	228	42	53	10
286	178	236	42	55	10
287	178	236	42	55	10
288	178	236	42	55	10
289	186	235	44	55	10
290	186	235	44	55	10
291	186	235	44	55	11
292	186	235	44	55	11
293	186	234	44	55	11
294	186	234	44	55	11
295	186	234	44	55	11
296	186	234	44	55	11
297	186	233	44	55	11
298	186	233	44	55	11
299	186	232	44	55	11
300	195	232	46	55	11
