# gameId 895376045  LOSS  scores [138.0, 301.0]
# mybuild 0:1.1.1.1,2:1.1.1.0,4:1.1.1.0,5:2.2.0.2  oppbuild 1:1.1.1.1,3:2.2.0.3  my_train t11  opp_train t17
# t  me  opp  mywood  oppwood  trees
1	17	17	0	0	22
2	17	17	0	0	22
3	17	17	0	0	22
4	18	18	0	0	22
5	18	18	0	0	22
6	19	19	0	0	22
7	19	19	0	0	22
8	20	20	0	0	22
9	20	20	0	0	22
10	21	20	0	0	22
11	15	20	0	0	22
12	15	21	0	0	22
13	15	21	0	0	22
14	16	21	0	0	22
15	16	21	0	0	22
16	17	22	0	0	22
17	17	11	0	0	22
18	17	11	0	0	22
19	17	11	0	0	22
20	19	11	0	0	22
21	19	11	0	0	23
22	19	11	0	0	23
23	19	11	0	0	23
24	20	11	0	0	23
25	20	11	0	0	23
26	21	11	0	0	23
27	21	11	0	0	23
28	22	11	0	0	23
29	22	11	0	0	24
30	22	10	0	0	24
31	22	10	0	0	24
32	22	10	0	0	24
33	22	10	0	0	23
34	22	10	0	0	25
35	22	10	0	0	25
36	22	10	0	0	25
37	22	10	0	0	25
38	22	10	0	0	25
39	22	10	0	0	26
40	23	10	0	0	26
41	14	10	0	0	26
42	15	10	0	0	25
43	15	10	0	0	25
44	15	10	0	0	26
45	15	10	0	0	26
46	15	10	0	0	25
47	15	11	0	0	25
48	15	11	0	0	25
49	15	12	0	0	25
50	16	12	0	0	24
51	16	13	0	0	24
52	17	13	0	0	24
53	17	14	0	0	24
54	17	14	0	0	24
55	18	22	0	2	24
56	18	22	0	2	24
57	18	23	0	2	24
58	18	23	0	2	24
59	18	23	0	2	23
60	19	23	0	2	23
61	19	31	0	4	23
62	20	31	0	4	24
63	20	31	0	4	24
64	20	31	0	4	24
65	20	31	0	4	24
66	20	31	0	4	24
67	21	32	0	4	24
68	21	32	0	4	24
69	21	33	0	4	24
70	22	33	0	4	23
71	22	33	0	4	23
72	23	33	0	4	23
73	23	41	0	6	23
74	23	41	0	6	23
75	23	41	0	6	23
76	23	41	0	6	23
77	23	41	0	6	22
78	23	49	0	8	22
79	23	49	0	8	22
80	24	49	0	8	22
81	25	49	0	8	23
82	25	48	0	8	23
83	25	48	0	8	23
84	25	48	0	8	23
85	25	48	0	8	23
86	25	56	0	10	23
87	25	56	0	10	23
88	25	56	0	10	24
89	25	55	0	10	24
90	26	55	0	10	24
91	26	55	0	10	23
92	26	55	0	10	24
93	26	63	0	12	24
94	26	63	0	12	24
95	26	63	0	12	24
96	26	62	0	12	24
97	27	62	0	12	24
98	28	62	0	12	25
99	28	62	0	12	25
100	29	62	0	12	24
101	29	62	0	12	24
102	29	62	0	12	24
103	29	63	0	12	24
104	29	63	0	12	24
105	29	71	0	14	24
106	29	71	0	14	24
107	29	72	0	14	24
108	30	72	0	14	23
109	30	72	0	14	23
110	30	80	0	16	23
111	30	80	0	16	23
112	30	80	0	16	23
113	31	80	0	16	23
114	31	80	0	16	22
115	31	88	0	18	22
116	31	88	0	18	23
117	31	88	0	18	24
118	32	87	0	18	23
119	32	87	0	18	23
120	32	95	0	20	24
121	32	95	0	20	24
122	32	95	0	20	24
123	32	94	0	20	24
124	32	94	0	20	24
125	32	94	0	20	25
126	33	94	0	20	25
127	33	94	0	20	24
128	33	94	0	20	24
129	34	94	0	20	24
130	34	95	0	20	24
131	34	95	0	20	24
132	34	103	0	22	24
133	34	103	0	22	24
134	34	104	0	22	24
135	34	104	0	22	23
136	34	104	0	22	23
137	34	112	0	24	23
138	34	112	0	24	23
139	34	112	0	24	23
140	34	120	0	26	23
141	34	120	0	26	23
142	34	120	0	26	23
143	34	120	0	26	24
144	34	120	0	26	23
145	34	120	0	26	23
146	35	128	0	28	23
147	35	128	0	28	23
148	35	128	0	28	23
149	35	127	0	28	23
150	35	127	0	28	23
151	35	126	0	28	23
152	35	126	0	28	23
153	36	134	0	30	23
154	36	134	0	30	23
155	37	134	0	30	23
156	37	134	0	30	22
157	37	134	0	30	22
158	37	142	0	32	22
159	37	142	0	32	22
160	37	142	0	32	21
161	37	150	0	34	21
162	37	150	0	34	21
163	37	150	0	34	21
164	37	150	0	34	21
165	38	150	0	34	21
166	38	158	0	36	21
167	38	158	0	36	21
168	38	158	0	36	21
169	38	158	0	36	21
170	38	158	0	36	21
171	38	166	0	38	21
172	38	166	0	38	21
173	38	166	0	38	20
174	38	174	0	40	20
175	38	174	0	40	20
176	38	174	0	40	20
177	38	173	0	40	20
178	38	173	0	40	21
179	39	172	0	40	21
180	21	172	0	40	20
181	21	172	0	40	22
182	20	172	0	40	22
183	21	180	0	42	22
184	20	180	0	42	23
185	20	180	0	42	24
186	19	180	0	42	24
187	18	180	0	42	24
188	18	179	0	42	24
189	19	179	0	42	25
190	18	179	0	42	26
191	18	179	0	42	26
192	26	178	2	42	25
193	26	178	2	42	25
194	26	178	2	42	25
195	26	178	2	42	25
196	26	178	2	42	26
197	26	178	2	42	25
198	26	177	2	42	25
199	26	177	2	42	24
200	26	177	2	42	24
201	34	177	4	42	24
202	34	177	4	42	24
203	34	177	4	42	24
204	34	177	4	42	24
205	34	178	4	42	24
206	34	186	4	44	23
207	34	186	4	44	24
208	42	186	6	44	25
209	42	186	6	44	24
210	42	194	6	46	24
211	42	194	6	46	23
212	42	194	6	46	24
213	42	194	6	46	23
214	42	194	6	46	23
215	42	202	6	48	23
216	42	202	6	48	24
217	42	202	6	48	23
218	50	202	8	48	23
219	50	202	8	48	23
220	50	202	8	48	23
221	50	202	8	48	23
222	50	210	8	50	23
223	50	210	8	50	23
224	50	210	8	50	22
225	58	218	10	52	23
226	58	218	10	52	24
227	58	218	10	52	24
228	58	218	10	52	23
229	58	226	10	54	23
230	66	226	12	54	23
231	66	226	12	54	23
232	66	226	12	54	23
233	66	226	12	54	24
234	66	226	12	54	24
235	66	226	12	54	24
236	66	234	12	56	23
237	66	234	12	56	23
238	74	234	14	56	24
239	74	234	14	56	25
240	74	234	14	56	24
241	82	234	16	56	23
242	82	234	16	56	23
243	82	242	16	58	23
244	82	242	16	58	23
245	82	242	16	58	22
246	90	241	18	58	22
247	90	241	18	58	22
248	90	241	18	58	22
249	90	241	18	58	22
250	90	241	18	58	22
251	90	249	18	60	22
252	90	249	18	60	24
253	90	249	18	60	23
254	90	249	18	60	22
255	90	257	18	62	22
256	90	257	18	62	22
257	90	256	18	62	22
258	98	256	20	62	22
259	98	256	20	62	22
260	98	264	20	64	21
261	106	264	22	64	21
262	106	264	22	64	21
263	106	263	22	64	21
264	106	263	22	64	21
265	106	263	22	64	22
266	106	263	22	64	21
267	106	263	22	64	20
268	106	271	22	66	20
269	114	271	24	66	20
270	114	271	24	66	21
271	114	271	24	66	20
272	114	279	24	68	20
273	114	279	24	68	20
274	114	279	24	68	20
275	114	278	24	68	19
276	114	278	24	68	20
277	122	277	26	68	19
278	122	277	26	68	19
279	122	285	26	70	19
280	122	285	26	70	20
281	122	284	26	70	20
282	122	284	26	70	20
283	122	284	26	70	20
284	122	288	26	71	20
285	122	288	26	71	20
286	122	288	26	71	20
287	122	288	26	71	20
288	122	296	26	73	20
289	122	296	26	73	20
290	122	296	26	73	20
291	122	295	26	73	20
292	130	295	28	73	20
293	130	295	28	73	21
294	130	295	28	73	20
295	130	294	28	73	20
296	130	294	28	73	20
297	130	302	28	75	20
298	130	302	28	75	20
299	130	302	28	75	20
300	139	301	30	75	20
