# gameId 895273551  LOSS  scores [232.0, 291.0]
# mybuild 0:1.1.1.1,2:2.2.0.2  oppbuild 1:1.1.1.1,3:2.2.0.2  my_train t19  opp_train t19
# t  me  opp  mywood  oppwood  trees
1	23	23	0	0	18
2	23	23	0	0	18
3	23	23	0	0	18
4	23	23	0	0	18
5	23	23	0	0	18
6	23	23	0	0	18
7	23	23	0	0	18
8	24	23	0	0	18
9	24	23	0	0	18
10	24	23	0	0	18
11	24	23	0	0	18
12	24	23	0	0	18
13	24	23	0	0	18
14	24	23	0	0	18
15	24	23	0	0	18
16	24	23	0	0	18
17	24	23	0	0	18
18	24	24	0	0	18
19	12	13	0	0	18
20	12	12	0	0	19
21	11	12	0	0	20
22	11	11	0	0	20
23	11	11	0	0	21
24	11	11	0	0	21
25	10	11	0	0	21
26	10	10	0	0	22
27	9	10	0	0	23
28	9	17	0	2	23
29	9	17	0	2	23
30	17	17	2	2	24
31	17	17	2	2	25
32	17	16	2	2	25
33	16	16	2	2	24
34	16	16	2	2	25
35	24	16	4	2	26
36	24	23	4	4	26
37	23	23	4	4	25
38	31	23	6	4	25
39	31	23	6	4	26
40	31	23	6	4	27
41	30	23	6	4	27
42	30	23	6	4	26
43	30	23	6	4	26
44	38	23	8	4	26
45	37	24	8	4	26
46	37	24	8	4	27
47	36	24	8	4	26
48	36	24	8	4	26
49	36	24	8	4	26
50	36	24	8	4	26
51	36	25	8	4	26
52	44	25	10	4	25
53	44	26	10	4	25
54	44	26	10	4	25
55	44	26	10	4	25
56	44	26	10	4	25
57	44	27	10	4	24
58	44	27	10	4	24
59	44	28	10	4	25
60	44	28	10	4	24
61	44	28	10	4	23
62	52	28	12	4	23
63	52	29	12	4	23
64	52	29	12	4	22
65	52	30	12	4	22
66	52	30	12	4	22
67	52	30	12	4	22
68	52	30	12	4	23
69	52	31	12	4	23
70	52	31	12	4	23
71	52	32	12	4	22
72	52	32	12	4	22
73	60	32	14	4	22
74	60	32	14	4	22
75	60	33	14	4	21
76	60	33	14	4	21
77	60	34	14	4	21
78	60	34	14	4	21
79	60	34	14	4	21
80	68	34	16	4	21
81	68	35	16	4	21
82	68	35	16	4	20
83	68	36	16	4	20
84	76	36	18	4	20
85	76	44	18	6	20
86	76	44	18	6	20
87	76	45	18	6	20
88	76	45	18	6	20
89	76	46	18	6	20
90	76	45	18	6	20
91	76	45	18	6	20
92	84	53	20	8	20
93	84	53	20	8	21
94	84	53	20	8	21
95	84	53	20	8	20
96	84	53	20	8	20
97	84	54	20	8	20
98	84	54	20	8	20
99	84	55	20	8	20
100	84	55	20	8	20
101	84	56	20	8	19
102	84	55	20	8	19
103	84	63	20	10	19
104	92	63	22	10	19
105	92	63	22	10	20
106	92	63	22	10	21
107	92	63	22	10	21
108	92	63	22	10	20
109	92	64	22	10	20
110	100	64	24	10	20
111	100	65	24	10	20
112	100	65	24	10	20
113	100	74	24	12	20
114	100	74	24	12	20
115	100	74	24	12	19
116	100	74	24	12	19
117	108	75	26	12	20
118	108	75	26	12	20
119	108	76	26	12	20
120	108	76	26	12	19
121	108	76	26	12	19
122	108	76	26	12	19
123	108	77	26	12	19
124	108	77	26	12	18
125	108	78	26	12	18
126	108	78	26	12	17
127	108	78	26	12	18
128	108	78	26	12	18
129	108	78	26	12	18
130	116	86	28	14	19
131	116	86	28	14	19
132	116	86	28	14	19
133	116	86	28	14	18
134	116	86	28	14	17
135	116	86	28	14	17
136	116	94	28	16	17
137	116	94	28	16	17
138	116	94	28	16	17
139	116	102	28	18	18
140	116	102	28	18	18
141	116	102	28	18	18
142	116	102	28	18	18
143	124	102	30	18	18
144	124	102	30	18	19
145	124	102	30	18	19
146	124	102	30	18	18
147	124	102	30	18	17
148	132	102	32	18	17
149	132	110	32	20	17
150	132	110	32	20	18
151	132	110	32	20	18
152	132	110	32	20	18
153	132	111	32	20	17
154	132	111	32	20	17
155	132	119	32	22	18
156	132	119	32	22	19
157	132	119	32	22	19
158	140	119	34	22	19
159	140	120	34	22	19
160	140	120	34	22	18
161	140	121	34	22	18
162	140	121	34	22	18
163	140	122	34	22	18
164	140	122	34	22	18
165	140	122	34	22	18
166	140	122	34	22	17
167	140	123	34	22	17
168	140	123	34	22	17
169	140	123	34	22	17
170	140	123	34	22	17
171	140	124	34	22	17
172	148	124	36	22	18
173	148	124	36	22	18
174	148	124	36	22	18
175	148	133	36	24	17
176	148	133	36	24	17
177	148	133	36	24	17
178	148	133	36	24	17
179	148	134	36	24	17
180	148	134	36	24	16
181	148	134	36	24	16
182	148	134	36	24	15
183	148	142	36	26	15
184	148	142	36	26	15
185	148	142	36	26	16
186	148	142	36	26	16
187	148	142	36	26	15
188	156	142	38	26	15
189	156	150	38	28	15
190	156	150	38	28	16
191	156	150	38	28	16
192	156	150	38	28	16
193	156	150	38	28	15
194	156	150	38	28	15
195	156	158	38	30	17
196	156	158	38	30	17
197	156	158	38	30	16
198	156	158	38	30	16
199	156	158	38	30	16
200	156	158	38	30	17
201	156	158	38	30	17
202	156	158	38	30	17
203	156	159	38	30	16
204	164	159	40	30	16
205	164	159	40	30	16
206	164	167	40	32	16
207	164	167	40	32	17
208	164	167	40	32	17
209	164	167	40	32	17
210	164	167	40	32	16
211	164	168	40	32	16
212	172	168	42	32	16
213	172	177	42	34	17
214	172	177	42	34	17
215	172	178	42	34	17
216	172	178	42	34	16
217	172	179	42	34	16
218	172	179	42	34	15
219	172	179	42	34	15
220	172	187	42	36	15
221	172	187	42	36	15
222	172	187	42	36	15
223	172	195	42	38	15
224	172	194	42	38	15
225	172	194	42	38	15
226	172	194	42	38	15
227	172	194	42	38	16
228	180	194	44	38	15
229	180	202	44	40	15
230	180	202	44	40	15
231	180	202	44	40	15
232	180	202	44	40	15
233	180	202	44	40	15
234	180	210	44	42	15
235	180	210	44	42	15
236	180	214	44	43	15
237	180	214	44	43	15
238	180	214	44	43	14
239	180	214	44	43	14
240	180	214	44	43	15
241	180	213	44	43	15
242	180	213	44	43	14
243	180	213	44	43	15
244	188	221	46	45	15
245	188	220	46	45	15
246	188	220	46	45	16
247	188	219	46	45	15
248	188	219	46	45	14
249	196	219	48	45	15
250	196	227	48	47	15
251	196	226	48	47	15
252	196	226	48	47	15
253	196	226	48	47	14
254	196	226	48	47	15
255	196	234	48	49	15
256	196	234	48	49	14
257	196	238	48	50	15
258	196	238	48	50	15
259	196	237	48	50	14
260	196	237	48	50	15
261	196	236	48	50	15
262	196	240	48	51	15
263	196	240	48	51	16
264	204	240	50	51	16
265	204	239	50	51	15
266	204	247	50	53	15
267	204	247	50	53	16
268	204	247	50	53	16
269	204	247	50	53	15
270	204	246	50	53	15
271	212	246	52	53	15
272	212	246	52	53	15
273	212	246	52	53	16
274	212	246	52	53	15
275	212	254	52	55	15
276	212	254	52	55	15
277	212	254	52	55	14
278	212	254	52	55	14
279	212	262	52	57	15
280	212	262	52	57	15
281	212	262	52	57	15
282	220	261	54	57	15
283	220	261	54	57	15
284	220	261	54	57	15
285	220	269	54	59	15
286	220	269	54	59	15
287	220	269	54	59	14
288	220	268	54	59	14
289	228	268	56	59	13
290	228	268	56	59	14
291	228	276	56	61	14
292	228	276	56	61	14
293	228	276	56	61	13
294	228	284	56	63	13
295	228	284	56	63	13
296	228	284	56	63	12
297	228	283	56	63	12
298	228	283	56	63	12
299	228	283	56	63	12
300	228	291	56	65	12
