# gameId 895230482  LOSS  scores [87.0, 251.0]
# mybuild 0:1.1.1.1,2:2.2.0.2  oppbuild 1:1.1.1.1,3:2.2.0.2  my_train t63  opp_train t63
# t  me  opp  mywood  oppwood  trees
1	26	26	0	0	16
2	26	26	0	0	16
3	26	26	0	0	16
4	26	26	0	0	16
5	26	26	0	0	16
6	26	26	0	0	16
7	26	26	0	0	16
8	26	26	0	0	16
9	26	26	0	0	16
10	26	26	0	0	16
11	26	26	0	0	16
12	26	26	0	0	16
13	26	26	0	0	16
14	27	26	0	0	16
15	27	26	0	0	16
16	27	26	0	0	16
17	27	26	0	0	16
18	27	26	0	0	16
19	27	26	0	0	16
20	27	26	0	0	16
21	27	26	0	0	16
22	27	26	0	0	16
23	27	26	0	0	16
24	27	26	0	0	16
25	27	26	0	0	16
26	28	26	0	0	16
27	28	26	0	0	16
28	28	26	0	0	16
29	28	26	0	0	16
30	28	26	0	0	16
31	28	26	0	0	16
32	28	26	0	0	16
33	28	26	0	0	16
34	28	26	0	0	16
35	28	26	0	0	16
36	28	26	0	0	16
37	28	26	0	0	16
38	28	26	0	0	16
39	28	26	0	0	16
40	28	26	0	0	16
41	28	26	0	0	16
42	28	26	0	0	16
43	28	26	0	0	16
44	28	26	0	0	16
45	28	26	0	0	16
46	28	26	0	0	16
47	28	26	0	0	16
48	28	26	0	0	16
49	28	26	0	0	16
50	28	27	0	0	16
51	28	27	0	0	16
52	28	27	0	0	16
53	28	27	0	0	16
54	28	27	0	0	16
55	28	27	0	0	16
56	28	27	0	0	16
57	28	27	0	0	16
58	28	27	0	0	16
59	28	27	0	0	16
60	28	27	0	0	16
61	28	27	0	0	16
62	28	28	0	0	16
63	16	17	0	0	16
64	16	16	0	0	17
65	15	16	0	0	18
66	15	15	0	0	18
67	15	15	0	0	19
68	15	15	0	0	20
69	14	15	0	0	20
70	14	14	0	0	19
71	14	14	0	0	20
72	14	14	0	0	21
73	13	14	0	0	20
74	13	14	0	0	20
75	21	14	2	0	20
76	21	14	2	0	21
77	21	14	2	0	20
78	21	14	2	0	21
79	20	14	2	0	21
80	20	14	2	0	21
81	20	14	2	0	21
82	20	13	2	0	22
83	20	13	2	0	22
84	20	13	2	0	22
85	19	13	2	0	22
86	19	12	2	0	22
87	19	12	2	0	22
88	27	12	4	0	22
89	26	12	4	0	23
90	26	12	4	0	24
91	25	12	4	0	24
92	25	11	4	0	23
93	25	11	4	0	23
94	25	11	4	0	24
95	24	11	4	0	25
96	24	11	4	0	24
97	24	11	4	0	24
98	24	11	4	0	24
99	23	11	4	0	24
100	23	11	4	0	24
101	31	11	6	0	25
102	31	11	6	0	26
103	31	11	6	0	25
104	31	11	6	0	25
105	31	11	6	0	25
106	31	11	6	0	25
107	31	12	6	0	24
108	31	12	6	0	24
109	31	13	6	0	24
110	31	13	6	0	22
111	31	14	6	0	22
112	39	14	8	0	21
113	39	14	8	0	21
114	39	14	8	0	21
115	39	15	8	0	21
116	40	15	8	0	21
117	40	16	8	0	21
118	40	16	8	0	21
119	40	25	8	2	21
120	40	25	8	2	21
121	40	26	8	2	21
122	40	26	8	2	20
123	40	27	8	2	20
124	40	27	8	2	20
125	40	28	8	2	20
126	48	28	10	2	20
127	48	28	10	2	20
128	48	28	10	2	19
129	49	29	10	2	19
130	49	29	10	2	19
131	49	30	10	2	19
132	49	38	10	4	19
133	49	38	10	4	19
134	49	38	10	4	19
135	49	39	10	4	19
136	49	39	10	4	18
137	49	39	10	4	18
138	49	47	10	6	18
139	49	47	10	6	18
140	49	47	10	6	18
141	50	47	10	6	18
142	50	47	10	6	17
143	58	47	12	6	17
144	58	55	12	8	18
145	58	55	12	8	18
146	58	55	12	8	18
147	58	55	12	8	18
148	58	56	12	8	18
149	58	56	12	8	18
150	58	57	12	8	18
151	58	57	12	8	17
152	58	57	12	8	17
153	59	57	12	8	17
154	59	58	12	8	17
155	59	58	12	8	17
156	59	66	12	10	17
157	59	66	12	10	17
158	59	66	12	10	16
159	59	67	12	10	16
160	59	67	12	10	15
161	59	67	12	10	15
162	59	75	12	12	16
163	67	75	14	12	16
164	67	75	14	12	16
165	67	76	14	12	15
166	68	84	14	14	15
167	68	84	14	14	15
168	68	84	14	14	16
169	68	84	14	14	16
170	68	84	14	14	15
171	68	84	14	14	15
172	68	92	14	16	15
173	68	92	14	16	15
174	68	92	14	16	16
175	68	92	14	16	16
176	68	92	14	16	15
177	68	92	14	16	15
178	69	100	14	18	15
179	69	100	14	18	15
180	69	100	14	18	15
181	69	99	14	18	15
182	69	99	14	18	15
183	69	99	14	18	15
184	69	99	14	18	15
185	69	106	14	20	15
186	69	106	14	20	15
187	69	106	14	20	15
188	69	106	14	20	14
189	69	114	14	22	15
190	70	114	14	22	15
191	70	114	14	22	15
192	70	114	14	22	15
193	70	114	14	22	15
194	70	114	14	22	15
195	70	114	14	22	16
196	70	114	14	22	16
197	70	114	14	22	16
198	70	114	14	22	15
199	70	114	14	22	15
200	70	115	14	22	15
201	70	115	14	22	15
202	71	124	14	24	15
203	71	124	14	24	15
204	71	125	14	24	15
205	71	125	14	24	15
206	71	126	14	24	14
207	71	134	14	26	14
208	71	134	14	26	14
209	71	134	14	26	14
210	71	134	14	26	14
211	71	134	14	26	13
212	71	134	14	26	13
213	71	142	14	28	13
214	72	142	14	28	14
215	72	142	14	28	14
216	72	142	14	28	14
217	72	142	14	28	14
218	72	141	14	28	14
219	72	141	14	28	14
220	72	141	14	28	14
221	72	149	14	30	14
222	72	149	14	30	14
223	72	149	14	30	14
224	72	148	14	30	13
225	72	148	14	30	13
226	73	156	14	32	14
227	73	156	14	32	14
228	73	156	14	32	13
229	73	164	14	34	13
230	73	164	14	34	13
231	73	164	14	34	13
232	73	163	14	34	13
233	73	163	14	34	14
234	73	162	14	34	13
235	73	162	14	34	13
236	73	162	14	34	13
237	73	170	14	36	13
238	74	170	14	36	14
239	74	169	14	36	14
240	74	169	14	36	14
241	74	169	14	36	14
242	74	169	14	36	14
243	74	176	14	38	14
244	74	176	14	38	14
245	74	176	14	38	14
246	74	184	14	40	14
247	74	184	14	40	14
248	74	184	14	40	14
249	74	183	14	40	14
250	75	183	14	40	15
251	75	183	14	40	14
252	75	183	14	40	14
253	75	190	14	42	14
254	75	190	14	42	14
255	75	190	14	42	15
256	75	190	14	42	14
257	75	190	14	42	14
258	75	198	14	44	14
259	75	198	14	44	14
260	75	198	14	44	14
261	75	206	14	46	14
262	76	206	14	46	14
263	76	205	14	46	14
264	76	205	14	46	14
265	76	205	14	46	14
266	76	213	14	48	14
267	76	213	14	48	14
268	76	213	14	48	14
269	76	212	14	48	14
270	76	212	14	48	13
271	76	220	14	50	14
272	76	220	14	50	14
273	76	220	14	50	14
274	77	220	14	50	13
275	77	224	14	51	13
276	77	224	14	51	13
277	77	224	14	51	12
278	77	223	14	51	12
279	77	223	14	51	12
280	77	223	14	51	12
281	77	231	14	53	12
282	77	231	14	53	12
283	77	231	14	53	12
284	77	230	14	53	12
285	85	230	16	53	11
286	86	238	16	55	12
287	86	238	16	55	12
288	86	238	16	55	12
289	86	238	16	55	11
290	86	246	16	57	11
291	86	246	16	57	11
292	86	246	16	57	11
293	86	245	16	57	11
294	86	245	16	57	11
295	86	244	16	57	10
296	86	244	16	57	10
297	86	252	16	59	11
298	87	252	16	59	11
299	87	251	16	59	11
300	87	251	16	59	11
