# gameId 895358254  WIN  scores [205.0, 201.0]
# mybuild 0:1.1.1.1,2:2.2.0.2  oppbuild 1:1.1.1.1,3:2.2.0.2  my_train t57  opp_train t57
# t  me  opp  mywood  oppwood  trees
1	17	17	0	0	12
2	17	17	0	0	12
3	17	17	0	0	12
4	17	17	0	0	12
5	17	17	0	0	12
6	17	17	0	0	12
7	17	17	0	0	12
8	17	17	0	0	12
9	17	17	0	0	12
10	17	17	0	0	12
11	17	17	0	0	12
12	17	17	0	0	12
13	17	17	0	0	12
14	17	17	0	0	12
15	17	17	0	0	12
16	17	17	0	0	12
17	17	17	0	0	12
18	17	17	0	0	12
19	17	17	0	0	12
20	18	18	0	0	12
21	18	18	0	0	12
22	18	18	0	0	12
23	18	18	0	0	12
24	18	18	0	0	12
25	18	18	0	0	12
26	18	18	0	0	12
27	18	18	0	0	12
28	18	18	0	0	12
29	18	18	0	0	12
30	18	18	0	0	12
31	18	18	0	0	12
32	18	18	0	0	12
33	18	18	0	0	12
34	18	18	0	0	12
35	18	18	0	0	12
36	18	18	0	0	12
37	18	18	0	0	12
38	19	19	0	0	12
39	19	19	0	0	12
40	19	19	0	0	12
41	19	19	0	0	12
42	19	19	0	0	12
43	19	19	0	0	12
44	19	19	0	0	12
45	19	19	0	0	12
46	19	19	0	0	12
47	19	19	0	0	12
48	19	19	0	0	12
49	19	19	0	0	12
50	19	19	0	0	12
51	19	19	0	0	12
52	19	19	0	0	12
53	19	19	0	0	12
54	19	19	0	0	12
55	19	19	0	0	12
56	20	20	0	0	12
57	8	9	0	0	12
58	8	8	0	0	13
59	7	8	0	0	14
60	7	7	0	0	14
61	7	7	0	0	15
62	7	7	0	0	16
63	6	7	0	0	16
64	6	6	0	0	16
65	6	6	0	0	16
66	6	6	0	0	17
67	5	6	0	0	17
68	13	13	2	2	18
69	13	13	2	2	18
70	13	13	2	2	17
71	21	13	4	2	18
72	21	13	4	2	18
73	21	13	4	2	17
74	21	12	4	2	17
75	21	12	4	2	17
76	21	12	4	2	16
77	21	12	4	2	16
78	29	12	6	2	16
79	29	20	6	4	16
80	29	19	6	4	16
81	29	19	6	4	16
82	29	19	6	4	16
83	29	19	6	4	15
84	29	27	6	6	16
85	29	27	6	6	16
86	37	27	8	6	16
87	37	27	8	6	16
88	37	27	8	6	15
89	37	27	8	6	16
90	37	35	8	8	16
91	37	35	8	8	16
92	37	35	8	8	15
93	37	35	8	8	15
94	37	43	8	10	15
95	37	43	8	10	15
96	45	43	10	10	15
97	45	42	10	10	15
98	45	42	10	10	16
99	45	41	10	10	16
100	45	41	10	10	15
101	45	41	10	10	16
102	45	41	10	10	16
103	45	40	10	10	16
104	45	40	10	10	16
105	45	40	10	10	16
106	45	40	10	10	17
107	45	40	10	10	17
108	45	40	10	10	17
109	45	40	10	10	18
110	45	40	10	10	16
111	45	40	10	10	16
112	45	40	10	10	16
113	53	40	12	10	17
114	53	40	12	10	17
115	53	40	12	10	17
116	53	40	12	10	17
117	53	48	12	12	17
118	53	48	12	12	17
119	61	48	14	12	17
120	61	48	14	12	17
121	61	48	14	12	17
122	61	48	14	12	18
123	61	48	14	12	18
124	61	48	14	12	18
125	61	48	14	12	18
126	61	48	14	12	19
127	61	48	14	12	19
128	61	48	14	12	19
129	69	48	16	12	19
130	69	48	16	12	18
131	69	48	16	12	18
132	69	48	16	12	17
133	69	56	16	14	18
134	77	56	18	14	18
135	77	56	18	14	19
136	77	56	18	14	19
137	77	56	18	14	18
138	77	64	18	16	17
139	77	64	18	16	17
140	77	64	18	16	17
141	77	64	18	16	18
142	77	64	18	16	18
143	77	72	18	18	18
144	85	72	20	18	18
145	85	72	20	18	18
146	85	72	20	18	18
147	85	72	20	18	16
148	85	72	20	18	16
149	85	80	20	20	17
150	85	80	20	20	17
151	85	80	20	20	16
152	85	84	20	21	16
153	85	84	20	21	16
154	93	84	22	21	16
155	93	84	22	21	16
156	93	84	22	21	16
157	93	84	22	21	16
158	93	84	22	21	15
159	93	84	22	21	15
160	101	84	24	21	15
161	101	84	24	21	15
162	101	84	24	21	15
163	101	84	24	21	14
164	101	84	24	21	14
165	101	92	24	23	14
166	109	92	26	23	14
167	109	92	26	23	15
168	109	92	26	23	15
169	109	92	26	23	15
170	109	92	26	23	15
171	109	92	26	23	15
172	109	92	26	23	14
173	109	92	26	23	14
174	109	92	26	23	14
175	109	100	26	25	15
176	117	100	28	25	15
177	117	100	28	25	15
178	117	100	28	25	15
179	117	100	28	25	15
180	117	100	28	25	15
181	117	100	28	25	15
182	117	104	28	26	15
183	117	104	28	26	16
184	117	104	28	26	15
185	117	104	28	26	16
186	117	112	28	28	16
187	117	112	28	28	16
188	125	112	30	28	16
189	125	112	30	28	16
190	125	112	30	28	17
191	125	112	30	28	17
192	125	112	30	28	15
193	125	112	30	28	15
194	133	120	32	30	15
195	133	120	32	30	16
196	133	120	32	30	16
197	133	120	32	30	16
198	133	120	32	30	15
199	133	120	32	30	16
200	133	120	32	30	16
201	133	120	32	30	16
202	133	120	32	30	15
203	133	120	32	30	15
204	133	120	32	30	16
205	141	128	34	32	16
206	141	128	34	32	16
207	141	128	34	32	16
208	141	128	34	32	16
209	141	128	34	32	15
210	141	128	34	32	15
211	141	128	34	32	16
212	141	128	34	32	16
213	141	128	34	32	15
214	141	128	34	32	15
215	141	128	34	32	15
216	141	136	34	34	16
217	141	136	34	34	16
218	141	136	34	34	16
219	141	136	34	34	16
220	141	136	34	34	15
221	141	136	34	34	16
222	141	144	34	36	16
223	141	144	34	36	16
224	149	144	36	36	16
225	149	144	36	36	17
226	149	144	36	36	17
227	149	144	36	36	17
228	149	144	36	36	16
229	149	144	36	36	17
230	157	144	38	36	16
231	157	144	38	36	16
232	157	144	38	36	16
233	157	152	38	38	16
234	157	152	38	38	16
235	157	152	38	38	17
236	157	152	38	38	17
237	157	152	38	38	17
238	157	152	38	38	16
239	157	152	38	38	17
240	157	160	38	40	17
241	165	160	40	40	18
242	165	160	40	40	18
243	165	160	40	40	18
244	165	160	40	40	18
245	165	160	40	40	17
246	165	160	40	40	16
247	165	160	40	40	16
248	165	168	40	42	16
249	165	168	40	42	16
250	165	168	40	42	16
251	165	168	40	42	15
252	165	168	40	42	16
253	165	168	40	42	16
254	173	168	42	42	16
255	173	168	42	42	16
256	173	168	42	42	16
257	173	168	42	42	18
258	173	168	42	42	17
259	173	168	42	42	17
260	173	176	42	44	17
261	173	176	42	44	17
262	173	176	42	44	18
263	173	176	42	44	18
264	173	176	42	44	17
265	173	176	42	44	17
266	173	176	42	44	17
267	181	184	44	46	18
268	181	184	44	46	18
269	181	184	44	46	18
270	181	184	44	46	18
271	181	184	44	46	18
272	181	184	44	46	18
273	189	192	46	48	18
274	189	192	46	48	18
275	189	192	46	48	20
276	189	192	46	48	20
277	189	192	46	48	20
278	189	192	46	48	20
279	189	192	46	48	19
280	189	193	46	48	19
281	189	193	46	48	19
282	189	193	46	48	19
283	189	193	46	48	19
284	189	193	46	48	18
285	189	193	46	48	19
286	189	193	46	48	18
287	197	193	48	48	18
288	197	201	48	50	18
289	197	201	48	50	19
290	197	201	48	50	19
291	197	201	48	50	19
292	197	201	48	50	19
293	197	201	48	50	19
294	197	201	48	50	19
295	197	201	48	50	19
296	197	201	48	50	19
297	197	202	48	50	19
298	197	202	48	50	18
299	197	202	48	50	18
300	205	201	50	50	18
