# gameId 895340437  LOSS  scores [200.0, 250.0]
# mybuild 0:1.1.1.1,3:2.2.0.3  oppbuild 1:1.1.1.1,2:2.2.0.3  my_train t3  opp_train t2
# t  me  opp  mywood  oppwood  trees
1	19	19	0	0	16
2	19	8	0	0	16
3	7	7	0	0	16
4	7	7	0	0	18
5	6	6	0	0	18
6	6	6	0	0	18
7	6	6	0	0	19
8	6	6	0	0	19
9	6	6	0	0	19
10	6	6	0	0	19
11	14	6	2	0	19
12	14	6	2	0	19
13	14	6	2	0	20
14	14	6	2	0	19
15	14	6	2	0	18
16	14	6	2	0	18
17	22	6	4	0	18
18	22	6	4	0	18
19	22	6	4	0	19
20	22	6	4	0	19
21	22	6	4	0	20
22	22	6	4	0	19
23	22	6	4	0	19
24	22	6	4	0	19
25	22	6	4	0	18
26	22	6	4	0	18
27	30	5	6	0	18
28	30	5	6	0	18
29	30	4	6	0	18
30	30	4	6	0	18
31	30	4	6	0	19
32	30	4	6	0	19
33	30	4	6	0	19
34	30	5	6	0	19
35	30	5	6	0	18
36	30	6	6	0	18
37	30	6	6	0	18
38	38	6	8	0	18
39	38	6	8	0	18
40	38	7	8	0	18
41	38	7	8	0	18
42	38	8	8	0	17
43	38	8	8	0	17
44	38	8	8	0	17
45	38	8	8	0	17
46	38	9	8	0	17
47	46	9	10	0	17
48	46	10	10	0	17
49	46	18	10	2	17
50	46	18	10	2	17
51	46	18	10	2	17
52	46	19	10	2	17
53	46	19	10	2	17
54	46	20	10	2	17
55	46	20	10	2	17
56	46	20	10	2	16
57	46	20	10	2	15
58	46	21	10	2	15
59	46	21	10	2	15
60	54	22	12	2	15
61	54	22	12	2	15
62	54	22	12	2	15
63	54	22	12	2	15
64	54	31	12	4	15
65	54	31	12	4	15
66	54	32	12	4	15
67	54	32	12	4	15
68	54	32	12	4	14
69	54	40	12	6	14
70	54	40	12	6	14
71	54	40	12	6	14
72	55	40	12	6	14
73	55	48	12	8	14
74	55	48	12	8	14
75	55	48	12	8	15
76	55	48	12	8	15
77	55	48	12	8	15
78	63	49	14	8	14
79	63	49	14	8	14
80	63	57	14	10	14
81	63	57	14	10	14
82	63	57	14	10	15
83	63	57	14	10	15
84	63	57	14	10	15
85	63	57	14	10	15
86	63	58	14	10	15
87	63	58	14	10	15
88	63	58	14	10	14
89	63	58	14	10	14
90	63	58	14	10	13
91	63	58	14	10	14
92	63	66	14	12	14
93	63	66	14	12	14
94	63	66	14	12	14
95	63	65	14	12	14
96	63	65	14	12	14
97	71	65	16	12	14
98	71	73	16	14	14
99	71	73	16	14	14
100	71	73	16	14	14
101	71	72	16	14	14
102	71	72	16	14	14
103	71	72	16	14	14
104	71	72	16	14	15
105	72	72	16	14	14
106	72	72	16	14	14
107	72	72	16	14	13
108	72	72	16	14	13
109	72	72	16	14	13
110	72	80	16	16	13
111	72	80	16	16	14
112	80	80	18	16	14
113	80	80	18	16	14
114	80	80	18	16	14
115	80	80	18	16	14
116	80	80	18	16	14
117	80	80	18	16	13
118	80	80	18	16	13
119	80	88	18	18	13
120	80	88	18	18	13
121	80	88	18	18	12
122	80	88	18	18	12
123	80	96	18	20	12
124	80	96	18	20	12
125	80	96	18	20	12
126	80	95	18	20	12
127	80	95	18	20	13
128	80	94	18	20	13
129	88	94	20	20	13
130	88	94	20	20	14
131	88	94	20	20	14
132	88	93	20	20	13
133	88	93	20	20	14
134	88	93	20	20	14
135	88	101	20	22	14
136	88	101	20	22	15
137	88	101	20	22	14
138	88	101	20	22	14
139	88	100	20	22	14
140	88	100	20	22	15
141	88	99	20	22	15
142	88	99	20	22	15
143	88	99	20	22	14
144	96	99	22	22	14
145	96	99	22	22	15
146	96	99	22	22	15
147	96	99	22	22	15
148	96	99	22	22	15
149	96	99	22	22	15
150	96	108	22	24	15
151	96	108	22	24	14
152	96	112	22	25	14
153	96	112	22	25	14
154	96	112	22	25	14
155	96	111	22	25	13
156	96	111	22	25	13
157	96	119	22	27	14
158	96	119	22	27	14
159	96	119	22	27	14
160	96	118	22	27	14
161	96	118	22	27	14
162	104	118	24	27	14
163	104	118	24	27	14
164	104	126	24	29	14
165	104	126	24	29	15
166	104	126	24	29	15
167	104	126	24	29	15
168	104	125	24	29	15
169	104	125	24	29	15
170	104	125	24	29	14
171	104	125	24	29	14
172	104	125	24	29	14
173	104	125	24	29	14
174	104	125	24	29	14
175	104	125	24	29	14
176	104	124	24	29	14
177	112	124	26	29	14
178	112	124	26	29	15
179	112	132	26	31	15
180	112	132	26	31	15
181	112	133	26	31	14
182	112	141	26	33	14
183	112	141	26	33	14
184	112	141	26	33	14
185	112	141	26	33	13
186	112	141	26	33	13
187	112	149	26	35	12
188	112	149	26	35	12
189	112	149	26	35	12
190	112	148	26	35	12
191	112	156	26	37	13
192	112	155	26	37	13
193	112	155	26	37	13
194	120	155	28	37	13
195	120	155	28	37	13
196	120	162	28	39	13
197	120	162	28	39	13
198	120	162	28	39	13
199	120	162	28	39	13
200	120	170	28	41	13
201	120	170	28	41	13
202	120	170	28	41	12
203	120	169	28	41	12
204	120	169	28	41	13
205	120	168	28	41	12
206	120	168	28	41	12
207	120	168	28	41	12
208	120	176	28	43	12
209	120	175	28	43	12
210	120	175	28	43	12
211	120	175	28	43	12
212	120	175	28	43	13
213	120	174	28	43	13
214	120	174	28	43	12
215	128	174	30	43	12
216	128	174	30	43	13
217	128	182	30	45	13
218	128	182	30	45	13
219	128	182	30	45	13
220	128	182	30	45	13
221	128	182	30	45	14
222	128	182	30	45	14
223	128	182	30	45	14
224	128	182	30	45	15
225	128	182	30	45	14
226	128	182	30	45	14
227	128	182	30	45	14
228	128	182	30	45	15
229	128	182	30	45	14
230	128	182	30	45	15
231	128	190	30	47	15
232	128	189	30	47	15
233	128	189	30	47	16
234	128	189	30	47	16
235	128	189	30	47	16
236	128	189	30	47	16
237	128	189	30	47	16
238	128	189	30	47	16
239	128	189	30	47	16
240	128	197	30	49	17
241	128	197	30	49	16
242	128	197	30	49	16
243	136	198	32	49	16
244	136	198	32	49	15
245	136	198	32	49	14
246	144	206	34	51	15
247	144	206	34	51	15
248	144	206	34	51	16
249	144	206	34	51	15
250	144	206	34	51	15
251	152	206	36	51	15
252	152	206	36	51	15
253	152	206	36	51	15
254	152	214	36	53	14
255	152	214	36	53	15
256	160	214	38	53	15
257	160	214	38	53	15
258	160	214	38	53	14
259	160	214	38	53	15
260	160	214	38	53	15
261	160	214	38	53	14
262	160	214	38	53	13
263	168	214	40	53	14
264	168	222	40	55	14
265	168	222	40	55	13
266	168	221	40	55	13
267	168	221	40	55	15
268	168	221	40	55	15
269	168	221	40	55	15
270	168	221	40	55	14
271	168	222	40	55	14
272	176	222	42	55	14
273	176	223	42	55	13
274	176	223	42	55	14
275	176	231	42	57	13
276	184	231	44	57	13
277	184	231	44	57	14
278	184	231	44	57	13
279	184	231	44	57	14
280	184	231	44	57	14
281	184	232	44	57	13
282	184	232	44	57	12
283	192	240	46	59	12
284	192	240	46	59	12
285	192	240	46	59	12
286	200	240	48	59	12
287	200	240	48	59	12
288	200	240	48	59	12
289	200	240	48	59	12
290	200	240	48	59	12
291	200	240	48	59	11
292	200	240	48	59	11
293	200	248	48	61	11
294	200	248	48	61	11
295	200	248	48	61	10
296	200	252	48	62	10
297	200	252	48	62	10
298	200	252	48	62	10
299	200	251	48	62	10
300	200	251	48	62	11
