# gameId 895468082  LOSS  scores [252.0, 277.0]
# mybuild 0:1.1.1.1,3:2.2.0.2  oppbuild 1:1.1.1.1,2:2.2.0.2  my_train t23  opp_train t16
# t  me  opp  mywood  oppwood  trees
1	19	19	0	0	14
2	19	19	0	0	14
3	18	19	0	0	14
4	18	19	0	0	14
5	18	19	0	0	14
6	18	19	0	0	14
7	18	19	0	0	15
8	18	19	0	0	15
9	18	19	0	0	15
10	19	20	0	0	15
11	18	20	0	0	15
12	18	20	0	0	15
13	18	20	0	0	16
14	18	20	0	0	16
15	18	21	0	0	16
16	19	10	0	0	16
17	19	9	0	0	16
18	19	9	0	0	16
19	19	9	0	0	17
20	19	9	0	0	17
21	19	8	0	0	17
22	19	8	0	0	18
23	8	7	0	0	18
24	8	7	0	0	18
25	8	7	0	0	18
26	16	7	2	0	18
27	16	6	2	0	18
28	16	6	2	0	18
29	16	6	2	0	17
30	16	6	2	0	18
31	16	6	2	0	19
32	16	6	2	0	19
33	16	6	2	0	18
34	24	7	4	0	18
35	24	7	4	0	18
36	24	7	4	0	18
37	24	7	4	0	18
38	24	8	4	0	18
39	24	8	4	0	17
40	24	8	4	0	17
41	32	8	6	0	17
42	32	9	6	0	17
43	32	9	6	0	18
44	32	9	6	0	18
45	32	9	6	0	18
46	32	10	6	0	18
47	32	10	6	0	18
48	32	11	6	0	18
49	32	11	6	0	17
50	32	11	6	0	17
51	32	11	6	0	17
52	40	12	8	0	17
53	40	12	8	0	17
54	40	13	8	0	17
55	40	13	8	0	16
56	40	13	8	0	16
57	48	13	10	0	16
58	48	14	10	0	16
59	48	14	10	0	15
60	48	15	10	0	16
61	48	15	10	0	16
62	48	15	10	0	16
63	48	23	10	2	16
64	48	24	10	2	16
65	48	24	10	2	16
66	48	25	10	2	16
67	48	25	10	2	16
68	48	25	10	2	16
69	48	25	10	2	15
70	48	25	10	2	15
71	56	25	12	2	15
72	56	33	12	4	17
73	56	33	12	4	17
74	56	33	12	4	17
75	56	33	12	4	17
76	56	34	12	4	16
77	56	34	12	4	15
78	64	35	14	4	16
79	64	35	14	4	16
80	64	36	14	4	16
81	64	36	14	4	16
82	64	36	14	4	15
83	64	36	14	4	14
84	72	37	16	4	15
85	72	37	16	4	15
86	72	38	16	4	15
87	72	38	16	4	14
88	72	38	16	4	14
89	80	38	18	4	14
90	80	39	18	4	13
91	80	39	18	4	13
92	80	40	18	4	13
93	80	40	18	4	13
94	80	48	18	6	13
95	80	48	18	6	12
96	80	49	18	6	13
97	80	49	18	6	13
98	80	50	18	6	13
99	88	50	20	6	13
100	88	50	20	6	13
101	88	50	20	6	13
102	88	51	20	6	13
103	88	51	20	6	13
104	88	52	20	6	12
105	88	52	20	6	12
106	96	52	22	6	12
107	96	52	22	6	12
108	96	60	22	8	12
109	96	60	22	8	11
110	96	60	22	8	12
111	96	60	22	8	12
112	96	60	22	8	12
113	96	60	22	8	12
114	96	61	22	8	12
115	96	61	22	8	11
116	96	69	22	10	12
117	96	69	22	10	12
118	96	69	22	10	13
119	104	69	24	10	13
120	104	69	24	10	13
121	104	69	24	10	13
122	104	70	24	10	13
123	104	70	24	10	12
124	104	71	24	10	11
125	112	71	26	10	11
126	112	79	26	12	12
127	112	79	26	12	12
128	112	79	26	12	12
129	112	79	26	12	13
130	112	79	26	12	12
131	112	79	26	12	11
132	112	87	26	14	11
133	112	87	26	14	11
134	112	87	26	14	11
135	120	87	28	14	12
136	120	87	28	14	12
137	120	87	28	14	11
138	120	87	28	14	11
139	128	87	30	14	11
140	128	96	30	16	12
141	128	96	30	16	12
142	128	97	30	16	12
143	128	97	30	16	12
144	128	98	30	16	12
145	128	98	30	16	12
146	128	98	30	16	12
147	128	98	30	16	12
148	128	99	30	16	12
149	128	99	30	16	12
150	128	100	30	16	11
151	128	100	30	16	11
152	128	108	30	18	11
153	128	108	30	18	11
154	128	108	30	18	11
155	136	108	32	18	11
156	136	108	32	18	12
157	136	108	32	18	13
158	136	108	32	18	12
159	136	108	32	18	12
160	136	109	32	18	11
161	136	117	32	20	11
162	136	117	32	20	11
163	136	117	32	20	11
164	144	117	34	20	11
165	144	117	34	20	12
166	144	117	34	20	11
167	144	117	34	20	11
168	144	117	34	20	11
169	144	121	34	21	11
170	144	121	34	21	11
171	144	121	34	21	10
172	144	129	34	23	11
173	144	129	34	23	11
174	144	129	34	23	11
175	144	129	34	23	12
176	152	129	36	23	11
177	152	129	36	23	11
178	152	137	36	25	11
179	152	137	36	25	11
180	152	137	36	25	10
181	152	136	36	25	10
182	160	136	38	25	10
183	160	136	38	25	10
184	160	136	38	25	9
185	160	144	38	27	9
186	160	144	38	27	9
187	160	144	38	27	10
188	160	143	38	27	9
189	160	143	38	27	9
190	160	151	38	29	11
191	160	151	38	29	11
192	160	151	38	29	11
193	168	150	40	29	11
194	168	150	40	29	10
195	168	150	40	29	11
196	168	158	40	31	11
197	168	158	40	31	10
198	168	158	40	31	10
199	176	158	42	31	10
200	176	158	42	31	10
201	176	158	42	31	9
202	176	166	42	33	9
203	176	166	42	33	9
204	176	166	42	33	9
205	176	165	42	33	8
206	176	165	42	33	8
207	176	173	42	35	9
208	176	173	42	35	9
209	176	173	42	35	10
210	184	172	44	35	10
211	184	172	44	35	10
212	184	172	44	35	10
213	184	180	44	37	10
214	184	180	44	37	9
215	184	180	44	37	9
216	192	180	46	37	9
217	192	179	46	37	9
218	192	179	46	37	8
219	192	179	46	37	9
220	192	187	46	39	9
221	192	187	46	39	9
222	192	187	46	39	8
223	192	195	46	41	8
224	192	195	46	41	7
225	192	194	46	41	7
226	192	194	46	41	7
227	192	194	46	41	8
228	192	202	46	43	8
229	192	202	46	43	8
230	200	202	48	43	8
231	200	201	48	43	8
232	200	201	48	43	7
233	200	201	48	43	8
234	200	209	48	45	7
235	200	209	48	45	7
236	208	209	50	45	6
237	208	217	50	47	6
238	208	217	50	47	6
239	208	217	50	47	6
240	208	216	50	47	6
241	208	216	50	47	6
242	208	216	50	47	5
243	208	224	50	49	5
244	208	224	50	49	5
245	208	224	50	49	5
246	208	223	50	49	6
247	216	223	52	49	6
248	216	223	52	49	6
249	216	223	52	49	6
250	216	223	52	49	6
251	216	231	52	51	5
252	216	231	52	51	5
253	224	231	54	51	4
254	224	239	54	53	4
255	224	239	54	53	4
256	224	238	54	53	4
257	224	238	54	53	4
258	224	238	54	53	4
259	224	246	54	55	4
260	224	246	54	55	4
261	224	246	54	55	3
262	224	245	54	55	3
263	224	245	54	55	3
264	224	245	54	55	4
265	224	245	54	55	5
266	224	245	54	55	4
267	232	252	56	57	4
268	232	252	56	57	4
269	232	252	56	57	4
270	232	252	56	57	5
271	232	251	56	57	4
272	232	251	56	57	4
273	240	251	58	57	5
274	240	251	58	57	5
275	240	250	58	57	5
276	240	250	58	57	5
277	240	250	58	57	4
278	240	258	58	59	5
279	240	258	58	59	5
280	240	258	58	59	4
281	240	258	58	59	4
282	240	266	58	61	4
283	240	266	58	61	4
284	240	266	58	61	4
285	248	265	60	61	4
286	248	265	60	61	4
287	248	272	60	63	4
288	248	272	60	63	4
289	248	272	60	63	5
290	248	272	60	63	6
291	248	271	60	63	5
292	248	271	60	63	4
293	248	271	60	63	5
294	248	279	60	65	5
295	248	279	60	65	5
296	248	279	60	65	5
297	248	278	60	65	5
298	248	278	60	65	5
299	248	278	60	65	6
300	252	278	61	65	5
