# gameId 895331989  LOSS  scores [176.0, 220.0]
# mybuild 0:1.1.1.1,3:2.2.0.2  oppbuild 1:1.1.1.1,2:2.2.0.2  my_train t33  opp_train t31
# t  me  opp  mywood  oppwood  trees
1	26	26	0	0	22
2	26	26	0	0	22
3	26	26	0	0	22
4	26	26	0	0	22
5	26	26	0	0	22
6	27	26	0	0	22
7	27	26	0	0	22
8	27	26	0	0	22
9	27	26	0	0	22
10	27	26	0	0	22
11	27	26	0	0	22
12	27	26	0	0	22
13	27	26	0	0	22
14	27	26	0	0	22
15	27	26	0	0	22
16	27	26	0	0	22
17	27	26	0	0	22
18	27	26	0	0	22
19	27	26	0	0	22
20	27	26	0	0	22
21	27	26	0	0	22
22	27	26	0	0	22
23	27	26	0	0	22
24	27	26	0	0	22
25	27	26	0	0	22
26	27	26	0	0	22
27	27	26	0	0	22
28	27	26	0	0	22
29	27	26	0	0	22
30	27	27	0	0	22
31	27	16	0	0	22
32	27	16	0	0	22
33	15	16	0	0	22
34	15	16	0	0	23
35	15	16	0	0	23
36	15	16	0	0	23
37	15	16	0	0	23
38	15	16	0	0	23
39	15	16	0	0	24
40	22	16	2	0	24
41	22	16	2	0	24
42	22	16	2	0	24
43	30	16	4	0	24
44	29	16	4	0	24
45	29	16	4	0	24
46	29	16	4	0	25
47	29	16	4	0	26
48	28	16	4	0	25
49	28	16	4	0	25
50	28	16	4	0	27
51	36	16	6	0	27
52	36	16	6	0	27
53	36	16	6	0	26
54	44	16	8	0	26
55	44	16	8	0	27
56	43	16	8	0	27
57	43	16	8	0	27
58	43	16	8	0	27
59	43	16	8	0	27
60	43	16	8	0	26
61	43	16	8	0	27
62	51	16	10	0	26
63	51	16	10	0	26
64	51	16	10	0	26
65	51	16	10	0	24
66	59	16	12	0	25
67	59	16	12	0	25
68	59	16	12	0	25
69	59	16	12	0	25
70	59	16	12	0	25
71	59	17	12	0	25
72	59	17	12	0	25
73	59	26	12	2	25
74	59	26	12	2	24
75	59	27	12	2	24
76	59	27	12	2	24
77	59	28	12	2	24
78	59	28	12	2	25
79	59	29	12	2	25
80	67	29	14	2	25
81	67	29	14	2	25
82	67	29	14	2	24
83	67	30	14	2	24
84	67	30	14	2	24
85	67	31	14	2	24
86	67	31	14	2	24
87	67	32	14	2	24
88	67	32	14	2	24
89	67	33	14	2	23
90	67	33	14	2	23
91	67	34	14	2	23
92	67	34	14	2	23
93	67	35	14	2	23
94	75	35	16	2	23
95	75	36	16	2	23
96	75	36	16	2	23
97	75	37	16	2	23
98	75	37	16	2	22
99	75	38	16	2	22
100	75	38	16	2	22
101	75	46	16	4	22
102	75	46	16	4	22
103	75	46	16	4	22
104	75	46	16	4	22
105	75	47	16	4	22
106	75	47	16	4	21
107	75	47	16	4	21
108	75	47	16	4	22
109	75	47	16	4	22
110	75	47	16	4	22
111	75	48	16	4	21
112	75	48	16	4	22
113	75	49	16	4	22
114	83	49	18	4	22
115	83	49	18	4	22
116	83	57	18	6	22
117	83	57	18	6	21
118	91	57	20	6	21
119	91	58	20	6	21
120	91	58	20	6	21
121	91	59	20	6	21
122	91	59	20	6	21
123	91	60	20	6	21
124	91	60	20	6	21
125	91	61	20	6	20
126	91	61	20	6	19
127	91	62	20	6	19
128	91	62	20	6	19
129	91	63	20	6	19
130	91	63	20	6	20
131	91	71	20	8	20
132	99	71	22	8	20
133	99	71	22	8	20
134	99	71	22	8	20
135	99	72	22	8	19
136	107	72	24	8	19
137	107	73	24	8	19
138	107	73	24	8	19
139	107	74	24	8	19
140	107	74	24	8	19
141	107	75	24	8	19
142	107	75	24	8	19
143	107	76	24	8	18
144	107	76	24	8	18
145	107	76	24	8	18
146	107	76	24	8	18
147	107	77	24	8	18
148	107	77	24	8	18
149	115	85	26	10	18
150	115	85	26	10	18
151	115	86	26	10	18
152	115	86	26	10	18
153	115	87	26	10	18
154	115	87	26	10	18
155	115	88	26	10	18
156	115	88	26	10	17
157	115	88	26	10	17
158	115	96	26	12	18
159	115	96	26	12	18
160	115	96	26	12	18
161	115	96	26	12	17
162	116	96	26	12	17
163	116	104	26	14	17
164	116	104	26	14	18
165	116	104	26	14	18
166	116	104	26	14	18
167	116	104	26	14	18
168	116	105	26	14	18
169	124	105	28	14	18
170	124	106	28	14	18
171	124	106	28	14	18
172	124	107	28	14	18
173	124	107	28	14	18
174	124	108	28	14	18
175	124	108	28	14	18
176	124	109	28	14	17
177	124	109	28	14	17
178	124	110	28	14	17
179	124	110	28	14	17
180	124	118	28	16	17
181	124	118	28	16	17
182	124	118	28	16	16
183	124	118	28	16	16
184	124	126	28	18	17
185	124	126	28	18	17
186	124	126	28	18	17
187	124	126	28	18	17
188	124	126	28	18	17
189	124	126	28	18	17
190	132	126	30	18	16
191	132	134	30	20	16
192	132	134	30	20	16
193	132	134	30	20	16
194	132	133	30	20	16
195	133	133	30	20	17
196	133	133	30	20	17
197	133	133	30	20	16
198	133	133	30	20	16
199	133	141	30	22	16
200	133	141	30	22	16
201	133	145	30	23	16
202	133	145	30	23	16
203	133	145	30	23	16
204	133	144	30	23	16
205	133	144	30	23	16
206	133	144	30	23	16
207	133	152	30	25	16
208	133	152	30	25	16
209	133	152	30	25	16
210	133	151	30	25	16
211	133	151	30	25	16
212	141	151	32	25	17
213	141	151	32	25	17
214	141	151	32	25	16
215	141	151	32	25	16
216	141	159	32	27	16
217	141	159	32	27	16
218	141	159	32	27	16
219	141	159	32	27	15
220	141	167	32	29	14
221	141	167	32	29	14
222	141	167	32	29	14
223	141	166	32	29	14
224	141	166	32	29	15
225	141	165	32	29	15
226	141	165	32	29	15
227	141	165	32	29	15
228	150	165	34	29	15
229	150	165	34	29	15
230	150	173	34	31	15
231	150	173	34	31	15
232	150	173	34	31	15
233	150	173	34	31	15
234	150	173	34	31	14
235	150	181	34	33	14
236	150	181	34	33	14
237	150	181	34	33	13
238	150	180	34	33	13
239	150	180	34	33	14
240	150	179	34	33	14
241	150	179	34	33	14
242	150	179	34	33	14
243	150	179	34	33	14
244	150	179	34	33	13
245	150	179	34	33	14
246	150	178	34	33	14
247	150	178	34	33	14
248	150	178	34	33	13
249	150	178	34	33	13
250	150	186	34	35	14
251	158	186	36	35	14
252	158	186	36	35	14
253	158	186	36	35	14
254	158	186	36	35	14
255	158	186	36	35	14
256	158	186	36	35	13
257	158	194	36	37	13
258	158	194	36	37	13
259	158	194	36	37	13
260	159	194	36	37	13
261	159	193	36	37	12
262	159	193	36	37	13
263	159	192	36	37	13
264	159	196	36	38	13
265	159	196	36	38	14
266	159	196	36	38	14
267	159	196	36	38	14
268	159	196	36	38	13
269	159	200	36	39	13
270	159	200	36	39	13
271	159	200	36	39	13
272	159	199	36	39	13
273	159	199	36	39	14
274	159	198	36	39	14
275	167	198	38	39	14
276	167	198	38	39	14
277	167	198	38	39	15
278	167	198	38	39	14
279	167	206	38	41	14
280	167	205	38	41	14
281	167	205	38	41	14
282	167	205	38	41	15
283	167	205	38	41	15
284	167	205	38	41	15
285	167	205	38	41	14
286	167	205	38	41	14
287	167	205	38	41	14
288	167	209	38	42	14
289	167	209	38	42	15
290	167	209	38	42	14
291	167	209	38	42	14
292	168	213	38	43	14
293	168	213	38	43	14
294	168	213	38	43	14
295	168	213	38	43	14
296	168	213	38	43	13
297	176	221	40	45	13
298	176	221	40	45	13
299	176	221	40	45	13
300	176	220	40	45	13
