# gameId 895279206  LOSS  scores [203.0, 216.0]
# mybuild 0:1.1.1.1,3:2.2.0.2  oppbuild 1:1.1.1.1,2:2.2.0.2  my_train t3  opp_train t2
# t  me  opp  mywood  oppwood  trees
1	31	31	0	0	14
2	31	20	0	0	14
3	19	19	0	0	14
4	19	19	0	0	16
5	18	18	0	0	16
6	18	18	0	0	16
7	18	18	0	0	18
8	18	18	0	0	18
9	17	17	0	0	17
10	17	17	0	0	17
11	25	17	2	0	18
12	25	17	2	0	19
13	24	16	2	0	19
14	24	16	2	0	18
15	24	16	2	0	19
16	24	16	2	0	20
17	23	15	2	0	19
18	23	15	2	0	19
19	23	15	2	0	19
20	23	15	2	0	19
21	22	15	2	0	19
22	22	15	2	0	19
23	22	14	2	0	20
24	22	14	2	0	20
25	29	14	4	0	20
26	29	14	4	0	21
27	29	14	4	0	20
28	29	14	4	0	21
29	29	13	4	0	21
30	29	13	4	0	20
31	29	13	4	0	20
32	29	13	4	0	21
33	29	13	4	0	20
34	29	13	4	0	20
35	29	13	4	0	20
36	29	13	4	0	20
37	29	13	4	0	20
38	29	13	4	0	19
39	29	13	4	0	19
40	29	13	4	0	19
41	29	13	4	0	20
42	37	13	6	0	20
43	37	13	6	0	20
44	37	21	6	2	20
45	37	21	6	2	20
46	37	21	6	2	20
47	37	22	6	2	21
48	37	22	6	2	20
49	37	22	6	2	20
50	37	22	6	2	20
51	37	22	6	2	20
52	37	22	6	2	20
53	37	22	6	2	20
54	37	22	6	2	20
55	37	22	6	2	19
56	37	22	6	2	19
57	45	22	8	2	19
58	45	22	8	2	20
59	45	22	8	2	20
60	45	30	8	4	20
61	45	30	8	4	20
62	45	30	8	4	19
63	45	30	8	4	19
64	45	30	8	4	19
65	45	30	8	4	20
66	53	30	10	4	19
67	53	30	10	4	20
68	53	38	10	6	20
69	53	38	10	6	20
70	53	38	10	6	20
71	53	38	10	6	20
72	53	38	10	6	19
73	53	38	10	6	19
74	53	46	10	8	19
75	53	46	10	8	19
76	53	54	10	10	19
77	53	54	10	10	19
78	53	54	10	10	19
79	53	54	10	10	19
80	53	54	10	10	19
81	61	54	12	10	19
82	61	54	12	10	20
83	61	53	12	10	21
84	61	53	12	10	20
85	61	53	12	10	21
86	61	53	12	10	20
87	61	53	12	10	20
88	61	53	12	10	20
89	61	61	12	12	20
90	69	61	14	12	21
91	69	61	14	12	21
92	69	61	14	12	21
93	69	61	14	12	21
94	69	62	14	12	21
95	69	62	14	12	20
96	69	63	14	12	19
97	69	63	14	12	19
98	69	63	14	12	19
99	69	63	14	12	19
100	77	71	16	14	19
101	77	71	16	14	21
102	77	71	16	14	21
103	77	71	16	14	21
104	77	71	16	14	21
105	77	71	16	14	20
106	77	71	16	14	20
107	77	71	16	14	19
108	77	71	16	14	19
109	77	71	16	14	19
110	77	71	16	14	19
111	77	71	16	14	19
112	77	71	16	14	19
113	77	71	16	14	19
114	85	71	18	14	20
115	85	71	18	14	20
116	85	71	18	14	19
117	85	71	18	14	19
118	85	72	18	14	19
119	85	72	18	14	19
120	85	72	18	14	19
121	85	72	18	14	19
122	85	72	18	14	19
123	93	72	20	14	20
124	93	80	20	16	20
125	93	80	20	16	20
126	93	80	20	16	20
127	93	80	20	16	20
128	93	81	20	16	19
129	93	81	20	16	19
130	93	81	20	16	18
131	93	81	20	16	18
132	93	81	20	16	17
133	93	81	20	16	18
134	93	81	20	16	18
135	93	89	20	18	18
136	93	89	20	18	18
137	101	89	22	18	19
138	101	89	22	18	19
139	101	89	22	18	19
140	101	89	22	18	19
141	101	89	22	18	20
142	101	89	22	18	19
143	101	89	22	18	19
144	101	89	22	18	18
145	101	89	22	18	18
146	101	89	22	18	18
147	101	89	22	18	19
148	109	89	24	18	19
149	109	89	24	18	19
150	109	89	24	18	19
151	109	89	24	18	19
152	109	90	24	18	19
153	109	90	24	18	18
154	109	90	24	18	18
155	109	90	24	18	19
156	109	90	24	18	19
157	109	90	24	18	18
158	109	90	24	18	18
159	109	90	24	18	18
160	109	90	24	18	18
161	109	90	24	18	19
162	117	90	26	18	19
163	117	90	26	18	19
164	117	90	26	18	18
165	117	90	26	18	18
166	117	91	26	18	18
167	117	91	26	18	18
168	117	91	26	18	18
169	117	99	26	20	17
170	118	99	26	20	17
171	118	99	26	20	17
172	118	99	26	20	17
173	126	99	28	20	17
174	126	99	28	20	18
175	126	99	28	20	17
176	126	99	28	20	17
177	126	99	28	20	17
178	126	107	28	22	17
179	126	107	28	22	17
180	126	107	28	22	17
181	126	107	28	22	17
182	126	107	28	22	17
183	126	107	28	22	17
184	126	107	28	22	17
185	126	107	28	22	17
186	127	107	28	22	16
187	135	107	30	22	17
188	135	115	30	24	17
189	135	115	30	24	17
190	135	115	30	24	17
191	135	115	30	24	17
192	135	115	30	24	18
193	135	115	30	24	17
194	135	115	30	24	17
195	135	115	30	24	17
196	135	115	30	24	17
197	135	115	30	24	16
198	135	115	30	24	17
199	135	115	30	24	17
200	135	123	30	26	17
201	143	123	32	26	17
202	143	123	32	26	18
203	143	123	32	26	18
204	144	123	32	26	18
205	144	123	32	26	18
206	144	123	32	26	17
207	144	123	32	26	17
208	144	123	32	26	16
209	144	123	32	26	16
210	152	131	34	28	16
211	152	131	34	28	16
212	152	131	34	28	16
213	152	131	34	28	16
214	152	131	34	28	17
215	152	131	34	28	16
216	152	131	34	28	16
217	152	131	34	28	16
218	152	131	34	28	17
219	152	131	34	28	16
220	152	131	34	28	16
221	152	131	34	28	16
222	153	131	34	28	17
223	153	131	34	28	16
224	161	131	36	28	16
225	161	139	36	30	16
226	161	139	36	30	16
227	161	139	36	30	17
228	161	139	36	30	17
229	161	139	36	30	16
230	161	139	36	30	16
231	161	147	36	32	16
232	161	147	36	32	15
233	161	147	36	32	16
234	161	147	36	32	16
235	161	147	36	32	15
236	161	155	36	34	15
237	169	155	38	34	15
238	169	155	38	34	15
239	169	155	38	34	16
240	169	154	38	34	16
241	169	154	38	34	16
242	169	154	38	34	15
243	169	154	38	34	16
244	169	154	38	34	16
245	169	162	38	36	16
246	169	162	38	36	16
247	169	162	38	36	16
248	169	162	38	36	16
249	169	170	38	38	16
250	169	170	38	38	16
251	169	170	38	38	16
252	177	170	40	38	15
253	177	170	40	38	15
254	177	178	40	40	15
255	177	178	40	40	16
256	177	178	40	40	16
257	178	178	40	40	16
258	178	178	40	40	16
259	178	178	40	40	15
260	178	178	40	40	16
261	178	178	40	40	16
262	178	186	40	42	16
263	186	186	42	42	16
264	186	186	42	42	17
265	186	186	42	42	17
266	186	185	42	42	17
267	186	185	42	42	17
268	186	185	42	42	17
269	186	185	42	42	17
270	186	185	42	42	17
271	186	185	42	42	17
272	186	185	42	42	16
273	186	185	42	42	16
274	186	193	42	44	16
275	186	193	42	44	17
276	186	193	42	44	17
277	194	193	44	44	17
278	194	192	44	44	17
279	194	192	44	44	16
280	194	192	44	44	16
281	195	200	44	46	16
282	195	200	44	46	17
283	195	200	44	46	17
284	195	200	44	46	17
285	195	200	44	46	16
286	195	200	44	46	16
287	195	208	44	48	16
288	195	208	44	48	16
289	195	208	44	48	16
290	203	208	46	48	16
291	203	208	46	48	16
292	203	208	46	48	16
293	203	208	46	48	16
294	203	216	46	50	16
295	203	216	46	50	16
296	203	216	46	50	16
297	203	216	46	50	15
298	203	216	46	50	15
299	203	216	46	50	15
300	203	216	46	50	16
