# gameId 895243760  LOSS  scores [152.0, 264.0]
# mybuild 0:1.1.1.1,3:2.2.0.3  oppbuild 1:1.1.1.1,2:2.2.0.3  my_train t37  opp_train t29
# t  me  opp  mywood  oppwood  trees
1	17	17	0	0	14
2	17	17	0	0	14
3	16	17	0	0	14
4	16	17	0	0	15
5	15	17	0	0	15
6	15	17	0	0	15
7	15	17	0	0	16
8	15	17	0	0	16
9	14	17	0	0	16
10	14	17	0	0	16
11	14	17	0	0	17
12	14	17	0	0	17
13	14	17	0	0	17
14	14	17	0	0	17
15	14	17	0	0	17
16	14	18	0	0	17
17	14	18	0	0	17
18	14	18	0	0	17
19	14	18	0	0	17
20	14	18	0	0	17
21	14	18	0	0	17
22	14	18	0	0	17
23	14	18	0	0	17
24	15	18	0	0	17
25	15	18	0	0	17
26	15	18	0	0	17
27	15	18	0	0	17
28	15	19	0	0	17
29	15	8	0	0	17
30	15	7	0	0	17
31	15	7	0	0	18
32	15	6	0	0	18
33	15	6	0	0	18
34	15	6	0	0	18
35	15	6	0	0	19
36	16	5	0	0	19
37	4	5	0	0	19
38	4	5	0	0	20
39	4	5	0	0	20
40	4	4	0	0	20
41	4	4	0	0	18
42	4	4	0	0	19
43	12	4	2	0	20
44	12	4	2	0	20
45	12	4	2	0	19
46	12	4	2	0	19
47	12	4	2	0	19
48	12	4	2	0	20
49	12	4	2	0	20
50	12	4	2	0	19
51	20	4	4	0	19
52	20	4	4	0	18
53	20	4	4	0	18
54	20	4	4	0	18
55	20	4	4	0	18
56	20	4	4	0	18
57	20	4	4	0	17
58	20	12	4	2	19
59	20	12	4	2	19
60	20	12	4	2	19
61	28	11	6	2	19
62	28	11	6	2	19
63	28	11	6	2	19
64	28	11	6	2	19
65	28	11	6	2	19
66	28	12	6	2	19
67	28	12	6	2	19
68	28	12	6	2	18
69	28	12	6	2	18
70	28	13	6	2	18
71	28	13	6	2	18
72	36	14	8	2	18
73	36	14	8	2	18
74	36	14	8	2	18
75	36	14	8	2	17
76	36	15	8	2	17
77	36	15	8	2	17
78	36	15	8	2	17
79	36	23	8	4	17
80	36	23	8	4	16
81	36	23	8	4	16
82	36	24	8	4	17
83	36	24	8	4	17
84	44	25	10	4	17
85	44	25	10	4	16
86	44	25	10	4	16
87	44	33	10	6	15
88	44	33	10	6	15
89	44	33	10	6	16
90	44	33	10	6	15
91	44	33	10	6	15
92	44	41	10	8	15
93	44	41	10	8	14
94	44	49	10	10	14
95	44	49	10	10	14
96	44	49	10	10	15
97	44	48	10	10	15
98	44	48	10	10	14
99	44	48	10	10	15
100	52	56	12	12	15
101	52	56	12	12	15
102	52	56	12	12	16
103	52	55	12	12	15
104	52	55	12	12	15
105	52	63	12	14	14
106	52	63	12	14	15
107	52	62	12	14	15
108	52	62	12	14	14
109	52	62	12	14	15
110	52	70	12	16	15
111	52	69	12	16	14
112	52	69	12	16	14
113	52	76	12	18	14
114	52	76	12	18	14
115	52	76	12	18	15
116	52	76	12	18	15
117	52	75	12	18	15
118	60	75	14	18	15
119	60	75	14	18	15
120	60	75	14	18	15
121	60	75	14	18	15
122	60	84	14	20	16
123	60	84	14	20	16
124	60	85	14	20	16
125	60	85	14	20	15
126	60	85	14	20	15
127	60	85	14	20	16
128	60	85	14	20	15
129	60	85	14	20	15
130	60	86	14	20	15
131	68	86	16	20	15
132	68	87	16	20	15
133	68	87	16	20	15
134	68	87	16	20	15
135	68	87	16	20	15
136	68	88	16	20	15
137	68	88	16	20	15
138	68	89	16	20	13
139	68	88	16	20	13
140	68	88	16	20	13
141	68	88	16	20	13
142	68	88	16	20	14
143	68	88	16	20	14
144	76	88	18	20	14
145	76	88	18	20	14
146	76	96	18	22	15
147	76	96	18	22	15
148	76	96	18	22	15
149	76	97	18	22	14
150	76	97	18	22	14
151	76	98	18	22	14
152	76	98	18	22	14
153	76	99	18	22	14
154	76	99	18	22	14
155	76	99	18	22	14
156	76	99	18	22	12
157	76	99	18	22	13
158	76	98	18	22	13
159	76	106	18	24	13
160	76	106	18	24	14
161	76	106	18	24	13
162	76	114	18	26	13
163	84	114	20	26	13
164	84	114	20	26	13
165	84	114	20	26	12
166	84	122	20	28	12
167	84	122	20	28	12
168	84	121	20	28	12
169	84	121	20	28	13
170	84	121	20	28	13
171	84	129	20	30	12
172	84	129	20	30	12
173	84	129	20	30	12
174	84	128	20	30	12
175	84	128	20	30	12
176	84	128	20	30	13
177	84	128	20	30	13
178	92	127	22	30	12
179	92	127	22	30	12
180	92	127	22	30	13
181	92	127	22	30	13
182	92	126	22	30	13
183	92	126	22	30	13
184	92	134	22	32	12
185	92	134	22	32	13
186	92	133	22	32	13
187	92	133	22	32	11
188	92	133	22	32	12
189	92	141	22	34	12
190	92	140	22	34	12
191	92	140	22	34	11
192	92	148	22	36	13
193	92	148	22	36	13
194	100	148	24	36	13
195	100	147	24	36	13
196	100	147	24	36	14
197	100	146	24	36	13
198	100	146	24	36	13
199	100	146	24	36	14
200	100	146	24	36	14
201	100	146	24	36	14
202	100	147	24	36	14
203	100	147	24	36	14
204	100	148	24	36	12
205	100	148	24	36	12
206	100	156	24	38	12
207	100	156	24	38	12
208	100	156	24	38	13
209	100	155	24	38	12
210	100	155	24	38	12
211	108	163	26	40	13
212	108	163	26	40	13
213	108	163	26	40	13
214	108	162	26	40	14
215	108	162	26	40	13
216	108	162	26	40	14
217	108	170	26	42	13
218	108	170	26	42	13
219	108	170	26	42	13
220	108	169	26	42	12
221	108	169	26	42	13
222	108	168	26	42	13
223	108	168	26	42	13
224	108	168	26	42	13
225	108	168	26	42	13
226	108	168	26	42	13
227	116	168	28	42	13
228	116	168	28	42	13
229	116	168	28	42	13
230	116	176	28	44	13
231	116	176	28	44	14
232	116	176	28	44	14
233	116	176	28	44	13
234	116	176	28	44	13
235	116	184	28	46	13
236	116	184	28	46	14
237	116	184	28	46	14
238	116	184	28	46	14
239	116	184	28	46	14
240	116	184	28	46	13
241	116	184	28	46	13
242	116	192	28	48	14
243	124	192	30	48	14
244	124	192	30	48	14
245	124	192	30	48	13
246	124	192	30	48	12
247	124	200	30	50	12
248	132	200	32	50	12
249	132	200	32	50	12
250	132	200	32	50	12
251	132	200	32	50	13
252	132	200	32	50	12
253	132	200	32	50	12
254	132	208	32	52	12
255	132	208	32	52	12
256	132	208	32	52	12
257	132	208	32	52	11
258	132	208	32	52	12
259	132	216	32	54	12
260	132	216	32	54	12
261	132	216	32	54	12
262	132	216	32	54	13
263	132	216	32	54	12
264	140	216	34	54	12
265	140	216	34	54	12
266	140	224	34	56	12
267	140	224	34	56	12
268	140	224	34	56	12
269	140	224	34	56	11
270	140	224	34	56	11
271	140	232	34	58	11
272	140	232	34	58	11
273	140	232	34	58	11
274	140	232	34	58	10
275	140	240	34	60	10
276	140	240	34	60	11
277	140	240	34	60	10
278	140	240	34	60	10
279	140	248	34	62	10
280	140	248	34	62	10
281	140	248	34	62	10
282	140	248	34	62	10
283	140	248	34	62	9
284	140	248	34	62	9
285	148	256	36	64	9
286	148	256	36	64	9
287	148	256	36	64	9
288	148	256	36	64	10
289	148	256	36	64	10
290	148	256	36	64	10
291	148	256	36	64	9
292	148	256	36	64	10
293	148	256	36	64	10
294	148	264	36	66	11
295	148	264	36	66	10
296	148	264	36	66	10
297	152	264	37	66	9
298	152	264	37	66	9
299	152	264	37	66	9
300	152	264	37	66	10
