# gameId 895230981  LOSS  scores [191.0, 251.0]
# mybuild 0:1.1.1.1,3:2.2.0.2  oppbuild 1:1.1.1.1,2:2.2.2.0,4:2.3.0.2  my_train t15  opp_train t2
# t  me  opp  mywood  oppwood  trees
1	25	25	0	0	16
2	25	10	0	0	16
3	25	10	0	0	16
4	25	10	0	0	16
5	25	10	0	0	16
6	25	10	0	0	16
7	25	10	0	0	16
8	25	10	0	0	16
9	25	10	0	0	16
10	25	12	0	0	16
11	25	11	0	0	16
12	25	11	0	0	17
13	25	10	0	0	17
14	25	10	0	0	17
15	13	10	0	0	17
16	13	10	0	0	19
17	12	9	0	0	19
18	12	9	0	0	19
19	12	9	0	0	21
20	12	8	0	0	21
21	11	8	0	0	20
22	11	8	0	0	21
23	11	8	0	0	22
24	11	8	0	0	22
25	19	8	2	0	22
26	19	8	2	0	22
27	19	8	2	0	22
28	19	8	2	0	22
29	19	8	2	0	22
30	19	8	2	0	23
31	19	8	2	0	23
32	19	8	2	0	23
33	19	10	2	0	23
34	19	9	2	0	23
35	19	9	2	0	23
36	19	9	2	0	24
37	19	9	2	0	23
38	19	9	2	0	23
39	19	9	2	0	24
40	27	9	4	0	24
41	27	9	4	0	24
42	27	9	4	0	24
43	27	9	4	0	24
44	27	11	4	0	23
45	27	10	4	0	23
46	35	10	6	0	24
47	35	10	6	0	24
48	35	10	6	0	24
49	35	10	6	0	24
50	35	10	6	0	23
51	35	10	6	0	23
52	43	11	8	0	24
53	43	11	8	0	24
54	43	11	8	0	24
55	43	11	8	0	22
56	43	11	8	0	22
57	51	11	10	0	22
58	51	13	10	0	23
59	51	13	10	0	23
60	51	14	10	0	23
61	51	14	10	0	23
62	51	14	10	0	22
63	51	14	10	0	22
64	51	14	10	0	22
65	51	14	10	0	23
66	51	16	10	0	23
67	51	16	10	0	22
68	51	17	10	0	22
69	51	17	10	0	21
70	59	17	12	0	21
71	59	17	12	0	21
72	59	17	12	0	21
73	59	17	12	0	21
74	59	19	12	0	21
75	59	19	12	0	21
76	59	20	12	0	20
77	59	20	12	0	20
78	59	20	12	0	20
79	59	20	12	0	20
80	59	20	12	0	20
81	59	20	12	0	20
82	59	22	12	0	19
83	59	3	12	0	19
84	67	3	14	0	19
85	67	3	14	0	19
86	67	5	14	0	18
87	67	5	14	0	17
88	67	19	14	3	17
89	67	18	14	3	17
90	67	18	14	3	18
91	67	18	14	3	19
92	67	18	14	3	19
93	67	18	14	3	18
94	67	20	14	3	18
95	67	20	14	3	17
96	67	20	14	3	16
97	75	32	16	6	16
98	75	32	16	6	17
99	75	32	16	6	17
100	75	34	16	6	17
101	75	33	16	6	17
102	75	33	16	6	17
103	75	33	16	6	18
104	75	33	16	6	17
105	75	33	16	6	16
106	75	45	16	9	17
107	75	47	16	9	16
108	75	46	16	9	16
109	75	46	16	9	16
110	75	46	16	9	15
111	75	58	16	12	14
112	83	58	18	12	14
113	83	58	18	12	14
114	83	58	18	12	16
115	83	57	18	12	16
116	83	57	18	12	15
117	83	57	18	12	16
118	83	57	18	12	16
119	83	69	18	15	16
120	83	69	18	15	15
121	83	69	18	15	15
122	83	69	18	15	15
123	83	71	18	15	15
124	83	71	18	15	14
125	83	71	18	15	13
126	92	83	20	18	13
127	92	83	20	18	13
128	92	83	20	18	13
129	92	85	20	18	13
130	92	84	20	18	13
131	92	84	20	18	13
132	92	84	20	18	13
133	92	84	20	18	14
134	92	84	20	18	14
135	92	84	20	18	13
136	92	96	20	21	12
137	92	98	20	21	12
138	92	97	20	21	12
139	92	97	20	21	12
140	100	97	22	21	13
141	100	97	22	21	13
142	100	97	22	21	13
143	100	97	22	21	12
144	101	109	22	24	12
145	101	109	22	24	12
146	101	111	22	24	12
147	101	110	22	24	11
148	101	110	22	24	12
149	101	110	22	24	12
150	101	110	22	24	12
151	101	110	22	24	12
152	109	110	24	24	12
153	109	110	24	24	12
154	109	112	24	24	12
155	109	112	24	24	11
156	109	124	24	27	11
157	109	124	24	27	11
158	109	124	24	27	11
159	109	124	24	27	11
160	109	126	24	27	11
161	109	125	24	27	11
162	110	125	24	27	10
163	110	125	24	27	10
164	110	125	24	27	10
165	110	125	24	27	10
166	110	125	24	27	10
167	110	125	24	27	10
168	118	125	26	27	10
169	118	125	26	27	9
170	118	137	26	30	9
171	118	137	26	30	9
172	118	137	26	30	9
173	118	137	26	30	10
174	118	136	26	30	10
175	118	136	26	30	10
176	119	136	26	30	10
177	119	136	26	30	11
178	119	135	26	30	10
179	119	135	26	30	10
180	119	135	26	30	11
181	119	134	26	30	10
182	119	146	26	33	10
183	119	146	26	33	10
184	119	146	26	33	11
185	127	146	28	33	11
186	127	146	28	33	11
187	127	146	28	33	11
188	127	146	28	33	11
189	127	146	28	33	11
190	127	146	28	33	10
191	127	146	28	33	10
192	127	146	28	33	10
193	127	158	28	36	9
194	127	158	28	36	9
195	127	158	28	36	8
196	127	160	28	36	8
197	127	159	28	36	8
198	127	159	28	36	8
199	127	159	28	36	8
200	135	159	30	36	9
201	135	158	30	36	9
202	135	158	30	36	9
203	135	158	30	36	9
204	135	158	30	36	9
205	139	170	31	39	9
206	139	170	31	39	9
207	139	170	31	39	9
208	139	170	31	39	9
209	139	170	31	39	9
210	139	170	31	39	9
211	139	170	31	39	9
212	139	170	31	39	9
213	139	172	31	39	9
214	139	171	31	39	9
215	139	171	31	39	9
216	139	170	31	39	8
217	139	182	31	42	8
218	139	182	31	42	8
219	139	182	31	42	8
220	147	182	33	42	8
221	147	182	33	42	8
222	147	190	33	44	8
223	147	190	33	44	8
224	147	190	33	44	8
225	147	190	33	44	8
226	147	190	33	44	8
227	147	190	33	44	8
228	147	190	33	44	8
229	147	190	33	44	7
230	147	192	33	44	7
231	151	191	34	44	7
232	151	191	34	44	8
233	151	190	34	44	8
234	151	190	34	44	8
235	159	190	36	44	8
236	159	190	36	44	9
237	159	189	36	44	8
238	159	189	36	44	8
239	159	189	36	44	9
240	159	200	36	47	9
241	159	200	36	47	9
242	159	200	36	47	9
243	159	200	36	47	10
244	159	200	36	47	9
245	159	200	36	47	9
246	159	200	36	47	9
247	159	200	36	47	9
248	159	200	36	47	9
249	159	200	36	47	9
250	167	200	38	47	7
251	167	200	38	47	7
252	167	200	38	47	7
253	167	200	38	47	7
254	167	212	38	50	7
255	167	212	38	50	7
256	167	214	38	50	7
257	167	213	38	50	7
258	167	213	38	50	8
259	167	212	38	50	7
260	171	212	39	50	7
261	171	212	39	50	7
262	171	220	39	52	7
263	171	220	39	52	7
264	179	220	41	52	8
265	179	219	41	52	8
266	179	219	41	52	8
267	179	219	41	52	8
268	179	219	41	52	9
269	179	219	41	52	9
270	179	219	41	52	9
271	179	219	41	52	9
272	179	219	41	52	8
273	179	219	41	52	7
274	179	231	41	55	7
275	179	231	41	55	7
276	179	231	41	55	7
277	179	231	41	55	6
278	179	239	41	57	6
279	179	239	41	57	6
280	179	241	41	57	6
281	179	240	41	57	5
282	179	240	41	57	6
283	179	239	41	57	6
284	179	239	41	57	6
285	179	239	41	57	6
286	187	239	43	57	7
287	191	238	44	57	7
288	191	238	44	57	7
289	191	238	44	57	8
290	191	237	44	57	8
291	191	237	44	57	7
292	191	237	44	57	7
293	191	237	44	57	8
294	191	237	44	57	8
295	191	249	44	60	8
296	191	249	44	60	7
297	191	249	44	60	7
298	191	249	44	60	7
299	191	249	44	60	7
300	191	249	44	60	7
