# gameId 895283302  LOSS  scores [209.0, 279.0]
# mybuild 0:1.1.1.1,3:2.2.0.2  oppbuild 1:1.1.1.1,2:2.2.2.0,4:2.3.0.2  my_train t35  opp_train t21
# t  me  opp  mywood  oppwood  trees
1	21	21	0	0	12
2	21	21	0	0	12
3	21	21	0	0	12
4	21	21	0	0	12
5	21	21	0	0	12
6	21	21	0	0	12
7	21	21	0	0	12
8	22	22	0	0	12
9	22	22	0	0	12
10	22	22	0	0	12
11	22	22	0	0	12
12	22	22	0	0	12
13	22	22	0	0	12
14	23	23	0	0	12
15	23	23	0	0	12
16	23	23	0	0	12
17	23	23	0	0	12
18	23	23	0	0	12
19	23	23	0	0	12
20	23	24	0	0	12
21	23	9	0	0	12
22	23	9	0	0	12
23	23	9	0	0	12
24	23	9	0	0	12
25	23	11	0	0	12
26	23	10	0	0	12
27	23	10	0	0	12
28	23	10	0	0	13
29	23	9	0	0	13
30	23	9	0	0	13
31	23	9	0	0	13
32	23	9	0	0	14
33	23	8	0	0	14
34	23	8	0	0	14
35	11	8	0	0	14
36	11	8	0	0	15
37	11	8	0	0	16
38	11	8	0	0	16
39	10	8	0	0	16
40	10	10	0	0	17
41	9	10	0	0	17
42	9	10	0	0	16
43	9	10	0	0	17
44	17	10	2	0	17
45	16	12	2	0	17
46	16	11	2	0	18
47	15	11	2	0	18
48	15	11	2	0	18
49	15	11	2	0	20
50	15	10	2	0	20
51	14	10	2	0	19
52	14	10	2	0	20
53	13	10	2	0	20
54	13	10	2	0	21
55	13	10	2	0	22
56	21	10	4	0	22
57	21	10	4	0	22
58	20	12	4	0	22
59	20	12	4	0	23
60	19	12	4	0	22
61	27	12	6	0	22
62	27	14	6	0	23
63	27	14	6	0	23
64	27	14	6	0	22
65	35	14	8	0	22
66	35	16	8	0	22
67	36	16	8	0	22
68	36	16	8	0	22
69	36	16	8	0	21
70	36	17	8	0	20
71	44	17	10	0	20
72	44	17	10	0	20
73	44	17	10	0	20
74	44	18	10	0	20
75	44	18	10	0	19
76	44	18	10	0	19
77	52	18	12	0	18
78	52	20	12	0	18
79	52	20	12	0	18
80	52	20	12	0	18
81	52	20	12	0	17
82	60	22	14	0	18
83	60	22	14	0	18
84	60	22	14	0	17
85	60	22	14	0	17
86	60	24	14	0	17
87	60	24	14	0	18
88	60	24	14	0	18
89	60	24	14	0	18
90	60	26	14	0	18
91	60	25	14	0	19
92	60	25	14	0	18
93	60	25	14	0	18
94	60	25	14	0	18
95	68	25	16	0	18
96	68	26	16	0	19
97	68	26	16	0	19
98	68	26	16	0	19
99	68	26	16	0	18
100	76	28	18	0	18
101	77	9	18	0	18
102	77	11	18	0	17
103	77	11	18	0	17
104	77	13	18	0	17
105	77	13	18	0	15
106	77	24	18	3	15
107	86	24	20	3	15
108	86	24	20	3	15
109	86	24	20	3	15
110	86	24	20	3	15
111	86	24	20	3	14
112	86	26	20	3	14
113	87	37	20	6	14
114	87	37	20	6	14
115	87	37	20	6	12
116	87	37	20	6	12
117	95	37	22	6	12
118	95	37	22	6	12
119	95	37	22	6	12
120	96	37	22	6	11
121	96	49	22	9	11
122	96	49	22	9	11
123	96	49	22	9	11
124	96	49	22	9	12
125	96	49	22	9	12
126	96	48	22	9	10
127	96	60	22	12	10
128	104	60	24	12	11
129	104	59	24	12	11
130	104	59	24	12	11
131	104	59	24	12	11
132	104	59	24	12	11
133	104	59	24	12	10
134	104	67	24	14	10
135	104	67	24	14	11
136	104	66	24	14	11
137	112	66	26	14	11
138	112	66	26	14	11
139	112	65	26	14	11
140	112	65	26	14	11
141	112	77	26	17	12
142	112	77	26	17	11
143	112	77	26	17	11
144	112	77	26	17	11
145	112	77	26	17	11
146	120	79	28	17	11
147	120	78	28	17	11
148	120	78	28	17	11
149	120	78	28	17	12
150	120	78	28	17	12
151	120	78	28	17	11
152	121	90	28	20	10
153	121	92	28	20	10
154	121	91	28	20	10
155	121	91	28	20	10
156	121	91	28	20	9
157	121	91	28	20	10
158	121	90	28	20	9
159	121	102	28	23	9
160	121	102	28	23	9
161	121	102	28	23	9
162	129	102	30	23	10
163	129	101	30	23	10
164	129	101	30	23	10
165	129	101	30	23	11
166	129	100	30	23	10
167	129	100	30	23	10
168	129	112	30	26	11
169	129	112	30	26	10
170	129	112	30	26	10
171	129	112	30	26	10
172	129	112	30	26	10
173	137	114	32	26	10
174	137	113	32	26	10
175	137	113	32	26	10
176	138	113	32	26	9
177	138	113	32	26	10
178	138	124	32	29	10
179	138	124	32	29	10
180	138	124	32	29	9
181	138	124	32	29	10
182	138	124	32	29	9
183	138	124	32	29	9
184	138	136	32	32	9
185	138	138	32	32	9
186	138	137	32	32	8
187	138	137	32	32	8
188	138	137	32	32	9
189	138	137	32	32	9
190	138	137	32	32	9
191	146	137	34	32	9
192	146	137	34	32	8
193	146	149	34	35	8
194	146	151	34	35	8
195	146	150	34	35	8
196	146	150	34	35	8
197	146	150	34	35	9
198	147	149	34	35	8
199	147	149	34	35	8
200	147	157	34	37	8
201	147	157	34	37	8
202	155	157	36	37	9
203	155	157	36	37	9
204	155	157	36	37	9
205	155	157	36	37	9
206	155	159	36	37	9
207	155	159	36	37	8
208	155	161	36	37	8
209	155	168	36	39	8
210	155	168	36	39	8
211	155	168	36	39	8
212	163	168	38	39	8
213	163	168	38	39	8
214	163	168	38	39	9
215	164	168	38	39	9
216	164	168	38	39	9
217	164	168	38	39	9
218	164	168	38	39	9
219	164	168	38	39	9
220	164	170	38	39	8
221	164	181	38	42	7
222	164	181	38	42	7
223	164	181	38	42	7
224	164	181	38	42	7
225	172	181	40	42	8
226	172	180	40	42	8
227	172	180	40	42	7
228	172	180	40	42	7
229	172	192	40	45	7
230	172	192	40	45	7
231	173	192	40	45	8
232	173	192	40	45	8
233	173	192	40	45	8
234	173	192	40	45	8
235	173	192	40	45	8
236	173	192	40	45	8
237	173	192	40	45	7
238	173	192	40	45	7
239	173	203	40	48	6
240	173	203	40	48	6
241	173	203	40	48	6
242	173	203	40	48	7
243	173	203	40	48	7
244	181	203	42	48	7
245	181	203	42	48	7
246	181	203	42	48	7
247	182	203	42	48	6
248	182	215	42	51	6
249	182	215	42	51	6
250	182	217	42	51	6
251	182	216	42	51	6
252	182	216	42	51	6
253	182	223	42	53	6
254	182	223	42	53	6
255	182	223	42	53	6
256	190	223	44	53	7
257	190	222	44	53	7
258	190	222	44	53	7
259	190	222	44	53	8
260	190	222	44	53	8
261	190	222	44	53	7
262	190	221	44	53	6
263	191	221	44	53	6
264	191	233	44	56	7
265	191	233	44	56	7
266	191	233	44	56	7
267	191	233	44	56	7
268	191	233	44	56	6
269	191	233	44	56	6
270	191	233	44	56	6
271	191	233	44	56	6
272	191	235	44	56	6
273	199	234	46	56	5
274	199	234	46	56	6
275	199	246	46	59	6
276	199	246	46	59	6
277	199	246	46	59	6
278	199	246	46	59	6
279	199	246	46	59	6
280	199	248	46	59	6
281	200	248	46	59	6
282	200	248	46	59	5
283	200	255	46	61	5
284	200	255	46	61	5
285	200	255	46	61	5
286	208	255	48	61	6
287	208	255	48	61	6
288	208	255	48	61	6
289	208	255	48	61	6
290	208	255	48	61	5
291	208	254	48	61	5
292	208	254	48	61	5
293	208	266	48	64	6
294	208	266	48	64	6
295	208	266	48	64	6
296	208	266	48	64	6
297	209	266	48	64	6
298	209	266	48	64	6
299	209	266	48	64	6
300	209	268	48	64	5
