# gameId 895230506  LOSS  scores [235.0, 330.0]
# mybuild 0:1.1.1.1,2:2.2.0.2  oppbuild 1:1.1.1.1,3:2.2.2.0,4:2.3.0.2  my_train t11  opp_train t13
# t  me  opp  mywood  oppwood  trees
1	29	29	0	0	16
2	29	29	0	0	16
3	29	29	0	0	16
4	29	29	0	0	16
5	29	29	0	0	16
6	29	29	0	0	16
7	29	29	0	0	16
8	29	29	0	0	16
9	29	29	0	0	16
10	29	29	0	0	16
11	17	29	0	0	16
12	17	30	0	0	16
13	17	15	0	0	17
14	17	15	0	0	17
15	16	15	0	0	17
16	16	15	0	0	18
17	15	15	0	0	18
18	15	15	0	0	17
19	15	15	0	0	17
20	15	17	0	0	18
21	15	16	0	0	18
22	23	16	2	0	19
23	23	15	2	0	19
24	23	15	2	0	18
25	31	15	4	0	19
26	31	15	4	0	19
27	30	15	4	0	19
28	30	15	4	0	19
29	29	15	4	0	19
30	29	15	4	0	19
31	29	17	4	0	20
32	29	16	4	0	20
33	37	16	6	0	20
34	37	16	6	0	21
35	37	16	6	0	21
36	37	16	6	0	21
37	37	16	6	0	20
38	45	16	8	0	20
39	45	16	8	0	20
40	45	18	8	0	20
41	45	17	8	0	20
42	44	17	8	0	20
43	44	17	8	0	21
44	44	17	8	0	21
45	52	17	10	0	22
46	52	17	10	0	22
47	52	17	10	0	22
48	52	17	10	0	22
49	52	17	10	0	23
50	52	19	10	0	23
51	52	18	10	0	23
52	52	18	10	0	23
53	52	18	10	0	23
54	52	18	10	0	24
55	52	18	10	0	24
56	60	18	12	0	24
57	60	18	12	0	23
58	60	18	12	0	23
59	60	18	12	0	22
60	68	20	14	0	22
61	68	19	14	0	22
62	68	19	14	0	22
63	68	19	14	0	23
64	67	19	14	0	22
65	67	19	14	0	22
66	75	19	16	0	23
67	75	19	16	0	22
68	74	21	16	0	22
69	74	20	16	0	23
70	74	20	16	0	23
71	74	20	16	0	23
72	74	20	16	0	23
73	74	20	16	0	25
74	74	20	16	0	24
75	74	20	16	0	24
76	74	20	16	0	24
77	82	20	18	0	24
78	82	22	18	0	24
79	82	22	18	0	23
80	90	24	20	0	23
81	90	24	20	0	24
82	90	24	20	0	24
83	90	24	20	0	23
84	90	26	20	0	23
85	98	26	22	0	23
86	98	26	22	0	22
87	98	26	22	0	22
88	98	28	22	0	22
89	98	9	22	0	23
90	98	11	22	0	23
91	98	11	22	0	23
92	98	12	22	0	21
93	98	12	22	0	20
94	106	12	24	0	20
95	106	24	24	3	21
96	106	24	24	3	21
97	106	24	24	3	21
98	106	24	24	3	21
99	106	24	24	3	22
100	106	24	24	3	21
101	106	24	24	3	20
102	106	36	24	6	20
103	106	36	24	6	19
104	106	38	24	6	20
105	106	37	24	6	19
106	106	37	24	6	20
107	114	37	26	6	20
108	114	37	26	6	20
109	114	37	26	6	19
110	114	37	26	6	19
111	114	49	26	9	17
112	114	49	26	9	18
113	114	51	26	9	18
114	114	50	26	9	18
115	122	50	28	9	18
116	122	50	28	9	18
117	122	50	28	9	19
118	122	50	28	9	18
119	122	50	28	9	18
120	122	62	28	12	18
121	122	62	28	12	18
122	122	62	28	12	19
123	122	62	28	12	17
124	122	74	28	15	17
125	122	74	28	15	17
126	122	76	28	15	17
127	122	75	28	15	16
128	122	75	28	15	17
129	122	74	28	15	17
130	130	74	30	15	17
131	130	74	30	15	16
132	130	74	30	15	16
133	130	74	30	15	16
134	130	86	30	18	16
135	130	86	30	18	16
136	130	88	30	18	16
137	130	87	30	18	16
138	130	87	30	18	17
139	130	87	30	18	18
140	130	87	30	18	16
141	130	87	30	18	16
142	130	99	30	21	16
143	130	99	30	21	17
144	130	99	30	21	16
145	138	101	32	21	16
146	138	100	32	21	15
147	138	100	32	21	15
148	138	112	32	24	16
149	138	112	32	24	16
150	138	112	32	24	16
151	138	112	32	24	16
152	138	112	32	24	15
153	138	112	32	24	15
154	138	112	32	24	15
155	138	124	32	27	14
156	138	124	32	27	14
157	138	126	32	27	14
158	138	125	32	27	14
159	138	125	32	27	16
160	138	124	32	27	15
161	146	124	34	27	15
162	146	124	34	27	15
163	146	124	34	27	15
164	146	136	34	30	15
165	146	136	34	30	15
166	146	136	34	30	15
167	146	136	34	30	15
168	146	138	34	30	14
169	146	137	34	30	14
170	146	137	34	30	14
171	146	137	34	30	15
172	146	149	34	33	15
173	146	149	34	33	14
174	146	149	34	33	14
175	146	149	34	33	14
176	146	161	34	36	13
177	154	161	36	36	13
178	154	163	36	36	13
179	154	162	36	36	12
180	154	162	36	36	13
181	162	161	38	36	13
182	162	161	38	36	13
183	162	161	38	36	12
184	162	161	38	36	12
185	162	173	38	39	12
186	162	173	38	39	12
187	162	175	38	39	12
188	162	174	38	39	12
189	162	174	38	39	12
190	162	174	38	39	13
191	162	174	38	39	12
192	162	174	38	39	11
193	162	174	38	39	11
194	162	186	38	42	11
195	170	186	40	42	11
196	170	186	40	42	11
197	170	186	40	42	10
198	170	198	40	45	10
199	170	198	40	45	10
200	170	200	40	45	10
201	170	199	40	45	10
202	170	199	40	45	11
203	170	198	40	45	10
204	170	198	40	45	10
205	170	206	40	47	11
206	170	206	40	47	11
207	170	206	40	47	11
208	170	206	40	47	11
209	178	206	42	47	11
210	178	206	42	47	12
211	178	206	42	47	12
212	178	206	42	47	10
213	178	206	42	47	10
214	178	218	42	50	10
215	178	218	42	50	10
216	178	218	42	50	10
217	178	218	42	50	9
218	178	230	42	53	9
219	178	230	42	53	9
220	178	230	42	53	9
221	178	232	42	53	9
222	178	231	42	53	9
223	178	231	42	53	10
224	178	230	42	53	9
225	178	230	42	53	8
226	178	230	42	53	9
227	178	242	42	56	9
228	186	242	44	56	9
229	186	242	44	56	9
230	186	242	44	56	9
231	186	242	44	56	9
232	186	242	44	56	9
233	186	244	44	56	8
234	186	243	44	56	8
235	186	243	44	56	7
236	186	243	44	56	8
237	186	255	44	59	8
238	186	255	44	59	8
239	186	255	44	59	9
240	186	255	44	59	9
241	194	255	46	59	9
242	194	255	46	59	8
243	194	255	46	59	8
244	194	255	46	59	8
245	194	255	46	59	8
246	194	255	46	59	8
247	194	257	46	59	8
248	198	256	47	59	8
249	198	256	47	59	8
250	198	255	47	59	8
251	198	255	47	59	8
252	198	263	47	61	9
253	198	263	47	61	9
254	198	263	47	61	9
255	206	263	49	61	9
256	206	263	49	61	9
257	206	263	49	61	8
258	206	263	49	61	8
259	206	265	49	61	8
260	206	264	49	61	8
261	206	264	49	61	8
262	206	276	49	64	9
263	206	276	49	64	9
264	206	276	49	64	8
265	206	284	49	66	8
266	206	284	49	66	8
267	206	284	49	66	8
268	206	284	49	66	8
269	206	284	49	66	8
270	214	284	51	66	7
271	214	286	51	66	7
272	214	285	51	66	7
273	214	285	51	66	8
274	214	284	51	66	8
275	214	284	51	66	8
276	214	296	51	69	8
277	214	296	51	69	9
278	214	296	51	69	9
279	218	296	52	69	8
280	218	296	52	69	8
281	218	304	52	71	8
282	218	304	52	71	8
283	218	306	52	71	8
284	226	305	54	71	8
285	226	305	54	71	8
286	226	305	54	71	9
287	226	305	54	71	9
288	226	305	54	71	8
289	226	305	54	71	8
290	226	317	54	74	8
291	226	317	54	74	8
292	226	317	54	74	7
293	227	317	54	74	7
294	227	317	54	74	7
295	227	317	54	74	7
296	227	317	54	74	7
297	235	319	56	74	6
298	235	318	56	74	6
299	235	318	56	74	6
300	235	330	56	77	7
