# gameId 895358504  LOSS  scores [365.0, 422.0]
# mybuild 0:1.1.1.1,3:2.3.0.2  oppbuild 1:1.1.1.1,2:2.2.1.1,4:2.4.1.2,5:2.4.0.2  my_train t15  opp_train t3
# t  me  opp  mywood  oppwood  trees
1	26	26	0	0	18
2	26	25	0	0	18
3	26	13	0	0	18
4	26	12	0	0	19
5	26	11	0	0	19
6	26	11	0	0	20
7	26	10	0	0	20
8	26	11	0	0	20
9	26	10	0	0	21
10	26	9	0	0	21
11	26	9	0	0	22
12	26	9	0	0	22
13	26	8	0	0	23
14	26	8	0	0	23
15	9	7	0	0	24
16	9	7	0	0	24
17	9	7	0	0	26
18	9	7	0	0	26
19	8	5	0	0	26
20	8	5	0	0	27
21	7	5	0	0	28
22	7	6	0	0	28
23	7	6	0	0	28
24	7	7	0	0	29
25	6	7	0	0	29
26	6	8	0	0	28
27	6	8	0	0	29
28	18	8	3	0	29
29	18	8	3	0	29
30	18	9	3	0	29
31	18	9	3	0	29
32	18	11	3	0	29
33	18	11	3	0	29
34	17	12	3	0	29
35	17	12	3	0	29
36	17	12	3	0	29
37	17	14	3	0	29
38	17	15	3	0	29
39	29	15	6	0	29
40	29	15	6	0	29
41	29	17	6	0	29
42	29	18	6	0	29
43	29	18	6	0	28
44	29	20	6	0	28
45	41	20	9	0	28
46	41	21	9	0	28
47	41	23	9	0	28
48	41	23	9	0	28
49	41	23	9	0	28
50	41	24	9	0	28
51	41	24	9	0	28
52	41	24	9	0	28
53	41	26	9	0	29
54	41	27	9	0	29
55	41	27	9	0	28
56	41	27	9	0	28
57	53	27	12	0	28
58	53	27	12	0	28
59	53	29	12	0	28
60	53	29	12	0	28
61	53	30	12	0	28
62	53	30	12	0	27
63	53	30	12	0	27
64	65	32	15	0	27
65	65	32	15	0	28
66	65	32	15	0	28
67	65	33	15	0	28
68	65	33	15	0	28
69	65	33	15	0	28
70	77	33	18	0	28
71	77	33	18	0	28
72	77	33	18	0	28
73	77	33	18	0	28
74	77	33	18	0	29
75	77	33	18	0	28
76	77	33	18	0	28
77	89	33	21	0	28
78	89	33	21	0	28
79	89	33	21	0	29
80	89	6	21	0	29
81	89	6	21	0	29
82	89	8	21	0	28
83	89	8	21	0	28
84	101	8	24	0	28
85	101	10	24	0	28
86	101	10	24	0	28
87	101	11	24	0	29
88	101	11	24	0	29
89	101	11	24	0	29
90	101	12	24	0	29
91	101	12	24	0	28
92	101	14	24	0	28
93	113	14	27	0	28
94	113	15	27	0	28
95	113	15	27	0	29
96	113	15	27	0	29
97	113	15	27	0	29
98	113	18	27	0	28
99	113	18	27	0	28
100	125	19	30	0	28
101	125	21	30	0	28
102	125	22	30	0	29
103	125	22	30	0	29
104	125	22	30	0	29
105	125	22	30	0	28
106	125	24	30	0	28
107	137	24	33	0	29
108	137	25	33	0	29
109	137	25	33	0	29
110	137	25	33	0	29
111	137	27	33	0	29
112	137	28	33	0	29
113	137	28	33	0	29
114	149	28	36	0	29
115	149	28	36	0	29
116	149	30	36	0	29
117	149	30	36	0	29
118	149	31	36	0	29
119	149	31	36	0	29
120	149	31	36	0	28
121	149	33	36	0	28
122	161	34	39	0	28
123	161	34	39	0	29
124	161	34	39	0	29
125	161	34	39	0	29
126	161	34	39	0	29
127	161	34	39	0	28
128	161	34	39	0	28
129	173	34	42	0	28
130	173	34	42	0	28
131	173	34	42	0	28
132	173	34	42	0	29
133	173	34	42	0	29
134	173	34	42	0	28
135	173	34	42	0	28
136	185	34	45	0	28
137	185	34	45	0	28
138	185	34	45	0	29
139	185	5	45	0	29
140	185	5	45	0	28
141	185	5	45	0	28
142	185	5	45	0	29
143	185	5	45	0	28
144	185	5	45	0	28
145	185	5	45	0	28
146	185	21	45	4	28
147	185	21	45	4	29
148	185	21	45	4	28
149	185	21	45	4	28
150	197	21	48	4	28
151	197	21	48	4	27
152	197	26	48	5	26
153	197	42	48	9	26
154	197	42	48	9	27
155	197	46	48	10	26
156	197	46	48	10	27
157	209	46	51	10	26
158	209	46	51	10	25
159	209	62	51	14	26
160	209	62	51	14	27
161	209	62	51	14	27
162	209	62	51	14	28
163	209	62	51	14	26
164	209	62	51	14	26
165	221	62	54	14	27
166	221	70	54	16	27
167	221	70	54	16	27
168	221	70	54	16	26
169	221	70	54	16	26
170	233	74	57	17	24
171	233	98	57	23	24
172	233	98	57	23	24
173	233	98	57	23	24
174	233	98	57	23	25
175	233	98	57	23	23
176	245	114	60	27	22
177	245	118	60	28	22
178	245	118	60	28	21
179	245	134	60	32	22
180	245	142	60	34	20
181	245	142	60	34	20
182	257	158	63	38	20
183	257	158	63	38	20
184	257	158	63	38	20
185	257	158	63	38	19
186	257	158	63	38	18
187	257	158	63	38	19
188	257	158	63	38	18
189	257	158	63	38	18
190	257	166	63	40	17
191	257	166	63	40	17
192	269	170	66	41	18
193	269	170	66	41	18
194	269	186	66	45	17
195	269	186	66	45	17
196	269	186	66	45	17
197	269	186	66	45	18
198	269	186	66	45	19
199	269	186	66	45	19
200	269	186	66	45	19
201	269	186	66	45	17
202	269	186	66	45	18
203	269	202	66	49	18
204	269	202	66	49	17
205	269	202	66	49	17
206	281	206	69	50	17
207	281	206	69	50	17
208	281	206	69	50	18
209	281	206	69	50	16
210	281	206	69	50	15
211	281	210	69	51	15
212	281	226	69	55	14
213	281	242	69	59	14
214	281	242	69	59	14
215	293	242	72	59	14
216	293	242	72	59	15
217	293	242	72	59	14
218	293	246	72	60	13
219	293	246	72	60	14
220	293	246	72	60	14
221	293	262	72	64	14
222	293	262	72	64	14
223	293	266	72	65	14
224	293	266	72	65	14
225	293	266	72	65	14
226	293	266	72	65	13
227	305	266	75	65	13
228	305	266	75	65	13
229	305	266	75	65	12
230	305	282	75	69	12
231	305	282	75	69	12
232	305	282	75	69	12
233	305	282	75	69	11
234	305	282	75	69	10
235	317	286	78	70	10
236	317	286	78	70	10
237	317	286	78	70	10
238	317	286	78	70	10
239	317	302	78	74	10
240	317	302	78	74	11
241	317	302	78	74	11
242	317	302	78	74	11
243	317	302	78	74	10
244	317	302	78	74	10
245	317	302	78	74	11
246	317	302	78	74	11
247	317	302	78	74	11
248	317	302	78	74	11
249	329	302	81	74	10
250	329	306	81	75	10
251	329	306	81	75	10
252	329	322	81	79	9
253	329	322	81	79	9
254	329	338	81	83	10
255	329	338	81	83	10
256	329	338	81	83	9
257	329	342	81	84	9
258	341	342	84	84	9
259	341	342	84	84	9
260	341	342	84	84	9
261	341	342	84	84	9
262	341	342	84	84	9
263	341	342	84	84	9
264	341	342	84	84	9
265	341	342	84	84	9
266	341	342	84	84	8
267	341	358	84	88	7
268	341	358	84	88	7
269	341	362	84	89	7
270	341	362	84	89	7
271	341	378	84	93	6
272	341	378	84	93	6
273	341	378	84	93	7
274	341	378	84	93	7
275	341	378	84	93	7
276	341	378	84	93	7
277	341	378	84	93	7
278	353	378	87	93	7
279	353	378	87	93	8
280	353	394	87	97	7
281	353	394	87	97	6
282	353	394	87	97	6
283	353	394	87	97	6
284	353	394	87	97	5
285	353	394	87	97	4
286	353	398	87	98	4
287	357	398	88	98	4
288	357	406	88	100	4
289	357	405	88	100	4
290	357	421	88	104	5
291	357	420	88	104	5
292	357	420	88	104	5
293	357	420	88	104	6
294	357	419	88	104	6
295	357	419	88	104	6
296	357	419	88	104	7
297	357	419	88	104	7
298	357	419	88	104	4
299	357	423	88	105	4
300	365	423	90	105	4
