# gameId 895374740  LOSS  scores [30.0, 527.0]
# mybuild 0:1.1.1.1,2:1.1.1.0,4:1.1.1.0  oppbuild 1:1.1.1.1,3:2.2.1.1,5:2.4.1.2,6:2.4.0.2  my_train t11  opp_train t43
# t  me  opp  mywood  oppwood  trees
1	18	18	0	0	14
2	18	17	0	0	14
3	18	17	0	0	14
4	18	17	0	0	15
5	18	16	0	0	15
6	18	16	0	0	15
7	18	16	0	0	15
8	19	16	0	0	16
9	19	15	0	0	16
10	19	15	0	0	16
11	13	15	0	0	16
12	13	15	0	0	17
13	13	15	0	0	17
14	14	15	0	0	17
15	14	15	0	0	17
16	14	15	0	0	17
17	14	15	0	0	17
18	14	15	0	0	17
19	14	15	0	0	18
20	15	15	0	0	18
21	15	15	0	0	18
22	15	15	0	0	18
23	15	15	0	0	18
24	15	15	0	0	18
25	15	15	0	0	18
26	15	15	0	0	19
27	15	15	0	0	19
28	16	15	0	0	19
29	16	15	0	0	19
30	16	15	0	0	19
31	16	15	0	0	19
32	17	15	0	0	19
33	17	15	0	0	19
34	17	15	0	0	19
35	17	15	0	0	19
36	18	15	0	0	19
37	18	15	0	0	19
38	19	15	0	0	19
39	19	15	0	0	19
40	19	16	0	0	19
41	19	16	0	0	19
42	19	17	0	0	19
43	19	5	0	0	19
44	20	5	0	0	19
45	20	5	0	0	19
46	20	5	0	0	19
47	20	5	0	0	20
48	20	5	0	0	20
49	20	5	0	0	20
50	20	5	0	0	20
51	20	5	0	0	20
52	21	5	0	0	21
53	21	5	0	0	21
54	22	5	0	0	21
55	13	5	0	0	22
56	13	7	0	0	22
57	13	5	0	0	22
58	13	5	0	0	22
59	13	5	0	0	24
60	14	6	0	0	24
61	14	6	0	0	24
62	15	7	0	0	24
63	15	7	0	0	24
64	16	8	0	0	24
65	16	8	0	0	24
66	16	9	0	0	24
67	16	9	0	0	24
68	18	9	0	0	24
69	18	11	0	0	25
70	18	11	0	0	25
71	18	11	0	0	25
72	18	13	0	0	25
73	18	13	0	0	25
74	18	13	0	0	26
75	18	13	0	0	26
76	19	14	0	0	26
77	19	16	0	0	26
78	19	16	0	0	26
79	20	16	0	0	26
80	20	16	0	0	26
81	20	16	0	0	26
82	20	18	0	0	26
83	20	18	0	0	27
84	21	19	0	0	27
85	21	19	0	0	27
86	21	19	0	0	27
87	21	21	0	0	27
88	21	21	0	0	28
89	21	22	0	0	28
90	21	22	0	0	28
91	21	22	0	0	28
92	22	24	0	0	28
93	22	24	0	0	28
94	22	25	0	0	28
95	23	25	0	0	28
96	24	25	0	0	28
97	24	27	0	0	28
98	24	28	0	0	28
99	24	28	0	0	28
100	25	28	0	0	29
101	25	28	0	0	29
102	25	30	0	0	29
103	25	3	0	0	29
104	25	3	0	0	30
105	25	3	0	0	30
106	25	4	0	0	30
107	25	6	0	0	30
108	25	7	0	0	31
109	26	7	0	0	31
110	26	10	0	0	31
111	26	10	0	0	32
112	26	11	0	0	32
113	26	13	0	0	33
114	26	14	0	0	33
115	26	14	0	0	34
116	26	14	0	0	34
117	27	14	0	0	34
118	27	17	0	0	34
119	27	17	0	0	34
120	27	18	0	0	35
121	27	18	0	0	35
122	27	19	0	0	35
123	27	21	0	0	35
124	27	21	0	0	35
125	28	21	0	0	34
126	28	22	0	0	34
127	28	22	0	0	34
128	28	24	0	0	34
129	28	24	0	0	34
130	28	40	0	4	34
131	28	41	0	4	34
132	28	41	0	4	34
133	29	42	0	4	35
134	29	42	0	4	35
135	29	44	0	4	35
136	29	44	0	4	35
137	29	45	0	4	35
138	29	45	0	4	35
139	29	45	0	4	34
140	30	47	0	4	34
141	30	47	0	4	34
142	30	48	0	4	34
143	30	48	0	4	35
144	30	64	0	8	35
145	30	64	0	8	35
146	30	66	0	8	35
147	30	66	0	8	35
148	30	67	0	8	34
149	30	67	0	8	34
150	30	83	0	12	34
151	30	83	0	12	34
152	30	83	0	12	34
153	30	83	0	12	34
154	30	83	0	12	34
155	30	83	0	12	33
156	30	83	0	12	33
157	30	83	0	12	33
158	30	99	0	16	33
159	30	99	0	16	33
160	30	99	0	16	33
161	30	99	0	16	33
162	30	99	0	16	33
163	30	99	0	16	33
164	30	99	0	16	33
165	30	99	0	16	34
166	30	70	0	16	34
167	30	70	0	16	34
168	30	70	0	16	34
169	30	70	0	16	35
170	30	70	0	16	34
171	30	70	0	16	35
172	30	70	0	16	35
173	30	70	0	16	36
174	30	70	0	16	36
175	30	70	0	16	36
176	30	70	0	16	36
177	30	70	0	16	36
178	30	70	0	16	34
179	30	75	0	17	34
180	30	75	0	17	34
181	30	91	0	21	34
182	30	107	0	25	34
183	30	107	0	25	34
184	30	107	0	25	35
185	30	107	0	25	34
186	30	107	0	25	32
187	30	123	0	29	32
188	30	123	0	29	31
189	30	147	0	35	31
190	30	147	0	35	31
191	30	151	0	36	31
192	30	151	0	36	30
193	30	151	0	36	29
194	30	151	0	36	29
195	30	183	0	44	29
196	30	183	0	44	29
197	30	183	0	44	29
198	30	183	0	44	29
199	30	183	0	44	28
200	30	183	0	44	28
201	30	199	0	48	28
202	30	199	0	48	27
203	30	207	0	50	27
204	30	207	0	50	27
205	30	207	0	50	26
206	30	207	0	50	26
207	30	223	0	54	26
208	30	223	0	54	26
209	30	223	0	54	26
210	30	223	0	54	26
211	30	223	0	54	26
212	30	223	0	54	25
213	30	223	0	54	25
214	30	223	0	54	24
215	30	223	0	54	24
216	30	239	0	58	25
217	30	239	0	58	25
218	30	255	0	62	24
219	31	255	0	62	24
220	31	263	0	64	24
221	32	263	0	64	24
222	32	263	0	64	23
223	32	263	0	64	23
224	32	263	0	64	24
225	32	263	0	64	23
226	32	263	0	64	23
227	33	279	0	68	22
228	33	279	0	68	22
229	33	295	0	72	22
230	33	295	0	72	22
231	33	295	0	72	23
232	33	295	0	72	23
233	33	295	0	72	22
234	33	299	0	73	22
235	32	299	0	73	22
236	32	299	0	73	22
237	32	315	0	77	21
238	32	315	0	77	21
239	32	323	0	79	21
240	32	323	0	79	21
241	32	323	0	79	21
242	32	339	0	83	22
243	32	339	0	83	21
244	31	339	0	83	21
245	31	339	0	83	20
246	31	339	0	83	20
247	31	339	0	83	22
248	30	355	0	87	21
249	30	355	0	87	21
250	30	359	0	88	22
251	29	359	0	88	22
252	29	367	0	90	21
253	29	367	0	90	21
254	28	367	0	90	21
255	28	383	0	94	20
256	28	383	0	94	20
257	28	383	0	94	21
258	28	383	0	94	21
259	28	399	0	98	21
260	28	399	0	98	20
261	28	399	0	98	20
262	28	399	0	98	20
263	28	399	0	98	20
264	28	407	0	100	19
265	28	407	0	100	19
266	28	407	0	100	17
267	28	407	0	100	19
268	28	407	0	100	19
269	28	423	0	104	19
270	28	423	0	104	19
271	28	439	0	108	19
272	28	439	0	108	19
273	28	439	0	108	19
274	28	443	0	109	19
275	28	443	0	109	18
276	28	443	0	109	19
277	28	451	0	111	21
278	28	451	0	111	21
279	28	467	0	115	20
280	28	467	0	115	20
281	28	467	0	115	20
282	28	483	0	119	20
283	28	483	0	119	20
284	28	483	0	119	20
285	28	483	0	119	20
286	28	483	0	119	19
287	28	483	0	119	18
288	28	483	0	119	17
289	28	483	0	119	18
290	28	483	0	119	19
291	28	483	0	119	18
292	28	499	0	123	18
293	28	499	0	123	18
294	28	507	0	125	18
295	28	507	0	125	18
296	28	523	0	129	19
297	28	523	0	129	19
298	28	527	0	130	18
299	28	527	0	130	18
300	28	527	0	130	18
