# gameId 895323150  LOSS  scores [362.0, 436.0]
# mybuild 0:1.1.1.1,3:2.2.0.2  oppbuild 1:1.1.1.1,2:2.2.1.1,4:2.4.1.2,5:2.4.0.2  my_train t52  opp_train t47
# t  me  opp  mywood  oppwood  trees
1	21	21	0	0	12
2	21	20	0	0	12
3	20	20	0	0	12
4	20	20	0	0	14
5	19	19	0	0	14
6	19	19	0	0	14
7	19	19	0	0	15
8	19	19	0	0	16
9	18	18	0	0	16
10	18	18	0	0	16
11	18	18	0	0	17
12	18	18	0	0	17
13	17	18	0	0	17
14	17	18	0	0	18
15	17	18	0	0	19
16	17	18	0	0	19
17	16	18	0	0	19
18	16	18	0	0	19
19	16	18	0	0	19
20	16	18	0	0	20
21	16	18	0	0	20
22	16	18	0	0	20
23	16	18	0	0	20
24	16	18	0	0	20
25	16	18	0	0	20
26	16	18	0	0	20
27	16	18	0	0	20
28	16	18	0	0	20
29	16	18	0	0	20
30	16	18	0	0	20
31	16	18	0	0	20
32	16	18	0	0	20
33	16	18	0	0	20
34	16	18	0	0	20
35	16	18	0	0	20
36	16	18	0	0	20
37	16	18	0	0	20
38	16	19	0	0	20
39	16	19	0	0	20
40	16	19	0	0	20
41	16	19	0	0	20
42	16	19	0	0	20
43	16	19	0	0	20
44	16	19	0	0	20
45	16	19	0	0	20
46	16	20	0	0	20
47	16	8	0	0	20
48	16	8	0	0	20
49	16	8	0	0	20
50	16	8	0	0	20
51	17	8	0	0	20
52	6	8	0	0	20
53	6	8	0	0	20
54	6	8	0	0	21
55	6	7	0	0	21
56	6	8	0	0	21
57	6	8	0	0	21
58	14	8	2	0	21
59	14	8	2	0	21
60	14	8	2	0	23
61	14	8	2	0	23
62	14	8	2	0	22
63	14	8	2	0	22
64	22	8	4	0	23
65	22	8	4	0	24
66	22	7	4	0	24
67	22	7	4	0	24
68	22	7	4	0	23
69	30	7	6	0	23
70	30	7	6	0	25
71	30	8	6	0	25
72	30	7	6	0	24
73	30	7	6	0	24
74	38	6	8	0	24
75	38	6	8	0	24
76	38	6	8	0	25
77	38	6	8	0	25
78	46	6	10	0	25
79	46	8	10	0	25
80	46	8	10	0	25
81	46	8	10	0	25
82	46	10	10	0	25
83	54	10	12	0	25
84	54	10	12	0	25
85	54	10	12	0	25
86	54	12	12	0	26
87	54	12	12	0	25
88	54	12	12	0	25
89	62	14	14	0	25
90	62	14	14	0	26
91	62	14	14	0	26
92	62	14	14	0	25
93	62	16	14	0	25
94	70	16	16	0	25
95	70	17	16	0	26
96	70	17	16	0	26
97	70	17	16	0	25
98	78	17	18	0	25
99	78	18	18	0	26
100	78	18	18	0	26
101	78	20	18	0	25
102	86	20	20	0	25
103	86	21	20	0	25
104	86	21	20	0	26
105	86	21	20	0	26
106	86	21	20	0	25
107	86	24	20	0	25
108	94	24	22	0	25
109	94	24	22	0	25
110	94	24	22	0	25
111	94	25	22	0	26
112	94	25	22	0	25
113	94	25	22	0	25
114	102	27	24	0	25
115	102	28	24	0	25
116	102	28	24	0	26
117	102	28	24	0	26
118	102	28	24	0	25
119	110	29	26	0	25
120	110	29	26	0	25
121	110	31	26	0	25
122	110	4	26	0	26
123	110	4	26	0	25
124	118	5	28	0	25
125	118	7	28	0	25
126	118	7	28	0	25
127	118	7	28	0	25
128	118	9	28	0	25
129	126	9	30	0	26
130	126	10	30	0	26
131	126	10	30	0	27
132	126	10	30	0	27
133	126	10	30	0	28
134	126	12	30	0	28
135	134	12	32	0	28
136	134	12	32	0	28
137	134	12	32	0	28
138	134	13	32	0	28
139	142	15	34	0	28
140	142	15	34	0	29
141	142	15	34	0	29
142	142	16	34	0	29
143	142	16	34	0	28
144	150	17	36	0	29
145	150	19	36	0	29
146	150	19	36	0	29
147	150	19	36	0	28
148	150	20	36	0	29
149	158	20	38	0	30
150	158	20	38	0	31
151	158	22	38	0	31
152	158	23	38	0	32
153	158	23	38	0	32
154	158	26	38	0	31
155	158	26	38	0	32
156	166	26	40	0	32
157	166	26	40	0	32
158	166	27	40	0	32
159	166	27	40	0	31
160	174	28	42	0	33
161	174	28	42	0	33
162	174	29	42	0	33
163	174	31	42	0	33
164	174	31	42	0	33
165	174	31	42	0	33
166	182	31	44	0	34
167	182	31	44	0	34
168	182	32	44	0	34
169	182	32	44	0	34
170	182	34	44	0	34
171	190	34	46	0	34
172	190	35	46	0	34
173	190	35	46	0	35
174	190	35	46	0	35
175	190	6	46	0	36
176	190	7	46	0	36
177	198	7	48	0	37
178	198	7	48	0	37
179	198	7	48	0	37
180	198	7	48	0	37
181	198	23	48	4	38
182	198	23	48	4	37
183	198	23	48	4	36
184	206	23	50	4	36
185	206	23	50	4	36
186	206	23	50	4	37
187	206	23	50	4	35
188	214	39	52	8	34
189	214	43	52	9	34
190	214	43	52	9	34
191	214	43	52	9	34
192	214	43	52	9	33
193	214	43	52	9	33
194	214	75	52	17	33
195	214	75	52	17	32
196	222	80	54	18	33
197	222	80	54	18	33
198	222	80	54	18	31
199	222	80	54	18	30
200	222	112	54	26	29
201	230	112	56	26	30
202	230	116	56	27	30
203	230	116	56	27	29
204	230	116	56	27	27
205	230	124	56	29	26
206	230	156	56	37	26
207	238	156	58	37	26
208	238	156	58	37	26
209	238	156	58	37	27
210	238	156	58	37	26
211	238	156	58	37	25
212	246	172	60	41	23
213	246	188	60	45	23
214	246	196	60	47	24
215	246	196	60	47	24
216	246	196	60	47	23
217	246	196	60	47	21
218	254	196	62	47	21
219	254	212	62	51	23
220	254	212	62	51	23
221	254	228	62	55	24
222	254	228	62	55	23
223	254	228	62	55	22
224	262	228	64	55	21
225	262	232	64	56	21
226	262	232	64	56	22
227	262	248	64	60	23
228	262	248	64	60	22
229	270	248	66	60	23
230	270	248	66	60	24
231	270	248	66	60	22
232	270	252	66	61	22
233	270	268	66	65	21
234	270	268	66	65	20
235	278	268	68	65	21
236	278	284	68	69	21
237	278	284	68	69	21
238	278	284	68	69	21
239	278	284	68	69	20
240	278	284	68	69	18
241	278	292	68	71	19
242	278	292	68	71	19
243	278	308	68	75	19
244	286	308	70	75	19
245	286	308	70	75	18
246	286	308	70	75	19
247	286	308	70	75	19
248	286	324	70	79	19
249	286	324	70	79	18
250	294	324	72	79	17
251	294	328	72	80	17
252	294	328	72	80	17
253	294	328	72	80	17
254	294	328	72	80	16
255	294	344	72	84	15
256	302	360	74	88	15
257	302	360	74	88	14
258	302	360	74	88	14
259	302	360	74	88	14
260	302	360	74	88	15
261	302	360	74	88	14
262	302	360	74	88	14
263	310	360	76	88	14
264	310	360	76	88	14
265	310	368	76	90	15
266	310	368	76	90	14
267	310	368	76	90	12
268	310	368	76	90	12
269	318	368	78	90	12
270	318	384	78	94	12
271	318	400	78	98	13
272	318	400	78	98	12
273	326	400	80	98	12
274	326	400	80	98	12
275	326	400	80	98	12
276	326	400	80	98	12
277	326	400	80	98	12
278	334	400	82	98	13
279	334	400	82	98	13
280	334	400	82	98	13
281	334	400	82	98	12
282	334	400	82	98	12
283	334	400	82	98	12
284	342	400	84	98	11
285	342	400	84	98	11
286	342	400	84	98	10
287	350	416	86	102	10
288	350	416	86	102	10
289	350	416	86	102	11
290	350	416	86	102	10
291	350	416	86	102	9
292	358	416	88	102	9
293	358	416	88	102	9
294	358	420	88	103	8
295	358	420	88	103	8
296	362	420	89	103	8
297	362	420	89	103	8
298	362	420	89	103	7
299	362	436	89	107	7
300	362	436	89	107	7
