# gameId 895228679  LOSS  scores [183.0, 275.0]
# mybuild 0:1.1.1.1,3:2.2.0.2  oppbuild 1:1.1.1.1,2:2.2.0.2  my_train t3  opp_train t2
# t  me  opp  mywood  oppwood  trees
1	27	27	0	0	18
2	27	16	0	0	18
3	15	15	0	0	18
4	15	15	0	0	20
5	14	14	0	0	20
6	14	14	0	0	20
7	14	14	0	0	22
8	14	14	0	0	22
9	13	13	0	0	21
10	13	13	0	0	21
11	13	13	0	0	23
12	13	13	0	0	23
13	20	12	2	0	23
14	20	12	2	0	23
15	20	12	2	0	24
16	20	12	2	0	24
17	19	12	2	0	23
18	19	12	2	0	23
19	19	11	2	0	24
20	27	11	4	0	24
21	27	11	4	0	24
22	27	11	4	0	25
23	27	11	4	0	23
24	27	11	4	0	23
25	35	10	6	0	23
26	35	10	6	0	23
27	35	10	6	0	22
28	35	10	6	0	22
29	35	10	6	0	23
30	35	10	6	0	22
31	35	10	6	0	22
32	35	10	6	0	22
33	35	10	6	0	22
34	35	10	6	0	21
35	35	10	6	0	21
36	35	10	6	0	21
37	35	10	6	0	21
38	43	10	8	0	21
39	43	10	8	0	22
40	43	10	8	0	23
41	43	18	8	2	23
42	43	18	8	2	23
43	43	18	8	2	23
44	43	19	8	2	23
45	43	19	8	2	24
46	43	20	8	2	24
47	43	20	8	2	24
48	43	21	8	2	23
49	43	21	8	2	23
50	43	22	8	2	23
51	43	22	8	2	23
52	51	23	10	2	24
53	51	23	10	2	23
54	51	24	10	2	23
55	51	24	10	2	23
56	51	24	10	2	22
57	51	24	10	2	22
58	51	25	10	2	22
59	51	25	10	2	23
60	51	26	10	2	23
61	51	26	10	2	22
62	51	26	10	2	21
63	51	26	10	2	21
64	51	27	10	2	21
65	59	27	12	2	22
66	59	28	12	2	22
67	59	28	12	2	22
68	59	28	12	2	22
69	59	28	12	2	22
70	59	29	12	2	22
71	59	29	12	2	22
72	59	30	12	2	23
73	59	30	12	2	22
74	59	30	12	2	21
75	59	30	12	2	21
76	59	31	12	2	20
77	67	31	14	2	20
78	67	32	14	2	20
79	67	32	14	2	20
80	67	32	14	2	20
81	67	32	14	2	20
82	67	33	14	2	19
83	67	33	14	2	19
84	67	34	14	2	19
85	67	34	14	2	19
86	67	34	14	2	19
87	67	34	14	2	19
88	67	35	14	2	18
89	67	35	14	2	18
90	67	44	14	4	18
91	67	44	14	4	18
92	67	44	14	4	18
93	67	44	14	4	18
94	75	45	16	4	18
95	75	45	16	4	18
96	75	46	16	4	18
97	75	46	16	4	18
98	75	46	16	4	18
99	75	46	16	4	17
100	75	47	16	4	17
101	75	47	16	4	18
102	75	48	16	4	18
103	75	56	16	6	18
104	75	56	16	6	18
105	75	56	16	6	18
106	75	57	16	6	18
107	75	57	16	6	18
108	75	58	16	6	17
109	75	58	16	6	17
110	75	58	16	6	16
111	75	58	16	6	16
112	83	59	18	6	16
113	83	59	18	6	16
114	83	60	18	6	16
115	83	60	18	6	16
116	83	68	18	8	16
117	83	68	18	8	16
118	83	69	18	8	16
119	83	69	18	8	15
120	83	69	18	8	15
121	83	77	18	10	16
122	83	77	18	10	16
123	83	77	18	10	17
124	83	77	18	10	17
125	83	77	18	10	17
126	91	78	20	10	17
127	91	78	20	10	17
128	91	79	20	10	16
129	91	79	20	10	16
130	91	79	20	10	16
131	91	79	20	10	16
132	91	80	20	10	16
133	91	80	20	10	16
134	91	81	20	10	16
135	91	81	20	10	16
136	91	81	20	10	16
137	91	81	20	10	15
138	91	81	20	10	16
139	91	81	20	10	16
140	91	81	20	10	16
141	91	81	20	10	16
142	91	82	20	10	15
143	91	82	20	10	15
144	91	82	20	10	15
145	99	82	22	10	15
146	99	91	22	12	15
147	99	91	22	12	15
148	99	91	22	12	15
149	99	91	22	12	16
150	99	92	22	12	16
151	99	92	22	12	16
152	99	92	22	12	16
153	99	92	22	12	16
154	99	93	22	12	15
155	99	93	22	12	14
156	99	93	22	12	14
157	99	101	22	14	14
158	99	101	22	14	14
159	99	101	22	14	14
160	99	101	22	14	15
161	99	101	22	14	15
162	99	101	22	14	15
163	107	101	24	14	15
164	107	102	24	14	15
165	107	102	24	14	14
166	107	103	24	14	14
167	115	103	26	14	14
168	115	103	26	14	14
169	115	103	26	14	14
170	115	104	26	14	14
171	115	112	26	16	14
172	115	113	26	16	14
173	115	113	26	16	14
174	115	113	26	16	15
175	115	113	26	16	14
176	115	113	26	16	14
177	115	121	26	18	14
178	115	121	26	18	15
179	115	121	26	18	15
180	115	121	26	18	15
181	115	122	26	18	15
182	115	122	26	18	15
183	123	123	28	18	15
184	123	123	28	18	14
185	123	123	28	18	14
186	123	123	28	18	14
187	123	124	28	18	14
188	123	124	28	18	14
189	123	125	28	18	14
190	123	133	28	20	14
191	123	133	28	20	14
192	123	133	28	20	14
193	123	134	28	20	13
194	123	134	28	20	13
195	123	142	28	22	13
196	123	142	28	22	14
197	123	142	28	22	14
198	123	142	28	22	14
199	123	142	28	22	13
200	123	142	28	22	13
201	131	150	30	24	13
202	131	150	30	24	14
203	131	150	30	24	15
204	131	150	30	24	14
205	131	158	30	26	14
206	131	158	30	26	14
207	131	158	30	26	13
208	131	158	30	26	14
209	131	158	30	26	14
210	131	158	30	26	14
211	131	158	30	26	14
212	131	159	30	26	14
213	131	159	30	26	14
214	131	159	30	26	13
215	131	159	30	26	12
216	131	159	30	26	12
217	131	159	30	26	12
218	131	167	30	28	13
219	131	167	30	28	13
220	131	167	30	28	13
221	131	167	30	28	13
222	131	168	30	28	12
223	139	167	32	28	12
224	139	175	32	30	12
225	139	175	32	30	13
226	139	175	32	30	13
227	139	175	32	30	12
228	139	175	32	30	12
229	139	183	32	32	12
230	139	183	32	32	13
231	139	183	32	32	13
232	139	183	32	32	11
233	139	191	32	34	11
234	139	191	32	34	11
235	139	191	32	34	12
236	139	190	32	34	12
237	139	190	32	34	11
238	139	190	32	34	12
239	139	198	32	36	12
240	147	197	34	36	12
241	147	197	34	36	13
242	147	196	34	36	13
243	147	196	34	36	12
244	147	196	34	36	11
245	147	204	34	38	12
246	155	204	36	38	12
247	155	204	36	38	12
248	155	203	36	38	11
249	155	203	36	38	11
250	155	211	36	40	12
251	155	211	36	40	12
252	155	210	36	40	11
253	155	218	36	42	11
254	155	218	36	42	12
255	155	218	36	42	11
256	155	217	36	42	11
257	155	217	36	42	11
258	155	217	36	42	11
259	155	217	36	42	10
260	155	216	36	42	10
261	155	216	36	42	12
262	155	223	36	44	12
263	155	223	36	44	12
264	155	223	36	44	12
265	155	223	36	44	12
266	155	231	36	46	12
267	163	231	38	46	12
268	163	231	38	46	12
269	163	230	38	46	12
270	163	230	38	46	11
271	163	237	38	48	11
272	171	237	40	48	11
273	171	237	40	48	12
274	171	237	40	48	12
275	171	237	40	48	11
276	171	237	40	48	11
277	171	245	40	50	11
278	171	245	40	50	11
279	171	245	40	50	11
280	171	245	40	50	11
281	171	245	40	50	9
282	171	245	40	50	9
283	171	253	40	52	9
284	171	253	40	52	9
285	171	253	40	52	9
286	171	253	40	52	10
287	171	252	40	52	9
288	171	252	40	52	9
289	179	260	42	54	9
290	179	260	42	54	11
291	179	260	42	54	11
292	179	260	42	54	11
293	179	260	42	54	10
294	179	260	42	54	10
295	179	268	42	56	9
296	179	268	42	56	9
297	179	268	42	56	9
298	179	267	42	56	9
299	179	267	42	56	8
300	179	267	42	56	9
