# gameId 895230563  LOSS  scores [231.0, 296.0]
# mybuild 0:1.1.1.1,2:2.2.0.2  oppbuild 1:1.1.1.1,3:2.2.1.1,4:2.2.1.1,5:2.4.0.3  my_train t41  opp_train t83
# t  me  opp  mywood  oppwood  trees
1	22	22	0	0	20
2	22	21	0	0	20
3	21	21	0	0	20
4	21	21	0	0	21
5	21	20	0	0	22
6	21	20	0	0	22
7	21	20	0	0	22
8	21	20	0	0	22
9	21	20	0	0	22
10	21	20	0	0	22
11	21	20	0	0	23
12	21	20	0	0	23
13	21	19	0	0	23
14	21	19	0	0	23
15	21	19	0	0	24
16	21	19	0	0	24
17	21	18	0	0	24
18	21	18	0	0	24
19	21	18	0	0	24
20	21	18	0	0	24
21	21	18	0	0	25
22	21	18	0	0	25
23	21	17	0	0	25
24	21	17	0	0	25
25	21	17	0	0	25
26	21	17	0	0	25
27	21	17	0	0	25
28	21	17	0	0	26
29	21	16	0	0	26
30	22	16	0	0	26
31	22	16	0	0	26
32	22	16	0	0	27
33	22	15	0	0	27
34	22	15	0	0	27
35	22	15	0	0	27
36	22	15	0	0	28
37	22	15	0	0	28
38	22	15	0	0	28
39	22	15	0	0	28
40	23	15	0	0	28
41	11	15	0	0	28
42	11	15	0	0	28
43	11	15	0	0	29
44	11	15	0	0	29
45	10	15	0	0	29
46	10	15	0	0	30
47	9	15	0	0	30
48	9	15	0	0	29
49	9	15	0	0	30
50	17	15	2	0	31
51	16	15	2	0	31
52	16	15	2	0	31
53	16	15	2	0	31
54	16	15	2	0	32
55	16	15	2	0	31
56	24	15	4	0	31
57	24	15	4	0	31
58	23	15	4	0	31
59	23	15	4	0	31
60	22	15	4	0	31
61	22	15	4	0	31
62	22	15	4	0	32
63	30	15	6	0	32
64	30	15	6	0	33
65	30	15	6	0	33
66	30	15	6	0	32
67	30	15	6	0	32
68	38	16	8	0	32
69	38	16	8	0	33
70	38	16	8	0	32
71	46	16	10	0	32
72	46	17	10	0	32
73	46	17	10	0	32
74	46	18	10	0	31
75	46	18	10	0	32
76	54	18	12	0	32
77	54	18	12	0	32
78	54	19	12	0	32
79	54	19	12	0	31
80	62	19	14	0	31
81	63	19	14	0	31
82	63	20	14	0	31
83	63	7	14	0	31
84	63	8	14	0	31
85	63	8	14	0	31
86	63	8	14	0	31
87	64	8	14	0	31
88	64	8	14	0	30
89	64	8	14	0	30
90	72	8	16	0	30
91	72	12	16	1	31
92	72	12	16	1	31
93	72	12	16	1	31
94	72	12	16	1	30
95	80	12	18	1	30
96	80	12	18	1	31
97	81	12	18	1	31
98	81	12	18	1	31
99	81	12	18	1	31
100	81	12	18	1	31
101	81	12	18	1	31
102	81	12	18	1	30
103	82	15	18	1	30
104	90	15	20	1	30
105	90	16	20	1	30
106	90	18	20	1	30
107	90	18	20	1	30
108	90	18	20	1	30
109	91	19	20	1	30
110	91	19	20	1	30
111	91	21	20	1	30
112	91	21	20	1	29
113	91	22	20	1	29
114	91	22	20	1	29
115	92	23	20	1	29
116	92	23	20	1	29
117	100	24	22	1	29
118	100	26	22	1	29
119	100	26	22	1	29
120	100	26	22	1	29
121	101	27	22	1	29
122	101	27	22	1	29
123	101	29	22	1	29
124	101	29	22	1	29
125	101	29	22	1	28
126	101	29	22	1	28
127	110	29	24	1	28
128	110	31	24	1	28
129	110	16	24	1	28
130	110	16	24	1	28
131	110	16	24	1	28
132	110	16	24	1	28
133	111	17	24	1	28
134	111	17	24	1	28
135	111	17	24	1	27
136	111	17	24	1	27
137	111	17	24	1	27
138	119	17	26	1	27
139	119	18	26	1	27
140	120	18	26	1	27
141	120	18	26	1	27
142	120	18	26	1	27
143	120	18	26	1	27
144	120	18	26	1	27
145	120	18	26	1	27
146	121	18	26	1	27
147	121	18	26	1	26
148	121	18	26	1	26
149	121	18	26	1	26
150	129	18	28	1	26
151	129	18	28	1	26
152	130	18	28	1	26
153	130	18	28	1	26
154	130	18	28	1	26
155	130	18	28	1	26
156	130	18	28	1	26
157	130	20	28	1	26
158	131	20	28	1	26
159	131	20	28	1	26
160	131	20	28	1	26
161	131	20	28	1	26
162	131	20	28	1	26
163	131	20	28	1	25
164	132	22	28	1	25
165	132	22	28	1	25
166	140	22	30	1	25
167	140	22	30	1	25
168	140	22	30	1	25
169	140	22	30	1	25
170	141	22	30	1	25
171	141	24	30	1	25
172	141	24	30	1	25
173	141	24	30	1	25
174	141	24	30	1	25
175	141	25	30	1	25
176	142	25	30	1	25
177	142	25	30	1	24
178	142	25	30	1	24
179	142	26	30	1	24
180	142	26	30	1	24
181	142	27	30	1	24
182	143	29	30	1	24
183	143	30	30	1	24
184	151	30	32	1	24
185	151	32	32	1	24
186	151	32	32	1	24
187	151	35	32	1	24
188	152	35	32	1	24
189	152	35	32	1	24
190	152	37	32	1	24
191	152	38	32	1	24
192	152	38	32	1	24
193	152	39	32	1	24
194	152	39	32	1	24
195	152	39	32	1	24
196	152	39	32	1	23
197	152	41	32	1	23
198	160	12	34	1	23
199	160	12	34	1	23
200	160	20	34	3	23
201	160	20	34	3	23
202	160	20	34	3	23
203	160	21	34	3	23
204	160	37	34	7	23
205	160	37	34	7	23
206	160	37	34	7	23
207	160	37	34	7	23
208	160	37	34	7	23
209	160	37	34	7	23
210	160	42	34	8	22
211	160	58	34	12	21
212	160	58	34	12	21
213	160	58	34	12	21
214	160	58	34	12	21
215	168	58	36	12	22
216	168	58	36	12	20
217	168	82	36	18	20
218	168	82	36	18	19
219	168	82	36	18	19
220	176	90	38	20	20
221	176	90	38	20	20
222	176	90	38	20	18
223	176	106	38	24	18
224	176	110	38	25	18
225	176	110	38	25	19
226	176	110	38	25	18
227	176	110	38	25	18
228	176	110	38	25	16
229	176	110	38	25	15
230	184	126	40	29	15
231	184	134	40	31	15
232	184	142	40	33	15
233	184	142	40	33	15
234	184	142	40	33	15
235	184	142	40	33	15
236	184	142	40	33	13
237	184	142	40	33	13
238	192	166	42	39	13
239	192	165	42	39	13
240	192	165	42	39	13
241	192	165	42	39	13
242	193	165	42	39	13
243	201	169	44	40	13
244	201	168	44	40	11
245	201	167	44	40	12
246	201	167	44	40	13
247	201	183	44	44	12
248	201	187	44	45	12
249	201	186	44	45	11
250	201	194	44	47	12
251	201	194	44	47	12
252	201	194	44	47	12
253	201	194	44	47	10
254	201	198	44	48	10
255	202	197	44	48	10
256	210	213	46	52	10
257	210	213	46	52	10
258	210	213	46	52	10
259	210	213	46	52	9
260	210	213	46	52	10
261	210	213	46	52	10
262	210	213	46	52	9
263	210	213	46	52	9
264	210	221	46	54	8
265	210	228	46	56	8
266	218	227	48	56	8
267	219	243	48	60	8
268	219	243	48	60	8
269	219	247	48	61	8
270	219	247	48	61	8
271	219	247	48	61	8
272	219	247	48	61	8
273	219	247	48	61	8
274	219	247	48	61	7
275	219	247	48	61	7
276	219	247	48	61	6
277	219	247	48	61	6
278	219	247	48	61	6
279	219	263	48	65	6
280	219	263	48	65	6
281	219	263	48	65	6
282	219	263	48	65	6
283	219	263	48	65	6
284	219	263	48	65	6
285	219	263	48	65	5
286	219	263	48	65	5
287	219	263	48	65	4
288	219	263	48	65	4
289	219	264	48	65	4
290	219	264	48	65	5
291	219	272	48	67	5
292	227	272	50	67	5
293	227	272	50	67	4
294	227	280	50	69	4
295	227	280	50	69	3
296	227	280	50	69	3
297	227	296	50	73	3
298	227	296	50	73	3
299	227	296	50	73	3
300	227	296	50	73	3
