# gameId 895230571  WIN  scores [451.0, 413.0]
# mybuild 0:1.1.1.1,2:2.2.0.2  oppbuild 1:1.1.1.1,3:2.2.1.1,4:2.2.1.1,5:2.4.0.3  my_train t3  opp_train t3
# t  me  opp  mywood  oppwood  trees
1	30	30	0	0	22
2	30	29	0	0	22
3	18	17	0	0	22
4	18	16	0	0	24
5	17	15	0	0	24
6	17	15	0	0	25
7	17	15	0	0	24
8	17	14	0	0	24
9	17	14	0	0	26
10	25	13	2	0	27
11	25	12	2	0	27
12	25	12	2	0	28
13	25	12	2	0	28
14	25	12	2	0	28
15	25	12	2	0	28
16	25	12	2	0	29
17	25	11	2	0	28
18	25	11	2	0	29
19	33	11	4	0	29
20	34	11	4	0	29
21	34	11	4	0	29
22	34	10	4	0	30
23	34	10	4	0	30
24	34	9	4	0	30
25	34	9	4	0	31
26	34	9	4	0	30
27	34	9	4	0	30
28	34	9	4	0	30
29	34	9	4	0	30
30	42	9	6	0	32
31	42	9	6	0	32
32	42	9	6	0	32
33	42	9	6	0	32
34	42	11	6	0	32
35	43	12	6	0	32
36	43	12	6	0	32
37	43	12	6	0	31
38	43	12	6	0	31
39	51	12	8	0	32
40	51	14	8	0	32
41	51	14	8	0	32
42	51	14	8	0	32
43	51	15	8	0	33
44	51	15	8	0	33
45	51	18	8	0	33
46	51	18	8	0	33
47	51	18	8	0	33
48	51	18	8	0	32
49	51	18	8	0	33
50	51	18	8	0	33
51	59	19	10	0	33
52	59	19	10	0	33
53	59	21	10	0	33
54	59	5	10	0	32
55	67	5	12	0	32
56	67	5	12	0	32
57	67	5	12	0	32
58	67	5	12	0	33
59	67	6	12	0	33
60	67	6	12	0	33
61	75	6	14	0	34
62	75	6	14	0	35
63	75	6	14	0	35
64	75	6	14	0	36
65	75	6	14	0	36
66	75	6	14	0	36
67	75	6	14	0	36
68	75	6	14	0	35
69	75	6	14	0	36
70	83	6	16	0	37
71	83	6	16	0	38
72	83	6	16	0	38
73	83	6	16	0	37
74	83	6	16	0	37
75	91	6	18	0	38
76	91	6	18	0	38
77	91	6	18	0	38
78	91	6	18	0	39
79	91	6	18	0	39
80	91	6	18	0	39
81	99	6	20	0	39
82	99	6	20	0	39
83	99	6	20	0	39
84	107	6	22	0	40
85	107	6	22	0	40
86	107	6	22	0	40
87	107	6	22	0	41
88	107	6	22	0	41
89	107	6	22	0	41
90	115	6	24	0	42
91	115	6	24	0	42
92	115	6	24	0	42
93	115	6	24	0	42
94	123	6	26	0	42
95	123	6	26	0	42
96	123	6	26	0	42
97	123	7	26	0	42
98	123	7	26	0	42
99	131	7	28	0	43
100	131	7	28	0	44
101	131	7	28	0	44
102	131	7	28	0	44
103	131	8	28	0	44
104	131	10	28	0	44
105	139	10	30	0	44
106	139	10	30	0	44
107	139	10	30	0	44
108	147	10	32	0	44
109	147	10	32	0	44
110	147	10	32	0	44
111	147	10	32	0	45
112	147	10	32	0	44
113	147	10	32	0	44
114	155	10	34	0	44
115	155	10	34	0	44
116	155	10	34	0	44
117	155	10	34	0	44
118	163	13	36	0	44
119	163	13	36	0	44
120	163	13	36	0	44
121	163	13	36	0	44
122	163	13	36	0	43
123	171	18	38	0	44
124	171	18	38	0	44
125	171	18	38	0	44
126	171	18	38	0	44
127	171	19	38	0	44
128	171	23	38	0	44
129	179	23	40	0	44
130	179	23	40	0	44
131	179	26	40	0	44
132	187	26	42	0	44
133	187	28	42	0	44
134	187	28	42	0	44
135	187	29	42	0	45
136	187	29	42	0	44
137	187	31	42	0	44
138	195	31	44	0	44
139	195	34	44	0	44
140	195	5	44	0	44
141	195	6	44	0	44
142	203	8	46	0	44
143	203	8	46	0	44
144	203	8	46	0	44
145	203	8	46	0	43
146	203	24	46	4	42
147	211	24	48	4	43
148	211	24	48	4	43
149	211	24	48	4	43
150	211	24	48	4	43
151	211	24	48	4	41
152	211	40	48	8	41
153	219	40	50	8	40
154	219	49	50	10	39
155	219	49	50	10	39
156	227	49	52	10	39
157	227	49	52	10	38
158	227	57	52	12	38
159	227	73	52	16	39
160	227	73	52	16	38
161	227	73	52	16	38
162	235	73	54	16	38
163	235	73	54	16	38
164	235	73	54	16	37
165	235	73	54	16	37
166	243	89	56	20	37
167	243	89	56	20	37
168	243	89	56	20	36
169	243	93	56	21	36
170	243	93	56	21	35
171	251	93	58	21	34
172	251	93	58	21	34
173	251	117	58	27	34
174	251	117	58	27	33
175	251	117	58	27	33
176	251	125	58	29	33
177	259	125	60	29	33
178	259	125	60	29	32
179	259	125	60	29	32
180	267	141	62	33	32
181	267	141	62	33	32
182	267	141	62	33	32
183	267	141	62	33	33
184	267	141	62	33	31
185	267	141	62	33	30
186	275	145	64	34	30
187	275	160	64	38	30
188	275	160	64	38	29
189	275	160	64	38	29
190	283	168	66	40	30
191	283	168	66	40	30
192	283	168	66	40	30
193	283	168	66	40	28
194	283	172	66	41	27
195	291	171	68	41	28
196	291	171	68	41	29
197	291	187	68	45	29
198	291	187	68	45	29
199	291	187	68	45	28
200	291	191	68	46	28
201	299	191	70	46	28
202	299	191	70	46	27
203	299	191	70	46	27
204	307	191	72	46	27
205	307	199	72	48	26
206	307	199	72	48	26
207	307	199	72	48	27
208	307	215	72	52	26
209	307	215	72	52	26
210	315	215	74	52	26
211	315	215	74	52	25
212	315	215	74	52	25
213	315	215	74	52	25
214	323	215	76	52	24
215	323	223	76	54	24
216	323	223	76	54	24
217	323	239	76	58	24
218	323	239	76	58	23
219	331	239	78	58	24
220	331	239	78	58	24
221	331	239	78	58	24
222	331	239	78	58	24
223	331	239	78	58	24
224	331	239	78	58	24
225	339	239	80	58	23
226	339	239	80	58	23
227	339	255	80	62	22
228	347	255	82	62	21
229	347	255	82	62	21
230	347	255	82	62	21
231	347	263	82	64	22
232	347	263	82	64	21
233	347	263	82	64	21
234	355	271	84	66	20
235	355	271	84	66	20
236	355	271	84	66	20
237	355	271	84	66	20
238	363	287	86	70	20
239	363	287	86	70	20
240	363	287	86	70	20
241	363	287	86	70	20
242	363	287	86	70	19
243	371	287	88	70	20
244	371	287	88	70	20
245	371	287	88	70	19
246	371	287	88	70	19
247	371	287	88	70	18
248	371	287	88	70	18
249	379	303	90	74	18
250	379	303	90	74	18
251	379	303	90	74	17
252	387	303	92	74	17
253	387	303	92	74	17
254	387	303	92	74	17
255	387	311	92	76	18
256	387	319	92	78	16
257	395	319	94	78	16
258	395	319	94	78	17
259	395	319	94	78	17
260	395	335	94	82	17
261	395	335	94	82	16
262	395	335	94	82	16
263	403	335	96	82	16
264	403	335	96	82	16
265	403	335	96	82	15
266	411	335	98	82	15
267	411	335	98	82	15
268	411	335	98	82	13
269	411	335	98	82	13
270	411	335	98	82	14
271	411	335	98	82	14
272	411	351	98	86	14
273	411	359	98	88	13
274	419	359	100	88	13
275	419	359	100	88	13
276	419	359	100	88	14
277	419	359	100	88	13
278	419	359	100	88	13
279	427	359	102	88	13
280	427	359	102	88	14
281	427	359	102	88	13
282	427	371	102	91	13
283	427	371	102	91	12
284	427	387	102	95	12
285	435	387	104	95	12
286	435	387	104	95	12
287	435	387	104	95	12
288	435	387	104	95	11
289	435	387	104	95	11
290	443	387	106	95	11
291	443	387	106	95	11
292	443	387	106	95	12
293	443	389	106	95	12
294	443	389	106	95	12
295	443	389	106	95	10
296	443	397	106	97	10
297	451	397	108	97	10
298	451	397	108	97	10
299	451	413	108	101	10
300	451	413	108	101	9
