# gameId 895332254  LOSS  scores [211.0, 273.0]
# mybuild 0:1.1.1.1,3:3.2.0.2  oppbuild 1:1.1.1.1,2:2.2.1.1,4:2.4.1.2  my_train t39  opp_train t2
# t  me  opp  mywood  oppwood  trees
1	22	22	0	0	14
2	22	10	0	0	14
3	22	9	0	0	14
4	22	9	0	0	14
5	22	9	0	0	14
6	22	9	0	0	14
7	22	9	0	0	14
8	22	9	0	0	14
9	22	9	0	0	14
10	22	9	0	0	14
11	22	9	0	0	14
12	22	9	0	0	14
13	22	9	0	0	14
14	22	9	0	0	15
15	22	9	0	0	15
16	22	9	0	0	15
17	22	9	0	0	15
18	22	9	0	0	15
19	22	9	0	0	15
20	22	9	0	0	15
21	22	9	0	0	15
22	22	9	0	0	15
23	22	9	0	0	15
24	22	9	0	0	15
25	22	9	0	0	15
26	22	9	0	0	15
27	22	9	0	0	15
28	22	9	0	0	15
29	22	9	0	0	15
30	22	9	0	0	15
31	22	11	0	0	15
32	22	11	0	0	15
33	22	11	0	0	15
34	22	11	0	0	15
35	22	11	0	0	15
36	22	11	0	0	15
37	22	11	0	0	15
38	22	11	0	0	15
39	5	11	0	0	15
40	5	11	0	0	16
41	4	11	0	0	16
42	4	11	0	0	16
43	4	11	0	0	17
44	4	12	0	0	16
45	3	12	0	0	17
46	11	12	2	0	17
47	11	12	2	0	17
48	11	12	2	0	17
49	11	12	2	0	17
50	11	12	2	0	17
51	11	12	2	0	17
52	11	13	2	0	17
53	19	13	4	0	17
54	19	13	4	0	17
55	19	13	4	0	17
56	19	13	4	0	17
57	19	13	4	0	17
58	19	13	4	0	17
59	19	14	4	0	17
60	19	14	4	0	17
61	19	14	4	0	16
62	19	16	4	0	16
63	19	16	4	0	16
64	27	16	6	0	16
65	27	16	6	0	16
66	27	16	6	0	16
67	27	18	6	0	16
68	27	18	6	0	16
69	27	18	6	0	15
70	27	18	6	0	15
71	35	19	8	0	15
72	35	21	8	0	15
73	35	21	8	0	16
74	35	21	8	0	16
75	35	21	8	0	16
76	35	21	8	0	16
77	35	23	8	0	16
78	35	23	8	0	15
79	35	23	8	0	15
80	43	23	10	0	15
81	43	24	10	0	15
82	43	26	10	0	15
83	43	26	10	0	14
84	43	26	10	0	14
85	51	26	12	0	14
86	51	26	12	0	14
87	51	26	12	0	15
88	51	26	12	0	15
89	51	28	12	0	15
90	51	28	12	0	14
91	59	29	14	0	14
92	59	29	14	0	14
93	59	30	14	0	14
94	59	3	14	0	15
95	59	3	14	0	14
96	59	2	14	0	14
97	67	3	16	0	14
98	67	3	16	0	14
99	67	4	16	0	14
100	67	4	16	0	14
101	67	4	16	0	15
102	67	4	16	0	15
103	67	3	16	0	15
104	75	3	18	0	15
105	75	3	18	0	15
106	75	3	18	0	14
107	83	3	20	0	14
108	83	4	20	0	15
109	83	3	20	0	15
110	83	3	20	0	15
111	83	4	20	0	13
112	83	4	20	0	13
113	91	20	22	4	13
114	91	20	22	4	13
115	91	20	22	4	13
116	91	20	22	4	14
117	91	20	22	4	14
118	91	20	22	4	14
119	91	20	22	4	14
120	91	20	22	4	13
121	91	20	22	4	14
122	91	20	22	4	13
123	91	19	22	4	14
124	91	20	22	4	14
125	99	36	24	8	14
126	99	36	24	8	14
127	99	36	24	8	14
128	99	36	24	8	13
129	99	36	24	8	14
130	99	35	24	8	14
131	99	35	24	8	14
132	99	35	24	8	14
133	99	35	24	8	14
134	99	35	24	8	14
135	99	35	24	8	14
136	99	34	24	8	14
137	99	34	24	8	14
138	99	34	24	8	13
139	99	51	24	12	13
140	99	51	24	12	13
141	107	51	26	12	14
142	107	51	26	12	14
143	107	51	26	12	13
144	107	67	26	16	13
145	107	67	26	16	13
146	107	67	26	16	13
147	107	68	26	16	13
148	107	68	26	16	13
149	107	68	26	16	12
150	107	84	26	20	12
151	107	84	26	20	12
152	107	84	26	20	13
153	107	84	26	20	13
154	107	84	26	20	12
155	107	84	26	20	12
156	107	84	26	20	12
157	107	84	26	20	11
158	115	84	28	20	11
159	115	100	28	24	11
160	115	100	28	24	11
161	115	100	28	24	11
162	115	100	28	24	10
163	123	116	30	28	10
164	123	116	30	28	10
165	123	116	30	28	10
166	123	116	30	28	10
167	123	116	30	28	10
168	123	116	30	28	10
169	123	116	30	28	11
170	123	132	30	32	10
171	123	132	30	32	10
172	123	132	30	32	10
173	123	132	30	32	10
174	123	132	30	32	10
175	123	133	30	32	10
176	131	133	32	32	10
177	131	133	32	32	10
178	131	133	32	32	10
179	131	133	32	32	11
180	131	133	32	32	11
181	131	133	32	32	11
182	131	133	32	32	11
183	131	133	32	32	10
184	131	133	32	32	9
185	131	133	32	32	9
186	131	133	32	32	10
187	131	133	32	32	10
188	131	133	32	32	9
189	131	149	32	36	9
190	131	149	32	36	9
191	131	149	32	36	9
192	131	149	32	36	8
193	131	165	32	40	8
194	139	165	34	40	8
195	139	165	34	40	8
196	139	166	34	40	8
197	139	166	34	40	7
198	139	167	34	40	7
199	147	167	36	40	7
200	147	167	36	40	7
201	147	167	36	40	7
202	147	167	36	40	7
203	147	167	36	40	7
204	147	167	36	40	6
205	147	167	36	40	6
206	147	167	36	40	6
207	147	167	36	40	6
208	155	175	38	42	6
209	155	175	38	42	6
210	155	175	38	42	7
211	155	175	38	42	7
212	155	175	38	42	7
213	155	175	38	42	7
214	155	175	38	42	7
215	155	175	38	42	7
216	155	175	38	42	7
217	155	175	38	42	7
218	155	175	38	42	7
219	155	175	38	42	7
220	155	175	38	42	7
221	155	175	38	42	7
222	155	175	38	42	7
223	155	175	38	42	6
224	155	175	38	42	7
225	163	176	40	42	6
226	163	176	40	42	6
227	163	176	40	42	6
228	163	176	40	42	6
229	163	176	40	42	7
230	163	175	40	42	7
231	163	191	40	46	7
232	163	191	40	46	7
233	163	191	40	46	7
234	163	192	40	46	7
235	163	192	40	46	7
236	163	192	40	46	7
237	163	192	40	46	7
238	163	192	40	46	7
239	171	192	42	46	7
240	171	196	42	46	7
241	171	195	42	46	7
242	171	197	42	46	7
243	171	197	42	46	7
244	171	197	42	46	7
245	171	197	42	46	7
246	171	197	42	46	8
247	171	197	42	46	8
248	171	196	42	46	8
249	171	198	42	46	8
250	171	199	42	46	8
251	171	199	42	46	8
252	171	199	42	46	9
253	179	198	44	46	9
254	179	198	44	46	9
255	179	198	44	46	9
256	179	198	44	46	7
257	179	214	44	50	7
258	187	215	46	50	7
259	187	215	46	50	7
260	187	215	46	50	8
261	187	214	46	50	8
262	187	214	46	50	8
263	187	214	46	50	8
264	187	218	46	50	8
265	187	218	46	50	8
266	187	218	46	50	8
267	187	217	46	50	8
268	187	217	46	50	8
269	187	217	46	50	9
270	187	216	46	50	9
271	187	216	46	50	9
272	195	217	48	50	9
273	195	217	48	50	9
274	195	217	48	50	8
275	195	233	48	54	8
276	195	233	48	54	8
277	195	233	48	54	9
278	195	234	48	54	9
279	195	234	48	54	10
280	195	234	48	54	9
281	195	234	48	54	9
282	195	234	48	54	8
283	195	250	48	58	8
284	195	250	48	58	8
285	195	250	48	58	8
286	203	250	50	58	8
287	203	251	50	58	8
288	203	251	50	58	8
289	203	251	50	58	8
290	203	254	50	58	8
291	203	254	50	58	7
292	203	254	50	58	7
293	211	256	52	58	7
294	211	256	52	58	6
295	211	272	52	62	6
296	211	273	52	62	6
297	211	273	52	62	6
298	211	273	52	62	6
299	211	273	52	62	6
300	211	273	52	62	6
