# gameId 895368323  WIN  scores [234.0, 113.0]
# mybuild 0:1.1.1.1,3:1.1.1.0,4:1.1.1.0,5:2.2.0.2  oppbuild 1:1.1.1.1,2:1.2.1.1  my_train t11  opp_train t2
# t  me  opp  mywood  oppwood  trees
1	33	33	0	0	14
2	33	24	0	0	14
3	33	24	0	0	14
4	34	24	0	0	14
5	34	24	0	0	14
6	35	24	0	0	14
7	35	25	0	0	14
8	36	25	0	0	14
9	36	25	0	0	14
10	36	25	0	0	14
11	30	25	0	0	14
12	30	25	0	0	14
13	30	25	0	0	14
14	30	25	0	0	14
15	30	25	0	0	14
16	30	25	0	0	14
17	30	25	0	0	14
18	31	25	0	0	14
19	31	25	0	0	14
20	31	25	0	0	14
21	31	25	0	0	15
22	31	25	0	0	15
23	31	25	0	0	15
24	31	25	0	0	15
25	31	25	0	0	15
26	32	25	0	0	15
27	32	25	0	0	15
28	33	25	0	0	15
29	33	25	0	0	15
30	33	26	0	0	15
31	33	26	0	0	15
32	34	26	0	0	15
33	34	26	0	0	15
34	35	26	0	0	15
35	35	26	0	0	15
36	35	26	0	0	15
37	35	26	0	0	15
38	36	27	0	0	15
39	36	27	0	0	15
40	37	27	0	0	15
41	28	27	0	0	15
42	28	27	0	0	15
43	28	27	0	0	15
44	29	27	0	0	15
45	29	27	0	0	15
46	29	28	0	0	15
47	29	28	0	0	15
48	30	28	0	0	15
49	30	28	0	0	15
50	31	28	0	0	15
51	31	28	0	0	15
52	31	28	0	0	15
53	31	28	0	0	15
54	32	29	0	0	16
55	32	29	0	0	16
56	33	29	0	0	16
57	33	29	0	0	17
58	33	29	0	0	17
59	33	29	0	0	17
60	33	29	0	0	17
61	33	29	0	0	18
62	33	29	0	0	18
63	33	29	0	0	18
64	33	30	0	0	18
65	33	30	0	0	19
66	34	30	0	0	19
67	34	30	0	0	18
68	35	30	0	0	18
69	35	30	0	0	18
70	36	30	0	0	18
71	36	30	0	0	18
72	37	31	0	0	18
73	37	31	0	0	18
74	37	31	0	0	18
75	38	31	0	0	19
76	38	31	0	0	19
77	38	31	0	0	19
78	38	32	0	0	19
79	38	32	0	0	19
80	38	32	0	0	19
81	39	32	0	0	19
82	39	32	0	0	20
83	40	40	0	2	20
84	40	40	0	2	20
85	41	40	0	2	20
86	41	40	0	2	20
87	42	40	0	2	20
88	42	40	0	2	20
89	43	41	0	2	20
90	43	41	0	2	20
91	43	41	0	2	20
92	43	41	0	2	20
93	43	41	0	2	20
94	43	41	0	2	21
95	43	41	0	2	21
96	43	41	0	2	21
97	43	42	0	2	21
98	43	42	0	2	21
99	43	42	0	2	21
100	43	42	0	2	21
101	43	42	0	2	21
102	43	42	0	2	21
103	43	42	0	2	20
104	43	42	0	2	20
105	43	43	0	2	20
106	43	43	0	2	21
107	43	43	0	2	21
108	43	43	0	2	21
109	43	43	0	2	21
110	43	43	0	2	21
111	26	44	0	2	21
112	26	44	0	2	21
113	26	44	0	2	21
114	26	44	0	2	21
115	26	44	0	2	21
116	26	44	0	2	21
117	26	44	0	2	21
118	26	52	0	4	21
119	26	53	0	4	21
120	26	53	0	4	21
121	26	53	0	4	21
122	26	53	0	4	21
123	26	53	0	4	21
124	26	53	0	4	20
125	26	53	0	4	20
126	26	54	0	4	20
127	26	54	0	4	20
128	26	55	0	4	20
129	26	55	0	4	20
130	26	56	0	4	20
131	34	56	2	4	20
132	34	57	2	4	20
133	34	57	2	4	20
134	34	58	2	4	20
135	34	58	2	4	20
136	34	58	2	4	20
137	34	59	2	4	20
138	34	59	2	4	20
139	34	59	2	4	20
140	34	59	2	4	20
141	35	59	2	4	20
142	35	59	2	4	20
143	36	59	2	4	19
144	37	59	2	4	19
145	39	59	2	4	18
146	39	67	2	6	18
147	41	67	2	6	18
148	41	67	2	6	18
149	43	67	2	6	18
150	43	71	2	7	18
151	45	71	2	7	18
152	45	71	2	7	17
153	45	71	2	7	17
154	45	71	2	7	17
155	45	71	2	7	16
156	47	71	2	7	16
157	47	71	2	7	16
158	47	71	2	7	16
159	47	71	2	7	16
160	47	71	2	7	16
161	47	71	2	7	16
162	49	79	2	9	16
163	49	79	2	9	16
164	49	79	2	9	16
165	49	79	2	9	16
166	49	79	2	9	16
167	49	79	2	9	16
168	51	79	2	9	15
169	51	79	2	9	14
170	55	79	3	9	14
171	55	79	3	9	14
172	63	79	5	9	14
173	64	79	5	9	14
174	65	79	5	9	15
175	65	79	5	9	15
176	65	79	5	9	14
177	65	79	5	9	13
178	65	79	5	9	13
179	74	83	7	10	13
180	75	83	7	10	14
181	75	91	7	12	14
182	75	91	7	12	14
183	75	91	7	12	13
184	75	91	7	12	13
185	75	91	7	12	13
186	76	91	7	12	13
187	76	91	7	12	14
188	76	91	7	12	14
189	76	91	7	12	14
190	76	91	7	12	13
191	81	91	8	12	13
192	81	91	8	12	13
193	81	91	8	12	14
194	81	91	8	12	14
195	81	91	8	12	14
196	81	91	8	12	14
197	82	91	8	12	14
198	83	91	8	12	14
199	91	91	10	12	14
200	91	91	10	12	13
201	90	91	10	12	12
202	99	91	12	12	12
203	99	91	12	12	12
204	99	91	12	12	13
205	98	91	12	12	13
206	99	91	12	12	13
207	98	91	12	12	12
208	98	91	12	12	12
209	106	91	14	12	13
210	107	91	14	12	13
211	107	91	14	12	13
212	107	91	14	12	11
213	119	91	17	12	11
214	119	99	17	14	11
215	119	99	17	14	11
216	119	99	17	14	11
217	118	99	17	14	12
218	117	103	17	15	12
219	117	103	17	15	11
220	117	103	17	15	11
221	116	103	17	15	11
222	124	103	19	15	12
223	124	103	19	15	13
224	127	103	20	15	13
225	128	103	20	15	13
226	127	103	20	15	12
227	128	103	20	15	12
228	127	103	20	15	11
229	131	103	21	15	11
230	139	103	23	15	12
231	139	103	23	15	12
232	138	103	23	15	11
233	138	103	23	15	11
234	145	103	25	15	11
235	145	103	25	15	11
236	144	103	25	15	12
237	144	103	25	15	13
238	143	103	25	15	12
239	144	103	25	15	12
240	151	104	27	15	12
241	150	104	27	15	12
242	151	104	27	15	13
243	154	104	28	15	13
244	155	104	28	15	13
245	154	104	28	15	12
246	155	112	28	17	12
247	154	112	28	17	11
248	158	112	29	17	11
249	166	112	31	17	11
250	166	112	31	17	11
251	165	112	31	17	11
252	165	112	31	17	11
253	172	112	33	17	11
254	173	112	33	17	12
255	172	112	33	17	12
256	172	112	33	17	12
257	172	112	33	17	11
258	172	112	33	17	10
259	179	112	35	17	11
260	180	112	35	17	11
261	179	112	35	17	11
262	179	113	35	17	12
263	178	113	35	17	11
264	187	113	37	17	11
265	190	113	38	17	10
266	190	113	38	17	10
267	189	113	38	17	11
268	189	113	38	17	11
269	188	113	38	17	11
270	197	113	40	17	11
271	196	113	40	17	11
272	196	113	40	17	12
273	197	113	40	17	12
274	196	113	40	17	10
275	196	113	40	17	10
276	195	113	40	17	11
277	194	113	40	17	11
278	203	113	42	17	12
279	202	113	42	17	12
280	203	113	42	17	12
281	202	113	42	17	11
282	211	113	44	17	11
283	210	113	44	17	11
284	210	113	44	17	11
285	213	113	45	17	11
286	212	113	45	17	11
287	214	113	45	17	12
288	213	113	45	17	12
289	214	113	45	17	12
290	214	113	45	17	12
291	215	113	45	17	12
292	214	113	45	17	12
293	216	113	45	17	13
294	215	113	45	17	13
295	217	113	45	17	13
296	224	113	47	17	13
297	225	113	47	17	13
298	224	113	47	17	13
299	225	113	47	17	12
300	233	113	49	17	12
