# gameId 895323221  WIN  scores [218.0, 189.0]
# mybuild 0:1.1.1.1,2:2.2.0.2  oppbuild 1:1.1.1.1,3:2.2.1.1,4:1.4.1.2  my_train t33  opp_train t33
# t  me  opp  mywood  oppwood  trees
1	18	18	0	0	8
2	18	18	0	0	8
3	18	18	0	0	8
4	18	18	0	0	8
5	18	18	0	0	8
6	19	19	0	0	8
7	19	19	0	0	8
8	19	19	0	0	8
9	19	19	0	0	8
10	20	20	0	0	8
11	20	20	0	0	8
12	20	20	0	0	8
13	20	20	0	0	8
14	20	20	0	0	8
15	20	20	0	0	8
16	20	20	0	0	8
17	20	20	0	0	8
18	20	20	0	0	8
19	20	20	0	0	8
20	20	20	0	0	8
21	20	20	0	0	8
22	20	20	0	0	8
23	20	20	0	0	8
24	20	20	0	0	8
25	20	20	0	0	8
26	20	20	0	0	8
27	20	20	0	0	8
28	20	20	0	0	8
29	20	20	0	0	8
30	20	20	0	0	8
31	20	20	0	0	8
32	21	21	0	0	8
33	9	9	0	0	8
34	9	9	0	0	9
35	8	9	0	0	9
36	8	9	0	0	9
37	8	9	0	0	10
38	8	9	0	0	10
39	7	9	0	0	9
40	7	9	0	0	10
41	7	9	0	0	10
42	7	9	0	0	11
43	6	9	0	0	11
44	6	9	0	0	11
45	6	9	0	0	11
46	14	9	2	0	11
47	14	9	2	0	12
48	14	9	2	0	12
49	14	9	2	0	13
50	14	9	2	0	13
51	14	9	2	0	13
52	14	9	2	0	13
53	14	9	2	0	12
54	14	9	2	0	12
55	22	9	4	0	12
56	22	9	4	0	12
57	22	9	4	0	13
58	22	9	4	0	13
59	30	9	6	0	13
60	30	9	6	0	13
61	30	11	6	0	13
62	30	12	6	0	13
63	30	12	6	0	13
64	30	13	6	0	14
65	30	13	6	0	14
66	30	14	6	0	14
67	30	14	6	0	13
68	30	15	6	0	13
69	38	15	8	0	14
70	38	15	8	0	14
71	38	15	8	0	13
72	46	15	10	0	13
73	46	15	10	0	13
74	46	17	10	0	13
75	46	17	10	0	12
76	46	17	10	0	12
77	46	17	10	0	13
78	46	17	10	0	12
79	46	17	10	0	12
80	54	17	12	0	12
81	54	17	12	0	12
82	54	18	12	0	12
83	54	20	12	0	11
84	54	20	12	0	11
85	54	20	12	0	12
86	54	21	12	0	12
87	54	21	12	0	12
88	54	23	12	0	11
89	54	23	12	0	11
90	62	24	14	0	12
91	62	25	14	0	12
92	62	25	14	0	12
93	62	26	14	0	11
94	62	27	14	0	11
95	62	28	14	0	12
96	62	28	14	0	12
97	62	29	14	0	12
98	62	30	14	0	11
99	62	7	14	0	11
100	70	6	16	0	12
101	70	6	16	0	12
102	70	7	16	0	13
103	70	6	16	0	12
104	70	6	16	0	13
105	70	5	16	0	13
106	78	5	18	0	13
107	78	5	18	0	12
108	78	5	18	0	12
109	78	5	18	0	12
110	78	6	18	0	12
111	78	21	18	4	12
112	78	21	18	4	13
113	78	21	18	4	14
114	78	22	18	4	13
115	78	22	18	4	13
116	78	23	18	4	13
117	78	23	18	4	14
118	78	25	18	4	14
119	86	25	20	4	14
120	86	26	20	4	14
121	86	26	20	4	14
122	86	28	20	4	14
123	86	28	20	4	13
124	94	29	22	4	13
125	94	29	22	4	14
126	94	30	22	4	15
127	94	31	22	4	14
128	94	31	22	4	14
129	102	32	24	4	14
130	102	33	24	4	14
131	102	34	24	4	15
132	102	34	24	4	14
133	102	34	24	4	14
134	102	34	24	4	14
135	102	35	24	4	14
136	102	34	24	4	14
137	110	34	26	4	14
138	110	34	26	4	15
139	110	34	26	4	15
140	110	34	26	4	14
141	110	34	26	4	14
142	110	42	26	6	13
143	110	58	26	10	13
144	110	58	26	10	13
145	110	59	26	10	13
146	110	59	26	10	13
147	118	60	28	10	13
148	118	60	28	10	13
149	118	77	28	14	13
150	118	78	28	14	13
151	118	79	28	14	12
152	118	79	28	14	12
153	118	80	28	14	12
154	118	81	28	14	11
155	126	82	30	14	11
156	126	82	30	14	11
157	126	83	30	14	12
158	126	84	30	14	12
159	126	84	30	14	12
160	126	84	30	14	11
161	126	84	30	14	11
162	126	85	30	14	11
163	126	85	30	14	10
164	126	85	30	14	10
165	134	85	32	14	9
166	134	86	32	14	9
167	134	102	32	18	10
168	134	102	32	18	10
169	134	102	32	18	10
170	134	103	32	18	10
171	134	103	32	18	10
172	134	103	32	18	9
173	134	103	32	18	9
174	142	104	34	18	9
175	142	104	34	18	9
176	142	104	34	18	9
177	142	104	34	18	9
178	142	105	34	18	8
179	142	105	34	18	8
180	142	105	34	18	8
181	142	105	34	18	7
182	150	106	36	18	7
183	150	106	36	18	7
184	150	114	36	20	7
185	150	114	36	20	7
186	150	115	36	20	7
187	150	123	36	22	7
188	150	123	36	22	7
189	150	123	36	22	7
190	150	125	36	22	7
191	150	125	36	22	6
192	150	126	36	22	6
193	150	126	36	22	6
194	150	128	36	22	7
195	150	128	36	22	7
196	150	129	36	22	7
197	150	129	36	22	7
198	158	131	38	22	7
199	158	131	38	22	7
200	158	132	38	22	5
201	166	132	40	22	5
202	166	134	40	22	5
203	166	134	40	22	5
204	166	135	40	22	5
205	166	135	40	22	5
206	166	137	40	22	5
207	166	153	40	26	5
208	166	153	40	26	5
209	166	153	40	26	5
210	166	154	40	26	5
211	166	156	40	26	4
212	166	156	40	26	4
213	166	156	40	26	4
214	166	156	40	26	4
215	166	156	40	26	4
216	174	156	42	26	4
217	174	158	42	26	4
218	174	158	42	26	4
219	174	158	42	26	4
220	174	158	42	26	5
221	174	159	42	26	5
222	174	161	42	26	5
223	174	161	42	26	5
224	174	161	42	26	5
225	174	161	42	26	5
226	174	161	42	26	3
227	182	164	44	26	3
228	182	164	44	26	3
229	182	164	44	26	3
230	182	164	44	26	3
231	182	164	44	26	3
232	182	166	44	26	3
233	182	167	44	26	3
234	182	167	44	26	3
235	182	167	44	26	3
236	182	167	44	26	3
237	182	169	44	26	2
238	182	169	44	26	2
239	182	170	44	26	2
240	182	170	44	26	2
241	190	170	46	26	2
242	190	186	46	30	2
243	190	186	46	30	2
244	190	188	46	30	2
245	190	188	46	30	2
246	190	188	46	30	3
247	190	189	46	30	3
248	190	189	46	30	3
249	190	189	46	30	3
250	190	189	46	30	3
251	190	189	46	30	3
252	190	189	46	30	2
253	190	189	46	30	2
254	190	189	46	30	2
255	190	189	46	30	2
256	190	189	46	30	2
257	190	189	46	30	2
258	198	189	48	30	2
259	198	189	48	30	2
260	198	189	48	30	2
261	198	189	48	30	1
262	206	189	50	30	1
263	206	189	50	30	1
264	206	189	50	30	1
265	206	189	50	30	1
266	206	189	50	30	1
267	206	189	50	30	1
268	206	189	50	30	1
269	206	189	50	30	1
270	206	189	50	30	1
271	206	189	50	30	0
272	206	189	50	30	1
273	206	189	50	30	1
274	206	189	50	30	1
275	206	189	50	30	0
276	210	189	51	30	0
277	210	189	51	30	0
278	218	189	53	30	0
279	218	189	53	30	0
280	218	189	53	30	0
