leaderboard: 1000 users
selected 31 players (ours=1, legend=15, gold=15)
battles tass                   (ours): 140 done, keeping 140
battles delineate              (legend_top): 139 done, keeping 5
battles norxondor_gorgonax     (legend_top): 126 done, keeping 5
battles Escdemon               (legend_top): 181 done, keeping 5
battles wala                   (legend_top): 122 done, keeping 5
battles laconic_pixel          (legend_top): 200 done, keeping 5
battles Stounate               (legend_top): 166 done, keeping 5
battles Konstant               (legend_top): 90 done, keeping 5
battles Risen                  (legend_top): 135 done, keeping 5
battles yaichi                 (legend_top): 140 done, keeping 5
battles putibuzu               (legend_top): 152 done, keeping 5
battles yamo                   (legend_top): 149 done, keeping 5
battles MSz                    (legend_top): 129 done, keeping 5
battles Bondo416               (legend_top): 100 done, keeping 5
battles viewlagoon             (legend_top): 183 done, keeping 5
battles uta_ccc                (legend_top): 138 done, keeping 5
battles GoodDevel              (gold_top): 230 done, keeping 5
battles PonyPonyCodeCode       (gold_top): 153 done, keeping 5
battles nwin                   (gold_top): 153 done, keeping 5
battles a7aQC                  (gold_top): 153 done, keeping 5
battles Ticasali               (gold_top): 153 done, keeping 5
battles Tux4711                (gold_top): 154 done, keeping 5
battles Tictac75               (gold_top): 212 done, keeping 5
battles Ramdeath               (gold_top): 154 done, keeping 5
battles Lizerino               (gold_top): 154 done, keeping 5
battles timothee1910           (gold_top): 153 done, keeping 5
battles Aphax                  (gold_top): 154 done, keeping 5
battles Ando_Riccardo          (gold_top): 153 done, keeping 5
battles Arnaud.Net             (gold_top): 153 done, keeping 5
battles DamienLi               (gold_top): 153 done, keeping 5
battles Mmdrlol                (gold_top): 153 done, keeping 5
total unique games wanted: 290
progress 25/290 ok=25 fail=0 skip=0
progress 50/290 ok=50 fail=0 skip=0
progress 75/290 ok=75 fail=0 skip=0
progress 100/290 ok=100 fail=0 skip=0
progress 125/290 ok=125 fail=0 skip=0
progress 150/290 ok=150 fail=0 skip=0
progress 175/290 ok=175 fail=0 skip=0
progress 200/290 ok=200 fail=0 skip=0
progress 225/290 ok=225 fail=0 skip=0
progress 250/290 ok=250 fail=0 skip=0
progress 275/290 ok=275 fail=0 skip=0
DONE ok=290 fail=0 skipped_existing=0 total_files=290
